Archive member included because of file (symbol)

/usr/local/ps3dev/psl1ght/ppu/lib/libaudio.a(sprx.o)
                              main.o (audioCreateNotifyEventQueue)
/usr/local/ps3dev/psl1ght/ppu/lib/librt.a(sbrk.o)
                              /usr/local/ps3dev/ppu/lib/gcc/powerpc64-ps3-elf/7.2.0/../../../../powerpc64-ps3-elf/lib/lv2-crt0.o (__librt_sbrk_r)
/usr/local/ps3dev/psl1ght/ppu/lib/librt.a(exit.o)
                              /usr/local/ps3dev/ppu/lib/gcc/powerpc64-ps3-elf/7.2.0/../../../../powerpc64-ps3-elf/lib/lv2-crt0.o (__librt_exit)
/usr/local/ps3dev/psl1ght/ppu/lib/librt.a(close.o)
                              /usr/local/ps3dev/ppu/lib/gcc/powerpc64-ps3-elf/7.2.0/../../../../powerpc64-ps3-elf/lib/lv2-crt0.o (__librt_close_r)
/usr/local/ps3dev/psl1ght/ppu/lib/librt.a(lseek.o)
                              /usr/local/ps3dev/ppu/lib/gcc/powerpc64-ps3-elf/7.2.0/../../../../powerpc64-ps3-elf/lib/lv2-crt0.o (__librt_lseek_r)
/usr/local/ps3dev/psl1ght/ppu/lib/librt.a(read.o)
                              /usr/local/ps3dev/ppu/lib/gcc/powerpc64-ps3-elf/7.2.0/../../../../powerpc64-ps3-elf/lib/lv2-crt0.o (__librt_read_r)
/usr/local/ps3dev/psl1ght/ppu/lib/librt.a(open.o)
                              /usr/local/ps3dev/ppu/lib/gcc/powerpc64-ps3-elf/7.2.0/../../../../powerpc64-ps3-elf/lib/lv2-crt0.o (__librt_open_r)
/usr/local/ps3dev/psl1ght/ppu/lib/librt.a(sleep.o)
                              /usr/local/ps3dev/ppu/lib/gcc/powerpc64-ps3-elf/7.2.0/../../../../powerpc64-ps3-elf/lib/lv2-crt0.o (__librt_usleep_r)
/usr/local/ps3dev/psl1ght/ppu/lib/librt.a(write.o)
                              /usr/local/ps3dev/ppu/lib/gcc/powerpc64-ps3-elf/7.2.0/../../../../powerpc64-ps3-elf/lib/lv2-crt0.o (__librt_write_r)
/usr/local/ps3dev/psl1ght/ppu/lib/librt.a(fstat.o)
                              /usr/local/ps3dev/ppu/lib/gcc/powerpc64-ps3-elf/7.2.0/../../../../powerpc64-ps3-elf/lib/lv2-crt0.o (__librt_fstat_r)
/usr/local/ps3dev/psl1ght/ppu/lib/librt.a(socket.o)
                              /usr/local/ps3dev/psl1ght/ppu/lib/librt.a(write.o) (send)
/usr/local/ps3dev/psl1ght/ppu/lib/librt.a(lock.o)
                              /usr/local/ps3dev/ppu/lib/gcc/powerpc64-ps3-elf/7.2.0/../../../../powerpc64-ps3-elf/lib/lv2-crt0.o (__librt_sys_lwmutex_create_r)
/usr/local/ps3dev/psl1ght/ppu/lib/librt.a(dirent.o)
                              /usr/local/ps3dev/ppu/lib/gcc/powerpc64-ps3-elf/7.2.0/../../../../powerpc64-ps3-elf/lib/lv2-crt0.o (__librt_opendir_r)
/usr/local/ps3dev/psl1ght/ppu/lib/librt.a(mkdir.o)
                              /usr/local/ps3dev/ppu/lib/gcc/powerpc64-ps3-elf/7.2.0/../../../../powerpc64-ps3-elf/lib/lv2-crt0.o (__librt_mkdir_r)
/usr/local/ps3dev/psl1ght/ppu/lib/librt.a(times.o)
                              /usr/local/ps3dev/ppu/lib/gcc/powerpc64-ps3-elf/7.2.0/../../../../powerpc64-ps3-elf/lib/lv2-crt0.o (__librt_times_r)
/usr/local/ps3dev/psl1ght/ppu/lib/librt.a(umask.o)
                              /usr/local/ps3dev/ppu/lib/gcc/powerpc64-ps3-elf/7.2.0/../../../../powerpc64-ps3-elf/lib/lv2-crt0.o (__librt_umask_r)
/usr/local/ps3dev/psl1ght/ppu/lib/librt.a(lv2errno.o)
                              /usr/local/ps3dev/psl1ght/ppu/lib/librt.a(socket.o) (lv2errno)
/usr/local/ps3dev/psl1ght/ppu/lib/librt.a(heap.o)
                              /usr/local/ps3dev/psl1ght/ppu/lib/librt.a(sbrk.o) (heapInit)
/usr/local/ps3dev/psl1ght/ppu/lib/librt.a(chmod.o)
                              /usr/local/ps3dev/ppu/lib/gcc/powerpc64-ps3-elf/7.2.0/../../../../powerpc64-ps3-elf/lib/lv2-crt0.o (__librt_chmod_r)
/usr/local/ps3dev/psl1ght/ppu/lib/librt.a(rmdir.o)
                              /usr/local/ps3dev/ppu/lib/gcc/powerpc64-ps3-elf/7.2.0/../../../../powerpc64-ps3-elf/lib/lv2-crt0.o (__librt_rmdir_r)
/usr/local/ps3dev/psl1ght/ppu/lib/librt.a(isatty.o)
                              /usr/local/ps3dev/ppu/lib/gcc/powerpc64-ps3-elf/7.2.0/../../../../powerpc64-ps3-elf/lib/lv2-crt0.o (__librt_isatty_r)
/usr/local/ps3dev/psl1ght/ppu/lib/librt.a(gettod.o)
                              /usr/local/ps3dev/ppu/lib/gcc/powerpc64-ps3-elf/7.2.0/../../../../powerpc64-ps3-elf/lib/lv2-crt0.o (__librt_gettod_r)
/usr/local/ps3dev/psl1ght/ppu/lib/librt.a(settod.o)
                              /usr/local/ps3dev/ppu/lib/gcc/powerpc64-ps3-elf/7.2.0/../../../../powerpc64-ps3-elf/lib/lv2-crt0.o (__librt_settod_r)
/usr/local/ps3dev/psl1ght/ppu/lib/liblv2.a(sprx.o)
                              /usr/local/ps3dev/psl1ght/ppu/lib/librt.a(sbrk.o) (sysSpinlockInitialize)
/usr/local/ps3dev/ppu/lib/gcc/powerpc64-ps3-elf/7.2.0/../../../../powerpc64-ps3-elf/lib/libsysbase.a(syscalls.o)
                              /usr/local/ps3dev/ppu/lib/gcc/powerpc64-ps3-elf/7.2.0/../../../../powerpc64-ps3-elf/lib/lv2-crt0.o (__syscalls)
/usr/local/ps3dev/ppu/lib/gcc/powerpc64-ps3-elf/7.2.0/../../../../powerpc64-ps3-elf/lib/libc.a(lib_a-calloc.o)
                              /usr/local/ps3dev/psl1ght/ppu/lib/librt.a(dirent.o) (calloc)
[...]
Memory Configuration

Name             Origin             Length             Attributes
*default*        0x0000000000000000 0xffffffffffffffff

Linker script and memory map

                0x0000000000010000                PROVIDE (__executable_start, 0x10000)
                0x0000000000010200                . = (0x10000 + SIZEOF_HEADERS)

.interp
 *(.interp)

.hash
 *(.hash)

.dynsym
 *(.dynsym)

.dynstr
 *(.dynstr)

.gnu.version
 *(.gnu.version)

.gnu.version_d
 *(.gnu.version_d)

.gnu.version_r
 *(.gnu.version_r)

.rel.dyn
 *(.rel.init)
 *(.rel.text .rel.text.* .rel.gnu.linkonce.t.*)
 *(.rel.fini)
 *(.rel.rodata .rel.rodata.* .rel.gnu.linkonce.r.*)
 *(.rel.data.rel.ro*)
 *(.rel.data .rel.data.* .rel.gnu.linkonce.d.*)
 *(.rel.tdata .rel.tdata.* .rel.gnu.linkonce.td.*)
 *(.rel.tbss .rel.tbss.* .rel.gnu.linkonce.tb.*)
 *(.rel.ctors)
 *(.rel.dtors)
 *(.rel.got)
 *(.rel.sdata .rel.sdata.* .rel.gnu.linkonce.s.*)
 *(.rel.sbss .rel.sbss.* .rel.gnu.linkonce.sb.*)
 *(.rel.sdata2 .rel.sdata2.* .rel.gnu.linkonce.s2.*)
 *(.rel.sbss2 .rel.sbss2.* .rel.gnu.linkonce.sb2.*)
 *(.rel.bss .rel.bss.* .rel.gnu.linkonce.b.*)

.rela.dyn       0x0000000000010200        0x0
 *(.rela.init)
 *(.rela.text .rela.text.* .rela.gnu.linkonce.t.*)
 *(.rela.fini)
 *(.rela.rodata .rela.rodata.* .rela.gnu.linkonce.r.*)
 *(.rela.data .rela.data.* .rela.gnu.linkonce.d.*)
 *(.rela.tdata .rela.tdata.* .rela.gnu.linkonce.td.*)
 *(.rela.tbss .rela.tbss.* .rela.gnu.linkonce.tb.*)
 *(.rela.ctors)
 *(.rela.dtors)
 *(.rela.got)
 *(.rela.toc)
 .rela.toc      0x0000000000000000        0x0 linker stubs
 *(.rela.sdata .rela.sdata.* .rela.gnu.linkonce.s.*)
 *(.rela.sbss .rela.sbss.* .rela.gnu.linkonce.sb.*)
 *(.rela.sdata2 .rela.sdata2.* .rela.gnu.linkonce.s2.*)
 *(.rela.sbss2 .rela.sbss2.* .rela.gnu.linkonce.sb2.*)
 *(.rela.bss .rela.bss.* .rela.gnu.linkonce.b.*)
 .rela.iplt     0x0000000000000000        0x0 linker stubs
 .rela.sys_proc_prx_param
                0x0000000000000000        0x0 linker stubs
 .rela.opd      0x0000000000000000        0x0 linker stubs

.rel.plt
 *(.rel.plt)

.rela.plt
 *(.rela.plt)

.rela.tocbss
 *(.rela.tocbss)

.init           0x0000000000010200       0x2c
 *(.init)
 .init          0x0000000000010200        0xc /usr/local/ps3dev/ppu/lib/gcc/powerpc64-ps3-elf/7.2.0/../../../../powerpc64-ps3-elf/lib/lv2-crti.o
                0x0000000000010200                ._init
 .init          0x000000000001020c        0x8 /usr/local/ps3dev/ppu/lib/gcc/powerpc64-ps3-elf/7.2.0/crtbegin.o
 .init          0x0000000000010214        0x8 /usr/local/ps3dev/ppu/lib/gcc/powerpc64-ps3-elf/7.2.0/crtend.o
 .init          0x000000000001021c       0x10 /usr/local/ps3dev/ppu/lib/gcc/powerpc64-ps3-elf/7.2.0/../../../../powerpc64-ps3-elf/lib/lv2-crtn.o

.text           0x0000000000010230    0x18f2c
 *(.text .stub .text.* .gnu.linkonce.t.*)
 .text          0x0000000000010230        0x0 /usr/local/ps3dev/ppu/lib/gcc/powerpc64-ps3-elf/7.2.0/../../../../powerpc64-ps3-elf/lib/lv2-crti.o
 .text          0x0000000000010230        0x0 /usr/local/ps3dev/ppu/lib/gcc/powerpc64-ps3-elf/7.2.0/crtbegin.o
 .text.deregister_tm_clones
                0x0000000000010230       0x54 /usr/local/ps3dev/ppu/lib/gcc/powerpc64-ps3-elf/7.2.0/crtbegin.o
 *fill*         0x0000000000010284        0x4 60000000
 .text.register_tm_clones
                0x0000000000010288       0x60 /usr/local/ps3dev/ppu/lib/gcc/powerpc64-ps3-elf/7.2.0/crtbegin.o
 .text.__do_global_dtors_aux
                0x00000000000102e8       0xd4 /usr/local/ps3dev/ppu/lib/gcc/powerpc64-ps3-elf/7.2.0/crtbegin.o
 *fill*         0x00000000000103bc        0x4 60000000
 .text.frame_dummy
                0x00000000000103c0       0x38 /usr/local/ps3dev/ppu/lib/gcc/powerpc64-ps3-elf/7.2.0/crtbegin.o
 .text          0x00000000000103f8       0x58 /usr/local/ps3dev/ppu/lib/gcc/powerpc64-ps3-elf/7.2.0/../../../../powerpc64-ps3-elf/lib/lv2-crt0.o
                0x00000000000103f8                ._start
 .text.startup.__syscalls_init
                0x0000000000010450      0x134 /usr/local/ps3dev/ppu/lib/gcc/powerpc64-ps3-elf/7.2.0/../../../../powerpc64-ps3-elf/lib/lv2-crt0.o
 *fill*         0x0000000000010584        0x4 60000000
 .text._initialize
                0x0000000000010588       0x40 /usr/local/ps3dev/ppu/lib/gcc/powerpc64-ps3-elf/7.2.0/../../../../powerpc64-ps3-elf/lib/lv2-crt0.o
                0x0000000000010588                ._initialize
 .text          0x00000000000105c8        0x0 /usr/local/ps3dev/ppu/lib/gcc/powerpc64-ps3-elf/7.2.0/../../../../powerpc64-ps3-elf/lib/lv2-sprx.o
 .text          0x00000000000105c8        0x0 tada48_16_2.raw.o
 .text          0x00000000000105c8        0x0 main.o
 .text.fillBuffer
                0x00000000000105c8       0xe8 main.o
                0x00000000000105c8                .fillBuffer
 .text.playOneBlock
                0x00000000000106b0       0xa4 main.o
                0x00000000000106b0                .playOneBlock
 *fill*         0x0000000000010754        0x4 60000000
 .text.startup.main
                0x0000000000010758      0x278 main.o
                0x0000000000010758                .main
 .text          0x00000000000109d0        0x0 /usr/local/ps3dev/psl1ght/ppu/lib/libaudio.a(sprx.o)
 .text          0x00000000000109d0        0x0 /usr/local/ps3dev/psl1ght/ppu/lib/librt.a(sbrk.o)
 .text.startup.sbrk_init
                0x00000000000109d0       0xb8 /usr/local/ps3dev/psl1ght/ppu/lib/librt.a(sbrk.o)
 .text.sbrk_deinit
                0x0000000000010a88       0xc8 /usr/local/ps3dev/psl1ght/ppu/lib/librt.a(sbrk.o)
 .text.__librt_sbrk_r
                0x0000000000010b50      0x2f4 /usr/local/ps3dev/psl1ght/ppu/lib/librt.a(sbrk.o)
                0x0000000000010b50                .__librt_sbrk_r
 .text          0x0000000000010e44        0x0 /usr/local/ps3dev/psl1ght/ppu/lib/librt.a(exit.o)
 *fill*         0x0000000000010e44        0x4 60000000
 .text.__librt_exit
                0x0000000000010e48       0x30 /usr/local/ps3dev/psl1ght/ppu/lib/librt.a(exit.o)
                0x0000000000010e48                .__librt_exit
 .text          0x0000000000010e78        0x0 /usr/local/ps3dev/psl1ght/ppu/lib/librt.a(close.o)
 .text.__librt_close_r
                0x0000000000010e78       0x88 /usr/local/ps3dev/psl1ght/ppu/lib/librt.a(close.o)
                0x0000000000010e78                .__librt_close_r
 .text          0x0000000000010f00        0x0 /usr/local/ps3dev/psl1ght/ppu/lib/librt.a(lseek.o)
 .text.__librt_lseek_r
                0x0000000000010f00       0x8c /usr/local/ps3dev/psl1ght/ppu/lib/librt.a(lseek.o)
                0x0000000000010f00                .__librt_lseek_r
 *fill*         0x0000000000010f8c        0x4 60000000
 .text.__librt_lseek64_r
                0x0000000000010f90       0x10 /usr/local/ps3dev/psl1ght/ppu/lib/librt.a(lseek.o)
                0x0000000000010f90                .__librt_lseek64_r
 .text          0x0000000000010fa0        0x0 /usr/local/ps3dev/psl1ght/ppu/lib/librt.a(read.o)
 .text.__librt_read_r
                0x0000000000010fa0      0x10c /usr/local/ps3dev/psl1ght/ppu/lib/librt.a(read.o)
                0x0000000000010fa0                .__librt_read_r
 .text          0x00000000000110ac        0x0 /usr/local/ps3dev/psl1ght/ppu/lib/librt.a(open.o)
 *fill*         0x00000000000110ac        0x4 60000000
 .text.__librt_open_r
                0x00000000000110b0      0x180 /usr/local/ps3dev/psl1ght/ppu/lib/librt.a(open.o)
                0x00000000000110b0                .__librt_open_r
 .text          0x0000000000011230        0x0 /usr/local/ps3dev/psl1ght/ppu/lib/librt.a(sleep.o)
 .text.__librt_usleep_r
                0x0000000000011230       0x50 /usr/local/ps3dev/psl1ght/ppu/lib/librt.a(sleep.o)
                0x0000000000011230                .__librt_usleep_r
 .text.__librt_sleep_r
                0x0000000000011280       0x6c /usr/local/ps3dev/psl1ght/ppu/lib/librt.a(sleep.o)
                0x0000000000011280                .__librt_sleep_r
 .text          0x00000000000112ec        0x0 /usr/local/ps3dev/psl1ght/ppu/lib/librt.a(write.o)
 *fill*         0x00000000000112ec        0x4 60000000
 .text.__librt_write_r
                0x00000000000112f0      0x104 /usr/local/ps3dev/psl1ght/ppu/lib/librt.a(write.o)
                0x00000000000112f0                .__librt_write_r
 .text          0x00000000000113f4        0x0 /usr/local/ps3dev/psl1ght/ppu/lib/librt.a(fstat.o)
 *fill*         0x00000000000113f4        0x4 60000000
 .text.__librt_fstat_r
                0x00000000000113f8       0xd0 /usr/local/ps3dev/psl1ght/ppu/lib/librt.a(fstat.o)
                0x00000000000113f8                .__librt_fstat_r
 .text.__librt_fstat64_r
                0x00000000000114c8       0x10 /usr/local/ps3dev/psl1ght/ppu/lib/librt.a(fstat.o)
                0x00000000000114c8                .__librt_fstat64_r
 .text.__librt_stat_r
                0x00000000000114d8       0xd0 /usr/local/ps3dev/psl1ght/ppu/lib/librt.a(fstat.o)
                0x00000000000114d8                .__librt_stat_r
 .text.__librt_stat64_r
                0x00000000000115a8       0x10 /usr/local/ps3dev/psl1ght/ppu/lib/librt.a(fstat.o)
                0x00000000000115a8                .__librt_stat64_r
 .text          0x00000000000115b8        0x0 /usr/local/ps3dev/psl1ght/ppu/lib/librt.a(socket.o)
 .text.accept   0x00000000000115b8       0xe0 /usr/local/ps3dev/psl1ght/ppu/lib/librt.a(socket.o)
                0x00000000000115b8                .accept
 .text.bind     0x0000000000011698       0x44 /usr/local/ps3dev/psl1ght/ppu/lib/librt.a(socket.o)
                0x0000000000011698                .bind
 *fill*         0x00000000000116dc        0x4 60000000
 .text.connect  0x00000000000116e0       0x44 /usr/local/ps3dev/psl1ght/ppu/lib/librt.a(socket.o)
                0x00000000000116e0                .connect
 *fill*         0x0000000000011724        0x4 60000000
 .text.listen   0x0000000000011728       0x44 /usr/local/ps3dev/psl1ght/ppu/lib/librt.a(socket.o)
                0x0000000000011728                .listen
 *fill*         0x000000000001176c        0x4 60000000
 .text.socket   0x0000000000011770       0x5c /usr/local/ps3dev/psl1ght/ppu/lib/librt.a(socket.o)
                0x0000000000011770                .socket
 *fill*         0x00000000000117cc        0x4 60000000
 .text.send     0x00000000000117d0       0x4c /usr/local/ps3dev/psl1ght/ppu/lib/librt.a(socket.o)
                0x00000000000117d0                .send
 *fill*         0x000000000001181c        0x4 60000000
 .text.sendto   0x0000000000011820       0x44 /usr/local/ps3dev/psl1ght/ppu/lib/librt.a(socket.o)
                0x0000000000011820                .sendto
 *fill*         0x0000000000011864        0x4 60000000
 .text.recv     0x0000000000011868       0x4c /usr/local/ps3dev/psl1ght/ppu/lib/librt.a(socket.o)
                0x0000000000011868                .recv
 *fill*         0x00000000000118b4        0x4 60000000
 .text.recvfrom
                0x00000000000118b8       0xd8 /usr/local/ps3dev/psl1ght/ppu/lib/librt.a(socket.o)
                0x00000000000118b8                .recvfrom
 .text.shutdown
                0x0000000000011990       0x44 /usr/local/ps3dev/psl1ght/ppu/lib/librt.a(socket.o)
                0x0000000000011990                .shutdown
 *fill*         0x00000000000119d4        0x4 60000000
 .text.inet_aton
                0x00000000000119d8       0xbc /usr/local/ps3dev/psl1ght/ppu/lib/librt.a(socket.o)
                0x00000000000119d8                .inet_aton
 *fill*         0x0000000000011a94        0x4 60000000
 .text.inet_pton
                0x0000000000011a98       0x48 /usr/local/ps3dev/psl1ght/ppu/lib/librt.a(socket.o)
                0x0000000000011a98                .inet_pton
 .text.select   0x0000000000011ae0       0x3c /usr/local/ps3dev/psl1ght/ppu/lib/librt.a(socket.o)
                0x0000000000011ae0                .select
 *fill*         0x0000000000011b1c        0x4 60000000
 .text.closesocket
                0x0000000000011b20       0x44 /usr/local/ps3dev/psl1ght/ppu/lib/librt.a(socket.o)
                0x0000000000011b20                .closesocket
 .text          0x0000000000011b64        0x0 /usr/local/ps3dev/psl1ght/ppu/lib/librt.a(lock.o)
 *fill*         0x0000000000011b64        0x4 60000000
 .text.__librt_sys_lwmutex_create_r
                0x0000000000011b68       0x38 /usr/local/ps3dev/psl1ght/ppu/lib/librt.a(lock.o)
                0x0000000000011b68                .__librt_sys_lwmutex_create_r
 .text.__librt_sys_lwmutex_destroy_r
                0x0000000000011ba0       0x34 /usr/local/ps3dev/psl1ght/ppu/lib/librt.a(lock.o)
                0x0000000000011ba0                .__librt_sys_lwmutex_destroy_r
 *fill*         0x0000000000011bd4        0x4 60000000
 .text.__librt_sys_lwmutex_lock_r
                0x0000000000011bd8       0x38 /usr/local/ps3dev/psl1ght/ppu/lib/librt.a(lock.o)
                0x0000000000011bd8                .__librt_sys_lwmutex_lock_r
 .text.__librt_sys_lwmutex_trylock_r
                0x0000000000011c10       0x34 /usr/local/ps3dev/psl1ght/ppu/lib/librt.a(lock.o)
                0x0000000000011c10                .__librt_sys_lwmutex_trylock_r
 *fill*         0x0000000000011c44        0x4 60000000
 .text.__librt_sys_lwmutex_unlock_r
                0x0000000000011c48       0x34 /usr/local/ps3dev/psl1ght/ppu/lib/librt.a(lock.o)
                0x0000000000011c48                .__librt_sys_lwmutex_unlock_r
 .text          0x0000000000011c7c        0x0 /usr/local/ps3dev/psl1ght/ppu/lib/librt.a(dirent.o)
 *fill*         0x0000000000011c7c        0x4 60000000
 .text.readdir_i
                0x0000000000011c80      0x10c /usr/local/ps3dev/psl1ght/ppu/lib/librt.a(dirent.o)
 *fill*         0x0000000000011d8c        0x4 60000000
 .text.__librt_opendir_r
                0x0000000000011d90      0x114 /usr/local/ps3dev/psl1ght/ppu/lib/librt.a(dirent.o)
                0x0000000000011d90                .__librt_opendir_r
 *fill*         0x0000000000011ea4        0x4 60000000
 .text.__librt_readdir_r
                0x0000000000011ea8       0x84 /usr/local/ps3dev/psl1ght/ppu/lib/librt.a(dirent.o)
                0x0000000000011ea8                .__librt_readdir_r
 *fill*         0x0000000000011f2c        0x4 60000000
 .text.__librt_readdir_r_r
                0x0000000000011f30       0x58 /usr/local/ps3dev/psl1ght/ppu/lib/librt.a(dirent.o)
                0x0000000000011f30                .__librt_readdir_r_r
 .text.__librt_closedir_r
                0x0000000000011f88       0x84 /usr/local/ps3dev/psl1ght/ppu/lib/librt.a(dirent.o)
                0x0000000000011f88                .__librt_closedir_r
 *fill*         0x000000000001200c        0x4 60000000
 .text.__librt_telldir_r
                0x0000000000012010       0x24 /usr/local/ps3dev/psl1ght/ppu/lib/librt.a(dirent.o)
                0x0000000000012010                .__librt_telldir_r
 *fill*         0x0000000000012034        0x4 60000000
 .text.__librt_rewinddir_r
                0x0000000000012038       0x18 /usr/local/ps3dev/psl1ght/ppu/lib/librt.a(dirent.o)
                0x0000000000012038                .__librt_rewinddir_r
 .text.__librt_seekdir_r
                0x0000000000012050       0x18 /usr/local/ps3dev/psl1ght/ppu/lib/librt.a(dirent.o)
                0x0000000000012050                .__librt_seekdir_r
 .text          0x0000000000012068        0x0 /usr/local/ps3dev/psl1ght/ppu/lib/librt.a(mkdir.o)
 .text.__librt_mkdir_r
                0x0000000000012068       0x60 /usr/local/ps3dev/psl1ght/ppu/lib/librt.a(mkdir.o)
                0x0000000000012068                .__librt_mkdir_r
 .text          0x00000000000120c8        0x0 /usr/local/ps3dev/psl1ght/ppu/lib/librt.a(times.o)
 .text.__librt_times_r
                0x00000000000120c8       0x1c /usr/local/ps3dev/psl1ght/ppu/lib/librt.a(times.o)
                0x00000000000120c8                .__librt_times_r
 .text          0x00000000000120e4        0x0 /usr/local/ps3dev/psl1ght/ppu/lib/librt.a(umask.o)
 *fill*         0x00000000000120e4        0x4 60000000
 .text.__librt_umask_r
                0x00000000000120e8       0x20 /usr/local/ps3dev/psl1ght/ppu/lib/librt.a(umask.o)
                0x00000000000120e8                .__librt_umask_r
 .text          0x0000000000012108        0x0 /usr/local/ps3dev/psl1ght/ppu/lib/librt.a(lv2errno.o)
 .text.lv2error
                0x0000000000012108      0x434 /usr/local/ps3dev/psl1ght/ppu/lib/librt.a(lv2errno.o)
                0x0000000000012108                .lv2error
 *fill*         0x000000000001253c        0x4 60000000
 .text.lv2errno
                0x0000000000012540       0x68 /usr/local/ps3dev/psl1ght/ppu/lib/librt.a(lv2errno.o)
                0x0000000000012540                .lv2errno
 .text.lv2errno_r
                0x00000000000125a8       0x58 /usr/local/ps3dev/psl1ght/ppu/lib/librt.a(lv2errno.o)
                0x00000000000125a8                .lv2errno_r
 .text          0x0000000000012600        0x0 /usr/local/ps3dev/psl1ght/ppu/lib/librt.a(heap.o)
 .text.heapInit
                0x0000000000012600      0x118 /usr/local/ps3dev/psl1ght/ppu/lib/librt.a(heap.o)
                0x0000000000012600                .heapInit
 .text.heapAllocate
                0x0000000000012718      0x184 /usr/local/ps3dev/psl1ght/ppu/lib/librt.a(heap.o)
                0x0000000000012718                .heapAllocate
 *fill*         0x000000000001289c        0x4 60000000
 .text.heapAllocateAligned
                0x00000000000128a0      0x224 /usr/local/ps3dev/psl1ght/ppu/lib/librt.a(heap.o)
                0x00000000000128a0                .heapAllocateAligned
 *fill*         0x0000000000012ac4        0x4 60000000
 .text.heapFree
                0x0000000000012ac8      0x238 /usr/local/ps3dev/psl1ght/ppu/lib/librt.a(heap.o)
                0x0000000000012ac8                .heapFree
 .text          0x0000000000012d00        0x0 /usr/local/ps3dev/psl1ght/ppu/lib/librt.a(chmod.o)
 .text.__librt_chmod_r
                0x0000000000012d00       0x54 /usr/local/ps3dev/psl1ght/ppu/lib/librt.a(chmod.o)
                0x0000000000012d00                .__librt_chmod_r
 .text          0x0000000000012d54        0x0 /usr/local/ps3dev/psl1ght/ppu/lib/librt.a(rmdir.o)
 *fill*         0x0000000000012d54        0x4 60000000
 .text.__librt_rmdir_r
                0x0000000000012d58       0x50 /usr/local/ps3dev/psl1ght/ppu/lib/librt.a(rmdir.o)
                0x0000000000012d58                .__librt_rmdir_r
 .text          0x0000000000012da8        0x0 /usr/local/ps3dev/psl1ght/ppu/lib/librt.a(isatty.o)
 .text.__librt_isatty_r
                0x0000000000012da8       0x2c /usr/local/ps3dev/psl1ght/ppu/lib/librt.a(isatty.o)
                0x0000000000012da8                .__librt_isatty_r
 .text          0x0000000000012dd4        0x0 /usr/local/ps3dev/psl1ght/ppu/lib/librt.a(gettod.o)
 *fill*         0x0000000000012dd4        0x4 60000000
 .text.__librt_gettod_r
                0x0000000000012dd8       0xb8 /usr/local/ps3dev/psl1ght/ppu/lib/librt.a(gettod.o)
                0x0000000000012dd8                .__librt_gettod_r
 .text          0x0000000000012e90        0x0 /usr/local/ps3dev/psl1ght/ppu/lib/librt.a(settod.o)
 .text.__librt_settod_r
                0x0000000000012e90       0x58 /usr/local/ps3dev/psl1ght/ppu/lib/librt.a(settod.o)
                0x0000000000012e90                .__librt_settod_r
 .text          0x0000000000012ee8        0x0 /usr/local/ps3dev/psl1ght/ppu/lib/liblv2.a(sprx.o)
 .text          0x0000000000012ee8        0x0 /usr/local/ps3dev/ppu/lib/gcc/powerpc64-ps3-elf/7.2.0/../../../../powerpc64-ps3-elf/lib/libsysbase.a(syscalls.o)
 .text          0x0000000000012ee8        0x0 /usr/local/ps3dev/ppu/lib/gcc/powerpc64-ps3-elf/7.2.0/../../../../powerpc64-ps3-elf/lib/libc.a(lib_a-calloc.o)
 .text.calloc   0x0000000000012ee8       0x58 /usr/local/ps3dev/ppu/lib/gcc/powerpc64-ps3-elf/7.2.0/../../../../powerpc64-ps3-elf/lib/libc.a(lib_a-calloc.o)
                0x0000000000012ee8                .calloc
 .text          0x0000000000012f40        0x0 /usr/local/ps3dev/ppu/lib/gcc/powerpc64-ps3-elf/7.2.0/../../../../powerpc64-ps3-elf/lib/libc.a(lib_a-callocr.o)
 .text._calloc_r
                0x0000000000012f40       0xdc /usr/local/ps3dev/ppu/lib/gcc/powerpc64-ps3-elf/7.2.0/../../../../powerpc64-ps3-elf/lib/libc.a(lib_a-callocr.o)
                0x0000000000012f40                ._calloc_r
 .text          0x000000000001301c        0x0 /usr/local/ps3dev/ppu/lib/gcc/powerpc64-ps3-elf/7.2.0/../../../../powerpc64-ps3-elf/lib/libc.a(lib_a-errno.o)
 *fill*         0x000000000001301c        0x4 60000000
 .text.__errno  0x0000000000013020       0x30 /usr/local/ps3dev/ppu/lib/gcc/powerpc64-ps3-elf/7.2.0/../../../../powerpc64-ps3-elf/lib/libc.a(lib_a-errno.o)
                0x0000000000013020                .__errno
 .text          0x0000000000013050        0x0 /usr/local/ps3dev/ppu/lib/gcc/powerpc64-ps3-elf/7.2.0/../../../../powerpc64-ps3-elf/lib/libc.a(lib_a-exit.o)
 .text.exit     0x0000000000013050       0x68 /usr/local/ps3dev/ppu/lib/gcc/powerpc64-ps3-elf/7.2.0/../../../../powerpc64-ps3-elf/lib/libc.a(lib_a-exit.o)
                0x0000000000013050                .exit
 .text          0x00000000000130b8        0x0 /usr/local/ps3dev/ppu/lib/gcc/powerpc64-ps3-elf/7.2.0/../../../../powerpc64-ps3-elf/lib/libc.a(lib_a-getreent.o)
 .text.__getreent
                0x00000000000130b8      0x1b4 /usr/local/ps3dev/ppu/lib/gcc/powerpc64-ps3-elf/7.2.0/../../../../powerpc64-ps3-elf/lib/libc.a(lib_a-getreent.o)
                0x00000000000130b8                .__getreent
 .text          0x000000000001326c        0x0 /usr/local/ps3dev/ppu/lib/gcc/powerpc64-ps3-elf/7.2.0/../../../../powerpc64-ps3-elf/lib/libc.a(lib_a-impure.o)
 .text          0x000000000001326c        0x0 /usr/local/ps3dev/ppu/lib/gcc/powerpc64-ps3-elf/7.2.0/../../../../powerpc64-ps3-elf/lib/libc.a(lib_a-malloc.o)
 *fill*         0x000000000001326c        0x4 60000000
 .text.malloc   0x0000000000013270       0x48 /usr/local/ps3dev/ppu/lib/gcc/powerpc64-ps3-elf/7.2.0/../../../../powerpc64-ps3-elf/lib/libc.a(lib_a-malloc.o)
                0x0000000000013270                .malloc
 .text.free     0x00000000000132b8       0x48 /usr/local/ps3dev/ppu/lib/gcc/powerpc64-ps3-elf/7.2.0/../../../../powerpc64-ps3-elf/lib/libc.a(lib_a-malloc.o)
                0x00000000000132b8                .free
 .text          0x0000000000013300        0x0 /usr/local/ps3dev/ppu/lib/gcc/powerpc64-ps3-elf/7.2.0/../../../../powerpc64-ps3-elf/lib/libc.a(lib_a-mallocr.o)
 .text._malloc_r
                0x0000000000013300      0x9e4 /usr/local/ps3dev/ppu/lib/gcc/powerpc64-ps3-elf/7.2.0/../../../../powerpc64-ps3-elf/lib/libc.a(lib_a-mallocr.o)
                0x0000000000013300                ._malloc_r
 .text          0x0000000000013ce4        0x0 /usr/local/ps3dev/ppu/lib/gcc/powerpc64-ps3-elf/7.2.0/../../../../powerpc64-ps3-elf/lib/libc.a(lib_a-memset.o)
 *fill*         0x0000000000013ce4        0x4 60000000
 .text.memset   0x0000000000013ce8      0x138 /usr/local/ps3dev/ppu/lib/gcc/powerpc64-ps3-elf/7.2.0/../../../../powerpc64-ps3-elf/lib/libc.a(lib_a-memset.o)
                0x0000000000013ce8                .memset
 .text          0x0000000000013e20        0x0 /usr/local/ps3dev/ppu/lib/gcc/powerpc64-ps3-elf/7.2.0/../../../../powerpc64-ps3-elf/lib/libc.a(lib_a-mlock.o)
 .text.__malloc_lock
                0x0000000000013e20       0x34 /usr/local/ps3dev/ppu/lib/gcc/powerpc64-ps3-elf/7.2.0/../../../../powerpc64-ps3-elf/lib/libc.a(lib_a-mlock.o)
                0x0000000000013e20                .__malloc_lock
 *fill*         0x0000000000013e54        0x4 60000000
 .text.__malloc_unlock
                0x0000000000013e58       0x34 /usr/local/ps3dev/ppu/lib/gcc/powerpc64-ps3-elf/7.2.0/../../../../powerpc64-ps3-elf/lib/libc.a(lib_a-mlock.o)
                0x0000000000013e58                .__malloc_unlock
 .text          0x0000000000013e8c        0x0 /usr/local/ps3dev/ppu/lib/gcc/powerpc64-ps3-elf/7.2.0/../../../../powerpc64-ps3-elf/lib/libc.a(lib_a-printf.o)
 *fill*         0x0000000000013e8c        0x4 60000000
 .text._printf_r
                0x0000000000013e90       0x54 /usr/local/ps3dev/ppu/lib/gcc/powerpc64-ps3-elf/7.2.0/../../../../powerpc64-ps3-elf/lib/libc.a(lib_a-printf.o)
                0x0000000000013e90                ._printf_r
 *fill*         0x0000000000013ee4        0x4 60000000
 .text.printf   0x0000000000013ee8       0x6c /usr/local/ps3dev/ppu/lib/gcc/powerpc64-ps3-elf/7.2.0/../../../../powerpc64-ps3-elf/lib/libc.a(lib_a-printf.o)
                0x0000000000013ee8                .printf
 .text          0x0000000000013f54        0x0 /usr/local/ps3dev/ppu/lib/gcc/powerpc64-ps3-elf/7.2.0/../../../../powerpc64-ps3-elf/lib/libc.a(lib_a-sscanf.o)
 *fill*         0x0000000000013f54        0x4 60000000
 .text.sscanf   0x0000000000013f58       0xa8 /usr/local/ps3dev/ppu/lib/gcc/powerpc64-ps3-elf/7.2.0/../../../../powerpc64-ps3-elf/lib/libc.a(lib_a-sscanf.o)
                0x0000000000013f58                .sscanf
 .text._sscanf_r
                0x0000000000014000       0xa8 /usr/local/ps3dev/ppu/lib/gcc/powerpc64-ps3-elf/7.2.0/../../../../powerpc64-ps3-elf/lib/libc.a(lib_a-sscanf.o)
                0x0000000000014000                ._sscanf_r
 .text          0x00000000000140a8        0x0 /usr/local/ps3dev/ppu/lib/gcc/powerpc64-ps3-elf/7.2.0/../../../../powerpc64-ps3-elf/lib/libc.a(lib_a-stdio.o)
 .text.__sread  0x00000000000140a8       0x7c /usr/local/ps3dev/ppu/lib/gcc/powerpc64-ps3-elf/7.2.0/../../../../powerpc64-ps3-elf/lib/libc.a(lib_a-stdio.o)
                0x00000000000140a8                .__sread
 *fill*         0x0000000000014124        0x4 60000000
 .text.__seofread
                0x0000000000014128       0x14 /usr/local/ps3dev/ppu/lib/gcc/powerpc64-ps3-elf/7.2.0/../../../../powerpc64-ps3-elf/lib/libc.a(lib_a-stdio.o)
                0x0000000000014128                .__seofread
 *fill*         0x000000000001413c        0x4 60000000
 .text.__swrite
                0x0000000000014140       0xb0 /usr/local/ps3dev/ppu/lib/gcc/powerpc64-ps3-elf/7.2.0/../../../../powerpc64-ps3-elf/lib/libc.a(lib_a-stdio.o)
                0x0000000000014140                .__swrite
 .text.__sseek  0x00000000000141f0       0x78 /usr/local/ps3dev/ppu/lib/gcc/powerpc64-ps3-elf/7.2.0/../../../../powerpc64-ps3-elf/lib/libc.a(lib_a-stdio.o)
                0x00000000000141f0                .__sseek
 .text.__sclose
                0x0000000000014268       0x38 /usr/local/ps3dev/ppu/lib/gcc/powerpc64-ps3-elf/7.2.0/../../../../powerpc64-ps3-elf/lib/libc.a(lib_a-stdio.o)
                0x0000000000014268                .__sclose
 .text          0x00000000000142a0        0x0 /usr/local/ps3dev/ppu/lib/gcc/powerpc64-ps3-elf/7.2.0/../../../../powerpc64-ps3-elf/lib/libc.a(lib_a-strlen.o)
 .text.strlen   0x00000000000142a0       0xc4 /usr/local/ps3dev/ppu/lib/gcc/powerpc64-ps3-elf/7.2.0/../../../../powerpc64-ps3-elf/lib/libc.a(lib_a-strlen.o)
                0x00000000000142a0                .strlen
 .text          0x0000000000014364        0x0 /usr/local/ps3dev/ppu/lib/gcc/powerpc64-ps3-elf/7.2.0/../../../../powerpc64-ps3-elf/lib/libc.a(lib_a-strncpy.o)
 *fill*         0x0000000000014364        0x4 60000000
 .text.strncpy  0x0000000000014368      0x118 /usr/local/ps3dev/ppu/lib/gcc/powerpc64-ps3-elf/7.2.0/../../../../powerpc64-ps3-elf/lib/libc.a(lib_a-strncpy.o)
                0x0000000000014368                .strncpy
 .text          0x0000000000014480        0x0 /usr/local/ps3dev/ppu/lib/gcc/powerpc64-ps3-elf/7.2.0/../../../../powerpc64-ps3-elf/lib/libc.a(lib_a-svfscanf.o)
 .text.__ssvfscanf_r
                0x0000000000014480     0x1864 /usr/local/ps3dev/ppu/lib/gcc/powerpc64-ps3-elf/7.2.0/../../../../powerpc64-ps3-elf/lib/libc.a(lib_a-svfscanf.o)
                0x0000000000014480                .__ssvfscanf_r
 .text          0x0000000000015ce4        0x0 /usr/local/ps3dev/ppu/lib/gcc/powerpc64-ps3-elf/7.2.0/../../../../powerpc64-ps3-elf/lib/libc.a(lib_a-vfprintf.o)
 *fill*         0x0000000000015ce4        0x4 60000000
 .text._vfprintf_r
                0x0000000000015ce8     0x2300 /usr/local/ps3dev/ppu/lib/gcc/powerpc64-ps3-elf/7.2.0/../../../../powerpc64-ps3-elf/lib/libc.a(lib_a-vfprintf.o)
                0x0000000000015ce8                ._vfprintf_r
 .text.vfprintf
                0x0000000000017fe8       0x60 /usr/local/ps3dev/ppu/lib/gcc/powerpc64-ps3-elf/7.2.0/../../../../powerpc64-ps3-elf/lib/libc.a(lib_a-vfprintf.o)
                0x0000000000017fe8                .vfprintf
 .text          0x0000000000018048        0x0 /usr/local/ps3dev/ppu/lib/gcc/powerpc64-ps3-elf/7.2.0/../../../../powerpc64-ps3-elf/lib/libc.a(lib_a-wsetup.o)
 .text.__swsetup_r
                0x0000000000018048      0x1f0 /usr/local/ps3dev/ppu/lib/gcc/powerpc64-ps3-elf/7.2.0/../../../../powerpc64-ps3-elf/lib/libc.a(lib_a-wsetup.o)
                0x0000000000018048                .__swsetup_r
 .text          0x0000000000018238        0x0 /usr/local/ps3dev/ppu/lib/gcc/powerpc64-ps3-elf/7.2.0/../../../../powerpc64-ps3-elf/lib/libc.a(lib_a-__call_atexit.o)
 .text.__call_exitprocs
                0x0000000000018238      0x24c /usr/local/ps3dev/ppu/lib/gcc/powerpc64-ps3-elf/7.2.0/../../../../powerpc64-ps3-elf/lib/libc.a(lib_a-__call_atexit.o)
                0x0000000000018238                .__call_exitprocs
 .text          0x0000000000018484        0x0 /usr/local/ps3dev/ppu/lib/gcc/powerpc64-ps3-elf/7.2.0/../../../../powerpc64-ps3-elf/lib/libc.a(lib_a-ctype_.o)
 .text          0x0000000000018484        0x0 /usr/local/ps3dev/ppu/lib/gcc/powerpc64-ps3-elf/7.2.0/../../../../powerpc64-ps3-elf/lib/libc.a(lib_a-dtoa.o)
 *fill*         0x0000000000018484        0x4 60000000
 .text.quorem   0x0000000000018488      0x26c /usr/local/ps3dev/ppu/lib/gcc/powerpc64-ps3-elf/7.2.0/../../../../powerpc64-ps3-elf/lib/libc.a(lib_a-dtoa.o)
 *fill*         0x00000000000186f4        0x4 60000000
 .text._dtoa_r  0x00000000000186f8     0x1478 /usr/local/ps3dev/ppu/lib/gcc/powerpc64-ps3-elf/7.2.0/../../../../powerpc64-ps3-elf/lib/libc.a(lib_a-dtoa.o)
                0x00000000000186f8                ._dtoa_r
 .text          0x0000000000019b70        0x0 /usr/local/ps3dev/ppu/lib/gcc/powerpc64-ps3-elf/7.2.0/../../../../powerpc64-ps3-elf/lib/libc.a(lib_a-fflush.o)
 .text.__sflush_r
                0x0000000000019b70      0x3d0 /usr/local/ps3dev/ppu/lib/gcc/powerpc64-ps3-elf/7.2.0/../../../../powerpc64-ps3-elf/lib/libc.a(lib_a-fflush.o)
                0x0000000000019b70                .__sflush_r
 .text._fflush_r
                0x0000000000019f40      0x124 /usr/local/ps3dev/ppu/lib/gcc/powerpc64-ps3-elf/7.2.0/../../../../powerpc64-ps3-elf/lib/libc.a(lib_a-fflush.o)
                0x0000000000019f40                ._fflush_r
 *fill*         0x000000000001a064        0x4 60000000
 .text.fflush   0x000000000001a068       0x70 /usr/local/ps3dev/ppu/lib/gcc/powerpc64-ps3-elf/7.2.0/../../../../powerpc64-ps3-elf/lib/libc.a(lib_a-fflush.o)
                0x000000000001a068                .fflush
 .text          0x000000000001a0d8        0x0 /usr/local/ps3dev/ppu/lib/gcc/powerpc64-ps3-elf/7.2.0/../../../../powerpc64-ps3-elf/lib/libc.a(lib_a-findfp.o)
 .text._cleanup_r
                0x000000000001a0d8       0x34 /usr/local/ps3dev/ppu/lib/gcc/powerpc64-ps3-elf/7.2.0/../../../../powerpc64-ps3-elf/lib/libc.a(lib_a-findfp.o)
                0x000000000001a0d8                ._cleanup_r
 *fill*         0x000000000001a10c        0x4 60000000
 .text.__fp_lock
                0x000000000001a110       0x50 /usr/local/ps3dev/ppu/lib/gcc/powerpc64-ps3-elf/7.2.0/../../../../powerpc64-ps3-elf/lib/libc.a(lib_a-findfp.o)
 .text.__fp_unlock
                0x000000000001a160       0x50 /usr/local/ps3dev/ppu/lib/gcc/powerpc64-ps3-elf/7.2.0/../../../../powerpc64-ps3-elf/lib/libc.a(lib_a-findfp.o)
 .text.std.isra.0
                0x000000000001a1b0       0x9c /usr/local/ps3dev/ppu/lib/gcc/powerpc64-ps3-elf/7.2.0/../../../../powerpc64-ps3-elf/lib/libc.a(lib_a-findfp.o)
 *fill*         0x000000000001a24c        0x4 60000000
 .text.__sfmoreglue
                0x000000000001a250       0x88 /usr/local/ps3dev/ppu/lib/gcc/powerpc64-ps3-elf/7.2.0/../../../../powerpc64-ps3-elf/lib/libc.a(lib_a-findfp.o)
                0x000000000001a250                .__sfmoreglue
 .text._cleanup
                0x000000000001a2d8       0x3c /usr/local/ps3dev/ppu/lib/gcc/powerpc64-ps3-elf/7.2.0/../../../../powerpc64-ps3-elf/lib/libc.a(lib_a-findfp.o)
                0x000000000001a2d8                ._cleanup
 *fill*         0x000000000001a314        0x4 60000000
 .text.__sinit  0x000000000001a318       0xbc /usr/local/ps3dev/ppu/lib/gcc/powerpc64-ps3-elf/7.2.0/../../../../powerpc64-ps3-elf/lib/libc.a(lib_a-findfp.o)
                0x000000000001a318                .__sinit
 *fill*         0x000000000001a3d4        0x4 60000000
 .text.__sfp    0x000000000001a3d8      0x190 /usr/local/ps3dev/ppu/lib/gcc/powerpc64-ps3-elf/7.2.0/../../../../powerpc64-ps3-elf/lib/libc.a(lib_a-findfp.o)
                0x000000000001a3d8                .__sfp
 .text.__sfp_lock_acquire
                0x000000000001a568       0x34 /usr/local/ps3dev/ppu/lib/gcc/powerpc64-ps3-elf/7.2.0/../../../../powerpc64-ps3-elf/lib/libc.a(lib_a-findfp.o)
                0x000000000001a568                .__sfp_lock_acquire
 *fill*         0x000000000001a59c        0x4 60000000
 .text.__sfp_lock_release
                0x000000000001a5a0       0x34 /usr/local/ps3dev/ppu/lib/gcc/powerpc64-ps3-elf/7.2.0/../../../../powerpc64-ps3-elf/lib/libc.a(lib_a-findfp.o)
                0x000000000001a5a0                .__sfp_lock_release
 *fill*         0x000000000001a5d4        0x4 60000000
 .text.__sinit_lock_acquire
                0x000000000001a5d8       0x34 /usr/local/ps3dev/ppu/lib/gcc/powerpc64-ps3-elf/7.2.0/../../../../powerpc64-ps3-elf/lib/libc.a(lib_a-findfp.o)
                0x000000000001a5d8                .__sinit_lock_acquire
 *fill*         0x000000000001a60c        0x4 60000000
 .text.__sinit_lock_release
                0x000000000001a610       0x34 /usr/local/ps3dev/ppu/lib/gcc/powerpc64-ps3-elf/7.2.0/../../../../powerpc64-ps3-elf/lib/libc.a(lib_a-findfp.o)
                0x000000000001a610                .__sinit_lock_release
 *fill*         0x000000000001a644        0x4 60000000
 .text.__fp_lock_all
                0x000000000001a648       0x48 /usr/local/ps3dev/ppu/lib/gcc/powerpc64-ps3-elf/7.2.0/../../../../powerpc64-ps3-elf/lib/libc.a(lib_a-findfp.o)
                0x000000000001a648                .__fp_lock_all
 .text.__fp_unlock_all
                0x000000000001a690       0x48 /usr/local/ps3dev/ppu/lib/gcc/powerpc64-ps3-elf/7.2.0/../../../../powerpc64-ps3-elf/lib/libc.a(lib_a-findfp.o)
                0x000000000001a690                .__fp_unlock_all
 .text          0x000000000001a6d8        0x0 /usr/local/ps3dev/ppu/lib/gcc/powerpc64-ps3-elf/7.2.0/../../../../powerpc64-ps3-elf/lib/libc.a(lib_a-freer.o)
 .text._malloc_trim_r
                0x000000000001a6d8      0x15c /usr/local/ps3dev/ppu/lib/gcc/powerpc64-ps3-elf/7.2.0/../../../../powerpc64-ps3-elf/lib/libc.a(lib_a-freer.o)
                0x000000000001a6d8                ._malloc_trim_r
 *fill*         0x000000000001a834        0x4 60000000
 .text._free_r  0x000000000001a838      0x3b0 /usr/local/ps3dev/ppu/lib/gcc/powerpc64-ps3-elf/7.2.0/../../../../powerpc64-ps3-elf/lib/libc.a(lib_a-freer.o)
                0x000000000001a838                ._free_r
 .text          0x000000000001abe8        0x0 /usr/local/ps3dev/ppu/lib/gcc/powerpc64-ps3-elf/7.2.0/../../../../powerpc64-ps3-elf/lib/libc.a(lib_a-fwalk.o)
 .text._fwalk   0x000000000001abe8      0x100 /usr/local/ps3dev/ppu/lib/gcc/powerpc64-ps3-elf/7.2.0/../../../../powerpc64-ps3-elf/lib/libc.a(lib_a-fwalk.o)
                0x000000000001abe8                ._fwalk
 .text._fwalk_reent
                0x000000000001ace8      0x110 /usr/local/ps3dev/ppu/lib/gcc/powerpc64-ps3-elf/7.2.0/../../../../powerpc64-ps3-elf/lib/libc.a(lib_a-fwalk.o)
                0x000000000001ace8                ._fwalk_reent
 .text          0x000000000001adf8        0x0 /usr/local/ps3dev/ppu/lib/gcc/powerpc64-ps3-elf/7.2.0/../../../../powerpc64-ps3-elf/lib/libc.a(lib_a-iswspace.o)
 .text.iswspace
                0x000000000001adf8       0x3c /usr/local/ps3dev/ppu/lib/gcc/powerpc64-ps3-elf/7.2.0/../../../../powerpc64-ps3-elf/lib/libc.a(lib_a-iswspace.o)
                0x000000000001adf8                .iswspace
 .text          0x000000000001ae34        0x0 /usr/local/ps3dev/ppu/lib/gcc/powerpc64-ps3-elf/7.2.0/../../../../powerpc64-ps3-elf/lib/libc.a(lib_a-locale.o)
 *fill*         0x000000000001ae34        0x4 60000000
 .text._setlocale_r
                0x000000000001ae38       0xb4 /usr/local/ps3dev/ppu/lib/gcc/powerpc64-ps3-elf/7.2.0/../../../../powerpc64-ps3-elf/lib/libc.a(lib_a-locale.o)
                0x000000000001ae38                ._setlocale_r
 *fill*         0x000000000001aeec        0x4 60000000
 .text.__locale_charset
                0x000000000001aef0       0x14 /usr/local/ps3dev/ppu/lib/gcc/powerpc64-ps3-elf/7.2.0/../../../../powerpc64-ps3-elf/lib/libc.a(lib_a-locale.o)
                0x000000000001aef0                .__locale_charset
 *fill*         0x000000000001af04        0x4 60000000
 .text.__locale_mb_cur_max
                0x000000000001af08       0x1c /usr/local/ps3dev/ppu/lib/gcc/powerpc64-ps3-elf/7.2.0/../../../../powerpc64-ps3-elf/lib/libc.a(lib_a-locale.o)
                0x000000000001af08                .__locale_mb_cur_max
 *fill*         0x000000000001af24        0x4 60000000
 .text.__locale_msgcharset
                0x000000000001af28       0x14 /usr/local/ps3dev/ppu/lib/gcc/powerpc64-ps3-elf/7.2.0/../../../../powerpc64-ps3-elf/lib/libc.a(lib_a-locale.o)
                0x000000000001af28                .__locale_msgcharset
 *fill*         0x000000000001af3c        0x4 60000000
 .text.__locale_cjk_lang
                0x000000000001af40       0x14 /usr/local/ps3dev/ppu/lib/gcc/powerpc64-ps3-elf/7.2.0/../../../../powerpc64-ps3-elf/lib/libc.a(lib_a-locale.o)
                0x000000000001af40                .__locale_cjk_lang
 *fill*         0x000000000001af54        0x4 60000000
 .text._localeconv_r
                0x000000000001af58       0x14 /usr/local/ps3dev/ppu/lib/gcc/powerpc64-ps3-elf/7.2.0/../../../../powerpc64-ps3-elf/lib/libc.a(lib_a-locale.o)
                0x000000000001af58                ._localeconv_r
 *fill*         0x000000000001af6c        0x4 60000000
 .text.setlocale
                0x000000000001af70       0x50 /usr/local/ps3dev/ppu/lib/gcc/powerpc64-ps3-elf/7.2.0/../../../../powerpc64-ps3-elf/lib/libc.a(lib_a-locale.o)
                0x000000000001af70                .setlocale
 .text.localeconv
                0x000000000001afc0       0x34 /usr/local/ps3dev/ppu/lib/gcc/powerpc64-ps3-elf/7.2.0/../../../../powerpc64-ps3-elf/lib/libc.a(lib_a-locale.o)
                0x000000000001afc0                .localeconv
 .text          0x000000000001aff4        0x0 /usr/local/ps3dev/ppu/lib/gcc/powerpc64-ps3-elf/7.2.0/../../../../powerpc64-ps3-elf/lib/libc.a(lib_a-lock_recursive.o)
 *fill*         0x000000000001aff4        0x4 60000000
 .text.__libc_lock_init_recursive
                0x000000000001aff8       0x34 /usr/local/ps3dev/ppu/lib/gcc/powerpc64-ps3-elf/7.2.0/../../../../powerpc64-ps3-elf/lib/libc.a(lib_a-lock_recursive.o)
                0x000000000001aff8                .__libc_lock_init_recursive
 *fill*         0x000000000001b02c        0x4 60000000
 .text.__libc_lock_close_recursive
                0x000000000001b030       0x30 /usr/local/ps3dev/ppu/lib/gcc/powerpc64-ps3-elf/7.2.0/../../../../powerpc64-ps3-elf/lib/libc.a(lib_a-lock_recursive.o)
                0x000000000001b030                .__libc_lock_close_recursive
 .text.__libc_lock_acquire_recursive
                0x000000000001b060       0x58 /usr/local/ps3dev/ppu/lib/gcc/powerpc64-ps3-elf/7.2.0/../../../../powerpc64-ps3-elf/lib/libc.a(lib_a-lock_recursive.o)
                0x000000000001b060                .__libc_lock_acquire_recursive
 .text.__libc_lock_try_acquire_recursive
                0x000000000001b0b8       0x54 /usr/local/ps3dev/ppu/lib/gcc/powerpc64-ps3-elf/7.2.0/../../../../powerpc64-ps3-elf/lib/libc.a(lib_a-lock_recursive.o)
                0x000000000001b0b8                .__libc_lock_try_acquire_recursive
 *fill*         0x000000000001b10c        0x4 60000000
 .text.__libc_lock_release_recursive
                0x000000000001b110       0x54 /usr/local/ps3dev/ppu/lib/gcc/powerpc64-ps3-elf/7.2.0/../../../../powerpc64-ps3-elf/lib/libc.a(lib_a-lock_recursive.o)
                0x000000000001b110                .__libc_lock_release_recursive
 .text          0x000000000001b164        0x0 /usr/local/ps3dev/ppu/lib/gcc/powerpc64-ps3-elf/7.2.0/../../../../powerpc64-ps3-elf/lib/libc.a(lib_a-makebuf.o)
 *fill*         0x000000000001b164        0x4 60000000
 .text.__smakebuf_r
                0x000000000001b168      0x1f4 /usr/local/ps3dev/ppu/lib/gcc/powerpc64-ps3-elf/7.2.0/../../../../powerpc64-ps3-elf/lib/libc.a(lib_a-makebuf.o)
                0x000000000001b168                .__smakebuf_r
 .text          0x000000000001b35c        0x0 /usr/local/ps3dev/ppu/lib/gcc/powerpc64-ps3-elf/7.2.0/../../../../powerpc64-ps3-elf/lib/libc.a(lib_a-mbrtowc.o)
 *fill*         0x000000000001b35c        0x4 60000000
 .text._mbrtowc_r
                0x000000000001b360      0x128 /usr/local/ps3dev/ppu/lib/gcc/powerpc64-ps3-elf/7.2.0/../../../../powerpc64-ps3-elf/lib/libc.a(lib_a-mbrtowc.o)
                0x000000000001b360                ._mbrtowc_r
 .text.mbrtowc  0x000000000001b488      0x164 /usr/local/ps3dev/ppu/lib/gcc/powerpc64-ps3-elf/7.2.0/../../../../powerpc64-ps3-elf/lib/libc.a(lib_a-mbrtowc.o)
                0x000000000001b488                .mbrtowc
 .text          0x000000000001b5ec        0x0 /usr/local/ps3dev/ppu/lib/gcc/powerpc64-ps3-elf/7.2.0/../../../../powerpc64-ps3-elf/lib/libc.a(lib_a-mbtowc_r.o)
 *fill*         0x000000000001b5ec        0x4 60000000
 .text.__ascii_mbtowc
                0x000000000001b5f0       0x64 /usr/local/ps3dev/ppu/lib/gcc/powerpc64-ps3-elf/7.2.0/../../../../powerpc64-ps3-elf/lib/libc.a(lib_a-mbtowc_r.o)
                0x000000000001b5f0                .__ascii_mbtowc
 *fill*         0x000000000001b654        0x4 60000000
 .text._mbtowc_r
                0x000000000001b658       0x98 /usr/local/ps3dev/ppu/lib/gcc/powerpc64-ps3-elf/7.2.0/../../../../powerpc64-ps3-elf/lib/libc.a(lib_a-mbtowc_r.o)
                0x000000000001b658                ._mbtowc_r
 .text          0x000000000001b6f0        0x0 /usr/local/ps3dev/ppu/lib/gcc/powerpc64-ps3-elf/7.2.0/../../../../powerpc64-ps3-elf/lib/libc.a(lib_a-memchr.o)
 .text.memchr   0x000000000001b6f0      0x130 /usr/local/ps3dev/ppu/lib/gcc/powerpc64-ps3-elf/7.2.0/../../../../powerpc64-ps3-elf/lib/libc.a(lib_a-memchr.o)
                0x000000000001b6f0                .memchr
 .text          0x000000000001b820        0x0 /usr/local/ps3dev/ppu/lib/gcc/powerpc64-ps3-elf/7.2.0/../../../../powerpc64-ps3-elf/lib/libc.a(lib_a-memcpy.o)
 .text.memcpy   0x000000000001b820      0x11c /usr/local/ps3dev/ppu/lib/gcc/powerpc64-ps3-elf/7.2.0/../../../../powerpc64-ps3-elf/lib/libc.a(lib_a-memcpy.o)
                0x000000000001b820                .memcpy
 .text          0x000000000001b93c        0x0 /usr/local/ps3dev/ppu/lib/gcc/powerpc64-ps3-elf/7.2.0/../../../../powerpc64-ps3-elf/lib/libc.a(lib_a-mprec.o)
 *fill*         0x000000000001b93c        0x4 60000000
 .text._Balloc  0x000000000001b940       0xfc /usr/local/ps3dev/ppu/lib/gcc/powerpc64-ps3-elf/7.2.0/../../../../powerpc64-ps3-elf/lib/libc.a(lib_a-mprec.o)
                0x000000000001b940                ._Balloc
 *fill*         0x000000000001ba3c        0x4 60000000
 .text._Bfree   0x000000000001ba40       0x34 /usr/local/ps3dev/ppu/lib/gcc/powerpc64-ps3-elf/7.2.0/../../../../powerpc64-ps3-elf/lib/libc.a(lib_a-mprec.o)
                0x000000000001ba40                ._Bfree
 *fill*         0x000000000001ba74        0x4 60000000
 .text.__multadd
                0x000000000001ba78      0x164 /usr/local/ps3dev/ppu/lib/gcc/powerpc64-ps3-elf/7.2.0/../../../../powerpc64-ps3-elf/lib/libc.a(lib_a-mprec.o)
                0x000000000001ba78                .__multadd
 *fill*         0x000000000001bbdc        0x4 60000000
 .text.__s2b    0x000000000001bbe0      0x174 /usr/local/ps3dev/ppu/lib/gcc/powerpc64-ps3-elf/7.2.0/../../../../powerpc64-ps3-elf/lib/libc.a(lib_a-mprec.o)
                0x000000000001bbe0                .__s2b
 *fill*         0x000000000001bd54        0x4 60000000
 .text.__hi0bits
                0x000000000001bd58       0x9c /usr/local/ps3dev/ppu/lib/gcc/powerpc64-ps3-elf/7.2.0/../../../../powerpc64-ps3-elf/lib/libc.a(lib_a-mprec.o)
                0x000000000001bd58                .__hi0bits
 *fill*         0x000000000001bdf4        0x4 60000000
 .text.__lo0bits
                0x000000000001bdf8       0xf4 /usr/local/ps3dev/ppu/lib/gcc/powerpc64-ps3-elf/7.2.0/../../../../powerpc64-ps3-elf/lib/libc.a(lib_a-mprec.o)
                0x000000000001bdf8                .__lo0bits
 *fill*         0x000000000001beec        0x4 60000000
 .text.__i2b    0x000000000001bef0       0x48 /usr/local/ps3dev/ppu/lib/gcc/powerpc64-ps3-elf/7.2.0/../../../../powerpc64-ps3-elf/lib/libc.a(lib_a-mprec.o)
                0x000000000001bef0                .__i2b
 .text.__multiply
                0x000000000001bf38      0x2a8 /usr/local/ps3dev/ppu/lib/gcc/powerpc64-ps3-elf/7.2.0/../../../../powerpc64-ps3-elf/lib/libc.a(lib_a-mprec.o)
                0x000000000001bf38                .__multiply
 .text.__pow5mult
                0x000000000001c1e0      0x19c /usr/local/ps3dev/ppu/lib/gcc/powerpc64-ps3-elf/7.2.0/../../../../powerpc64-ps3-elf/lib/libc.a(lib_a-mprec.o)
                0x000000000001c1e0                .__pow5mult
 *fill*         0x000000000001c37c        0x4 60000000
 .text.__lshift
                0x000000000001c380      0x1c0 /usr/local/ps3dev/ppu/lib/gcc/powerpc64-ps3-elf/7.2.0/../../../../powerpc64-ps3-elf/lib/libc.a(lib_a-mprec.o)
                0x000000000001c380                .__lshift
 .text.__mcmp   0x000000000001c540       0x70 /usr/local/ps3dev/ppu/lib/gcc/powerpc64-ps3-elf/7.2.0/../../../../powerpc64-ps3-elf/lib/libc.a(lib_a-mprec.o)
                0x000000000001c540                .__mcmp
 .text.__mdiff  0x000000000001c5b0      0x244 /usr/local/ps3dev/ppu/lib/gcc/powerpc64-ps3-elf/7.2.0/../../../../powerpc64-ps3-elf/lib/libc.a(lib_a-mprec.o)
                0x000000000001c5b0                .__mdiff
 *fill*         0x000000000001c7f4        0x4 60000000
 .text.__ulp    0x000000000001c7f8       0x88 /usr/local/ps3dev/ppu/lib/gcc/powerpc64-ps3-elf/7.2.0/../../../../powerpc64-ps3-elf/lib/libc.a(lib_a-mprec.o)
                0x000000000001c7f8                .__ulp
 .text.__b2d    0x000000000001c880      0x1a4 /usr/local/ps3dev/ppu/lib/gcc/powerpc64-ps3-elf/7.2.0/../../../../powerpc64-ps3-elf/lib/libc.a(lib_a-mprec.o)
                0x000000000001c880                .__b2d
 *fill*         0x000000000001ca24        0x4 60000000
 .text.__d2b    0x000000000001ca28      0x1ac /usr/local/ps3dev/ppu/lib/gcc/powerpc64-ps3-elf/7.2.0/../../../../powerpc64-ps3-elf/lib/libc.a(lib_a-mprec.o)
                0x000000000001ca28                .__d2b
 *fill*         0x000000000001cbd4        0x4 60000000
 .text.__ratio  0x000000000001cbd8       0xe8 /usr/local/ps3dev/ppu/lib/gcc/powerpc64-ps3-elf/7.2.0/../../../../powerpc64-ps3-elf/lib/libc.a(lib_a-mprec.o)
                0x000000000001cbd8                .__ratio
 .text._mprec_log10
                0x000000000001ccc0       0x54 /usr/local/ps3dev/ppu/lib/gcc/powerpc64-ps3-elf/7.2.0/../../../../powerpc64-ps3-elf/lib/libc.a(lib_a-mprec.o)
                0x000000000001ccc0                ._mprec_log10
 *fill*         0x000000000001cd14        0x4 60000000
 .text.__copybits
                0x000000000001cd18       0xa0 /usr/local/ps3dev/ppu/lib/gcc/powerpc64-ps3-elf/7.2.0/../../../../powerpc64-ps3-elf/lib/libc.a(lib_a-mprec.o)
                0x000000000001cd18                .__copybits
 .text.__any_on
                0x000000000001cdb8       0xac /usr/local/ps3dev/ppu/lib/gcc/powerpc64-ps3-elf/7.2.0/../../../../powerpc64-ps3-elf/lib/libc.a(lib_a-mprec.o)
                0x000000000001cdb8                .__any_on
 .text          0x000000000001ce64        0x0 /usr/local/ps3dev/ppu/lib/gcc/powerpc64-ps3-elf/7.2.0/../../../../powerpc64-ps3-elf/lib/libc.a(lib_a-s_fpclassify.o)
 *fill*         0x000000000001ce64        0x4 60000000
 .text.__fpclassifyd
                0x000000000001ce68       0xb8 /usr/local/ps3dev/ppu/lib/gcc/powerpc64-ps3-elf/7.2.0/../../../../powerpc64-ps3-elf/lib/libc.a(lib_a-s_fpclassify.o)
                0x000000000001ce68                .__fpclassifyd
 .text          0x000000000001cf20        0x0 /usr/local/ps3dev/ppu/lib/gcc/powerpc64-ps3-elf/7.2.0/../../../../powerpc64-ps3-elf/lib/libc.a(lib_a-sccl.o)
 .text.__sccl   0x000000000001cf20      0x120 /usr/local/ps3dev/ppu/lib/gcc/powerpc64-ps3-elf/7.2.0/../../../../powerpc64-ps3-elf/lib/libc.a(lib_a-sccl.o)
                0x000000000001cf20                .__sccl
 .text          0x000000000001d040        0x0 /usr/local/ps3dev/ppu/lib/gcc/powerpc64-ps3-elf/7.2.0/../../../../powerpc64-ps3-elf/lib/libc.a(lib_a-sf_nan.o)
 .text.nanf     0x000000000001d040       0x18 /usr/local/ps3dev/ppu/lib/gcc/powerpc64-ps3-elf/7.2.0/../../../../powerpc64-ps3-elf/lib/libc.a(lib_a-sf_nan.o)
                0x000000000001d040                .nanf
 .text          0x000000000001d058        0x0 /usr/local/ps3dev/ppu/lib/gcc/powerpc64-ps3-elf/7.2.0/../../../../powerpc64-ps3-elf/lib/libc.a(lib_a-sprintf.o)
 .text._sprintf_r
                0x000000000001d058       0x84 /usr/local/ps3dev/ppu/lib/gcc/powerpc64-ps3-elf/7.2.0/../../../../powerpc64-ps3-elf/lib/libc.a(lib_a-sprintf.o)
                0x000000000001d058                ._sprintf_r
 *fill*         0x000000000001d0dc        0x4 60000000
 .text.sprintf  0x000000000001d0e0       0xa0 /usr/local/ps3dev/ppu/lib/gcc/powerpc64-ps3-elf/7.2.0/../../../../powerpc64-ps3-elf/lib/libc.a(lib_a-sprintf.o)
                0x000000000001d0e0                .sprintf
 .text          0x000000000001d180        0x0 /usr/local/ps3dev/ppu/lib/gcc/powerpc64-ps3-elf/7.2.0/../../../../powerpc64-ps3-elf/lib/libc.a(lib_a-strcmp.o)
 .text.strcmp   0x000000000001d180       0xf4 /usr/local/ps3dev/ppu/lib/gcc/powerpc64-ps3-elf/7.2.0/../../../../powerpc64-ps3-elf/lib/libc.a(lib_a-strcmp.o)
                0x000000000001d180                .strcmp
 .text          0x000000000001d274        0x0 /usr/local/ps3dev/ppu/lib/gcc/powerpc64-ps3-elf/7.2.0/../../../../powerpc64-ps3-elf/lib/libc.a(lib_a-strtod.o)
 *fill*         0x000000000001d274        0x4 60000000
 .text._strtod_r
                0x000000000001d278     0x1630 /usr/local/ps3dev/ppu/lib/gcc/powerpc64-ps3-elf/7.2.0/../../../../powerpc64-ps3-elf/lib/libc.a(lib_a-strtod.o)
                0x000000000001d278                ._strtod_r
 .text.strtod   0x000000000001e8a8       0x50 /usr/local/ps3dev/ppu/lib/gcc/powerpc64-ps3-elf/7.2.0/../../../../powerpc64-ps3-elf/lib/libc.a(lib_a-strtod.o)
                0x000000000001e8a8                .strtod
 .text.strtof   0x000000000001e8f8       0x98 /usr/local/ps3dev/ppu/lib/gcc/powerpc64-ps3-elf/7.2.0/../../../../powerpc64-ps3-elf/lib/libc.a(lib_a-strtod.o)
                0x000000000001e8f8                .strtof
 .text          0x000000000001e990        0x0 /usr/local/ps3dev/ppu/lib/gcc/powerpc64-ps3-elf/7.2.0/../../../../powerpc64-ps3-elf/lib/libc.a(lib_a-strtol.o)
 .text._strtol_r
                0x000000000001e990      0x264 /usr/local/ps3dev/ppu/lib/gcc/powerpc64-ps3-elf/7.2.0/../../../../powerpc64-ps3-elf/lib/libc.a(lib_a-strtol.o)
                0x000000000001e990                ._strtol_r
 *fill*         0x000000000001ebf4        0x4 60000000
 .text.strtol   0x000000000001ebf8       0x60 /usr/local/ps3dev/ppu/lib/gcc/powerpc64-ps3-elf/7.2.0/../../../../powerpc64-ps3-elf/lib/libc.a(lib_a-strtol.o)
                0x000000000001ebf8                .strtol
 .text          0x000000000001ec58        0x0 /usr/local/ps3dev/ppu/lib/gcc/powerpc64-ps3-elf/7.2.0/../../../../powerpc64-ps3-elf/lib/libc.a(lib_a-strtoll_r.o)
 .text._strtoll_r
                0x000000000001ec58      0x264 /usr/local/ps3dev/ppu/lib/gcc/powerpc64-ps3-elf/7.2.0/../../../../powerpc64-ps3-elf/lib/libc.a(lib_a-strtoll_r.o)
                0x000000000001ec58                ._strtoll_r
 .text          0x000000000001eebc        0x0 /usr/local/ps3dev/ppu/lib/gcc/powerpc64-ps3-elf/7.2.0/../../../../powerpc64-ps3-elf/lib/libc.a(lib_a-strtoul.o)
 *fill*         0x000000000001eebc        0x4 60000000
 .text._strtoul_r
                0x000000000001eec0      0x268 /usr/local/ps3dev/ppu/lib/gcc/powerpc64-ps3-elf/7.2.0/../../../../powerpc64-ps3-elf/lib/libc.a(lib_a-strtoul.o)
                0x000000000001eec0                ._strtoul_r
 .text.strtoul  0x000000000001f128       0x60 /usr/local/ps3dev/ppu/lib/gcc/powerpc64-ps3-elf/7.2.0/../../../../powerpc64-ps3-elf/lib/libc.a(lib_a-strtoul.o)
                0x000000000001f128                .strtoul
 .text          0x000000000001f188        0x0 /usr/local/ps3dev/ppu/lib/gcc/powerpc64-ps3-elf/7.2.0/../../../../powerpc64-ps3-elf/lib/libc.a(lib_a-strtoull_r.o)
 .text._strtoull_r
                0x000000000001f188      0x268 /usr/local/ps3dev/ppu/lib/gcc/powerpc64-ps3-elf/7.2.0/../../../../powerpc64-ps3-elf/lib/libc.a(lib_a-strtoull_r.o)
                0x000000000001f188                ._strtoull_r
 .text          0x000000000001f3f0        0x0 /usr/local/ps3dev/ppu/lib/gcc/powerpc64-ps3-elf/7.2.0/../../../../powerpc64-ps3-elf/lib/libc.a(lib_a-svfiscanf.o)
 .text._sungetc_r
                0x000000000001f3f0      0x154 /usr/local/ps3dev/ppu/lib/gcc/powerpc64-ps3-elf/7.2.0/../../../../powerpc64-ps3-elf/lib/libc.a(lib_a-svfiscanf.o)
                0x000000000001f3f0                ._sungetc_r
 *fill*         0x000000000001f544        0x4 60000000
 .text.__ssrefill_r
                0x000000000001f548       0xa0 /usr/local/ps3dev/ppu/lib/gcc/powerpc64-ps3-elf/7.2.0/../../../../powerpc64-ps3-elf/lib/libc.a(lib_a-svfiscanf.o)
                0x000000000001f548                .__ssrefill_r
 .text._sfread_r
                0x000000000001f5e8      0x130 /usr/local/ps3dev/ppu/lib/gcc/powerpc64-ps3-elf/7.2.0/../../../../powerpc64-ps3-elf/lib/libc.a(lib_a-svfiscanf.o)
                0x000000000001f5e8                ._sfread_r
 .text.__ssvfiscanf_r
                0x000000000001f718     0x118c /usr/local/ps3dev/ppu/lib/gcc/powerpc64-ps3-elf/7.2.0/../../../../powerpc64-ps3-elf/lib/libc.a(lib_a-svfiscanf.o)
                0x000000000001f718                .__ssvfiscanf_r
 .text          0x00000000000208a4        0x0 /usr/local/ps3dev/ppu/lib/gcc/powerpc64-ps3-elf/7.2.0/../../../../powerpc64-ps3-elf/lib/libc.a(lib_a-svfprintf.o)
 *fill*         0x00000000000208a4        0x4 60000000
 .text._svfprintf_r
                0x00000000000208a8     0x21c4 /usr/local/ps3dev/ppu/lib/gcc/powerpc64-ps3-elf/7.2.0/../../../../powerpc64-ps3-elf/lib/libc.a(lib_a-svfprintf.o)
                0x00000000000208a8                ._svfprintf_r
 .text          0x0000000000022a6c        0x0 /usr/local/ps3dev/ppu/lib/gcc/powerpc64-ps3-elf/7.2.0/../../../../powerpc64-ps3-elf/lib/libc.a(lib_a-ungetc.o)
 *fill*         0x0000000000022a6c        0x4 60000000
 .text.__submore
                0x0000000000022a70      0x128 /usr/local/ps3dev/ppu/lib/gcc/powerpc64-ps3-elf/7.2.0/../../../../powerpc64-ps3-elf/lib/libc.a(lib_a-ungetc.o)
                0x0000000000022a70                .__submore
 .text._ungetc_r
                0x0000000000022b98      0x2a8 /usr/local/ps3dev/ppu/lib/gcc/powerpc64-ps3-elf/7.2.0/../../../../powerpc64-ps3-elf/lib/libc.a(lib_a-ungetc.o)
                0x0000000000022b98                ._ungetc_r
 .text.ungetc   0x0000000000022e40       0x50 /usr/local/ps3dev/ppu/lib/gcc/powerpc64-ps3-elf/7.2.0/../../../../powerpc64-ps3-elf/lib/libc.a(lib_a-ungetc.o)
                0x0000000000022e40                .ungetc
 .text          0x0000000000022e90        0x0 /usr/local/ps3dev/ppu/lib/gcc/powerpc64-ps3-elf/7.2.0/../../../../powerpc64-ps3-elf/lib/libc.a(lib_a-vfiprintf.o)
 .text.__sprint_r.part.0
                0x0000000000022e90      0x160 /usr/local/ps3dev/ppu/lib/gcc/powerpc64-ps3-elf/7.2.0/../../../../powerpc64-ps3-elf/lib/libc.a(lib_a-vfiprintf.o)
 .text.__sprint_r
                0x0000000000022ff0       0x28 /usr/local/ps3dev/ppu/lib/gcc/powerpc64-ps3-elf/7.2.0/../../../../powerpc64-ps3-elf/lib/libc.a(lib_a-vfiprintf.o)
                0x0000000000022ff0                .__sprint_r
 .text._vfiprintf_r
                0x0000000000023018     0x1500 /usr/local/ps3dev/ppu/lib/gcc/powerpc64-ps3-elf/7.2.0/../../../../powerpc64-ps3-elf/lib/libc.a(lib_a-vfiprintf.o)
                0x0000000000023018                ._vfiprintf_r
 .text.vfiprintf
                0x0000000000024518       0x60 /usr/local/ps3dev/ppu/lib/gcc/powerpc64-ps3-elf/7.2.0/../../../../powerpc64-ps3-elf/lib/libc.a(lib_a-vfiprintf.o)
                0x0000000000024518                .vfiprintf
 .text          0x0000000000024578        0x0 /usr/local/ps3dev/ppu/lib/gcc/powerpc64-ps3-elf/7.2.0/../../../../powerpc64-ps3-elf/lib/libc.a(lib_a-__atexit.o)
 .text.__register_exitproc
                0x0000000000024578      0x184 /usr/local/ps3dev/ppu/lib/gcc/powerpc64-ps3-elf/7.2.0/../../../../powerpc64-ps3-elf/lib/libc.a(lib_a-__atexit.o)
                0x0000000000024578                .__register_exitproc
 .text          0x00000000000246fc        0x0 /usr/local/ps3dev/ppu/lib/gcc/powerpc64-ps3-elf/7.2.0/../../../../powerpc64-ps3-elf/lib/libc.a(lib_a-fclose.o)
 *fill*         0x00000000000246fc        0x4 60000000
 .text._fclose_r
                0x0000000000024700      0x1e8 /usr/local/ps3dev/ppu/lib/gcc/powerpc64-ps3-elf/7.2.0/../../../../powerpc64-ps3-elf/lib/libc.a(lib_a-fclose.o)
                0x0000000000024700                ._fclose_r
 .text.fclose   0x00000000000248e8       0x40 /usr/local/ps3dev/ppu/lib/gcc/powerpc64-ps3-elf/7.2.0/../../../../powerpc64-ps3-elf/lib/libc.a(lib_a-fclose.o)
                0x00000000000248e8                .fclose
 .text          0x0000000000024928        0x0 /usr/local/ps3dev/ppu/lib/gcc/powerpc64-ps3-elf/7.2.0/../../../../powerpc64-ps3-elf/lib/libc.a(lib_a-fputwc.o)
 .text._fputwc_r
                0x0000000000024928      0x238 /usr/local/ps3dev/ppu/lib/gcc/powerpc64-ps3-elf/7.2.0/../../../../powerpc64-ps3-elf/lib/libc.a(lib_a-fputwc.o)
                0x0000000000024928                ._fputwc_r
 .text.fputwc   0x0000000000024b60       0xac /usr/local/ps3dev/ppu/lib/gcc/powerpc64-ps3-elf/7.2.0/../../../../powerpc64-ps3-elf/lib/libc.a(lib_a-fputwc.o)
                0x0000000000024b60                .fputwc
 .text          0x0000000000024c0c        0x0 /usr/local/ps3dev/ppu/lib/gcc/powerpc64-ps3-elf/7.2.0/../../../../powerpc64-ps3-elf/lib/libc.a(lib_a-fvwrite.o)
 *fill*         0x0000000000024c0c        0x4 60000000
 .text.__sfvwrite_r
                0x0000000000024c10      0x688 /usr/local/ps3dev/ppu/lib/gcc/powerpc64-ps3-elf/7.2.0/../../../../powerpc64-ps3-elf/lib/libc.a(lib_a-fvwrite.o)
                0x0000000000024c10                .__sfvwrite_r
 .text          0x0000000000025298        0x0 /usr/local/ps3dev/ppu/lib/gcc/powerpc64-ps3-elf/7.2.0/../../../../powerpc64-ps3-elf/lib/libc.a(lib_a-gdtoa-gethex.o)
 .text.rshift   0x0000000000025298      0x184 /usr/local/ps3dev/ppu/lib/gcc/powerpc64-ps3-elf/7.2.0/../../../../powerpc64-ps3-elf/lib/libc.a(lib_a-gdtoa-gethex.o)
 *fill*         0x000000000002541c        0x4 60000000
 .text.__hexdig_init
                0x0000000000025420       0xa0 /usr/local/ps3dev/ppu/lib/gcc/powerpc64-ps3-elf/7.2.0/../../../../powerpc64-ps3-elf/lib/libc.a(lib_a-gdtoa-gethex.o)
                0x0000000000025420                .__hexdig_init
 .text.__gethex
                0x00000000000254c0      0x950 /usr/local/ps3dev/ppu/lib/gcc/powerpc64-ps3-elf/7.2.0/../../../../powerpc64-ps3-elf/lib/libc.a(lib_a-gdtoa-gethex.o)
                0x00000000000254c0                .__gethex
 .text          0x0000000000025e10        0x0 /usr/local/ps3dev/ppu/lib/gcc/powerpc64-ps3-elf/7.2.0/../../../../powerpc64-ps3-elf/lib/libc.a(lib_a-gdtoa-hexnan.o)
 .text.__hexnan
                0x0000000000025e10      0x384 /usr/local/ps3dev/ppu/lib/gcc/powerpc64-ps3-elf/7.2.0/../../../../powerpc64-ps3-elf/lib/libc.a(lib_a-gdtoa-hexnan.o)
                0x0000000000025e10                .__hexnan
 .text          0x0000000000026194        0x0 /usr/local/ps3dev/ppu/lib/gcc/powerpc64-ps3-elf/7.2.0/../../../../powerpc64-ps3-elf/lib/libc.a(lib_a-lock_internal.o)
 *fill*         0x0000000000026194        0x4 60000000
 .text.startup.init_metalock
                0x0000000000026198       0x48 /usr/local/ps3dev/ppu/lib/gcc/powerpc64-ps3-elf/7.2.0/../../../../powerpc64-ps3-elf/lib/libc.a(lib_a-lock_internal.o)
 .text.__libc_auto_lock_allocate
                0x00000000000261e0       0x9c /usr/local/ps3dev/ppu/lib/gcc/powerpc64-ps3-elf/7.2.0/../../../../powerpc64-ps3-elf/lib/libc.a(lib_a-lock_internal.o)
                0x00000000000261e0                .__libc_auto_lock_allocate
 .text          0x000000000002627c        0x0 /usr/local/ps3dev/ppu/lib/gcc/powerpc64-ps3-elf/7.2.0/../../../../powerpc64-ps3-elf/lib/libc.a(lib_a-memmove.o)
 *fill*         0x000000000002627c        0x4 60000000
 .text.memmove  0x0000000000026280      0x154 /usr/local/ps3dev/ppu/lib/gcc/powerpc64-ps3-elf/7.2.0/../../../../powerpc64-ps3-elf/lib/libc.a(lib_a-memmove.o)
                0x0000000000026280                .memmove
 .text          0x00000000000263d4        0x0 /usr/local/ps3dev/ppu/lib/gcc/powerpc64-ps3-elf/7.2.0/../../../../powerpc64-ps3-elf/lib/libc.a(lib_a-reallocr.o)
 *fill*         0x00000000000263d4        0x4 60000000
 .text._realloc_r
                0x00000000000263d8      0x6c4 /usr/local/ps3dev/ppu/lib/gcc/powerpc64-ps3-elf/7.2.0/../../../../powerpc64-ps3-elf/lib/libc.a(lib_a-reallocr.o)
                0x00000000000263d8                ._realloc_r
 .text          0x0000000000026a9c        0x0 /usr/local/ps3dev/ppu/lib/gcc/powerpc64-ps3-elf/7.2.0/../../../../powerpc64-ps3-elf/lib/libc.a(lib_a-strncmp.o)
 *fill*         0x0000000000026a9c        0x4 60000000
 .text.strncmp  0x0000000000026aa0      0x12c /usr/local/ps3dev/ppu/lib/gcc/powerpc64-ps3-elf/7.2.0/../../../../powerpc64-ps3-elf/lib/libc.a(lib_a-strncmp.o)
                0x0000000000026aa0                .strncmp
 .text          0x0000000000026bcc        0x0 /usr/local/ps3dev/ppu/lib/gcc/powerpc64-ps3-elf/7.2.0/../../../../powerpc64-ps3-elf/lib/libc.a(lib_a-svfiprintf.o)
 *fill*         0x0000000000026bcc        0x4 60000000
 .text.__ssprint_r
                0x0000000000026bd0      0x2b4 /usr/local/ps3dev/ppu/lib/gcc/powerpc64-ps3-elf/7.2.0/../../../../powerpc64-ps3-elf/lib/libc.a(lib_a-svfiprintf.o)
                0x0000000000026bd0                .__ssprint_r
 *fill*         0x0000000000026e84        0x4 60000000
 .text._svfiprintf_r
                0x0000000000026e88     0x1148 /usr/local/ps3dev/ppu/lib/gcc/powerpc64-ps3-elf/7.2.0/../../../../powerpc64-ps3-elf/lib/libc.a(lib_a-svfiprintf.o)
                0x0000000000026e88                ._svfiprintf_r
 .text          0x0000000000027fd0        0x0 /usr/local/ps3dev/ppu/lib/gcc/powerpc64-ps3-elf/7.2.0/../../../../powerpc64-ps3-elf/lib/libc.a(lib_a-wbuf.o)
 .text.__swbuf_r
                0x0000000000027fd0      0x200 /usr/local/ps3dev/ppu/lib/gcc/powerpc64-ps3-elf/7.2.0/../../../../powerpc64-ps3-elf/lib/libc.a(lib_a-wbuf.o)
                0x0000000000027fd0                .__swbuf_r
 .text.__swbuf  0x00000000000281d0       0x50 /usr/local/ps3dev/ppu/lib/gcc/powerpc64-ps3-elf/7.2.0/../../../../powerpc64-ps3-elf/lib/libc.a(lib_a-wbuf.o)
                0x00000000000281d0                .__swbuf
 .text          0x0000000000028220        0x0 /usr/local/ps3dev/ppu/lib/gcc/powerpc64-ps3-elf/7.2.0/../../../../powerpc64-ps3-elf/lib/libc.a(lib_a-wcrtomb.o)
 .text._wcrtomb_r
                0x0000000000028220      0x11c /usr/local/ps3dev/ppu/lib/gcc/powerpc64-ps3-elf/7.2.0/../../../../powerpc64-ps3-elf/lib/libc.a(lib_a-wcrtomb.o)
                0x0000000000028220                ._wcrtomb_r
 *fill*         0x000000000002833c        0x4 60000000
 .text.wcrtomb  0x0000000000028340      0x150 /usr/local/ps3dev/ppu/lib/gcc/powerpc64-ps3-elf/7.2.0/../../../../powerpc64-ps3-elf/lib/libc.a(lib_a-wcrtomb.o)
                0x0000000000028340                .wcrtomb
 .text          0x0000000000028490        0x0 /usr/local/ps3dev/ppu/lib/gcc/powerpc64-ps3-elf/7.2.0/../../../../powerpc64-ps3-elf/lib/libc.a(lib_a-wctomb_r.o)
 .text.__ascii_wctomb
                0x0000000000028490       0x44 /usr/local/ps3dev/ppu/lib/gcc/powerpc64-ps3-elf/7.2.0/../../../../powerpc64-ps3-elf/lib/libc.a(lib_a-wctomb_r.o)
                0x0000000000028490                .__ascii_wctomb
 *fill*         0x00000000000284d4        0x4 60000000
 .text._wctomb_r
                0x00000000000284d8       0x90 /usr/local/ps3dev/ppu/lib/gcc/powerpc64-ps3-elf/7.2.0/../../../../powerpc64-ps3-elf/lib/libc.a(lib_a-wctomb_r.o)
                0x00000000000284d8                ._wctomb_r
 .text          0x0000000000028568        0x0 /usr/local/ps3dev/ppu/lib/gcc/powerpc64-ps3-elf/7.2.0/../../../../powerpc64-ps3-elf/lib/libc.a(lib_a-abort.o)
 .text.abort    0x0000000000028568       0x30 /usr/local/ps3dev/ppu/lib/gcc/powerpc64-ps3-elf/7.2.0/../../../../powerpc64-ps3-elf/lib/libc.a(lib_a-abort.o)
                0x0000000000028568                .abort
 .text          0x0000000000028598        0x0 /usr/local/ps3dev/ppu/lib/gcc/powerpc64-ps3-elf/7.2.0/../../../../powerpc64-ps3-elf/lib/libc.a(lib_a-signal.o)
 .text._init_signal_r.part.0
                0x0000000000028598       0x74 /usr/local/ps3dev/ppu/lib/gcc/powerpc64-ps3-elf/7.2.0/../../../../powerpc64-ps3-elf/lib/libc.a(lib_a-signal.o)
 *fill*         0x000000000002860c        0x4 60000000
 .text._init_signal_r
                0x0000000000028610       0x28 /usr/local/ps3dev/ppu/lib/gcc/powerpc64-ps3-elf/7.2.0/../../../../powerpc64-ps3-elf/lib/libc.a(lib_a-signal.o)
                0x0000000000028610                ._init_signal_r
 .text._signal_r
                0x0000000000028638       0x98 /usr/local/ps3dev/ppu/lib/gcc/powerpc64-ps3-elf/7.2.0/../../../../powerpc64-ps3-elf/lib/libc.a(lib_a-signal.o)
                0x0000000000028638                ._signal_r
 .text._raise_r
                0x00000000000286d0      0x13c /usr/local/ps3dev/ppu/lib/gcc/powerpc64-ps3-elf/7.2.0/../../../../powerpc64-ps3-elf/lib/libc.a(lib_a-signal.o)
                0x00000000000286d0                ._raise_r
 *fill*         0x000000000002880c        0x4 60000000
 .text.__sigtramp_r
                0x0000000000028810       0xfc /usr/local/ps3dev/ppu/lib/gcc/powerpc64-ps3-elf/7.2.0/../../../../powerpc64-ps3-elf/lib/libc.a(lib_a-signal.o)
                0x0000000000028810                .__sigtramp_r
 *fill*         0x000000000002890c        0x4 60000000
 .text.raise    0x0000000000028910       0x40 /usr/local/ps3dev/ppu/lib/gcc/powerpc64-ps3-elf/7.2.0/../../../../powerpc64-ps3-elf/lib/libc.a(lib_a-signal.o)
                0x0000000000028910                .raise
 .text.signal   0x0000000000028950       0xbc /usr/local/ps3dev/ppu/lib/gcc/powerpc64-ps3-elf/7.2.0/../../../../powerpc64-ps3-elf/lib/libc.a(lib_a-signal.o)
                0x0000000000028950                .signal
 *fill*         0x0000000000028a0c        0x4 60000000
 .text._init_signal
                0x0000000000028a10       0x54 /usr/local/ps3dev/ppu/lib/gcc/powerpc64-ps3-elf/7.2.0/../../../../powerpc64-ps3-elf/lib/libc.a(lib_a-signal.o)
                0x0000000000028a10                ._init_signal
 *fill*         0x0000000000028a64        0x4 60000000
 .text.__sigtramp
                0x0000000000028a68       0x40 /usr/local/ps3dev/ppu/lib/gcc/powerpc64-ps3-elf/7.2.0/../../../../powerpc64-ps3-elf/lib/libc.a(lib_a-signal.o)
                0x0000000000028a68                .__sigtramp
 .text          0x0000000000028aa8        0x0 /usr/local/ps3dev/ppu/lib/gcc/powerpc64-ps3-elf/7.2.0/../../../../powerpc64-ps3-elf/lib/libsysbase.a(close.o)
 .text._close_r
                0x0000000000028aa8       0x68 /usr/local/ps3dev/ppu/lib/gcc/powerpc64-ps3-elf/7.2.0/../../../../powerpc64-ps3-elf/lib/libsysbase.a(close.o)
                0x0000000000028aa8                ._close_r
 .text          0x0000000000028b10        0x0 /usr/local/ps3dev/ppu/lib/gcc/powerpc64-ps3-elf/7.2.0/../../../../powerpc64-ps3-elf/lib/libsysbase.a(sbrk.o)
 .text._sbrk_r  0x0000000000028b10       0x68 /usr/local/ps3dev/ppu/lib/gcc/powerpc64-ps3-elf/7.2.0/../../../../powerpc64-ps3-elf/lib/libsysbase.a(sbrk.o)
                0x0000000000028b10                ._sbrk_r
 .text          0x0000000000028b78        0x0 /usr/local/ps3dev/ppu/lib/gcc/powerpc64-ps3-elf/7.2.0/../../../../powerpc64-ps3-elf/lib/libsysbase.a(_exit.o)
 .text._exit    0x0000000000028b78       0x4c /usr/local/ps3dev/ppu/lib/gcc/powerpc64-ps3-elf/7.2.0/../../../../powerpc64-ps3-elf/lib/libsysbase.a(_exit.o)
                0x0000000000028b78                ._exit
 .text          0x0000000000028bc4        0x0 /usr/local/ps3dev/ppu/lib/gcc/powerpc64-ps3-elf/7.2.0/../../../../powerpc64-ps3-elf/lib/libsysbase.a(fstat.o)
 *fill*         0x0000000000028bc4        0x4 60000000
 .text._fstat_r
                0x0000000000028bc8       0x68 /usr/local/ps3dev/ppu/lib/gcc/powerpc64-ps3-elf/7.2.0/../../../../powerpc64-ps3-elf/lib/libsysbase.a(fstat.o)
                0x0000000000028bc8                ._fstat_r
 .text          0x0000000000028c30        0x0 /usr/local/ps3dev/ppu/lib/gcc/powerpc64-ps3-elf/7.2.0/../../../../powerpc64-ps3-elf/lib/libsysbase.a(isatty.o)
 .text._isatty_r
                0x0000000000028c30       0x68 /usr/local/ps3dev/ppu/lib/gcc/powerpc64-ps3-elf/7.2.0/../../../../powerpc64-ps3-elf/lib/libsysbase.a(isatty.o)
                0x0000000000028c30                ._isatty_r
 .text          0x0000000000028c98        0x0 /usr/local/ps3dev/ppu/lib/gcc/powerpc64-ps3-elf/7.2.0/../../../../powerpc64-ps3-elf/lib/libsysbase.a(lseek.o)
 .text._lseek_r
                0x0000000000028c98       0x68 /usr/local/ps3dev/ppu/lib/gcc/powerpc64-ps3-elf/7.2.0/../../../../powerpc64-ps3-elf/lib/libsysbase.a(lseek.o)
                0x0000000000028c98                ._lseek_r
 .text          0x0000000000028d00        0x0 /usr/local/ps3dev/ppu/lib/gcc/powerpc64-ps3-elf/7.2.0/../../../../powerpc64-ps3-elf/lib/libsysbase.a(read.o)
 .text._read_r  0x0000000000028d00       0x68 /usr/local/ps3dev/ppu/lib/gcc/powerpc64-ps3-elf/7.2.0/../../../../powerpc64-ps3-elf/lib/libsysbase.a(read.o)
                0x0000000000028d00                ._read_r
 .text          0x0000000000028d68        0x0 /usr/local/ps3dev/ppu/lib/gcc/powerpc64-ps3-elf/7.2.0/../../../../powerpc64-ps3-elf/lib/libsysbase.a(write.o)
 .text._write_r
                0x0000000000028d68       0x68 /usr/local/ps3dev/ppu/lib/gcc/powerpc64-ps3-elf/7.2.0/../../../../powerpc64-ps3-elf/lib/libsysbase.a(write.o)
                0x0000000000028d68                ._write_r
 .text          0x0000000000028dd0        0x0 /usr/local/ps3dev/ppu/lib/gcc/powerpc64-ps3-elf/7.2.0/../../../../powerpc64-ps3-elf/lib/libsysbase.a(lock.o)
 .text.sys_lwmutex_create
                0x0000000000028dd0       0x90 /usr/local/ps3dev/ppu/lib/gcc/powerpc64-ps3-elf/7.2.0/../../../../powerpc64-ps3-elf/lib/libsysbase.a(lock.o)
                0x0000000000028dd0                .sys_lwmutex_create
 .text.sys_lwmutex_destroy
                0x0000000000028e60       0x80 /usr/local/ps3dev/ppu/lib/gcc/powerpc64-ps3-elf/7.2.0/../../../../powerpc64-ps3-elf/lib/libsysbase.a(lock.o)
                0x0000000000028e60                .sys_lwmutex_destroy
 .text.sys_lwmutex_lock
                0x0000000000028ee0       0x90 /usr/local/ps3dev/ppu/lib/gcc/powerpc64-ps3-elf/7.2.0/../../../../powerpc64-ps3-elf/lib/libsysbase.a(lock.o)
                0x0000000000028ee0                .sys_lwmutex_lock
 .text.sys_lwmutex_trylock
                0x0000000000028f70       0x80 /usr/local/ps3dev/ppu/lib/gcc/powerpc64-ps3-elf/7.2.0/../../../../powerpc64-ps3-elf/lib/libsysbase.a(lock.o)
                0x0000000000028f70                .sys_lwmutex_trylock
 .text.sys_lwmutex_unlock
                0x0000000000028ff0       0x80 /usr/local/ps3dev/ppu/lib/gcc/powerpc64-ps3-elf/7.2.0/../../../../powerpc64-ps3-elf/lib/libsysbase.a(lock.o)
                0x0000000000028ff0                .sys_lwmutex_unlock
 .text          0x0000000000029070        0x0 /usr/local/ps3dev/ppu/lib/gcc/powerpc64-ps3-elf/7.2.0/../../../../powerpc64-ps3-elf/lib/libsysbase.a(getpid.o)
 .text._getpid_r
                0x0000000000029070       0x68 /usr/local/ps3dev/ppu/lib/gcc/powerpc64-ps3-elf/7.2.0/../../../../powerpc64-ps3-elf/lib/libsysbase.a(getpid.o)
                0x0000000000029070                ._getpid_r
 .text          0x00000000000290d8        0x0 /usr/local/ps3dev/ppu/lib/gcc/powerpc64-ps3-elf/7.2.0/../../../../powerpc64-ps3-elf/lib/libsysbase.a(kill.o)
 .text._kill_r  0x00000000000290d8       0x1c /usr/local/ps3dev/ppu/lib/gcc/powerpc64-ps3-elf/7.2.0/../../../../powerpc64-ps3-elf/lib/libsysbase.a(kill.o)
                0x00000000000290d8                ._kill_r
 .text          0x00000000000290f4        0x0 /usr/local/ps3dev/ppu/lib/gcc/powerpc64-ps3-elf/7.2.0/crtend.o
 *fill*         0x00000000000290f4        0x4 60000000
 .text.__do_global_ctors_aux
                0x00000000000290f8       0x64 /usr/local/ps3dev/ppu/lib/gcc/powerpc64-ps3-elf/7.2.0/crtend.o
 .text          0x000000000002915c        0x0 /usr/local/ps3dev/ppu/lib/gcc/powerpc64-ps3-elf/7.2.0/../../../../powerpc64-ps3-elf/lib/lv2-crtn.o
 *(.text.*personality*)
 *(.gnu.warning)
 *(.sfpr .glink)
 .sfpr          0x0000000000000000        0x0 linker stubs
 *fill*         0x000000000002915c        0x0 60000000
 .glink         0x0000000000000000        0x0 linker stubs

.fini           0x000000000002915c       0x2c
 *(.fini)
 .fini          0x000000000002915c        0xc /usr/local/ps3dev/ppu/lib/gcc/powerpc64-ps3-elf/7.2.0/../../../../powerpc64-ps3-elf/lib/lv2-crti.o
                0x000000000002915c                ._fini
 .fini          0x0000000000029168        0x8 /usr/local/ps3dev/ppu/lib/gcc/powerpc64-ps3-elf/7.2.0/crtbegin.o
 .fini          0x0000000000029170        0x8 /usr/local/ps3dev/psl1ght/ppu/lib/librt.a(sbrk.o)
 .fini          0x0000000000029178       0x10 /usr/local/ps3dev/ppu/lib/gcc/powerpc64-ps3-elf/7.2.0/../../../../powerpc64-ps3-elf/lib/lv2-crtn.o

.sceStub.text   0x0000000000029188     0x21c0
 *(.sceStub.text)
 .sceStub.text  0x0000000000029188      0x400 /usr/local/ps3dev/psl1ght/ppu/lib/libaudio.a(sprx.o)
                0x0000000000029188                __audioInit
                0x0000000000029188                .audioInit
                0x00000000000291c8                .audioPortClose
                0x00000000000291c8                __audioPortClose
                0x0000000000029208                __audioPortStop
                0x0000000000029208                .audioPortStop
                0x0000000000029248                __audioGetPortConfig
                0x0000000000029248                .audioGetPortConfig
                0x0000000000029288                __audioPortStart
                0x0000000000029288                .audioPortStart
                0x00000000000292c8                __audioQuit
                0x00000000000292c8                .audioQuit
                0x0000000000029308                __audioPortOpen
                0x0000000000029308                .audioPortOpen
                0x0000000000029348                __audioSetPortLevel
                0x0000000000029388                .audioCreateNotifyEventQueue
                0x0000000000029388                __audioCreateNotifyEventQueue
                0x00000000000293c8                __audioMiscSetAccessoryVolume
                0x0000000000029408                .audioSetNotifyEventQueue
                0x0000000000029408                __audioSetNotifyEventQueue
                0x0000000000029448                __audioGetPortTimestamp
                0x0000000000029488                __audioAdd2chData
                0x00000000000294c8                __audioAddData
                0x0000000000029508                __audioGetPortBlockTag
                0x0000000000029548                .audioRemoveNotifyEventQueue
                0x0000000000029548                __audioRemoveNotifyEventQueue
 .sceStub.text  0x0000000000029588     0x1dc0 /usr/local/ps3dev/psl1ght/ppu/lib/liblv2.a(sprx.o)
                0x0000000000029588                __sysGetSystemTime
                0x00000000000295c8                __sysGetSystemSwVersion
                0x0000000000029608                __sysGetTemperature
                0x0000000000029648                __sysGetRandomNumber
                0x0000000000029688                __sysGetRtcStatus
                0x00000000000296c8                __sysBoardStorageRead
                0x0000000000029708                __sysBoardStorageWrite
                0x0000000000029748                __sysProcessIsStack
                0x0000000000029788                .sysProcessExit
                0x0000000000029788                __sysProcessExit
                0x00000000000297c8                __sysProcessExitspawn
                0x0000000000029808                __sysProcessExitSpawn2Ex
                0x0000000000029848                __sysProcessExitSpawnWithLevel
                0x0000000000029888                __sysProcessAtExitSpawn
                0x00000000000298c8                __sysProcess_At_ExitSpawn
                0x0000000000029908                __sysPrxRegisterLibrary
                0x0000000000029948                __sysPrxUnregisterLibrary
                0x0000000000029988                __sysPrxStartModule
                0x00000000000299c8                __sysPrxStopModule
                0x0000000000029a08                __sysPrxLoadModule
                0x0000000000029a48                __sysPrxLoadModuleByFd
                0x0000000000029a88                __sysPrxLoadModuleList
                0x0000000000029ac8                __sysPrxLoadModuleListOnMemcontainer
                0x0000000000029b08                __sysPrxLoadModuleOnMemcontainer
                0x0000000000029b48                __sysPrxLoadModuleOnMemcontainerByFd
                0x0000000000029b88                __sysPrxGetModuleInfo
                0x0000000000029bc8                __sysPrxGetModuleList
                0x0000000000029c08                __sysPrxGetModuleId
                0x0000000000029c48                __sysPrxGetModuleIdByAddress
                0x0000000000029c88                __sysPrxGetModuleIdByName
                0x0000000000029cc8                __sysPrxUnloadModule
                0x0000000000029d08                __sysPrxExitSpawnWithLevel
                0x0000000000029d48                __sysThreadCreateEx
                0x0000000000029d88                __sysThreadExit
                0x0000000000029dc8                __sysThreadGetId
                0x0000000000029e08                __sysThreadOnce
                0x0000000000029e48                __sysThreadInitialzeTLS
                0x0000000000029e88                __sysThreadRegisterAtexit
                0x0000000000029ec8                __sysThreadUnregisterAtexit
                0x0000000000029f08                __sysInterruptThreadDisestablish
                0x0000000000029f48                .sysLwMutexCreate
                0x0000000000029f48                __sysLwMutexCreate
                0x0000000000029f88                __sysLwMutexDestroy
                0x0000000000029f88                .sysLwMutexDestroy
                0x0000000000029fc8                .sysLwMutexLock
                0x0000000000029fc8                __sysLwMutexLock
                0x000000000002a008                __sysLwMutexTryLock
                0x000000000002a008                .sysLwMutexTryLock
                0x000000000002a048                .sysLwMutexUnlock
                0x000000000002a048                __sysLwMutexUnlock
                0x000000000002a088                __sysLwCondCreate
                0x000000000002a0c8                __sysLwCondWait
                0x000000000002a108                __sysLwCondSignal
                0x000000000002a148                __sysLwCondSignalTo
                0x000000000002a188                __sysLwCondSignalAll
                0x000000000002a1c8                __sysLwCondDestroy
                0x000000000002a208                .sysSpinlockInitialize
                0x000000000002a208                __sysSpinlockInitialize
                0x000000000002a248                .sysSpinlockLock
                0x000000000002a248                __sysSpinlockLock
                0x000000000002a288                __sysSpinlockTryLock
                0x000000000002a2c8                .sysSpinlockUnlock
                0x000000000002a2c8                __sysSpinlockUnlock
                0x000000000002a308                __sysWatchdogClear
                0x000000000002a348                __sysWatchdogStart
                0x000000000002a388                __sysWatchdogStop
                0x000000000002a3c8                __sysMalloc
                0x000000000002a408                __sysMemalign
                0x000000000002a448                __sysMemchr
                0x000000000002a488                __sysMemcmp
                0x000000000002a4c8                __sysMemcpy
                0x000000000002a508                __sysMemmove
                0x000000000002a548                __sysMemset
                0x000000000002a588                __sysFree
                0x000000000002a5c8                __sysHeapAllocHeapMemory
                0x000000000002a608                __sysHeapCreateHeap
                0x000000000002a648                __sysHeapDeleteHeap
                0x000000000002a688                __sysHeapFree
                0x000000000002a6c8                __sysHeapGetMallInfo
                0x000000000002a708                __sysHeapGetTotalFreeSize
                0x000000000002a748                __sysHeapMalloc
                0x000000000002a788                __sysHeapMemalign
                0x000000000002a7c8                __sysHeapStats
                0x000000000002a808                __sysQsort
                0x000000000002a848                __sysMempoolCreate
                0x000000000002a888                __sysMempoolDestroy
                0x000000000002a8c8                __sysMempoolGetCount
                0x000000000002a908                __sysMempoolAllocateBlock
                0x000000000002a948                __sysMempoolTryAllocateBlock
                0x000000000002a988                __sysMempoolFreeBlock
                0x000000000002a9c8                .sysMMapperFreeMemory
                0x000000000002a9c8                __sysMMapperFreeMemory
                0x000000000002aa08                __sysMMapperMapMemory
                0x000000000002aa48                __sysMMapperUnmapMemory
                0x000000000002aa48                .sysMMapperUnmapMemory
                0x000000000002aa88                __sysMMapperAllocateMemory
                0x000000000002aa88                .sysMMapperAllocateMemory
                0x000000000002aac8                __sysMMapperAllocateMemoryFromContainer
                0x000000000002ab08                __sysStrlen
                0x000000000002ab48                __sysStrcpy
                0x000000000002ab88                __sysStrncpy
                0x000000000002abc8                __sysStrcat
                0x000000000002ac08                __sysStrncat
                0x000000000002ac48                __sysStrchr
                0x000000000002ac88                __sysStrrchr
                0x000000000002acc8                __sysStrcmp
                0x000000000002ad08                __sysStrncmp
                0x000000000002ad48                __sysStrncasecmp
                0x000000000002ad88                __sysToLower
                0x000000000002adc8                __sysToUpper
                0x000000000002ae08                __sysSpuElfGetSegments
                0x000000000002ae48                __sysSpuElfGetInformation
                0x000000000002ae88                __sysSpuRawLoad
                0x000000000002aec8                __sysSpuRawImageLoad
                0x000000000002af08                __sysSpuImageClose
                0x000000000002af48                __sysSpuImageImport
                0x000000000002af88                __sysSpuPrintfAttachGroup
                0x000000000002afc8                __sysSpuPrintfAttachThread
                0x000000000002b008                __sysSpuPrintfDetachGroup
                0x000000000002b048                __sysSpuPrintfDetach_Tread
                0x000000000002b088                __sysSpuPrintfFinalize
                0x000000000002b0c8                __sysSpuPrintfInitialize
                0x000000000002b108                __sysConsoleGetc
                0x000000000002b148                __sysConsolePutc
                0x000000000002b188                __sysConsoleWrite
                0x000000000002b1c8                __sysPrintf
                0x000000000002b208                __sysSprintf
                0x000000000002b248                __sysSnprintf
                0x000000000002b288                __sysVprintf
                0x000000000002b2c8                __sysVsprintf
                0x000000000002b308                __sysVsnprintf
 *(SORT(.sceStub.text.*))
                0x000000000002b348                PROVIDE (__etext, .)
                0x000000000002b348                PROVIDE (_etext, .)
                0x000000000002b348                PROVIDE (etext, .)

.eh_frame_hdr   0x000000000002b348        0x0
 *(.eh_frame_hdr)
 .eh_frame_hdr  0x0000000000000000        0x0 /usr/local/ps3dev/ppu/lib/gcc/powerpc64-ps3-elf/7.2.0/../../../../powerpc64-ps3-elf/lib/lv2-crtn.o

.eh_frame       0x000000000002b348        0x4
 *(.eh_frame)
 .eh_frame      0x000000000002b348        0x0 linker stubs
 .eh_frame      0x000000000002b348        0x0 /usr/local/ps3dev/ppu/lib/gcc/powerpc64-ps3-elf/7.2.0/crtbegin.o
 .eh_frame      0x000000000002b348        0x4 /usr/local/ps3dev/ppu/lib/gcc/powerpc64-ps3-elf/7.2.0/crtend.o

.gcc_except_table
 *(.gcc_except_table .gcc_except_table.*)

.rodata.sceResident
                0x000000000002b34c       0x22
 *(.rodata.sceResident)
 .rodata.sceResident
                0x000000000002b34c        0xe /usr/local/ps3dev/psl1ght/ppu/lib/libaudio.a(sprx.o)
 *fill*         0x000000000002b35a        0x2 00
 .rodata.sceResident
                0x000000000002b35c       0x12 /usr/local/ps3dev/psl1ght/ppu/lib/liblv2.a(sprx.o)

.rodata.sceFNID
                0x000000000002b370      0x21c
 *(.rodata.sceFNID .rodata.sceFNID.*)
 .rodata.sceFNID
                0x000000000002b370       0x40 /usr/local/ps3dev/psl1ght/ppu/lib/libaudio.a(sprx.o)
                0x000000000002b370                audioInit_fnid
                0x000000000002b370                cellAudio
                0x000000000002b374                audioPortClose_fnid
                0x000000000002b378                audioPortStop_fnid
                0x000000000002b37c                audioGetPortConfig_fnid
                0x000000000002b380                audioPortStart_fnid
                0x000000000002b384                audioQuit_fnid
                0x000000000002b388                audioPortOpen_fnid
                0x000000000002b38c                audioSetPortLevel_fnid
                0x000000000002b390                audioCreateNotifyEventQueue_fnid
                0x000000000002b394                audioMiscSetAccessoryVolume_fnid
                0x000000000002b398                audioSetNotifyEventQueue_fnid
                0x000000000002b39c                audioGetPortTimestamp_fnid
                0x000000000002b3a0                audioAdd2chData_fnid
                0x000000000002b3a4                audioAddData_fnid
                0x000000000002b3a8                audioGetPortBlockTag_fnid
                0x000000000002b3ac                audioRemoveNotifyEventQueue_fnid
 .rodata.sceFNID
                0x000000000002b3b0      0x1dc /usr/local/ps3dev/psl1ght/ppu/lib/liblv2.a(sprx.o)
                0x000000000002b3b0                sysPrxForUser
                0x000000000002b3b0                sysGetSystemTime_fnid
                0x000000000002b3b4                sysGetSystemSwVersion_fnid
                0x000000000002b3b8                sysGetTemperature_fnid
                0x000000000002b3bc                sysGetRandomNumber_fnid
                0x000000000002b3c0                sysGetRtcStatus_fnid
                0x000000000002b3c4                sysBoardStorageRead_fnid
                0x000000000002b3c8                sysBoardStorageWrite_fnid
                0x000000000002b3cc                sysProcessIsStack_fnid
                0x000000000002b3d0                sysProcessExit_fnid
                0x000000000002b3d4                sysProcessExitspawn_fnid
                0x000000000002b3d8                sysProcessExitSpawn2Ex_fnid
                0x000000000002b3dc                sysProcessExitSpawnWithLevel_fnid
                0x000000000002b3e0                sysProcessAtExitSpawn_fnid
                0x000000000002b3e4                sysProcess_At_ExitSpawn_fnid
                0x000000000002b3e8                sysPrxRegisterLibrary_fnid
                0x000000000002b3ec                sysPrxUnregisterLibrary_fnid
                0x000000000002b3f0                sysPrxStartModule_fnid
                0x000000000002b3f4                sysPrxStopModule_fnid
                0x000000000002b3f8                sysPrxLoadModule_fnid
                0x000000000002b3fc                sysPrxLoadModuleByFd_fnid
                0x000000000002b400                sysPrxLoadModuleList_fnid
                0x000000000002b404                sysPrxLoadModuleListOnMemcontainer_fnid
                0x000000000002b408                sysPrxLoadModuleOnMemcontainer_fnid
                0x000000000002b40c                sysPrxLoadModuleOnMemcontainerByFd_fnid
                0x000000000002b410                sysPrxGetModuleInfo_fnid
                0x000000000002b414                sysPrxGetModuleList_fnid
                0x000000000002b418                sysPrxGetModuleId_fnid
                0x000000000002b41c                sysPrxGetModuleIdByAddress_fnid
                0x000000000002b420                sysPrxGetModuleIdByName_fnid
                0x000000000002b424                sysPrxUnloadModule_fnid
                0x000000000002b428                sysPrxExitSpawnWithLevel_fnid
                0x000000000002b42c                sysThreadCreateEx_fnid
                0x000000000002b430                sysThreadExit_fnid
                0x000000000002b434                sysThreadGetId_fnid
                0x000000000002b438                sysThreadOnce_fnid
                0x000000000002b43c                sysThreadInitialzeTLS_fnid
                0x000000000002b440                sysThreadRegisterAtexit_fnid
                0x000000000002b444                sysThreadUnregisterAtexit_fnid
                0x000000000002b448                sysInterruptThreadDisestablish_fnid
                0x000000000002b44c                sysLwMutexCreate_fnid
                0x000000000002b450                sysLwMutexDestroy_fnid
                0x000000000002b454                sysLwMutexLock_fnid
                0x000000000002b458                sysLwMutexTryLock_fnid
                0x000000000002b45c                sysLwMutexUnlock_fnid
                0x000000000002b460                sysLwCondCreate_fnid
                0x000000000002b464                sysLwCondWait_fnid
                0x000000000002b468                sysLwCondSignal_fnid
                0x000000000002b46c                sysLwCondSignalTo_fnid
                0x000000000002b470                sysLwCondSignalAll_fnid
                0x000000000002b474                sysLwCondDestroy_fnid
                0x000000000002b478                sysSpinlockInitialize_fnid
                0x000000000002b47c                sysSpinlockLock_fnid
                0x000000000002b480                sysSpinlockTryLock_fnid
                0x000000000002b484                sysSpinlockUnlock_fnid
                0x000000000002b488                sysWatchdogClear_fnid
                0x000000000002b48c                sysWatchdogStart_fnid
                0x000000000002b490                sysWatchdogStop_fnid
                0x000000000002b494                sysMalloc_fnid
                0x000000000002b498                sysMemalign_fnid
                0x000000000002b49c                sysMemchr_fnid
                0x000000000002b4a0                sysMemcmp_fnid
                0x000000000002b4a4                sysMemcpy_fnid
                0x000000000002b4a8                sysMemmove_fnid
                0x000000000002b4ac                sysMemset_fnid
                0x000000000002b4b0                sysFree_fnid
                0x000000000002b4b4                sysHeapAllocHeapMemory_fnid
                0x000000000002b4b8                sysHeapCreateHeap_fnid
                0x000000000002b4bc                sysHeapDeleteHeap_fnid
                0x000000000002b4c0                sysHeapFree_fnid
                0x000000000002b4c4                sysHeapGetMallInfo_fnid
                0x000000000002b4c8                sysHeapGetTotalFreeSize_fnid
                0x000000000002b4cc                sysHeapMalloc_fnid
                0x000000000002b4d0                sysHeapMemalign_fnid
                0x000000000002b4d4                sysHeapStats_fnid
                0x000000000002b4d8                sysQsort_fnid
                0x000000000002b4dc                sysMempoolCreate_fnid
                0x000000000002b4e0                sysMempoolDestroy_fnid
                0x000000000002b4e4                sysMempoolGetCount_fnid
                0x000000000002b4e8                sysMempoolAllocateBlock_fnid
                0x000000000002b4ec                sysMempoolTryAllocateBlock_fnid