Archive member included because of file (symbol)

/usr/local/ps3dev/psl1ght/ppu/lib/librt.a(sbrk.o)
                              /usr/local/ps3dev/ppu/lib/gcc/powerpc64-ps3-elf/7.2.0/../../../../powerpc64-ps3-elf/lib/lv2-crt0.o (__librt_sbrk_r)
/usr/local/ps3dev/psl1ght/ppu/lib/librt.a(exit.o)
                              /usr/local/ps3dev/ppu/lib/gcc/powerpc64-ps3-elf/7.2.0/../../../../powerpc64-ps3-elf/lib/lv2-crt0.o (__librt_exit)
/usr/local/ps3dev/psl1ght/ppu/lib/librt.a(close.o)
                              /usr/local/ps3dev/ppu/lib/gcc/powerpc64-ps3-elf/7.2.0/../../../../powerpc64-ps3-elf/lib/lv2-crt0.o (__librt_close_r)
/usr/local/ps3dev/psl1ght/ppu/lib/librt.a(lseek.o)
                              /usr/local/ps3dev/ppu/lib/gcc/powerpc64-ps3-elf/7.2.0/../../../../powerpc64-ps3-elf/lib/lv2-crt0.o (__librt_lseek_r)
/usr/local/ps3dev/psl1ght/ppu/lib/librt.a(read.o)
                              /usr/local/ps3dev/ppu/lib/gcc/powerpc64-ps3-elf/7.2.0/../../../../powerpc64-ps3-elf/lib/lv2-crt0.o (__librt_read_r)
/usr/local/ps3dev/psl1ght/ppu/lib/librt.a(open.o)
                              /usr/local/ps3dev/ppu/lib/gcc/powerpc64-ps3-elf/7.2.0/../../../../powerpc64-ps3-elf/lib/lv2-crt0.o (__librt_open_r)
/usr/local/ps3dev/psl1ght/ppu/lib/librt.a(sleep.o)
                              /usr/local/ps3dev/ppu/lib/gcc/powerpc64-ps3-elf/7.2.0/../../../../powerpc64-ps3-elf/lib/lv2-crt0.o (__librt_usleep_r)
/usr/local/ps3dev/psl1ght/ppu/lib/librt.a(write.o)
                              /usr/local/ps3dev/ppu/lib/gcc/powerpc64-ps3-elf/7.2.0/../../../../powerpc64-ps3-elf/lib/lv2-crt0.o (__librt_write_r)
/usr/local/ps3dev/psl1ght/ppu/lib/librt.a(fstat.o)
                              /usr/local/ps3dev/ppu/lib/gcc/powerpc64-ps3-elf/7.2.0/../../../../powerpc64-ps3-elf/lib/lv2-crt0.o (__librt_fstat_r)
/usr/local/ps3dev/psl1ght/ppu/lib/librt.a(socket.o)
                              /usr/local/ps3dev/psl1ght/ppu/lib/librt.a(write.o) (send)
/usr/local/ps3dev/psl1ght/ppu/lib/librt.a(lock.o)
                              /usr/local/ps3dev/ppu/lib/gcc/powerpc64-ps3-elf/7.2.0/../../../../powerpc64-ps3-elf/lib/lv2-crt0.o (__librt_sys_lwmutex_create_r)
/usr/local/ps3dev/psl1ght/ppu/lib/librt.a(dirent.o)
                              /usr/local/ps3dev/ppu/lib/gcc/powerpc64-ps3-elf/7.2.0/../../../../powerpc64-ps3-elf/lib/lv2-crt0.o (__librt_opendir_r)
/usr/local/ps3dev/psl1ght/ppu/lib/librt.a(mkdir.o)
                              /usr/local/ps3dev/ppu/lib/gcc/powerpc64-ps3-elf/7.2.0/../../../../powerpc64-ps3-elf/lib/lv2-crt0.o (__librt_mkdir_r)
/usr/local/ps3dev/psl1ght/ppu/lib/librt.a(times.o)
                              /usr/local/ps3dev/ppu/lib/gcc/powerpc64-ps3-elf/7.2.0/../../../../powerpc64-ps3-elf/lib/lv2-crt0.o (__librt_times_r)
/usr/local/ps3dev/psl1ght/ppu/lib/librt.a(umask.o)
                              /usr/local/ps3dev/ppu/lib/gcc/powerpc64-ps3-elf/7.2.0/../../../../powerpc64-ps3-elf/lib/lv2-crt0.o (__librt_umask_r)
/usr/local/ps3dev/psl1ght/ppu/lib/librt.a(lv2errno.o)
                              /usr/local/ps3dev/psl1ght/ppu/lib/librt.a(socket.o) (lv2errno)
/usr/local/ps3dev/psl1ght/ppu/lib/librt.a(heap.o)
                              /usr/local/ps3dev/psl1ght/ppu/lib/librt.a(sbrk.o) (heapInit)
/usr/local/ps3dev/psl1ght/ppu/lib/librt.a(chmod.o)
                              /usr/local/ps3dev/ppu/lib/gcc/powerpc64-ps3-elf/7.2.0/../../../../powerpc64-ps3-elf/lib/lv2-crt0.o (__librt_chmod_r)
/usr/local/ps3dev/psl1ght/ppu/lib/librt.a(rmdir.o)
                              /usr/local/ps3dev/ppu/lib/gcc/powerpc64-ps3-elf/7.2.0/../../../../powerpc64-ps3-elf/lib/lv2-crt0.o (__librt_rmdir_r)
/usr/local/ps3dev/psl1ght/ppu/lib/librt.a(isatty.o)
                              /usr/local/ps3dev/ppu/lib/gcc/powerpc64-ps3-elf/7.2.0/../../../../powerpc64-ps3-elf/lib/lv2-crt0.o (__librt_isatty_r)
/usr/local/ps3dev/psl1ght/ppu/lib/librt.a(gettod.o)
                              /usr/local/ps3dev/ppu/lib/gcc/powerpc64-ps3-elf/7.2.0/../../../../powerpc64-ps3-elf/lib/lv2-crt0.o (__librt_gettod_r)
/usr/local/ps3dev/psl1ght/ppu/lib/librt.a(settod.o)
                              /usr/local/ps3dev/ppu/lib/gcc/powerpc64-ps3-elf/7.2.0/../../../../powerpc64-ps3-elf/lib/lv2-crt0.o (__librt_settod_r)
/usr/local/ps3dev/psl1ght/ppu/lib/liblv2.a(sprx.o)
                              /usr/local/ps3dev/psl1ght/ppu/lib/librt.a(sbrk.o) (sysSpinlockInitialize)
/usr/local/ps3dev/ppu/lib/gcc/powerpc64-ps3-elf/7.2.0/../../../../powerpc64-ps3-elf/lib/libsysbase.a(syscalls.o)
                              /usr/local/ps3dev/ppu/lib/gcc/powerpc64-ps3-elf/7.2.0/../../../../powerpc64-ps3-elf/lib/lv2-crt0.o (__syscalls)
/usr/local/ps3dev/ppu/lib/gcc/powerpc64-ps3-elf/7.2.0/../../../../powerpc64-ps3-elf/lib/libc.a(lib_a-calloc.o)
                              /usr/local/ps3dev/psl1ght/ppu/lib/librt.a(dirent.o) (calloc)
/usr/local/ps3dev/ppu/lib/gcc/powerpc64-ps3-elf/7.2.0/../../../../powerpc64-ps3-elf/lib/libc.a(lib_a-callocr.o)
[...]
Memory Configuration

Name             Origin             Length             Attributes
*default*        0x0000000000000000 0xffffffffffffffff

Linker script and memory map

                0x0000000000010000                PROVIDE (__executable_start, 0x10000)
                0x0000000000010200                . = (0x10000 + SIZEOF_HEADERS)

.interp
 *(.interp)

.hash
 *(.hash)

.dynsym
 *(.dynsym)

.dynstr
 *(.dynstr)

.gnu.version
 *(.gnu.version)

.gnu.version_d
 *(.gnu.version_d)

.gnu.version_r
 *(.gnu.version_r)

.rel.dyn
 *(.rel.init)
 *(.rel.text .rel.text.* .rel.gnu.linkonce.t.*)
 *(.rel.fini)
 *(.rel.rodata .rel.rodata.* .rel.gnu.linkonce.r.*)
 *(.rel.data.rel.ro*)
 *(.rel.data .rel.data.* .rel.gnu.linkonce.d.*)
 *(.rel.tdata .rel.tdata.* .rel.gnu.linkonce.td.*)
 *(.rel.tbss .rel.tbss.* .rel.gnu.linkonce.tb.*)
 *(.rel.ctors)
 *(.rel.dtors)
 *(.rel.got)
 *(.rel.sdata .rel.sdata.* .rel.gnu.linkonce.s.*)
 *(.rel.sbss .rel.sbss.* .rel.gnu.linkonce.sb.*)
 *(.rel.sdata2 .rel.sdata2.* .rel.gnu.linkonce.s2.*)
 *(.rel.sbss2 .rel.sbss2.* .rel.gnu.linkonce.sb2.*)
 *(.rel.bss .rel.bss.* .rel.gnu.linkonce.b.*)

.rela.dyn       0x0000000000010200        0x0
 *(.rela.init)
 *(.rela.text .rela.text.* .rela.gnu.linkonce.t.*)
 *(.rela.fini)
 *(.rela.rodata .rela.rodata.* .rela.gnu.linkonce.r.*)
 *(.rela.data .rela.data.* .rela.gnu.linkonce.d.*)
 *(.rela.tdata .rela.tdata.* .rela.gnu.linkonce.td.*)
 *(.rela.tbss .rela.tbss.* .rela.gnu.linkonce.tb.*)
 *(.rela.ctors)
 *(.rela.dtors)
 *(.rela.got)
 *(.rela.toc)
 .rela.toc      0x0000000000000000        0x0 linker stubs
 *(.rela.sdata .rela.sdata.* .rela.gnu.linkonce.s.*)
 *(.rela.sbss .rela.sbss.* .rela.gnu.linkonce.sb.*)
 *(.rela.sdata2 .rela.sdata2.* .rela.gnu.linkonce.s2.*)
 *(.rela.sbss2 .rela.sbss2.* .rela.gnu.linkonce.sb2.*)
 *(.rela.bss .rela.bss.* .rela.gnu.linkonce.b.*)
 .rela.iplt     0x0000000000000000        0x0 linker stubs
 .rela.sys_proc_prx_param
                0x0000000000000000        0x0 linker stubs
 .rela.opd      0x0000000000000000        0x0 linker stubs

.rel.plt
 *(.rel.plt)

.rela.plt
 *(.rela.plt)

.rela.tocbss
 *(.rela.tocbss)

.init           0x0000000000010200       0x2c
 *(.init)
 .init          0x0000000000010200        0xc /usr/local/ps3dev/ppu/lib/gcc/powerpc64-ps3-elf/7.2.0/../../../../powerpc64-ps3-elf/lib/lv2-crti.o
                0x0000000000010200                ._init
 .init          0x000000000001020c        0x8 /usr/local/ps3dev/ppu/lib/gcc/powerpc64-ps3-elf/7.2.0/crtbegin.o
 .init          0x0000000000010214        0x8 /usr/local/ps3dev/ppu/lib/gcc/powerpc64-ps3-elf/7.2.0/crtend.o
 .init          0x000000000001021c       0x10 /usr/local/ps3dev/ppu/lib/gcc/powerpc64-ps3-elf/7.2.0/../../../../powerpc64-ps3-elf/lib/lv2-crtn.o

.text           0x0000000000010230    0x18e8c
 *(.text .stub .text.* .gnu.linkonce.t.*)
 .text          0x0000000000010230        0x0 /usr/local/ps3dev/ppu/lib/gcc/powerpc64-ps3-elf/7.2.0/../../../../powerpc64-ps3-elf/lib/lv2-crti.o
 .text          0x0000000000010230        0x0 /usr/local/ps3dev/ppu/lib/gcc/powerpc64-ps3-elf/7.2.0/crtbegin.o
 .text.deregister_tm_clones
                0x0000000000010230       0x54 /usr/local/ps3dev/ppu/lib/gcc/powerpc64-ps3-elf/7.2.0/crtbegin.o
 *fill*         0x0000000000010284        0x4 60000000
 .text.register_tm_clones
                0x0000000000010288       0x60 /usr/local/ps3dev/ppu/lib/gcc/powerpc64-ps3-elf/7.2.0/crtbegin.o
 .text.__do_global_dtors_aux
                0x00000000000102e8       0xd4 /usr/local/ps3dev/ppu/lib/gcc/powerpc64-ps3-elf/7.2.0/crtbegin.o
 *fill*         0x00000000000103bc        0x4 60000000
 .text.frame_dummy
                0x00000000000103c0       0x38 /usr/local/ps3dev/ppu/lib/gcc/powerpc64-ps3-elf/7.2.0/crtbegin.o
 .text          0x00000000000103f8       0x58 /usr/local/ps3dev/ppu/lib/gcc/powerpc64-ps3-elf/7.2.0/../../../../powerpc64-ps3-elf/lib/lv2-crt0.o
                0x00000000000103f8                ._start
 .text.startup.__syscalls_init
                0x0000000000010450      0x134 /usr/local/ps3dev/ppu/lib/gcc/powerpc64-ps3-elf/7.2.0/../../../../powerpc64-ps3-elf/lib/lv2-crt0.o
 *fill*         0x0000000000010584        0x4 60000000
 .text._initialize
                0x0000000000010588       0x40 /usr/local/ps3dev/ppu/lib/gcc/powerpc64-ps3-elf/7.2.0/../../../../powerpc64-ps3-elf/lib/lv2-crt0.o
                0x0000000000010588                ._initialize
 .text          0x00000000000105c8        0x0 /usr/local/ps3dev/ppu/lib/gcc/powerpc64-ps3-elf/7.2.0/../../../../powerpc64-ps3-elf/lib/lv2-sprx.o
 .text          0x00000000000105c8        0x0 spu.bin.o
 .text          0x00000000000105c8        0x0 main.o
 .text.startup.main
                0x00000000000105c8      0x224 main.o
                0x00000000000105c8                .main
 .text          0x00000000000107ec        0x0 /usr/local/ps3dev/psl1ght/ppu/lib/librt.a(sbrk.o)
 *fill*         0x00000000000107ec        0x4 60000000
 .text.startup.sbrk_init
                0x00000000000107f0       0xb8 /usr/local/ps3dev/psl1ght/ppu/lib/librt.a(sbrk.o)
 .text.sbrk_deinit
                0x00000000000108a8       0xc8 /usr/local/ps3dev/psl1ght/ppu/lib/librt.a(sbrk.o)
 .text.__librt_sbrk_r
                0x0000000000010970      0x2f4 /usr/local/ps3dev/psl1ght/ppu/lib/librt.a(sbrk.o)
                0x0000000000010970                .__librt_sbrk_r
 .text          0x0000000000010c64        0x0 /usr/local/ps3dev/psl1ght/ppu/lib/librt.a(exit.o)
 *fill*         0x0000000000010c64        0x4 60000000
 .text.__librt_exit
                0x0000000000010c68       0x30 /usr/local/ps3dev/psl1ght/ppu/lib/librt.a(exit.o)
                0x0000000000010c68                .__librt_exit
 .text          0x0000000000010c98        0x0 /usr/local/ps3dev/psl1ght/ppu/lib/librt.a(close.o)
 .text.__librt_close_r
                0x0000000000010c98       0x88 /usr/local/ps3dev/psl1ght/ppu/lib/librt.a(close.o)
                0x0000000000010c98                .__librt_close_r
 .text          0x0000000000010d20        0x0 /usr/local/ps3dev/psl1ght/ppu/lib/librt.a(lseek.o)
 .text.__librt_lseek_r
                0x0000000000010d20       0x8c /usr/local/ps3dev/psl1ght/ppu/lib/librt.a(lseek.o)
                0x0000000000010d20                .__librt_lseek_r
 *fill*         0x0000000000010dac        0x4 60000000
 .text.__librt_lseek64_r
                0x0000000000010db0       0x10 /usr/local/ps3dev/psl1ght/ppu/lib/librt.a(lseek.o)
                0x0000000000010db0                .__librt_lseek64_r
 .text          0x0000000000010dc0        0x0 /usr/local/ps3dev/psl1ght/ppu/lib/librt.a(read.o)
 .text.__librt_read_r
                0x0000000000010dc0      0x10c /usr/local/ps3dev/psl1ght/ppu/lib/librt.a(read.o)
                0x0000000000010dc0                .__librt_read_r
 .text          0x0000000000010ecc        0x0 /usr/local/ps3dev/psl1ght/ppu/lib/librt.a(open.o)
 *fill*         0x0000000000010ecc        0x4 60000000
 .text.__librt_open_r
                0x0000000000010ed0      0x180 /usr/local/ps3dev/psl1ght/ppu/lib/librt.a(open.o)
                0x0000000000010ed0                .__librt_open_r
 .text          0x0000000000011050        0x0 /usr/local/ps3dev/psl1ght/ppu/lib/librt.a(sleep.o)
 .text.__librt_usleep_r
                0x0000000000011050       0x50 /usr/local/ps3dev/psl1ght/ppu/lib/librt.a(sleep.o)
                0x0000000000011050                .__librt_usleep_r
 .text.__librt_sleep_r
                0x00000000000110a0       0x6c /usr/local/ps3dev/psl1ght/ppu/lib/librt.a(sleep.o)
                0x00000000000110a0                .__librt_sleep_r
 .text          0x000000000001110c        0x0 /usr/local/ps3dev/psl1ght/ppu/lib/librt.a(write.o)
 *fill*         0x000000000001110c        0x4 60000000
 .text.__librt_write_r
                0x0000000000011110      0x104 /usr/local/ps3dev/psl1ght/ppu/lib/librt.a(write.o)
                0x0000000000011110                .__librt_write_r
 .text          0x0000000000011214        0x0 /usr/local/ps3dev/psl1ght/ppu/lib/librt.a(fstat.o)
 *fill*         0x0000000000011214        0x4 60000000
 .text.__librt_fstat_r
                0x0000000000011218       0xd0 /usr/local/ps3dev/psl1ght/ppu/lib/librt.a(fstat.o)
                0x0000000000011218                .__librt_fstat_r
 .text.__librt_fstat64_r
                0x00000000000112e8       0x10 /usr/local/ps3dev/psl1ght/ppu/lib/librt.a(fstat.o)
                0x00000000000112e8                .__librt_fstat64_r
 .text.__librt_stat_r
                0x00000000000112f8       0xd0 /usr/local/ps3dev/psl1ght/ppu/lib/librt.a(fstat.o)
                0x00000000000112f8                .__librt_stat_r
 .text.__librt_stat64_r
                0x00000000000113c8       0x10 /usr/local/ps3dev/psl1ght/ppu/lib/librt.a(fstat.o)
                0x00000000000113c8                .__librt_stat64_r
 .text          0x00000000000113d8        0x0 /usr/local/ps3dev/psl1ght/ppu/lib/librt.a(socket.o)
 .text.accept   0x00000000000113d8       0xe0 /usr/local/ps3dev/psl1ght/ppu/lib/librt.a(socket.o)
                0x00000000000113d8                .accept
 .text.bind     0x00000000000114b8       0x44 /usr/local/ps3dev/psl1ght/ppu/lib/librt.a(socket.o)
                0x00000000000114b8                .bind
 *fill*         0x00000000000114fc        0x4 60000000
 .text.connect  0x0000000000011500       0x44 /usr/local/ps3dev/psl1ght/ppu/lib/librt.a(socket.o)
                0x0000000000011500                .connect
 *fill*         0x0000000000011544        0x4 60000000
 .text.listen   0x0000000000011548       0x44 /usr/local/ps3dev/psl1ght/ppu/lib/librt.a(socket.o)
                0x0000000000011548                .listen
 *fill*         0x000000000001158c        0x4 60000000
 .text.socket   0x0000000000011590       0x5c /usr/local/ps3dev/psl1ght/ppu/lib/librt.a(socket.o)
                0x0000000000011590                .socket
 *fill*         0x00000000000115ec        0x4 60000000
 .text.send     0x00000000000115f0       0x4c /usr/local/ps3dev/psl1ght/ppu/lib/librt.a(socket.o)
                0x00000000000115f0                .send
 *fill*         0x000000000001163c        0x4 60000000
 .text.sendto   0x0000000000011640       0x44 /usr/local/ps3dev/psl1ght/ppu/lib/librt.a(socket.o)
                0x0000000000011640                .sendto
 *fill*         0x0000000000011684        0x4 60000000
 .text.recv     0x0000000000011688       0x4c /usr/local/ps3dev/psl1ght/ppu/lib/librt.a(socket.o)
                0x0000000000011688                .recv
 *fill*         0x00000000000116d4        0x4 60000000
 .text.recvfrom
                0x00000000000116d8       0xd8 /usr/local/ps3dev/psl1ght/ppu/lib/librt.a(socket.o)
                0x00000000000116d8                .recvfrom
 .text.shutdown
                0x00000000000117b0       0x44 /usr/local/ps3dev/psl1ght/ppu/lib/librt.a(socket.o)
                0x00000000000117b0                .shutdown
 *fill*         0x00000000000117f4        0x4 60000000
 .text.inet_aton
                0x00000000000117f8       0xbc /usr/local/ps3dev/psl1ght/ppu/lib/librt.a(socket.o)
                0x00000000000117f8                .inet_aton
 *fill*         0x00000000000118b4        0x4 60000000
 .text.inet_pton
                0x00000000000118b8       0x48 /usr/local/ps3dev/psl1ght/ppu/lib/librt.a(socket.o)
                0x00000000000118b8                .inet_pton
 .text.select   0x0000000000011900       0x3c /usr/local/ps3dev/psl1ght/ppu/lib/librt.a(socket.o)
                0x0000000000011900                .select
 *fill*         0x000000000001193c        0x4 60000000
 .text.closesocket
                0x0000000000011940       0x44 /usr/local/ps3dev/psl1ght/ppu/lib/librt.a(socket.o)
                0x0000000000011940                .closesocket
 .text          0x0000000000011984        0x0 /usr/local/ps3dev/psl1ght/ppu/lib/librt.a(lock.o)
 *fill*         0x0000000000011984        0x4 60000000
 .text.__librt_sys_lwmutex_create_r
                0x0000000000011988       0x38 /usr/local/ps3dev/psl1ght/ppu/lib/librt.a(lock.o)
                0x0000000000011988                .__librt_sys_lwmutex_create_r
 .text.__librt_sys_lwmutex_destroy_r
                0x00000000000119c0       0x34 /usr/local/ps3dev/psl1ght/ppu/lib/librt.a(lock.o)
                0x00000000000119c0                .__librt_sys_lwmutex_destroy_r
 *fill*         0x00000000000119f4        0x4 60000000
 .text.__librt_sys_lwmutex_lock_r
                0x00000000000119f8       0x38 /usr/local/ps3dev/psl1ght/ppu/lib/librt.a(lock.o)
                0x00000000000119f8                .__librt_sys_lwmutex_lock_r
 .text.__librt_sys_lwmutex_trylock_r
                0x0000000000011a30       0x34 /usr/local/ps3dev/psl1ght/ppu/lib/librt.a(lock.o)
                0x0000000000011a30                .__librt_sys_lwmutex_trylock_r
 *fill*         0x0000000000011a64        0x4 60000000
 .text.__librt_sys_lwmutex_unlock_r
                0x0000000000011a68       0x34 /usr/local/ps3dev/psl1ght/ppu/lib/librt.a(lock.o)
                0x0000000000011a68                .__librt_sys_lwmutex_unlock_r
 .text          0x0000000000011a9c        0x0 /usr/local/ps3dev/psl1ght/ppu/lib/librt.a(dirent.o)
 *fill*         0x0000000000011a9c        0x4 60000000
 .text.readdir_i
                0x0000000000011aa0      0x10c /usr/local/ps3dev/psl1ght/ppu/lib/librt.a(dirent.o)
 *fill*         0x0000000000011bac        0x4 60000000
 .text.__librt_opendir_r
                0x0000000000011bb0      0x114 /usr/local/ps3dev/psl1ght/ppu/lib/librt.a(dirent.o)
                0x0000000000011bb0                .__librt_opendir_r
 *fill*         0x0000000000011cc4        0x4 60000000
 .text.__librt_readdir_r
                0x0000000000011cc8       0x84 /usr/local/ps3dev/psl1ght/ppu/lib/librt.a(dirent.o)
                0x0000000000011cc8                .__librt_readdir_r
 *fill*         0x0000000000011d4c        0x4 60000000
 .text.__librt_readdir_r_r
                0x0000000000011d50       0x58 /usr/local/ps3dev/psl1ght/ppu/lib/librt.a(dirent.o)
                0x0000000000011d50                .__librt_readdir_r_r
 .text.__librt_closedir_r
                0x0000000000011da8       0x84 /usr/local/ps3dev/psl1ght/ppu/lib/librt.a(dirent.o)
                0x0000000000011da8                .__librt_closedir_r
 *fill*         0x0000000000011e2c        0x4 60000000
 .text.__librt_telldir_r
                0x0000000000011e30       0x24 /usr/local/ps3dev/psl1ght/ppu/lib/librt.a(dirent.o)
                0x0000000000011e30                .__librt_telldir_r
 *fill*         0x0000000000011e54        0x4 60000000
 .text.__librt_rewinddir_r
                0x0000000000011e58       0x18 /usr/local/ps3dev/psl1ght/ppu/lib/librt.a(dirent.o)
                0x0000000000011e58                .__librt_rewinddir_r
 .text.__librt_seekdir_r
                0x0000000000011e70       0x18 /usr/local/ps3dev/psl1ght/ppu/lib/librt.a(dirent.o)
                0x0000000000011e70                .__librt_seekdir_r
 .text          0x0000000000011e88        0x0 /usr/local/ps3dev/psl1ght/ppu/lib/librt.a(mkdir.o)
 .text.__librt_mkdir_r
                0x0000000000011e88       0x60 /usr/local/ps3dev/psl1ght/ppu/lib/librt.a(mkdir.o)
                0x0000000000011e88                .__librt_mkdir_r
 .text          0x0000000000011ee8        0x0 /usr/local/ps3dev/psl1ght/ppu/lib/librt.a(times.o)
 .text.__librt_times_r
                0x0000000000011ee8       0x1c /usr/local/ps3dev/psl1ght/ppu/lib/librt.a(times.o)
                0x0000000000011ee8                .__librt_times_r
 .text          0x0000000000011f04        0x0 /usr/local/ps3dev/psl1ght/ppu/lib/librt.a(umask.o)
 *fill*         0x0000000000011f04        0x4 60000000
 .text.__librt_umask_r
                0x0000000000011f08       0x20 /usr/local/ps3dev/psl1ght/ppu/lib/librt.a(umask.o)
                0x0000000000011f08                .__librt_umask_r
 .text          0x0000000000011f28        0x0 /usr/local/ps3dev/psl1ght/ppu/lib/librt.a(lv2errno.o)
 .text.lv2error
                0x0000000000011f28      0x434 /usr/local/ps3dev/psl1ght/ppu/lib/librt.a(lv2errno.o)
                0x0000000000011f28                .lv2error
 *fill*         0x000000000001235c        0x4 60000000
 .text.lv2errno
                0x0000000000012360       0x68 /usr/local/ps3dev/psl1ght/ppu/lib/librt.a(lv2errno.o)
                0x0000000000012360                .lv2errno
 .text.lv2errno_r
                0x00000000000123c8       0x58 /usr/local/ps3dev/psl1ght/ppu/lib/librt.a(lv2errno.o)
                0x00000000000123c8                .lv2errno_r
 .text          0x0000000000012420        0x0 /usr/local/ps3dev/psl1ght/ppu/lib/librt.a(heap.o)
 .text.heapInit
                0x0000000000012420      0x118 /usr/local/ps3dev/psl1ght/ppu/lib/librt.a(heap.o)
                0x0000000000012420                .heapInit
 .text.heapAllocate
                0x0000000000012538      0x184 /usr/local/ps3dev/psl1ght/ppu/lib/librt.a(heap.o)
                0x0000000000012538                .heapAllocate
 *fill*         0x00000000000126bc        0x4 60000000
 .text.heapAllocateAligned
                0x00000000000126c0      0x224 /usr/local/ps3dev/psl1ght/ppu/lib/librt.a(heap.o)
                0x00000000000126c0                .heapAllocateAligned
 *fill*         0x00000000000128e4        0x4 60000000
 .text.heapFree
                0x00000000000128e8      0x238 /usr/local/ps3dev/psl1ght/ppu/lib/librt.a(heap.o)
                0x00000000000128e8                .heapFree
 .text          0x0000000000012b20        0x0 /usr/local/ps3dev/psl1ght/ppu/lib/librt.a(chmod.o)
 .text.__librt_chmod_r
                0x0000000000012b20       0x54 /usr/local/ps3dev/psl1ght/ppu/lib/librt.a(chmod.o)
                0x0000000000012b20                .__librt_chmod_r
 .text          0x0000000000012b74        0x0 /usr/local/ps3dev/psl1ght/ppu/lib/librt.a(rmdir.o)
 *fill*         0x0000000000012b74        0x4 60000000
 .text.__librt_rmdir_r
                0x0000000000012b78       0x50 /usr/local/ps3dev/psl1ght/ppu/lib/librt.a(rmdir.o)
                0x0000000000012b78                .__librt_rmdir_r
 .text          0x0000000000012bc8        0x0 /usr/local/ps3dev/psl1ght/ppu/lib/librt.a(isatty.o)
 .text.__librt_isatty_r
                0x0000000000012bc8       0x2c /usr/local/ps3dev/psl1ght/ppu/lib/librt.a(isatty.o)
                0x0000000000012bc8                .__librt_isatty_r
 .text          0x0000000000012bf4        0x0 /usr/local/ps3dev/psl1ght/ppu/lib/librt.a(gettod.o)
 *fill*         0x0000000000012bf4        0x4 60000000
 .text.__librt_gettod_r
                0x0000000000012bf8       0xb8 /usr/local/ps3dev/psl1ght/ppu/lib/librt.a(gettod.o)
                0x0000000000012bf8                .__librt_gettod_r
 .text          0x0000000000012cb0        0x0 /usr/local/ps3dev/psl1ght/ppu/lib/librt.a(settod.o)
 .text.__librt_settod_r
                0x0000000000012cb0       0x58 /usr/local/ps3dev/psl1ght/ppu/lib/librt.a(settod.o)
                0x0000000000012cb0                .__librt_settod_r
 .text          0x0000000000012d08        0x0 /usr/local/ps3dev/psl1ght/ppu/lib/liblv2.a(sprx.o)
 .text          0x0000000000012d08        0x0 /usr/local/ps3dev/ppu/lib/gcc/powerpc64-ps3-elf/7.2.0/../../../../powerpc64-ps3-elf/lib/libsysbase.a(syscalls.o)
 .text          0x0000000000012d08        0x0 /usr/local/ps3dev/ppu/lib/gcc/powerpc64-ps3-elf/7.2.0/../../../../powerpc64-ps3-elf/lib/libc.a(lib_a-calloc.o)
 .text.calloc   0x0000000000012d08       0x58 /usr/local/ps3dev/ppu/lib/gcc/powerpc64-ps3-elf/7.2.0/../../../../powerpc64-ps3-elf/lib/libc.a(lib_a-calloc.o)
                0x0000000000012d08                .calloc
 .text          0x0000000000012d60        0x0 /usr/local/ps3dev/ppu/lib/gcc/powerpc64-ps3-elf/7.2.0/../../../../powerpc64-ps3-elf/lib/libc.a(lib_a-callocr.o)
 .text._calloc_r
                0x0000000000012d60       0xdc /usr/local/ps3dev/ppu/lib/gcc/powerpc64-ps3-elf/7.2.0/../../../../powerpc64-ps3-elf/lib/libc.a(lib_a-callocr.o)
                0x0000000000012d60                ._calloc_r
 .text          0x0000000000012e3c        0x0 /usr/local/ps3dev/ppu/lib/gcc/powerpc64-ps3-elf/7.2.0/../../../../powerpc64-ps3-elf/lib/libc.a(lib_a-errno.o)
 *fill*         0x0000000000012e3c        0x4 60000000
 .text.__errno  0x0000000000012e40       0x30 /usr/local/ps3dev/ppu/lib/gcc/powerpc64-ps3-elf/7.2.0/../../../../powerpc64-ps3-elf/lib/libc.a(lib_a-errno.o)
                0x0000000000012e40                .__errno
 .text          0x0000000000012e70        0x0 /usr/local/ps3dev/ppu/lib/gcc/powerpc64-ps3-elf/7.2.0/../../../../powerpc64-ps3-elf/lib/libc.a(lib_a-exit.o)
 .text.exit     0x0000000000012e70       0x68 /usr/local/ps3dev/ppu/lib/gcc/powerpc64-ps3-elf/7.2.0/../../../../powerpc64-ps3-elf/lib/libc.a(lib_a-exit.o)
                0x0000000000012e70                .exit
 .text          0x0000000000012ed8        0x0 /usr/local/ps3dev/ppu/lib/gcc/powerpc64-ps3-elf/7.2.0/../../../../powerpc64-ps3-elf/lib/libc.a(lib_a-getreent.o)
 .text.__getreent
                0x0000000000012ed8      0x1b4 /usr/local/ps3dev/ppu/lib/gcc/powerpc64-ps3-elf/7.2.0/../../../../powerpc64-ps3-elf/lib/libc.a(lib_a-getreent.o)
                0x0000000000012ed8                .__getreent
 .text          0x000000000001308c        0x0 /usr/local/ps3dev/ppu/lib/gcc/powerpc64-ps3-elf/7.2.0/../../../../powerpc64-ps3-elf/lib/libc.a(lib_a-impure.o)
 .text          0x000000000001308c        0x0 /usr/local/ps3dev/ppu/lib/gcc/powerpc64-ps3-elf/7.2.0/../../../../powerpc64-ps3-elf/lib/libc.a(lib_a-malloc.o)
 *fill*         0x000000000001308c        0x4 60000000
 .text.malloc   0x0000000000013090       0x48 /usr/local/ps3dev/ppu/lib/gcc/powerpc64-ps3-elf/7.2.0/../../../../powerpc64-ps3-elf/lib/libc.a(lib_a-malloc.o)
                0x0000000000013090                .malloc
 .text.free     0x00000000000130d8       0x48 /usr/local/ps3dev/ppu/lib/gcc/powerpc64-ps3-elf/7.2.0/../../../../powerpc64-ps3-elf/lib/libc.a(lib_a-malloc.o)
                0x00000000000130d8                .free
 .text          0x0000000000013120        0x0 /usr/local/ps3dev/ppu/lib/gcc/powerpc64-ps3-elf/7.2.0/../../../../powerpc64-ps3-elf/lib/libc.a(lib_a-mallocr.o)
 .text._malloc_r
                0x0000000000013120      0x9e4 /usr/local/ps3dev/ppu/lib/gcc/powerpc64-ps3-elf/7.2.0/../../../../powerpc64-ps3-elf/lib/libc.a(lib_a-mallocr.o)
                0x0000000000013120                ._malloc_r
 .text          0x0000000000013b04        0x0 /usr/local/ps3dev/ppu/lib/gcc/powerpc64-ps3-elf/7.2.0/../../../../powerpc64-ps3-elf/lib/libc.a(lib_a-memset.o)
 *fill*         0x0000000000013b04        0x4 60000000
 .text.memset   0x0000000000013b08      0x138 /usr/local/ps3dev/ppu/lib/gcc/powerpc64-ps3-elf/7.2.0/../../../../powerpc64-ps3-elf/lib/libc.a(lib_a-memset.o)
                0x0000000000013b08                .memset
 .text          0x0000000000013c40        0x0 /usr/local/ps3dev/ppu/lib/gcc/powerpc64-ps3-elf/7.2.0/../../../../powerpc64-ps3-elf/lib/libc.a(lib_a-mlock.o)
 .text.__malloc_lock
                0x0000000000013c40       0x34 /usr/local/ps3dev/ppu/lib/gcc/powerpc64-ps3-elf/7.2.0/../../../../powerpc64-ps3-elf/lib/libc.a(lib_a-mlock.o)
                0x0000000000013c40                .__malloc_lock
 *fill*         0x0000000000013c74        0x4 60000000
 .text.__malloc_unlock
                0x0000000000013c78       0x34 /usr/local/ps3dev/ppu/lib/gcc/powerpc64-ps3-elf/7.2.0/../../../../powerpc64-ps3-elf/lib/libc.a(lib_a-mlock.o)
                0x0000000000013c78                .__malloc_unlock
 .text          0x0000000000013cac        0x0 /usr/local/ps3dev/ppu/lib/gcc/powerpc64-ps3-elf/7.2.0/../../../../powerpc64-ps3-elf/lib/libc.a(lib_a-printf.o)
 *fill*         0x0000000000013cac        0x4 60000000
 .text._printf_r
                0x0000000000013cb0       0x54 /usr/local/ps3dev/ppu/lib/gcc/powerpc64-ps3-elf/7.2.0/../../../../powerpc64-ps3-elf/lib/libc.a(lib_a-printf.o)
                0x0000000000013cb0                ._printf_r
 *fill*         0x0000000000013d04        0x4 60000000
 .text.printf   0x0000000000013d08       0x6c /usr/local/ps3dev/ppu/lib/gcc/powerpc64-ps3-elf/7.2.0/../../../../powerpc64-ps3-elf/lib/libc.a(lib_a-printf.o)
                0x0000000000013d08                .printf
 .text          0x0000000000013d74        0x0 /usr/local/ps3dev/ppu/lib/gcc/powerpc64-ps3-elf/7.2.0/../../../../powerpc64-ps3-elf/lib/libc.a(lib_a-puts.o)
 *fill*         0x0000000000013d74        0x4 60000000
 .text._puts_r  0x0000000000013d78       0xfc /usr/local/ps3dev/ppu/lib/gcc/powerpc64-ps3-elf/7.2.0/../../../../powerpc64-ps3-elf/lib/libc.a(lib_a-puts.o)
                0x0000000000013d78                ._puts_r
 *fill*         0x0000000000013e74        0x4 60000000
 .text.puts     0x0000000000013e78       0x40 /usr/local/ps3dev/ppu/lib/gcc/powerpc64-ps3-elf/7.2.0/../../../../powerpc64-ps3-elf/lib/libc.a(lib_a-puts.o)
                0x0000000000013e78                .puts
 .text          0x0000000000013eb8        0x0 /usr/local/ps3dev/ppu/lib/gcc/powerpc64-ps3-elf/7.2.0/../../../../powerpc64-ps3-elf/lib/libc.a(lib_a-sscanf.o)
 .text.sscanf   0x0000000000013eb8       0xa8 /usr/local/ps3dev/ppu/lib/gcc/powerpc64-ps3-elf/7.2.0/../../../../powerpc64-ps3-elf/lib/libc.a(lib_a-sscanf.o)
                0x0000000000013eb8                .sscanf
 .text._sscanf_r
                0x0000000000013f60       0xa8 /usr/local/ps3dev/ppu/lib/gcc/powerpc64-ps3-elf/7.2.0/../../../../powerpc64-ps3-elf/lib/libc.a(lib_a-sscanf.o)
                0x0000000000013f60                ._sscanf_r
 .text          0x0000000000014008        0x0 /usr/local/ps3dev/ppu/lib/gcc/powerpc64-ps3-elf/7.2.0/../../../../powerpc64-ps3-elf/lib/libc.a(lib_a-stdio.o)
 .text.__sread  0x0000000000014008       0x7c /usr/local/ps3dev/ppu/lib/gcc/powerpc64-ps3-elf/7.2.0/../../../../powerpc64-ps3-elf/lib/libc.a(lib_a-stdio.o)
                0x0000000000014008                .__sread
 *fill*         0x0000000000014084        0x4 60000000
 .text.__seofread
                0x0000000000014088       0x14 /usr/local/ps3dev/ppu/lib/gcc/powerpc64-ps3-elf/7.2.0/../../../../powerpc64-ps3-elf/lib/libc.a(lib_a-stdio.o)
                0x0000000000014088                .__seofread
 *fill*         0x000000000001409c        0x4 60000000
 .text.__swrite
                0x00000000000140a0       0xb0 /usr/local/ps3dev/ppu/lib/gcc/powerpc64-ps3-elf/7.2.0/../../../../powerpc64-ps3-elf/lib/libc.a(lib_a-stdio.o)
                0x00000000000140a0                .__swrite
 .text.__sseek  0x0000000000014150       0x78 /usr/local/ps3dev/ppu/lib/gcc/powerpc64-ps3-elf/7.2.0/../../../../powerpc64-ps3-elf/lib/libc.a(lib_a-stdio.o)
                0x0000000000014150                .__sseek
 .text.__sclose
                0x00000000000141c8       0x38 /usr/local/ps3dev/ppu/lib/gcc/powerpc64-ps3-elf/7.2.0/../../../../powerpc64-ps3-elf/lib/libc.a(lib_a-stdio.o)
                0x00000000000141c8                .__sclose
 .text          0x0000000000014200        0x0 /usr/local/ps3dev/ppu/lib/gcc/powerpc64-ps3-elf/7.2.0/../../../../powerpc64-ps3-elf/lib/libc.a(lib_a-strlen.o)
 .text.strlen   0x0000000000014200       0xc4 /usr/local/ps3dev/ppu/lib/gcc/powerpc64-ps3-elf/7.2.0/../../../../powerpc64-ps3-elf/lib/libc.a(lib_a-strlen.o)
                0x0000000000014200                .strlen
 .text          0x00000000000142c4        0x0 /usr/local/ps3dev/ppu/lib/gcc/powerpc64-ps3-elf/7.2.0/../../../../powerpc64-ps3-elf/lib/libc.a(lib_a-strncpy.o)
 *fill*         0x00000000000142c4        0x4 60000000
 .text.strncpy  0x00000000000142c8      0x118 /usr/local/ps3dev/ppu/lib/gcc/powerpc64-ps3-elf/7.2.0/../../../../powerpc64-ps3-elf/lib/libc.a(lib_a-strncpy.o)
                0x00000000000142c8                .strncpy
 .text          0x00000000000143e0        0x0 /usr/local/ps3dev/ppu/lib/gcc/powerpc64-ps3-elf/7.2.0/../../../../powerpc64-ps3-elf/lib/libc.a(lib_a-svfscanf.o)
 .text.__ssvfscanf_r
                0x00000000000143e0     0x1864 /usr/local/ps3dev/ppu/lib/gcc/powerpc64-ps3-elf/7.2.0/../../../../powerpc64-ps3-elf/lib/libc.a(lib_a-svfscanf.o)
                0x00000000000143e0                .__ssvfscanf_r
 .text          0x0000000000015c44        0x0 /usr/local/ps3dev/ppu/lib/gcc/powerpc64-ps3-elf/7.2.0/../../../../powerpc64-ps3-elf/lib/libc.a(lib_a-vfprintf.o)
 *fill*         0x0000000000015c44        0x4 60000000
 .text._vfprintf_r
                0x0000000000015c48     0x2300 /usr/local/ps3dev/ppu/lib/gcc/powerpc64-ps3-elf/7.2.0/../../../../powerpc64-ps3-elf/lib/libc.a(lib_a-vfprintf.o)
                0x0000000000015c48                ._vfprintf_r
 .text.vfprintf
                0x0000000000017f48       0x60 /usr/local/ps3dev/ppu/lib/gcc/powerpc64-ps3-elf/7.2.0/../../../../powerpc64-ps3-elf/lib/libc.a(lib_a-vfprintf.o)
                0x0000000000017f48                .vfprintf
 .text          0x0000000000017fa8        0x0 /usr/local/ps3dev/ppu/lib/gcc/powerpc64-ps3-elf/7.2.0/../../../../powerpc64-ps3-elf/lib/libc.a(lib_a-wsetup.o)
 .text.__swsetup_r
                0x0000000000017fa8      0x1f0 /usr/local/ps3dev/ppu/lib/gcc/powerpc64-ps3-elf/7.2.0/../../../../powerpc64-ps3-elf/lib/libc.a(lib_a-wsetup.o)
                0x0000000000017fa8                .__swsetup_r
 .text          0x0000000000018198        0x0 /usr/local/ps3dev/ppu/lib/gcc/powerpc64-ps3-elf/7.2.0/../../../../powerpc64-ps3-elf/lib/libc.a(lib_a-__call_atexit.o)
 .text.__call_exitprocs
                0x0000000000018198      0x24c /usr/local/ps3dev/ppu/lib/gcc/powerpc64-ps3-elf/7.2.0/../../../../powerpc64-ps3-elf/lib/libc.a(lib_a-__call_atexit.o)
                0x0000000000018198                .__call_exitprocs
 .text          0x00000000000183e4        0x0 /usr/local/ps3dev/ppu/lib/gcc/powerpc64-ps3-elf/7.2.0/../../../../powerpc64-ps3-elf/lib/libc.a(lib_a-ctype_.o)
 .text          0x00000000000183e4        0x0 /usr/local/ps3dev/ppu/lib/gcc/powerpc64-ps3-elf/7.2.0/../../../../powerpc64-ps3-elf/lib/libc.a(lib_a-dtoa.o)
 *fill*         0x00000000000183e4        0x4 60000000
 .text.quorem   0x00000000000183e8      0x26c /usr/local/ps3dev/ppu/lib/gcc/powerpc64-ps3-elf/7.2.0/../../../../powerpc64-ps3-elf/lib/libc.a(lib_a-dtoa.o)
 *fill*         0x0000000000018654        0x4 60000000
 .text._dtoa_r  0x0000000000018658     0x1478 /usr/local/ps3dev/ppu/lib/gcc/powerpc64-ps3-elf/7.2.0/../../../../powerpc64-ps3-elf/lib/libc.a(lib_a-dtoa.o)
                0x0000000000018658                ._dtoa_r
 .text          0x0000000000019ad0        0x0 /usr/local/ps3dev/ppu/lib/gcc/powerpc64-ps3-elf/7.2.0/../../../../powerpc64-ps3-elf/lib/libc.a(lib_a-fflush.o)
 .text.__sflush_r
                0x0000000000019ad0      0x3d0 /usr/local/ps3dev/ppu/lib/gcc/powerpc64-ps3-elf/7.2.0/../../../../powerpc64-ps3-elf/lib/libc.a(lib_a-fflush.o)
                0x0000000000019ad0                .__sflush_r
 .text._fflush_r
                0x0000000000019ea0      0x124 /usr/local/ps3dev/ppu/lib/gcc/powerpc64-ps3-elf/7.2.0/../../../../powerpc64-ps3-elf/lib/libc.a(lib_a-fflush.o)
                0x0000000000019ea0                ._fflush_r
 *fill*         0x0000000000019fc4        0x4 60000000
 .text.fflush   0x0000000000019fc8       0x70 /usr/local/ps3dev/ppu/lib/gcc/powerpc64-ps3-elf/7.2.0/../../../../powerpc64-ps3-elf/lib/libc.a(lib_a-fflush.o)
                0x0000000000019fc8                .fflush
 .text          0x000000000001a038        0x0 /usr/local/ps3dev/ppu/lib/gcc/powerpc64-ps3-elf/7.2.0/../../../../powerpc64-ps3-elf/lib/libc.a(lib_a-findfp.o)
 .text._cleanup_r
                0x000000000001a038       0x34 /usr/local/ps3dev/ppu/lib/gcc/powerpc64-ps3-elf/7.2.0/../../../../powerpc64-ps3-elf/lib/libc.a(lib_a-findfp.o)
                0x000000000001a038                ._cleanup_r
 *fill*         0x000000000001a06c        0x4 60000000
 .text.__fp_lock
                0x000000000001a070       0x50 /usr/local/ps3dev/ppu/lib/gcc/powerpc64-ps3-elf/7.2.0/../../../../powerpc64-ps3-elf/lib/libc.a(lib_a-findfp.o)
 .text.__fp_unlock
                0x000000000001a0c0       0x50 /usr/local/ps3dev/ppu/lib/gcc/powerpc64-ps3-elf/7.2.0/../../../../powerpc64-ps3-elf/lib/libc.a(lib_a-findfp.o)
 .text.std.isra.0
                0x000000000001a110       0x9c /usr/local/ps3dev/ppu/lib/gcc/powerpc64-ps3-elf/7.2.0/../../../../powerpc64-ps3-elf/lib/libc.a(lib_a-findfp.o)
 *fill*         0x000000000001a1ac        0x4 60000000
 .text.__sfmoreglue
                0x000000000001a1b0       0x88 /usr/local/ps3dev/ppu/lib/gcc/powerpc64-ps3-elf/7.2.0/../../../../powerpc64-ps3-elf/lib/libc.a(lib_a-findfp.o)
                0x000000000001a1b0                .__sfmoreglue
 .text._cleanup
                0x000000000001a238       0x3c /usr/local/ps3dev/ppu/lib/gcc/powerpc64-ps3-elf/7.2.0/../../../../powerpc64-ps3-elf/lib/libc.a(lib_a-findfp.o)
                0x000000000001a238                ._cleanup
 *fill*         0x000000000001a274        0x4 60000000
 .text.__sinit  0x000000000001a278       0xbc /usr/local/ps3dev/ppu/lib/gcc/powerpc64-ps3-elf/7.2.0/../../../../powerpc64-ps3-elf/lib/libc.a(lib_a-findfp.o)
                0x000000000001a278                .__sinit
 *fill*         0x000000000001a334        0x4 60000000
 .text.__sfp    0x000000000001a338      0x190 /usr/local/ps3dev/ppu/lib/gcc/powerpc64-ps3-elf/7.2.0/../../../../powerpc64-ps3-elf/lib/libc.a(lib_a-findfp.o)
                0x000000000001a338                .__sfp
 .text.__sfp_lock_acquire
                0x000000000001a4c8       0x34 /usr/local/ps3dev/ppu/lib/gcc/powerpc64-ps3-elf/7.2.0/../../../../powerpc64-ps3-elf/lib/libc.a(lib_a-findfp.o)
                0x000000000001a4c8                .__sfp_lock_acquire
 *fill*         0x000000000001a4fc        0x4 60000000
 .text.__sfp_lock_release
                0x000000000001a500       0x34 /usr/local/ps3dev/ppu/lib/gcc/powerpc64-ps3-elf/7.2.0/../../../../powerpc64-ps3-elf/lib/libc.a(lib_a-findfp.o)
                0x000000000001a500                .__sfp_lock_release
 *fill*         0x000000000001a534        0x4 60000000
 .text.__sinit_lock_acquire
                0x000000000001a538       0x34 /usr/local/ps3dev/ppu/lib/gcc/powerpc64-ps3-elf/7.2.0/../../../../powerpc64-ps3-elf/lib/libc.a(lib_a-findfp.o)
                0x000000000001a538                .__sinit_lock_acquire
 *fill*         0x000000000001a56c        0x4 60000000
 .text.__sinit_lock_release
                0x000000000001a570       0x34 /usr/local/ps3dev/ppu/lib/gcc/powerpc64-ps3-elf/7.2.0/../../../../powerpc64-ps3-elf/lib/libc.a(lib_a-findfp.o)
                0x000000000001a570                .__sinit_lock_release
 *fill*         0x000000000001a5a4        0x4 60000000
 .text.__fp_lock_all
                0x000000000001a5a8       0x48 /usr/local/ps3dev/ppu/lib/gcc/powerpc64-ps3-elf/7.2.0/../../../../powerpc64-ps3-elf/lib/libc.a(lib_a-findfp.o)
                0x000000000001a5a8                .__fp_lock_all
 .text.__fp_unlock_all
                0x000000000001a5f0       0x48 /usr/local/ps3dev/ppu/lib/gcc/powerpc64-ps3-elf/7.2.0/../../../../powerpc64-ps3-elf/lib/libc.a(lib_a-findfp.o)
                0x000000000001a5f0                .__fp_unlock_all
 .text          0x000000000001a638        0x0 /usr/local/ps3dev/ppu/lib/gcc/powerpc64-ps3-elf/7.2.0/../../../../powerpc64-ps3-elf/lib/libc.a(lib_a-freer.o)
 .text._malloc_trim_r
                0x000000000001a638      0x15c /usr/local/ps3dev/ppu/lib/gcc/powerpc64-ps3-elf/7.2.0/../../../../powerpc64-ps3-elf/lib/libc.a(lib_a-freer.o)
                0x000000000001a638                ._malloc_trim_r
 *fill*         0x000000000001a794        0x4 60000000
 .text._free_r  0x000000000001a798      0x3b0 /usr/local/ps3dev/ppu/lib/gcc/powerpc64-ps3-elf/7.2.0/../../../../powerpc64-ps3-elf/lib/libc.a(lib_a-freer.o)
                0x000000000001a798                ._free_r
 .text          0x000000000001ab48        0x0 /usr/local/ps3dev/ppu/lib/gcc/powerpc64-ps3-elf/7.2.0/../../../../powerpc64-ps3-elf/lib/libc.a(lib_a-fvwrite.o)
 .text.__sfvwrite_r
                0x000000000001ab48      0x688 /usr/local/ps3dev/ppu/lib/gcc/powerpc64-ps3-elf/7.2.0/../../../../powerpc64-ps3-elf/lib/libc.a(lib_a-fvwrite.o)
                0x000000000001ab48                .__sfvwrite_r
 .text          0x000000000001b1d0        0x0 /usr/local/ps3dev/ppu/lib/gcc/powerpc64-ps3-elf/7.2.0/../../../../powerpc64-ps3-elf/lib/libc.a(lib_a-fwalk.o)
 .text._fwalk   0x000000000001b1d0      0x100 /usr/local/ps3dev/ppu/lib/gcc/powerpc64-ps3-elf/7.2.0/../../../../powerpc64-ps3-elf/lib/libc.a(lib_a-fwalk.o)
                0x000000000001b1d0                ._fwalk
 .text._fwalk_reent
                0x000000000001b2d0      0x110 /usr/local/ps3dev/ppu/lib/gcc/powerpc64-ps3-elf/7.2.0/../../../../powerpc64-ps3-elf/lib/libc.a(lib_a-fwalk.o)
                0x000000000001b2d0                ._fwalk_reent
 .text          0x000000000001b3e0        0x0 /usr/local/ps3dev/ppu/lib/gcc/powerpc64-ps3-elf/7.2.0/../../../../powerpc64-ps3-elf/lib/libc.a(lib_a-iswspace.o)
 .text.iswspace
                0x000000000001b3e0       0x3c /usr/local/ps3dev/ppu/lib/gcc/powerpc64-ps3-elf/7.2.0/../../../../powerpc64-ps3-elf/lib/libc.a(lib_a-iswspace.o)
                0x000000000001b3e0                .iswspace
 .text          0x000000000001b41c        0x0 /usr/local/ps3dev/ppu/lib/gcc/powerpc64-ps3-elf/7.2.0/../../../../powerpc64-ps3-elf/lib/libc.a(lib_a-locale.o)
 *fill*         0x000000000001b41c        0x4 60000000
 .text._setlocale_r
                0x000000000001b420       0xb4 /usr/local/ps3dev/ppu/lib/gcc/powerpc64-ps3-elf/7.2.0/../../../../powerpc64-ps3-elf/lib/libc.a(lib_a-locale.o)
                0x000000000001b420                ._setlocale_r
 *fill*         0x000000000001b4d4        0x4 60000000
 .text.__locale_charset
                0x000000000001b4d8       0x14 /usr/local/ps3dev/ppu/lib/gcc/powerpc64-ps3-elf/7.2.0/../../../../powerpc64-ps3-elf/lib/libc.a(lib_a-locale.o)
                0x000000000001b4d8                .__locale_charset
 *fill*         0x000000000001b4ec        0x4 60000000
 .text.__locale_mb_cur_max
                0x000000000001b4f0       0x1c /usr/local/ps3dev/ppu/lib/gcc/powerpc64-ps3-elf/7.2.0/../../../../powerpc64-ps3-elf/lib/libc.a(lib_a-locale.o)
                0x000000000001b4f0                .__locale_mb_cur_max
 *fill*         0x000000000001b50c        0x4 60000000
 .text.__locale_msgcharset
                0x000000000001b510       0x14 /usr/local/ps3dev/ppu/lib/gcc/powerpc64-ps3-elf/7.2.0/../../../../powerpc64-ps3-elf/lib/libc.a(lib_a-locale.o)
                0x000000000001b510                .__locale_msgcharset
 *fill*         0x000000000001b524        0x4 60000000
 .text.__locale_cjk_lang
                0x000000000001b528       0x14 /usr/local/ps3dev/ppu/lib/gcc/powerpc64-ps3-elf/7.2.0/../../../../powerpc64-ps3-elf/lib/libc.a(lib_a-locale.o)
                0x000000000001b528                .__locale_cjk_lang
 *fill*         0x000000000001b53c        0x4 60000000
 .text._localeconv_r
                0x000000000001b540       0x14 /usr/local/ps3dev/ppu/lib/gcc/powerpc64-ps3-elf/7.2.0/../../../../powerpc64-ps3-elf/lib/libc.a(lib_a-locale.o)
                0x000000000001b540                ._localeconv_r
 *fill*         0x000000000001b554        0x4 60000000
 .text.setlocale
                0x000000000001b558       0x50 /usr/local/ps3dev/ppu/lib/gcc/powerpc64-ps3-elf/7.2.0/../../../../powerpc64-ps3-elf/lib/libc.a(lib_a-locale.o)
                0x000000000001b558                .setlocale
 .text.localeconv
                0x000000000001b5a8       0x34 /usr/local/ps3dev/ppu/lib/gcc/powerpc64-ps3-elf/7.2.0/../../../../powerpc64-ps3-elf/lib/libc.a(lib_a-locale.o)
                0x000000000001b5a8                .localeconv
 .text          0x000000000001b5dc        0x0 /usr/local/ps3dev/ppu/lib/gcc/powerpc64-ps3-elf/7.2.0/../../../../powerpc64-ps3-elf/lib/libc.a(lib_a-lock_recursive.o)
 *fill*         0x000000000001b5dc        0x4 60000000
 .text.__libc_lock_init_recursive
                0x000000000001b5e0       0x34 /usr/local/ps3dev/ppu/lib/gcc/powerpc64-ps3-elf/7.2.0/../../../../powerpc64-ps3-elf/lib/libc.a(lib_a-lock_recursive.o)
                0x000000000001b5e0                .__libc_lock_init_recursive
 *fill*         0x000000000001b614        0x4 60000000
 .text.__libc_lock_close_recursive
                0x000000000001b618       0x30 /usr/local/ps3dev/ppu/lib/gcc/powerpc64-ps3-elf/7.2.0/../../../../powerpc64-ps3-elf/lib/libc.a(lib_a-lock_recursive.o)
                0x000000000001b618                .__libc_lock_close_recursive
 .text.__libc_lock_acquire_recursive
                0x000000000001b648       0x58 /usr/local/ps3dev/ppu/lib/gcc/powerpc64-ps3-elf/7.2.0/../../../../powerpc64-ps3-elf/lib/libc.a(lib_a-lock_recursive.o)
                0x000000000001b648                .__libc_lock_acquire_recursive
 .text.__libc_lock_try_acquire_recursive
                0x000000000001b6a0       0x54 /usr/local/ps3dev/ppu/lib/gcc/powerpc64-ps3-elf/7.2.0/../../../../powerpc64-ps3-elf/lib/libc.a(lib_a-lock_recursive.o)
                0x000000000001b6a0                .__libc_lock_try_acquire_recursive
 *fill*         0x000000000001b6f4        0x4 60000000
 .text.__libc_lock_release_recursive
                0x000000000001b6f8       0x54 /usr/local/ps3dev/ppu/lib/gcc/powerpc64-ps3-elf/7.2.0/../../../../powerpc64-ps3-elf/lib/libc.a(lib_a-lock_recursive.o)
                0x000000000001b6f8                .__libc_lock_release_recursive
 .text          0x000000000001b74c        0x0 /usr/local/ps3dev/ppu/lib/gcc/powerpc64-ps3-elf/7.2.0/../../../../powerpc64-ps3-elf/lib/libc.a(lib_a-makebuf.o)
 *fill*         0x000000000001b74c        0x4 60000000
 .text.__smakebuf_r
                0x000000000001b750      0x1f4 /usr/local/ps3dev/ppu/lib/gcc/powerpc64-ps3-elf/7.2.0/../../../../powerpc64-ps3-elf/lib/libc.a(lib_a-makebuf.o)
                0x000000000001b750                .__smakebuf_r
 .text          0x000000000001b944        0x0 /usr/local/ps3dev/ppu/lib/gcc/powerpc64-ps3-elf/7.2.0/../../../../powerpc64-ps3-elf/lib/libc.a(lib_a-mbrtowc.o)
 *fill*         0x000000000001b944        0x4 60000000
 .text._mbrtowc_r
                0x000000000001b948      0x128 /usr/local/ps3dev/ppu/lib/gcc/powerpc64-ps3-elf/7.2.0/../../../../powerpc64-ps3-elf/lib/libc.a(lib_a-mbrtowc.o)
                0x000000000001b948                ._mbrtowc_r
 .text.mbrtowc  0x000000000001ba70      0x164 /usr/local/ps3dev/ppu/lib/gcc/powerpc64-ps3-elf/7.2.0/../../../../powerpc64-ps3-elf/lib/libc.a(lib_a-mbrtowc.o)
                0x000000000001ba70                .mbrtowc
 .text          0x000000000001bbd4        0x0 /usr/local/ps3dev/ppu/lib/gcc/powerpc64-ps3-elf/7.2.0/../../../../powerpc64-ps3-elf/lib/libc.a(lib_a-mbtowc_r.o)
 *fill*         0x000000000001bbd4        0x4 60000000
 .text.__ascii_mbtowc
                0x000000000001bbd8       0x64 /usr/local/ps3dev/ppu/lib/gcc/powerpc64-ps3-elf/7.2.0/../../../../powerpc64-ps3-elf/lib/libc.a(lib_a-mbtowc_r.o)
                0x000000000001bbd8                .__ascii_mbtowc
 *fill*         0x000000000001bc3c        0x4 60000000
 .text._mbtowc_r
                0x000000000001bc40       0x98 /usr/local/ps3dev/ppu/lib/gcc/powerpc64-ps3-elf/7.2.0/../../../../powerpc64-ps3-elf/lib/libc.a(lib_a-mbtowc_r.o)
                0x000000000001bc40                ._mbtowc_r
 .text          0x000000000001bcd8        0x0 /usr/local/ps3dev/ppu/lib/gcc/powerpc64-ps3-elf/7.2.0/../../../../powerpc64-ps3-elf/lib/libc.a(lib_a-memchr.o)
 .text.memchr   0x000000000001bcd8      0x130 /usr/local/ps3dev/ppu/lib/gcc/powerpc64-ps3-elf/7.2.0/../../../../powerpc64-ps3-elf/lib/libc.a(lib_a-memchr.o)
                0x000000000001bcd8                .memchr
 .text          0x000000000001be08        0x0 /usr/local/ps3dev/ppu/lib/gcc/powerpc64-ps3-elf/7.2.0/../../../../powerpc64-ps3-elf/lib/libc.a(lib_a-memcpy.o)
 .text.memcpy   0x000000000001be08      0x11c /usr/local/ps3dev/ppu/lib/gcc/powerpc64-ps3-elf/7.2.0/../../../../powerpc64-ps3-elf/lib/libc.a(lib_a-memcpy.o)
                0x000000000001be08                .memcpy
 .text          0x000000000001bf24        0x0 /usr/local/ps3dev/ppu/lib/gcc/powerpc64-ps3-elf/7.2.0/../../../../powerpc64-ps3-elf/lib/libc.a(lib_a-memmove.o)
 *fill*         0x000000000001bf24        0x4 60000000
 .text.memmove  0x000000000001bf28      0x154 /usr/local/ps3dev/ppu/lib/gcc/powerpc64-ps3-elf/7.2.0/../../../../powerpc64-ps3-elf/lib/libc.a(lib_a-memmove.o)
                0x000000000001bf28                .memmove
 .text          0x000000000001c07c        0x0 /usr/local/ps3dev/ppu/lib/gcc/powerpc64-ps3-elf/7.2.0/../../../../powerpc64-ps3-elf/lib/libc.a(lib_a-mprec.o)
 *fill*         0x000000000001c07c        0x4 60000000
 .text._Balloc  0x000000000001c080       0xfc /usr/local/ps3dev/ppu/lib/gcc/powerpc64-ps3-elf/7.2.0/../../../../powerpc64-ps3-elf/lib/libc.a(lib_a-mprec.o)
                0x000000000001c080                ._Balloc
 *fill*         0x000000000001c17c        0x4 60000000
 .text._Bfree   0x000000000001c180       0x34 /usr/local/ps3dev/ppu/lib/gcc/powerpc64-ps3-elf/7.2.0/../../../../powerpc64-ps3-elf/lib/libc.a(lib_a-mprec.o)
                0x000000000001c180                ._Bfree
 *fill*         0x000000000001c1b4        0x4 60000000
 .text.__multadd
                0x000000000001c1b8      0x164 /usr/local/ps3dev/ppu/lib/gcc/powerpc64-ps3-elf/7.2.0/../../../../powerpc64-ps3-elf/lib/libc.a(lib_a-mprec.o)
                0x000000000001c1b8                .__multadd
 *fill*         0x000000000001c31c        0x4 60000000
 .text.__s2b    0x000000000001c320      0x174 /usr/local/ps3dev/ppu/lib/gcc/powerpc64-ps3-elf/7.2.0/../../../../powerpc64-ps3-elf/lib/libc.a(lib_a-mprec.o)
                0x000000000001c320                .__s2b
 *fill*         0x000000000001c494        0x4 60000000
 .text.__hi0bits
                0x000000000001c498       0x9c /usr/local/ps3dev/ppu/lib/gcc/powerpc64-ps3-elf/7.2.0/../../../../powerpc64-ps3-elf/lib/libc.a(lib_a-mprec.o)
                0x000000000001c498                .__hi0bits
 *fill*         0x000000000001c534        0x4 60000000
 .text.__lo0bits
                0x000000000001c538       0xf4 /usr/local/ps3dev/ppu/lib/gcc/powerpc64-ps3-elf/7.2.0/../../../../powerpc64-ps3-elf/lib/libc.a(lib_a-mprec.o)
                0x000000000001c538                .__lo0bits
 *fill*         0x000000000001c62c        0x4 60000000
 .text.__i2b    0x000000000001c630       0x48 /usr/local/ps3dev/ppu/lib/gcc/powerpc64-ps3-elf/7.2.0/../../../../powerpc64-ps3-elf/lib/libc.a(lib_a-mprec.o)
                0x000000000001c630                .__i2b
 .text.__multiply
                0x000000000001c678      0x2a8 /usr/local/ps3dev/ppu/lib/gcc/powerpc64-ps3-elf/7.2.0/../../../../powerpc64-ps3-elf/lib/libc.a(lib_a-mprec.o)
                0x000000000001c678                .__multiply
 .text.__pow5mult
                0x000000000001c920      0x19c /usr/local/ps3dev/ppu/lib/gcc/powerpc64-ps3-elf/7.2.0/../../../../powerpc64-ps3-elf/lib/libc.a(lib_a-mprec.o)
                0x000000000001c920                .__pow5mult
 *fill*         0x000000000001cabc        0x4 60000000
 .text.__lshift
                0x000000000001cac0      0x1c0 /usr/local/ps3dev/ppu/lib/gcc/powerpc64-ps3-elf/7.2.0/../../../../powerpc64-ps3-elf/lib/libc.a(lib_a-mprec.o)
                0x000000000001cac0                .__lshift
 .text.__mcmp   0x000000000001cc80       0x70 /usr/local/ps3dev/ppu/lib/gcc/powerpc64-ps3-elf/7.2.0/../../../../powerpc64-ps3-elf/lib/libc.a(lib_a-mprec.o)
                0x000000000001cc80                .__mcmp
 .text.__mdiff  0x000000000001ccf0      0x244 /usr/local/ps3dev/ppu/lib/gcc/powerpc64-ps3-elf/7.2.0/../../../../powerpc64-ps3-elf/lib/libc.a(lib_a-mprec.o)
                0x000000000001ccf0                .__mdiff
 *fill*         0x000000000001cf34        0x4 60000000
 .text.__ulp    0x000000000001cf38       0x88 /usr/local/ps3dev/ppu/lib/gcc/powerpc64-ps3-elf/7.2.0/../../../../powerpc64-ps3-elf/lib/libc.a(lib_a-mprec.o)
                0x000000000001cf38                .__ulp
 .text.__b2d    0x000000000001cfc0      0x1a4 /usr/local/ps3dev/ppu/lib/gcc/powerpc64-ps3-elf/7.2.0/../../../../powerpc64-ps3-elf/lib/libc.a(lib_a-mprec.o)
                0x000000000001cfc0                .__b2d
 *fill*         0x000000000001d164        0x4 60000000
 .text.__d2b    0x000000000001d168      0x1ac /usr/local/ps3dev/ppu/lib/gcc/powerpc64-ps3-elf/7.2.0/../../../../powerpc64-ps3-elf/lib/libc.a(lib_a-mprec.o)
                0x000000000001d168                .__d2b
 *fill*         0x000000000001d314        0x4 60000000
 .text.__ratio  0x000000000001d318       0xe8 /usr/local/ps3dev/ppu/lib/gcc/powerpc64-ps3-elf/7.2.0/../../../../powerpc64-ps3-elf/lib/libc.a(lib_a-mprec.o)
                0x000000000001d318                .__ratio
 .text._mprec_log10
                0x000000000001d400       0x54 /usr/local/ps3dev/ppu/lib/gcc/powerpc64-ps3-elf/7.2.0/../../../../powerpc64-ps3-elf/lib/libc.a(lib_a-mprec.o)
                0x000000000001d400                ._mprec_log10
 *fill*         0x000000000001d454        0x4 60000000
 .text.__copybits
                0x000000000001d458       0xa0 /usr/local/ps3dev/ppu/lib/gcc/powerpc64-ps3-elf/7.2.0/../../../../powerpc64-ps3-elf/lib/libc.a(lib_a-mprec.o)
                0x000000000001d458                .__copybits
 .text.__any_on
                0x000000000001d4f8       0xac /usr/local/ps3dev/ppu/lib/gcc/powerpc64-ps3-elf/7.2.0/../../../../powerpc64-ps3-elf/lib/libc.a(lib_a-mprec.o)
                0x000000000001d4f8                .__any_on
 .text          0x000000000001d5a4        0x0 /usr/local/ps3dev/ppu/lib/gcc/powerpc64-ps3-elf/7.2.0/../../../../powerpc64-ps3-elf/lib/libc.a(lib_a-reallocr.o)
 *fill*         0x000000000001d5a4        0x4 60000000
 .text._realloc_r
                0x000000000001d5a8      0x6c4 /usr/local/ps3dev/ppu/lib/gcc/powerpc64-ps3-elf/7.2.0/../../../../powerpc64-ps3-elf/lib/libc.a(lib_a-reallocr.o)
                0x000000000001d5a8                ._realloc_r
 .text          0x000000000001dc6c        0x0 /usr/local/ps3dev/ppu/lib/gcc/powerpc64-ps3-elf/7.2.0/../../../../powerpc64-ps3-elf/lib/libc.a(lib_a-s_fpclassify.o)
 *fill*         0x000000000001dc6c        0x4 60000000
 .text.__fpclassifyd
                0x000000000001dc70       0xb8 /usr/local/ps3dev/ppu/lib/gcc/powerpc64-ps3-elf/7.2.0/../../../../powerpc64-ps3-elf/lib/libc.a(lib_a-s_fpclassify.o)
                0x000000000001dc70                .__fpclassifyd
 .text          0x000000000001dd28        0x0 /usr/local/ps3dev/ppu/lib/gcc/powerpc64-ps3-elf/7.2.0/../../../../powerpc64-ps3-elf/lib/libc.a(lib_a-sccl.o)
 .text.__sccl   0x000000000001dd28      0x120 /usr/local/ps3dev/ppu/lib/gcc/powerpc64-ps3-elf/7.2.0/../../../../powerpc64-ps3-elf/lib/libc.a(lib_a-sccl.o)
                0x000000000001dd28                .__sccl
 .text          0x000000000001de48        0x0 /usr/local/ps3dev/ppu/lib/gcc/powerpc64-ps3-elf/7.2.0/../../../../powerpc64-ps3-elf/lib/libc.a(lib_a-sf_nan.o)
 .text.nanf     0x000000000001de48       0x18 /usr/local/ps3dev/ppu/lib/gcc/powerpc64-ps3-elf/7.2.0/../../../../powerpc64-ps3-elf/lib/libc.a(lib_a-sf_nan.o)
                0x000000000001de48                .nanf
 .text          0x000000000001de60        0x0 /usr/local/ps3dev/ppu/lib/gcc/powerpc64-ps3-elf/7.2.0/../../../../powerpc64-ps3-elf/lib/libc.a(lib_a-sprintf.o)
 .text._sprintf_r
                0x000000000001de60       0x84 /usr/local/ps3dev/ppu/lib/gcc/powerpc64-ps3-elf/7.2.0/../../../../powerpc64-ps3-elf/lib/libc.a(lib_a-sprintf.o)
                0x000000000001de60                ._sprintf_r
 *fill*         0x000000000001dee4        0x4 60000000
 .text.sprintf  0x000000000001dee8       0xa0 /usr/local/ps3dev/ppu/lib/gcc/powerpc64-ps3-elf/7.2.0/../../../../powerpc64-ps3-elf/lib/libc.a(lib_a-sprintf.o)
                0x000000000001dee8                .sprintf
 .text          0x000000000001df88        0x0 /usr/local/ps3dev/ppu/lib/gcc/powerpc64-ps3-elf/7.2.0/../../../../powerpc64-ps3-elf/lib/libc.a(lib_a-strcmp.o)
 .text.strcmp   0x000000000001df88       0xf4 /usr/local/ps3dev/ppu/lib/gcc/powerpc64-ps3-elf/7.2.0/../../../../powerpc64-ps3-elf/lib/libc.a(lib_a-strcmp.o)
                0x000000000001df88                .strcmp
 .text          0x000000000001e07c        0x0 /usr/local/ps3dev/ppu/lib/gcc/powerpc64-ps3-elf/7.2.0/../../../../powerpc64-ps3-elf/lib/libc.a(lib_a-strtod.o)
 *fill*         0x000000000001e07c        0x4 60000000
 .text._strtod_r
                0x000000000001e080     0x1630 /usr/local/ps3dev/ppu/lib/gcc/powerpc64-ps3-elf/7.2.0/../../../../powerpc64-ps3-elf/lib/libc.a(lib_a-strtod.o)
                0x000000000001e080                ._strtod_r
 .text.strtod   0x000000000001f6b0       0x50 /usr/local/ps3dev/ppu/lib/gcc/powerpc64-ps3-elf/7.2.0/../../../../powerpc64-ps3-elf/lib/libc.a(lib_a-strtod.o)
                0x000000000001f6b0                .strtod
 .text.strtof   0x000000000001f700       0x98 /usr/local/ps3dev/ppu/lib/gcc/powerpc64-ps3-elf/7.2.0/../../../../powerpc64-ps3-elf/lib/libc.a(lib_a-strtod.o)
                0x000000000001f700                .strtof
 .text          0x000000000001f798        0x0 /usr/local/ps3dev/ppu/lib/gcc/powerpc64-ps3-elf/7.2.0/../../../../powerpc64-ps3-elf/lib/libc.a(lib_a-strtol.o)
 .text._strtol_r
                0x000000000001f798      0x264 /usr/local/ps3dev/ppu/lib/gcc/powerpc64-ps3-elf/7.2.0/../../../../powerpc64-ps3-elf/lib/libc.a(lib_a-strtol.o)
                0x000000000001f798                ._strtol_r
 *fill*         0x000000000001f9fc        0x4 60000000
 .text.strtol   0x000000000001fa00       0x60 /usr/local/ps3dev/ppu/lib/gcc/powerpc64-ps3-elf/7.2.0/../../../../powerpc64-ps3-elf/lib/libc.a(lib_a-strtol.o)
                0x000000000001fa00                .strtol
 .text          0x000000000001fa60        0x0 /usr/local/ps3dev/ppu/lib/gcc/powerpc64-ps3-elf/7.2.0/../../../../powerpc64-ps3-elf/lib/libc.a(lib_a-strtoll_r.o)
 .text._strtoll_r
                0x000000000001fa60      0x264 /usr/local/ps3dev/ppu/lib/gcc/powerpc64-ps3-elf/7.2.0/../../../../powerpc64-ps3-elf/lib/libc.a(lib_a-strtoll_r.o)
                0x000000000001fa60                ._strtoll_r
 .text          0x000000000001fcc4        0x0 /usr/local/ps3dev/ppu/lib/gcc/powerpc64-ps3-elf/7.2.0/../../../../powerpc64-ps3-elf/lib/libc.a(lib_a-strtoul.o)
 *fill*         0x000000000001fcc4        0x4 60000000
 .text._strtoul_r
                0x000000000001fcc8      0x268 /usr/local/ps3dev/ppu/lib/gcc/powerpc64-ps3-elf/7.2.0/../../../../powerpc64-ps3-elf/lib/libc.a(lib_a-strtoul.o)
                0x000000000001fcc8                ._strtoul_r
 .text.strtoul  0x000000000001ff30       0x60 /usr/local/ps3dev/ppu/lib/gcc/powerpc64-ps3-elf/7.2.0/../../../../powerpc64-ps3-elf/lib/libc.a(lib_a-strtoul.o)
                0x000000000001ff30                .strtoul
 .text          0x000000000001ff90        0x0 /usr/local/ps3dev/ppu/lib/gcc/powerpc64-ps3-elf/7.2.0/../../../../powerpc64-ps3-elf/lib/libc.a(lib_a-strtoull_r.o)
 .text._strtoull_r
                0x000000000001ff90      0x268 /usr/local/ps3dev/ppu/lib/gcc/powerpc64-ps3-elf/7.2.0/../../../../powerpc64-ps3-elf/lib/libc.a(lib_a-strtoull_r.o)
                0x000000000001ff90                ._strtoull_r
 .text          0x00000000000201f8        0x0 /usr/local/ps3dev/ppu/lib/gcc/powerpc64-ps3-elf/7.2.0/../../../../powerpc64-ps3-elf/lib/libc.a(lib_a-svfiscanf.o)
 .text._sungetc_r
                0x00000000000201f8      0x154 /usr/local/ps3dev/ppu/lib/gcc/powerpc64-ps3-elf/7.2.0/../../../../powerpc64-ps3-elf/lib/libc.a(lib_a-svfiscanf.o)
                0x00000000000201f8                ._sungetc_r
 *fill*         0x000000000002034c        0x4 60000000
 .text.__ssrefill_r
                0x0000000000020350       0xa0 /usr/local/ps3dev/ppu/lib/gcc/powerpc64-ps3-elf/7.2.0/../../../../powerpc64-ps3-elf/lib/libc.a(lib_a-svfiscanf.o)
                0x0000000000020350                .__ssrefill_r
 .text._sfread_r
                0x00000000000203f0      0x130 /usr/local/ps3dev/ppu/lib/gcc/powerpc64-ps3-elf/7.2.0/../../../../powerpc64-ps3-elf/lib/libc.a(lib_a-svfiscanf.o)
                0x00000000000203f0                ._sfread_r
 .text.__ssvfiscanf_r
                0x0000000000020520     0x118c /usr/local/ps3dev/ppu/lib/gcc/powerpc64-ps3-elf/7.2.0/../../../../powerpc64-ps3-elf/lib/libc.a(lib_a-svfiscanf.o)
                0x0000000000020520                .__ssvfiscanf_r
 .text          0x00000000000216ac        0x0 /usr/local/ps3dev/ppu/lib/gcc/powerpc64-ps3-elf/7.2.0/../../../../powerpc64-ps3-elf/lib/libc.a(lib_a-svfprintf.o)
 *fill*         0x00000000000216ac        0x4 60000000
 .text._svfprintf_r
                0x00000000000216b0     0x21c4 /usr/local/ps3dev/ppu/lib/gcc/powerpc64-ps3-elf/7.2.0/../../../../powerpc64-ps3-elf/lib/libc.a(lib_a-svfprintf.o)
                0x00000000000216b0                ._svfprintf_r
 .text          0x0000000000023874        0x0 /usr/local/ps3dev/ppu/lib/gcc/powerpc64-ps3-elf/7.2.0/../../../../powerpc64-ps3-elf/lib/libc.a(lib_a-ungetc.o)
 *fill*         0x0000000000023874        0x4 60000000
 .text.__submore
                0x0000000000023878      0x128 /usr/local/ps3dev/ppu/lib/gcc/powerpc64-ps3-elf/7.2.0/../../../../powerpc64-ps3-elf/lib/libc.a(lib_a-ungetc.o)
                0x0000000000023878                .__submore
 .text._ungetc_r
                0x00000000000239a0      0x2a8 /usr/local/ps3dev/ppu/lib/gcc/powerpc64-ps3-elf/7.2.0/../../../../powerpc64-ps3-elf/lib/libc.a(lib_a-ungetc.o)
                0x00000000000239a0                ._ungetc_r
 .text.ungetc   0x0000000000023c48       0x50 /usr/local/ps3dev/ppu/lib/gcc/powerpc64-ps3-elf/7.2.0/../../../../powerpc64-ps3-elf/lib/libc.a(lib_a-ungetc.o)
                0x0000000000023c48                .ungetc
 .text          0x0000000000023c98        0x0 /usr/local/ps3dev/ppu/lib/gcc/powerpc64-ps3-elf/7.2.0/../../../../powerpc64-ps3-elf/lib/libc.a(lib_a-vfiprintf.o)
 .text.__sprint_r.part.0
                0x0000000000023c98      0x160 /usr/local/ps3dev/ppu/lib/gcc/powerpc64-ps3-elf/7.2.0/../../../../powerpc64-ps3-elf/lib/libc.a(lib_a-vfiprintf.o)
 .text.__sprint_r
                0x0000000000023df8       0x28 /usr/local/ps3dev/ppu/lib/gcc/powerpc64-ps3-elf/7.2.0/../../../../powerpc64-ps3-elf/lib/libc.a(lib_a-vfiprintf.o)
                0x0000000000023df8                .__sprint_r
 .text._vfiprintf_r
                0x0000000000023e20     0x1500 /usr/local/ps3dev/ppu/lib/gcc/powerpc64-ps3-elf/7.2.0/../../../../powerpc64-ps3-elf/lib/libc.a(lib_a-vfiprintf.o)
                0x0000000000023e20                ._vfiprintf_r
 .text.vfiprintf
                0x0000000000025320       0x60 /usr/local/ps3dev/ppu/lib/gcc/powerpc64-ps3-elf/7.2.0/../../../../powerpc64-ps3-elf/lib/libc.a(lib_a-vfiprintf.o)
                0x0000000000025320                .vfiprintf
 .text          0x0000000000025380        0x0 /usr/local/ps3dev/ppu/lib/gcc/powerpc64-ps3-elf/7.2.0/../../../../powerpc64-ps3-elf/lib/libc.a(lib_a-__atexit.o)
 .text.__register_exitproc
                0x0000000000025380      0x184 /usr/local/ps3dev/ppu/lib/gcc/powerpc64-ps3-elf/7.2.0/../../../../powerpc64-ps3-elf/lib/libc.a(lib_a-__atexit.o)
                0x0000000000025380                .__register_exitproc
 .text          0x0000000000025504        0x0 /usr/local/ps3dev/ppu/lib/gcc/powerpc64-ps3-elf/7.2.0/../../../../powerpc64-ps3-elf/lib/libc.a(lib_a-fclose.o)
 *fill*         0x0000000000025504        0x4 60000000
 .text._fclose_r
                0x0000000000025508      0x1e8 /usr/local/ps3dev/ppu/lib/gcc/powerpc64-ps3-elf/7.2.0/../../../../powerpc64-ps3-elf/lib/libc.a(lib_a-fclose.o)
                0x0000000000025508                ._fclose_r
 .text.fclose   0x00000000000256f0       0x40 /usr/local/ps3dev/ppu/lib/gcc/powerpc64-ps3-elf/7.2.0/../../../../powerpc64-ps3-elf/lib/libc.a(lib_a-fclose.o)
                0x00000000000256f0                .fclose
 .text          0x0000000000025730        0x0 /usr/local/ps3dev/ppu/lib/gcc/powerpc64-ps3-elf/7.2.0/../../../../powerpc64-ps3-elf/lib/libc.a(lib_a-fputwc.o)
 .text._fputwc_r
                0x0000000000025730      0x238 /usr/local/ps3dev/ppu/lib/gcc/powerpc64-ps3-elf/7.2.0/../../../../powerpc64-ps3-elf/lib/libc.a(lib_a-fputwc.o)
                0x0000000000025730                ._fputwc_r
 .text.fputwc   0x0000000000025968       0xac /usr/local/ps3dev/ppu/lib/gcc/powerpc64-ps3-elf/7.2.0/../../../../powerpc64-ps3-elf/lib/libc.a(lib_a-fputwc.o)
                0x0000000000025968                .fputwc
 .text          0x0000000000025a14        0x0 /usr/local/ps3dev/ppu/lib/gcc/powerpc64-ps3-elf/7.2.0/../../../../powerpc64-ps3-elf/lib/libc.a(lib_a-gdtoa-gethex.o)
 *fill*         0x0000000000025a14        0x4 60000000
 .text.rshift   0x0000000000025a18      0x184 /usr/local/ps3dev/ppu/lib/gcc/powerpc64-ps3-elf/7.2.0/../../../../powerpc64-ps3-elf/lib/libc.a(lib_a-gdtoa-gethex.o)
 *fill*         0x0000000000025b9c        0x4 60000000
 .text.__hexdig_init
                0x0000000000025ba0       0xa0 /usr/local/ps3dev/ppu/lib/gcc/powerpc64-ps3-elf/7.2.0/../../../../powerpc64-ps3-elf/lib/libc.a(lib_a-gdtoa-gethex.o)
                0x0000000000025ba0                .__hexdig_init
 .text.__gethex
                0x0000000000025c40      0x950 /usr/local/ps3dev/ppu/lib/gcc/powerpc64-ps3-elf/7.2.0/../../../../powerpc64-ps3-elf/lib/libc.a(lib_a-gdtoa-gethex.o)
                0x0000000000025c40                .__gethex
 .text          0x0000000000026590        0x0 /usr/local/ps3dev/ppu/lib/gcc/powerpc64-ps3-elf/7.2.0/../../../../powerpc64-ps3-elf/lib/libc.a(lib_a-gdtoa-hexnan.o)
 .text.__hexnan
                0x0000000000026590      0x384 /usr/local/ps3dev/ppu/lib/gcc/powerpc64-ps3-elf/7.2.0/../../../../powerpc64-ps3-elf/lib/libc.a(lib_a-gdtoa-hexnan.o)
                0x0000000000026590                .__hexnan
 .text          0x0000000000026914        0x0 /usr/local/ps3dev/ppu/lib/gcc/powerpc64-ps3-elf/7.2.0/../../../../powerpc64-ps3-elf/lib/libc.a(lib_a-lock_internal.o)
 *fill*         0x0000000000026914        0x4 60000000
 .text.startup.init_metalock
                0x0000000000026918       0x48 /usr/local/ps3dev/ppu/lib/gcc/powerpc64-ps3-elf/7.2.0/../../../../powerpc64-ps3-elf/lib/libc.a(lib_a-lock_internal.o)
 .text.__libc_auto_lock_allocate
                0x0000000000026960       0x9c /usr/local/ps3dev/ppu/lib/gcc/powerpc64-ps3-elf/7.2.0/../../../../powerpc64-ps3-elf/lib/libc.a(lib_a-lock_internal.o)
                0x0000000000026960                .__libc_auto_lock_allocate
 .text          0x00000000000269fc        0x0 /usr/local/ps3dev/ppu/lib/gcc/powerpc64-ps3-elf/7.2.0/../../../../powerpc64-ps3-elf/lib/libc.a(lib_a-strncmp.o)
 *fill*         0x00000000000269fc        0x4 60000000
 .text.strncmp  0x0000000000026a00      0x12c /usr/local/ps3dev/ppu/lib/gcc/powerpc64-ps3-elf/7.2.0/../../../../powerpc64-ps3-elf/lib/libc.a(lib_a-strncmp.o)
                0x0000000000026a00                .strncmp
 .text          0x0000000000026b2c        0x0 /usr/local/ps3dev/ppu/lib/gcc/powerpc64-ps3-elf/7.2.0/../../../../powerpc64-ps3-elf/lib/libc.a(lib_a-svfiprintf.o)
 *fill*         0x0000000000026b2c        0x4 60000000
 .text.__ssprint_r
                0x0000000000026b30      0x2b4 /usr/local/ps3dev/ppu/lib/gcc/powerpc64-ps3-elf/7.2.0/../../../../powerpc64-ps3-elf/lib/libc.a(lib_a-svfiprintf.o)
                0x0000000000026b30                .__ssprint_r
 *fill*         0x0000000000026de4        0x4 60000000
 .text._svfiprintf_r
                0x0000000000026de8     0x1148 /usr/local/ps3dev/ppu/lib/gcc/powerpc64-ps3-elf/7.2.0/../../../../powerpc64-ps3-elf/lib/libc.a(lib_a-svfiprintf.o)
                0x0000000000026de8                ._svfiprintf_r
 .text          0x0000000000027f30        0x0 /usr/local/ps3dev/ppu/lib/gcc/powerpc64-ps3-elf/7.2.0/../../../../powerpc64-ps3-elf/lib/libc.a(lib_a-wbuf.o)
 .text.__swbuf_r
                0x0000000000027f30      0x200 /usr/local/ps3dev/ppu/lib/gcc/powerpc64-ps3-elf/7.2.0/../../../../powerpc64-ps3-elf/lib/libc.a(lib_a-wbuf.o)
                0x0000000000027f30                .__swbuf_r
 .text.__swbuf  0x0000000000028130       0x50 /usr/local/ps3dev/ppu/lib/gcc/powerpc64-ps3-elf/7.2.0/../../../../powerpc64-ps3-elf/lib/libc.a(lib_a-wbuf.o)
                0x0000000000028130                .__swbuf
 .text          0x0000000000028180        0x0 /usr/local/ps3dev/ppu/lib/gcc/powerpc64-ps3-elf/7.2.0/../../../../powerpc64-ps3-elf/lib/libc.a(lib_a-wcrtomb.o)
 .text._wcrtomb_r
                0x0000000000028180      0x11c /usr/local/ps3dev/ppu/lib/gcc/powerpc64-ps3-elf/7.2.0/../../../../powerpc64-ps3-elf/lib/libc.a(lib_a-wcrtomb.o)
                0x0000000000028180                ._wcrtomb_r
 *fill*         0x000000000002829c        0x4 60000000
 .text.wcrtomb  0x00000000000282a0      0x150 /usr/local/ps3dev/ppu/lib/gcc/powerpc64-ps3-elf/7.2.0/../../../../powerpc64-ps3-elf/lib/libc.a(lib_a-wcrtomb.o)
                0x00000000000282a0                .wcrtomb
 .text          0x00000000000283f0        0x0 /usr/local/ps3dev/ppu/lib/gcc/powerpc64-ps3-elf/7.2.0/../../../../powerpc64-ps3-elf/lib/libc.a(lib_a-wctomb_r.o)
 .text.__ascii_wctomb
                0x00000000000283f0       0x44 /usr/local/ps3dev/ppu/lib/gcc/powerpc64-ps3-elf/7.2.0/../../../../powerpc64-ps3-elf/lib/libc.a(lib_a-wctomb_r.o)
                0x00000000000283f0                .__ascii_wctomb
 *fill*         0x0000000000028434        0x4 60000000
 .text._wctomb_r
                0x0000000000028438       0x90 /usr/local/ps3dev/ppu/lib/gcc/powerpc64-ps3-elf/7.2.0/../../../../powerpc64-ps3-elf/lib/libc.a(lib_a-wctomb_r.o)
                0x0000000000028438                ._wctomb_r
 .text          0x00000000000284c8        0x0 /usr/local/ps3dev/ppu/lib/gcc/powerpc64-ps3-elf/7.2.0/../../../../powerpc64-ps3-elf/lib/libc.a(lib_a-abort.o)
 .text.abort    0x00000000000284c8       0x30 /usr/local/ps3dev/ppu/lib/gcc/powerpc64-ps3-elf/7.2.0/../../../../powerpc64-ps3-elf/lib/libc.a(lib_a-abort.o)
                0x00000000000284c8                .abort
 .text          0x00000000000284f8        0x0 /usr/local/ps3dev/ppu/lib/gcc/powerpc64-ps3-elf/7.2.0/../../../../powerpc64-ps3-elf/lib/libc.a(lib_a-signal.o)
 .text._init_signal_r.part.0
                0x00000000000284f8       0x74 /usr/local/ps3dev/ppu/lib/gcc/powerpc64-ps3-elf/7.2.0/../../../../powerpc64-ps3-elf/lib/libc.a(lib_a-signal.o)
 *fill*         0x000000000002856c        0x4 60000000
 .text._init_signal_r
                0x0000000000028570       0x28 /usr/local/ps3dev/ppu/lib/gcc/powerpc64-ps3-elf/7.2.0/../../../../powerpc64-ps3-elf/lib/libc.a(lib_a-signal.o)
                0x0000000000028570                ._init_signal_r
 .text._signal_r
                0x0000000000028598       0x98 /usr/local/ps3dev/ppu/lib/gcc/powerpc64-ps3-elf/7.2.0/../../../../powerpc64-ps3-elf/lib/libc.a(lib_a-signal.o)
                0x0000000000028598                ._signal_r
 .text._raise_r
                0x0000000000028630      0x13c /usr/local/ps3dev/ppu/lib/gcc/powerpc64-ps3-elf/7.2.0/../../../../powerpc64-ps3-elf/lib/libc.a(lib_a-signal.o)
                0x0000000000028630                ._raise_r
 *fill*         0x000000000002876c        0x4 60000000
 .text.__sigtramp_r
                0x0000000000028770       0xfc /usr/local/ps3dev/ppu/lib/gcc/powerpc64-ps3-elf/7.2.0/../../../../powerpc64-ps3-elf/lib/libc.a(lib_a-signal.o)
                0x0000000000028770                .__sigtramp_r
 *fill*         0x000000000002886c        0x4 60000000
 .text.raise    0x0000000000028870       0x40 /usr/local/ps3dev/ppu/lib/gcc/powerpc64-ps3-elf/7.2.0/../../../../powerpc64-ps3-elf/lib/libc.a(lib_a-signal.o)
                0x0000000000028870                .raise
 .text.signal   0x00000000000288b0       0xbc /usr/local/ps3dev/ppu/lib/gcc/powerpc64-ps3-elf/7.2.0/../../../../powerpc64-ps3-elf/lib/libc.a(lib_a-signal.o)
                0x00000000000288b0                .signal
 *fill*         0x000000000002896c        0x4 60000000
 .text._init_signal
                0x0000000000028970       0x54 /usr/local/ps3dev/ppu/lib/gcc/powerpc64-ps3-elf/7.2.0/../../../../powerpc64-ps3-elf/lib/libc.a(lib_a-signal.o)
                0x0000000000028970                ._init_signal
 *fill*         0x00000000000289c4        0x4 60000000
 .text.__sigtramp
                0x00000000000289c8       0x40 /usr/local/ps3dev/ppu/lib/gcc/powerpc64-ps3-elf/7.2.0/../../../../powerpc64-ps3-elf/lib/libc.a(lib_a-signal.o)
                0x00000000000289c8                .__sigtramp
 .text          0x0000000000028a08        0x0 /usr/local/ps3dev/ppu/lib/gcc/powerpc64-ps3-elf/7.2.0/../../../../powerpc64-ps3-elf/lib/libsysbase.a(close.o)
 .text._close_r
                0x0000000000028a08       0x68 /usr/local/ps3dev/ppu/lib/gcc/powerpc64-ps3-elf/7.2.0/../../../../powerpc64-ps3-elf/lib/libsysbase.a(close.o)
                0x0000000000028a08                ._close_r
 .text          0x0000000000028a70        0x0 /usr/local/ps3dev/ppu/lib/gcc/powerpc64-ps3-elf/7.2.0/../../../../powerpc64-ps3-elf/lib/libsysbase.a(sbrk.o)
 .text._sbrk_r  0x0000000000028a70       0x68 /usr/local/ps3dev/ppu/lib/gcc/powerpc64-ps3-elf/7.2.0/../../../../powerpc64-ps3-elf/lib/libsysbase.a(sbrk.o)
                0x0000000000028a70                ._sbrk_r
 .text          0x0000000000028ad8        0x0 /usr/local/ps3dev/ppu/lib/gcc/powerpc64-ps3-elf/7.2.0/../../../../powerpc64-ps3-elf/lib/libsysbase.a(_exit.o)
 .text._exit    0x0000000000028ad8       0x4c /usr/local/ps3dev/ppu/lib/gcc/powerpc64-ps3-elf/7.2.0/../../../../powerpc64-ps3-elf/lib/libsysbase.a(_exit.o)
                0x0000000000028ad8                ._exit
 .text          0x0000000000028b24        0x0 /usr/local/ps3dev/ppu/lib/gcc/powerpc64-ps3-elf/7.2.0/../../../../powerpc64-ps3-elf/lib/libsysbase.a(fstat.o)
 *fill*         0x0000000000028b24        0x4 60000000
 .text._fstat_r
                0x0000000000028b28       0x68 /usr/local/ps3dev/ppu/lib/gcc/powerpc64-ps3-elf/7.2.0/../../../../powerpc64-ps3-elf/lib/libsysbase.a(fstat.o)
                0x0000000000028b28                ._fstat_r
 .text          0x0000000000028b90        0x0 /usr/local/ps3dev/ppu/lib/gcc/powerpc64-ps3-elf/7.2.0/../../../../powerpc64-ps3-elf/lib/libsysbase.a(isatty.o)
 .text._isatty_r
                0x0000000000028b90       0x68 /usr/local/ps3dev/ppu/lib/gcc/powerpc64-ps3-elf/7.2.0/../../../../powerpc64-ps3-elf/lib/libsysbase.a(isatty.o)
                0x0000000000028b90                ._isatty_r
 .text          0x0000000000028bf8        0x0 /usr/local/ps3dev/ppu/lib/gcc/powerpc64-ps3-elf/7.2.0/../../../../powerpc64-ps3-elf/lib/libsysbase.a(lseek.o)
 .text._lseek_r
                0x0000000000028bf8       0x68 /usr/local/ps3dev/ppu/lib/gcc/powerpc64-ps3-elf/7.2.0/../../../../powerpc64-ps3-elf/lib/libsysbase.a(lseek.o)
                0x0000000000028bf8                ._lseek_r
 .text          0x0000000000028c60        0x0 /usr/local/ps3dev/ppu/lib/gcc/powerpc64-ps3-elf/7.2.0/../../../../powerpc64-ps3-elf/lib/libsysbase.a(read.o)
 .text._read_r  0x0000000000028c60       0x68 /usr/local/ps3dev/ppu/lib/gcc/powerpc64-ps3-elf/7.2.0/../../../../powerpc64-ps3-elf/lib/libsysbase.a(read.o)
                0x0000000000028c60                ._read_r
 .text          0x0000000000028cc8        0x0 /usr/local/ps3dev/ppu/lib/gcc/powerpc64-ps3-elf/7.2.0/../../../../powerpc64-ps3-elf/lib/libsysbase.a(write.o)
 .text._write_r
                0x0000000000028cc8       0x68 /usr/local/ps3dev/ppu/lib/gcc/powerpc64-ps3-elf/7.2.0/../../../../powerpc64-ps3-elf/lib/libsysbase.a(write.o)
                0x0000000000028cc8                ._write_r
 .text          0x0000000000028d30        0x0 /usr/local/ps3dev/ppu/lib/gcc/powerpc64-ps3-elf/7.2.0/../../../../powerpc64-ps3-elf/lib/libsysbase.a(lock.o)
 .text.sys_lwmutex_create
                0x0000000000028d30       0x90 /usr/local/ps3dev/ppu/lib/gcc/powerpc64-ps3-elf/7.2.0/../../../../powerpc64-ps3-elf/lib/libsysbase.a(lock.o)
                0x0000000000028d30                .sys_lwmutex_create
 .text.sys_lwmutex_destroy
                0x0000000000028dc0       0x80 /usr/local/ps3dev/ppu/lib/gcc/powerpc64-ps3-elf/7.2.0/../../../../powerpc64-ps3-elf/lib/libsysbase.a(lock.o)
                0x0000000000028dc0                .sys_lwmutex_destroy
 .text.sys_lwmutex_lock
                0x0000000000028e40       0x90 /usr/local/ps3dev/ppu/lib/gcc/powerpc64-ps3-elf/7.2.0/../../../../powerpc64-ps3-elf/lib/libsysbase.a(lock.o)
                0x0000000000028e40                .sys_lwmutex_lock
 .text.sys_lwmutex_trylock
                0x0000000000028ed0       0x80 /usr/local/ps3dev/ppu/lib/gcc/powerpc64-ps3-elf/7.2.0/../../../../powerpc64-ps3-elf/lib/libsysbase.a(lock.o)
                0x0000000000028ed0                .sys_lwmutex_trylock
 .text.sys_lwmutex_unlock
                0x0000000000028f50       0x80 /usr/local/ps3dev/ppu/lib/gcc/powerpc64-ps3-elf/7.2.0/../../../../powerpc64-ps3-elf/lib/libsysbase.a(lock.o)
                0x0000000000028f50                .sys_lwmutex_unlock
 .text          0x0000000000028fd0        0x0 /usr/local/ps3dev/ppu/lib/gcc/powerpc64-ps3-elf/7.2.0/../../../../powerpc64-ps3-elf/lib/libsysbase.a(getpid.o)
 .text._getpid_r
                0x0000000000028fd0       0x68 /usr/local/ps3dev/ppu/lib/gcc/powerpc64-ps3-elf/7.2.0/../../../../powerpc64-ps3-elf/lib/libsysbase.a(getpid.o)
                0x0000000000028fd0                ._getpid_r
 .text          0x0000000000029038        0x0 /usr/local/ps3dev/ppu/lib/gcc/powerpc64-ps3-elf/7.2.0/../../../../powerpc64-ps3-elf/lib/libsysbase.a(kill.o)
 .text._kill_r  0x0000000000029038       0x1c /usr/local/ps3dev/ppu/lib/gcc/powerpc64-ps3-elf/7.2.0/../../../../powerpc64-ps3-elf/lib/libsysbase.a(kill.o)
                0x0000000000029038                ._kill_r
 .text          0x0000000000029054        0x0 /usr/local/ps3dev/ppu/lib/gcc/powerpc64-ps3-elf/7.2.0/crtend.o
 *fill*         0x0000000000029054        0x4 60000000
 .text.__do_global_ctors_aux
                0x0000000000029058       0x64 /usr/local/ps3dev/ppu/lib/gcc/powerpc64-ps3-elf/7.2.0/crtend.o
 .text          0x00000000000290bc        0x0 /usr/local/ps3dev/ppu/lib/gcc/powerpc64-ps3-elf/7.2.0/../../../../powerpc64-ps3-elf/lib/lv2-crtn.o
 *(.text.*personality*)
 *(.gnu.warning)
 *(.sfpr .glink)
 .sfpr          0x0000000000000000        0x0 linker stubs
 *fill*         0x00000000000290bc        0x0 60000000
 .glink         0x0000000000000000        0x0 linker stubs

.fini           0x00000000000290bc       0x2c
 *(.fini)
 .fini          0x00000000000290bc        0xc /usr/local/ps3dev/ppu/lib/gcc/powerpc64-ps3-elf/7.2.0/../../../../powerpc64-ps3-elf/lib/lv2-crti.o
                0x00000000000290bc                ._fini
 .fini          0x00000000000290c8        0x8 /usr/local/ps3dev/ppu/lib/gcc/powerpc64-ps3-elf/7.2.0/crtbegin.o
 .fini          0x00000000000290d0        0x8 /usr/local/ps3dev/psl1ght/ppu/lib/librt.a(sbrk.o)
 .fini          0x00000000000290d8       0x10 /usr/local/ps3dev/ppu/lib/gcc/powerpc64-ps3-elf/7.2.0/../../../../powerpc64-ps3-elf/lib/lv2-crtn.o

.sceStub.text   0x00000000000290e8     0x1dc0
 *(.sceStub.text)
 .sceStub.text  0x00000000000290e8     0x1dc0 /usr/local/ps3dev/psl1ght/ppu/lib/liblv2.a(sprx.o)
                0x00000000000290e8                __sysGetSystemTime
                0x0000000000029128                __sysGetSystemSwVersion
                0x0000000000029168                __sysGetTemperature
                0x00000000000291a8                __sysGetRandomNumber
                0x00000000000291e8                __sysGetRtcStatus
                0x0000000000029228                __sysBoardStorageRead
                0x0000000000029268                __sysBoardStorageWrite
                0x00000000000292a8                __sysProcessIsStack
                0x00000000000292e8                .sysProcessExit
                0x00000000000292e8                __sysProcessExit
                0x0000000000029328                __sysProcessExitspawn
                0x0000000000029368                __sysProcessExitSpawn2Ex
                0x00000000000293a8                __sysProcessExitSpawnWithLevel
                0x00000000000293e8                __sysProcessAtExitSpawn
                0x0000000000029428                __sysProcess_At_ExitSpawn
                0x0000000000029468                __sysPrxRegisterLibrary
                0x00000000000294a8                __sysPrxUnregisterLibrary
                0x00000000000294e8                __sysPrxStartModule
                0x0000000000029528                __sysPrxStopModule
                0x0000000000029568                __sysPrxLoadModule
                0x00000000000295a8                __sysPrxLoadModuleByFd
                0x00000000000295e8                __sysPrxLoadModuleList
                0x0000000000029628                __sysPrxLoadModuleListOnMemcontainer
                0x0000000000029668                __sysPrxLoadModuleOnMemcontainer
                0x00000000000296a8                __sysPrxLoadModuleOnMemcontainerByFd
                0x00000000000296e8                __sysPrxGetModuleInfo
                0x0000000000029728                __sysPrxGetModuleList
                0x0000000000029768                __sysPrxGetModuleId
                0x00000000000297a8                __sysPrxGetModuleIdByAddress
                0x00000000000297e8                __sysPrxGetModuleIdByName
                0x0000000000029828                __sysPrxUnloadModule
                0x0000000000029868                __sysPrxExitSpawnWithLevel
                0x00000000000298a8                __sysThreadCreateEx
                0x00000000000298e8                __sysThreadExit
                0x0000000000029928                __sysThreadGetId
                0x0000000000029968                __sysThreadOnce
                0x00000000000299a8                __sysThreadInitialzeTLS
                0x00000000000299e8                __sysThreadRegisterAtexit
                0x0000000000029a28                __sysThreadUnregisterAtexit
                0x0000000000029a68                __sysInterruptThreadDisestablish
                0x0000000000029aa8                __sysLwMutexCreate
                0x0000000000029aa8                .sysLwMutexCreate
                0x0000000000029ae8                .sysLwMutexDestroy
                0x0000000000029ae8                __sysLwMutexDestroy
                0x0000000000029b28                .sysLwMutexLock
                0x0000000000029b28                __sysLwMutexLock
                0x0000000000029b68                .sysLwMutexTryLock
                0x0000000000029b68                __sysLwMutexTryLock
                0x0000000000029ba8                __sysLwMutexUnlock
                0x0000000000029ba8                .sysLwMutexUnlock
                0x0000000000029be8                __sysLwCondCreate
                0x0000000000029c28                __sysLwCondWait
                0x0000000000029c68                __sysLwCondSignal
                0x0000000000029ca8                __sysLwCondSignalTo
                0x0000000000029ce8                __sysLwCondSignalAll
                0x0000000000029d28                __sysLwCondDestroy
                0x0000000000029d68                .sysSpinlockInitialize
                0x0000000000029d68                __sysSpinlockInitialize
                0x0000000000029da8                .sysSpinlockLock
                0x0000000000029da8                __sysSpinlockLock
                0x0000000000029de8                __sysSpinlockTryLock
                0x0000000000029e28                .sysSpinlockUnlock
                0x0000000000029e28                __sysSpinlockUnlock
                0x0000000000029e68                __sysWatchdogClear
                0x0000000000029ea8                __sysWatchdogStart
                0x0000000000029ee8                __sysWatchdogStop
                0x0000000000029f28                __sysMalloc
                0x0000000000029f68                __sysMemalign
                0x0000000000029fa8                __sysMemchr
                0x0000000000029fe8                __sysMemcmp
                0x000000000002a028                __sysMemcpy
                0x000000000002a068                __sysMemmove
                0x000000000002a0a8                __sysMemset
                0x000000000002a0e8                __sysFree
                0x000000000002a128                __sysHeapAllocHeapMemory
                0x000000000002a168                __sysHeapCreateHeap
                0x000000000002a1a8                __sysHeapDeleteHeap
                0x000000000002a1e8                __sysHeapFree
                0x000000000002a228                __sysHeapGetMallInfo
                0x000000000002a268                __sysHeapGetTotalFreeSize
                0x000000000002a2a8                __sysHeapMalloc
                0x000000000002a2e8                __sysHeapMemalign
                0x000000000002a328                __sysHeapStats
                0x000000000002a368                __sysQsort
                0x000000000002a3a8                __sysMempoolCreate
                0x000000000002a3e8                __sysMempoolDestroy
                0x000000000002a428                __sysMempoolGetCount
                0x000000000002a468                __sysMempoolAllocateBlock
                0x000000000002a4a8                __sysMempoolTryAllocateBlock
                0x000000000002a4e8                __sysMempoolFreeBlock
                0x000000000002a528                .sysMMapperFreeMemory
                0x000000000002a528                __sysMMapperFreeMemory
                0x000000000002a568                __sysMMapperMapMemory
                0x000000000002a5a8                .sysMMapperUnmapMemory
                0x000000000002a5a8                __sysMMapperUnmapMemory
                0x000000000002a5e8                __sysMMapperAllocateMemory
                0x000000000002a5e8                .sysMMapperAllocateMemory
                0x000000000002a628                __sysMMapperAllocateMemoryFromContainer
                0x000000000002a668                __sysStrlen
                0x000000000002a6a8                __sysStrcpy
                0x000000000002a6e8                __sysStrncpy
                0x000000000002a728                __sysStrcat
                0x000000000002a768                __sysStrncat
                0x000000000002a7a8                __sysStrchr
                0x000000000002a7e8                __sysStrrchr
                0x000000000002a828                __sysStrcmp
                0x000000000002a868                __sysStrncmp
                0x000000000002a8a8                __sysStrncasecmp
                0x000000000002a8e8                __sysToLower
                0x000000000002a928                __sysToUpper
                0x000000000002a968                __sysSpuElfGetSegments
                0x000000000002a9a8                __sysSpuElfGetInformation
                0x000000000002a9e8                __sysSpuRawLoad
                0x000000000002aa28                __sysSpuRawImageLoad
                0x000000000002aa68                .sysSpuImageClose
                0x000000000002aa68                __sysSpuImageClose
                0x000000000002aaa8                __sysSpuImageImport
                0x000000000002aaa8                .sysSpuImageImport
                0x000000000002aae8                __sysSpuPrintfAttachGroup
                0x000000000002ab28                __sysSpuPrintfAttachThread
                0x000000000002ab68                __sysSpuPrintfDetachGroup
                0x000000000002aba8                __sysSpuPrintfDetach_Tread
                0x000000000002abe8                __sysSpuPrintfFinalize
                0x000000000002ac28                __sysSpuPrintfInitialize
                0x000000000002ac68                __sysConsoleGetc
                0x000000000002aca8                __sysConsolePutc
                0x000000000002ace8                __sysConsoleWrite
                0x000000000002ad28                __sysPrintf
                0x000000000002ad68                __sysSprintf
                0x000000000002ada8                __sysSnprintf
                0x000000000002ade8                __sysVprintf
                0x000000000002ae28                __sysVsprintf
                0x000000000002ae68                __sysVsnprintf
 *(SORT(.sceStub.text.*))
                0x000000000002aea8                PROVIDE (__etext, .)
                0x000000000002aea8                PROVIDE (_etext, .)
                0x000000000002aea8                PROVIDE (etext, .)

.eh_frame_hdr   0x000000000002aea8        0x0
 *(.eh_frame_hdr)
 .eh_frame_hdr  0x0000000000000000        0x0 /usr/local/ps3dev/ppu/lib/gcc/powerpc64-ps3-elf/7.2.0/../../../../powerpc64-ps3-elf/lib/lv2-crtn.o

.eh_frame       0x000000000002aea8        0x4
 *(.eh_frame)
 .eh_frame      0x000000000002aea8        0x0 linker stubs
 .eh_frame      0x000000000002aea8        0x0 /usr/local/ps3dev/ppu/lib/gcc/powerpc64-ps3-elf/7.2.0/crtbegin.o
 .eh_frame      0x000000000002aea8        0x4 /usr/local/ps3dev/ppu/lib/gcc/powerpc64-ps3-elf/7.2.0/crtend.o

.gcc_except_table
 *(.gcc_except_table .gcc_except_table.*)

.rodata.sceResident
                0x000000000002aeac       0x12
 *(.rodata.sceResident)
 .rodata.sceResident
                0x000000000002aeac       0x12 /usr/local/ps3dev/psl1ght/ppu/lib/liblv2.a(sprx.o)

.rodata.sceFNID
                0x000000000002aec0      0x1dc
 *(.rodata.sceFNID .rodata.sceFNID.*)
 .rodata.sceFNID
                0x000000000002aec0      0x1dc /usr/local/ps3dev/psl1ght/ppu/lib/liblv2.a(sprx.o)
                0x000000000002aec0                sysPrxForUser
                0x000000000002aec0                sysGetSystemTime_fnid
                0x000000000002aec4                sysGetSystemSwVersion_fnid
                0x000000000002aec8                sysGetTemperature_fnid
                0x000000000002aecc                sysGetRandomNumber_fnid
                0x000000000002aed0                sysGetRtcStatus_fnid
                0x000000000002aed4                sysBoardStorageRead_fnid
                0x000000000002aed8                sysBoardStorageWrite_fnid
                0x000000000002aedc                sysProcessIsStack_fnid
                0x000000000002aee0                sysProcessExit_fnid
                0x000000000002aee4                sysProcessExitspawn_fnid
                0x000000000002aee8                sysProcessExitSpawn2Ex_fnid
                0x000000000002aeec                sysProcessExitSpawnWithLevel_fnid
                0x000000000002aef0                sysProcessAtExitSpawn_fnid
                0x000000000002aef4                sysProcess_At_ExitSpawn_fnid
                0x000000000002aef8                sysPrxRegisterLibrary_fnid
                0x000000000002aefc                sysPrxUnregisterLibrary_fnid
                0x000000000002af00                sysPrxStartModule_fnid
                0x000000000002af04                sysPrxStopModule_fnid
                0x000000000002af08                sysPrxLoadModule_fnid
                0x000000000002af0c                sysPrxLoadModuleByFd_fnid
                0x000000000002af10                sysPrxLoadModuleList_fnid
                0x000000000002af14                sysPrxLoadModuleListOnMemcontainer_fnid
                0x000000000002af18                sysPrxLoadModuleOnMemcontainer_fnid
                0x000000000002af1c                sysPrxLoadModuleOnMemcontainerByFd_fnid
                0x000000000002af20                sysPrxGetModuleInfo_fnid
                0x000000000002af24                sysPrxGetModuleList_fnid
                0x000000000002af28                sysPrxGetModuleId_fnid
                0x000000000002af2c                sysPrxGetModuleIdByAddress_fnid
                0x000000000002af30                sysPrxGetModuleIdByName_fnid
                0x000000000002af34                sysPrxUnloadModule_fnid
                0x000000000002af38                sysPrxExitSpawnWithLevel_fnid
                0x000000000002af3c                sysThreadCreateEx_fnid
                0x000000000002af40                sysThreadExit_fnid
                0x000000000002af44                sysThreadGetId_fnid
                0x000000000002af48                sysThreadOnce_fnid
                0x000000000002af4c                sysThreadInitialzeTLS_fnid
                0x000000000002af50                sysThreadRegisterAtexit_fnid
                0x000000000002af54                sysThreadUnregisterAtexit_fnid
                0x000000000002af58                sysInterruptThreadDisestablish_fnid
                0x000000000002af5c                sysLwMutexCreate_fnid
                0x000000000002af60                sysLwMutexDestroy_fnid
                0x000000000002af64                sysLwMutexLock_fnid
                0x000000000002af68                sysLwMutexTryLock_fnid
                0x000000000002af6c                sysLwMutexUnlock_fnid
                0x000000000002af70                sysLwCondCreate_fnid
                0x000000000002af74                sysLwCondWait_fnid
                0x000000000002af78                sysLwCondSignal_fnid
                0x000000000002af7c                sysLwCondSignalTo_fnid
                0x000000000002af80                sysLwCondSignalAll_fnid
                0x000000000002af84                sysLwCondDestroy_fnid
                0x000000000002af88                sysSpinlockInitialize_fnid
                0x000000000002af8c                sysSpinlockLock_fnid
                0x000000000002af90                sysSpinlockTryLock_fnid
                0x000000000002af94                sysSpinlockUnlock_fnid
                0x000000000002af98                sysWatchdogClear_fnid
                0x000000000002af9c                sysWatchdogStart_fnid
                0x000000000002afa0                sysWatchdogStop_fnid
                0x000000000002afa4                sysMalloc_fnid
                0x000000000002afa8                sysMemalign_fnid
                0x000000000002afac                sysMemchr_fnid
                0x000000000002afb0                sysMemcmp_fnid
                0x000000000002afb4                sysMemcpy_fnid
                0x000000000002afb8                sysMemmove_fnid
                0x000000000002afbc                sysMemset_fnid
                0x000000000002afc0                sysFree_fnid
                0x000000000002afc4                sysHeapAllocHeapMemory_fnid
                0x000000000002afc8                sysHeapCreateHeap_fnid
                0x000000000002afcc                sysHeapDeleteHeap_fnid
                0x000000000002afd0                sysHeapFree_fnid
                0x000000000002afd4                sysHeapGetMallInfo_fnid
                0x000000000002afd8                sysHeapGetTotalFreeSize_fnid
                0x000000000002afdc                sysHeapMalloc_fnid
                0x000000000002afe0                sysHeapMemalign_fnid
                0x000000000002afe4                sysHeapStats_fnid
                0x000000000002afe8                sysQsort_fnid
                0x000000000002afec                sysMempoolCreate_fnid
                0x000000000002aff0                sysMempoolDestroy_fnid
                0x000000000002aff4                sysMempoolGetCount_fnid
                0x000000000002aff8                sysMempoolAllocateBlock_fnid
                0x000000000002affc                sysMempoolTryAllocateBlock_fnid
                0x000000000002b000                sysMempoolFreeBlock_fnid
                0x000000000002b004                sysMMapperFreeMemory_fnid
                0x000000000002b008                sysMMapperMapMemory_fnid
                0x000000000002b00c                sysMMapperUnmapMemory_fnid
                0x000000000002b010                sysMMapperAllocateMemory_fnid
                0x000000000002b014                sysMMapperAllocateMemoryFromContainer_fnid
                0x000000000002b018                sysStrlen_fnid
                0x000000000002b01c                sysStrcpy_fnid
                0x000000000002b020                sysStrncpy_fnid
                0x000000000002b024                sysStrcat_fnid
                0x000000000002b028                sysStrncat_fnid
                0x000000000002b02c                sysStrchr_fnid
                0x000000000002b030                sysStrrchr_fnid
                0x000000000002b034                sysStrcmp_fnid
                0x000000000002b038                sysStrncmp_fnid
                0x000000000002b03c                sysStrncasecmp_fnid
                0x000000000002b040                sysToLower_fnid
                0x000000000002b044                sysToUpper_fnid
                0x000000000002b048                sysSpuElfGetSegments_fnid
                0x000000000002b04c                sysSpuElfGetInformation_fnid
                0x000000000002b050                sysSpuRawLoad_fnid
                0x000000000002b054                sysSpuRawImageLoad_fnid
                0x000000000002b058                sysSpuImageClose_fnid
                0x000000000002b05c                sysSpuImageImport_fnid
                0x000000000002b060                sysSpuPrintfAttachGroup_fnid
                0x000000000002b064                sysSpuPrintfAttachThread_fnid
                0x000000000002b068                sysSpuPrintfDetachGroup_fnid
                0x000000000002b06c                sysSpuPrintfDetach_Tread_fnid
                0x000000000002b070                sysSpuPrintfFinalize_fnid
                0x000000000002b074                sysSpuPrintfInitialize_fnid
                0x000000000002b078                sysConsoleGetc_fnid
                0x000000000002b07c                sysConsolePutc_fnid
                0x000000000002b080                sysConsoleWrite_fnid
                0x000000000002b084                sysPrintf_fnid
                0x000000000002b088                sysSprintf_fnid
                0x000000000002b08c                sysSnprintf_fnid
                0x000000000002b090                sysVprintf_fnid
                0x000000000002b094                sysVsprintf_fnid
                0x000000000002b098                sysVsnprintf_fnid

.rodata.sceVNID
 *(.rodata.sceVNID .rodata.sceVNID.*)

.rodata.sceTNID
 *(.rodata.sceTNID .rodata.sceTNID.*)

.rodata.sceVStub
 *(.rodata.sceVStub)
 *(SORT(.rodata.sceVStub.*))
                0x000000000002b09c                PROVIDE (__libentstart, .)

.lib.ent.top
 *(.lib.ent.top)
