Archive member included because of file (symbol)

/usr/local/ps3dev/psl1ght/ppu/lib/librt.a(sbrk.o)
                              /usr/local/ps3dev/ppu/lib/gcc/powerpc64-ps3-elf/7.2.0/../../../../powerpc64-ps3-elf/lib/lv2-crt0.o (__librt_sbrk_r)
/usr/local/ps3dev/psl1ght/ppu/lib/librt.a(exit.o)
                              /usr/local/ps3dev/ppu/lib/gcc/powerpc64-ps3-elf/7.2.0/../../../../powerpc64-ps3-elf/lib/lv2-crt0.o (__librt_exit)
/usr/local/ps3dev/psl1ght/ppu/lib/librt.a(close.o)
                              /usr/local/ps3dev/ppu/lib/gcc/powerpc64-ps3-elf/7.2.0/../../../../powerpc64-ps3-elf/lib/lv2-crt0.o (__librt_close_r)
/usr/local/ps3dev/psl1ght/ppu/lib/librt.a(lseek.o)
                              /usr/local/ps3dev/ppu/lib/gcc/powerpc64-ps3-elf/7.2.0/../../../../powerpc64-ps3-elf/lib/lv2-crt0.o (__librt_lseek_r)
/usr/local/ps3dev/psl1ght/ppu/lib/librt.a(read.o)
                              /usr/local/ps3dev/ppu/lib/gcc/powerpc64-ps3-elf/7.2.0/../../../../powerpc64-ps3-elf/lib/lv2-crt0.o (__librt_read_r)
/usr/local/ps3dev/psl1ght/ppu/lib/librt.a(open.o)
                              /usr/local/ps3dev/ppu/lib/gcc/powerpc64-ps3-elf/7.2.0/../../../../powerpc64-ps3-elf/lib/lv2-crt0.o (__librt_open_r)
/usr/local/ps3dev/psl1ght/ppu/lib/librt.a(sleep.o)
                              /usr/local/ps3dev/ppu/lib/gcc/powerpc64-ps3-elf/7.2.0/../../../../powerpc64-ps3-elf/lib/lv2-crt0.o (__librt_usleep_r)
/usr/local/ps3dev/psl1ght/ppu/lib/librt.a(write.o)
                              /usr/local/ps3dev/ppu/lib/gcc/powerpc64-ps3-elf/7.2.0/../../../../powerpc64-ps3-elf/lib/lv2-crt0.o (__librt_write_r)
/usr/local/ps3dev/psl1ght/ppu/lib/librt.a(fstat.o)
                              /usr/local/ps3dev/ppu/lib/gcc/powerpc64-ps3-elf/7.2.0/../../../../powerpc64-ps3-elf/lib/lv2-crt0.o (__librt_fstat_r)
/usr/local/ps3dev/psl1ght/ppu/lib/librt.a(socket.o)
                              /usr/local/ps3dev/psl1ght/ppu/lib/librt.a(write.o) (send)
/usr/local/ps3dev/psl1ght/ppu/lib/librt.a(lock.o)
                              /usr/local/ps3dev/ppu/lib/gcc/powerpc64-ps3-elf/7.2.0/../../../../powerpc64-ps3-elf/lib/lv2-crt0.o (__librt_sys_lwmutex_create_r)
/usr/local/ps3dev/psl1ght/ppu/lib/librt.a(dirent.o)
                              /usr/local/ps3dev/ppu/lib/gcc/powerpc64-ps3-elf/7.2.0/../../../../powerpc64-ps3-elf/lib/lv2-crt0.o (__librt_opendir_r)
/usr/local/ps3dev/psl1ght/ppu/lib/librt.a(mkdir.o)
                              /usr/local/ps3dev/ppu/lib/gcc/powerpc64-ps3-elf/7.2.0/../../../../powerpc64-ps3-elf/lib/lv2-crt0.o (__librt_mkdir_r)
/usr/local/ps3dev/psl1ght/ppu/lib/librt.a(times.o)
                              /usr/local/ps3dev/ppu/lib/gcc/powerpc64-ps3-elf/7.2.0/../../../../powerpc64-ps3-elf/lib/lv2-crt0.o (__librt_times_r)
/usr/local/ps3dev/psl1ght/ppu/lib/librt.a(umask.o)
                              /usr/local/ps3dev/ppu/lib/gcc/powerpc64-ps3-elf/7.2.0/../../../../powerpc64-ps3-elf/lib/lv2-crt0.o (__librt_umask_r)
/usr/local/ps3dev/psl1ght/ppu/lib/librt.a(lv2errno.o)
                              /usr/local/ps3dev/psl1ght/ppu/lib/librt.a(socket.o) (lv2errno)
/usr/local/ps3dev/psl1ght/ppu/lib/librt.a(heap.o)
                              /usr/local/ps3dev/psl1ght/ppu/lib/librt.a(sbrk.o) (heapInit)
/usr/local/ps3dev/psl1ght/ppu/lib/librt.a(chmod.o)
                              /usr/local/ps3dev/ppu/lib/gcc/powerpc64-ps3-elf/7.2.0/../../../../powerpc64-ps3-elf/lib/lv2-crt0.o (__librt_chmod_r)
/usr/local/ps3dev/psl1ght/ppu/lib/librt.a(rmdir.o)
                              /usr/local/ps3dev/ppu/lib/gcc/powerpc64-ps3-elf/7.2.0/../../../../powerpc64-ps3-elf/lib/lv2-crt0.o (__librt_rmdir_r)
/usr/local/ps3dev/psl1ght/ppu/lib/librt.a(isatty.o)
                              /usr/local/ps3dev/ppu/lib/gcc/powerpc64-ps3-elf/7.2.0/../../../../powerpc64-ps3-elf/lib/lv2-crt0.o (__librt_isatty_r)
/usr/local/ps3dev/psl1ght/ppu/lib/librt.a(gettod.o)
                              /usr/local/ps3dev/ppu/lib/gcc/powerpc64-ps3-elf/7.2.0/../../../../powerpc64-ps3-elf/lib/lv2-crt0.o (__librt_gettod_r)
/usr/local/ps3dev/psl1ght/ppu/lib/librt.a(settod.o)
                              /usr/local/ps3dev/ppu/lib/gcc/powerpc64-ps3-elf/7.2.0/../../../../powerpc64-ps3-elf/lib/lv2-crt0.o (__librt_settod_r)
/usr/local/ps3dev/psl1ght/ppu/lib/liblv2.a(sprx.o)
                              /usr/local/ps3dev/psl1ght/ppu/lib/librt.a(sbrk.o) (sysSpinlockInitialize)
/usr/local/ps3dev/ppu/lib/gcc/powerpc64-ps3-elf/7.2.0/../../../../powerpc64-ps3-elf/lib/libsysbase.a(syscalls.o)
                              /usr/local/ps3dev/ppu/lib/gcc/powerpc64-ps3-elf/7.2.0/../../../../powerpc64-ps3-elf/lib/lv2-crt0.o (__syscalls)
/usr/local/ps3dev/ppu/lib/gcc/powerpc64-ps3-elf/7.2.0/../../../../powerpc64-ps3-elf/lib/libc.a(lib_a-calloc.o)
                              /usr/local/ps3dev/psl1ght/ppu/lib/librt.a(dirent.o) (calloc)
/usr/local/ps3dev/ppu/lib/gcc/powerpc64-ps3-elf/7.2.0/../../../../powerpc64-ps3-elf/lib/libc.a(lib_a-callocr.o)
[...]
Memory Configuration

Name             Origin             Length             Attributes
*default*        0x0000000000000000 0xffffffffffffffff

Linker script and memory map

                0x0000000000010000                PROVIDE (__executable_start, 0x10000)
                0x0000000000010200                . = (0x10000 + SIZEOF_HEADERS)

.interp
 *(.interp)

.hash
 *(.hash)

.dynsym
 *(.dynsym)

.dynstr
 *(.dynstr)

.gnu.version
 *(.gnu.version)

.gnu.version_d
 *(.gnu.version_d)

.gnu.version_r
 *(.gnu.version_r)

.rel.dyn
 *(.rel.init)
 *(.rel.text .rel.text.* .rel.gnu.linkonce.t.*)
 *(.rel.fini)
 *(.rel.rodata .rel.rodata.* .rel.gnu.linkonce.r.*)
 *(.rel.data.rel.ro*)
 *(.rel.data .rel.data.* .rel.gnu.linkonce.d.*)
 *(.rel.tdata .rel.tdata.* .rel.gnu.linkonce.td.*)
 *(.rel.tbss .rel.tbss.* .rel.gnu.linkonce.tb.*)
 *(.rel.ctors)
 *(.rel.dtors)
 *(.rel.got)
 *(.rel.sdata .rel.sdata.* .rel.gnu.linkonce.s.*)
 *(.rel.sbss .rel.sbss.* .rel.gnu.linkonce.sb.*)
 *(.rel.sdata2 .rel.sdata2.* .rel.gnu.linkonce.s2.*)
 *(.rel.sbss2 .rel.sbss2.* .rel.gnu.linkonce.sb2.*)
 *(.rel.bss .rel.bss.* .rel.gnu.linkonce.b.*)

.rela.dyn       0x0000000000010200        0x0
 *(.rela.init)
 *(.rela.text .rela.text.* .rela.gnu.linkonce.t.*)
 *(.rela.fini)
 *(.rela.rodata .rela.rodata.* .rela.gnu.linkonce.r.*)
 *(.rela.data .rela.data.* .rela.gnu.linkonce.d.*)
 *(.rela.tdata .rela.tdata.* .rela.gnu.linkonce.td.*)
 *(.rela.tbss .rela.tbss.* .rela.gnu.linkonce.tb.*)
 *(.rela.ctors)
 *(.rela.dtors)
 *(.rela.got)
 *(.rela.toc)
 .rela.toc      0x0000000000000000        0x0 linker stubs
 *(.rela.sdata .rela.sdata.* .rela.gnu.linkonce.s.*)
 *(.rela.sbss .rela.sbss.* .rela.gnu.linkonce.sb.*)
 *(.rela.sdata2 .rela.sdata2.* .rela.gnu.linkonce.s2.*)
 *(.rela.sbss2 .rela.sbss2.* .rela.gnu.linkonce.sb2.*)
 *(.rela.bss .rela.bss.* .rela.gnu.linkonce.b.*)
 .rela.iplt     0x0000000000000000        0x0 linker stubs
 .rela.sys_proc_prx_param
                0x0000000000000000        0x0 linker stubs
 .rela.opd      0x0000000000000000        0x0 linker stubs

.rel.plt
 *(.rel.plt)

.rela.plt
 *(.rela.plt)

.rela.tocbss
 *(.rela.tocbss)

.init           0x0000000000010200       0x2c
 *(.init)
 .init          0x0000000000010200        0xc /usr/local/ps3dev/ppu/lib/gcc/powerpc64-ps3-elf/7.2.0/../../../../powerpc64-ps3-elf/lib/lv2-crti.o
                0x0000000000010200                ._init
 .init          0x000000000001020c        0x8 /usr/local/ps3dev/ppu/lib/gcc/powerpc64-ps3-elf/7.2.0/crtbegin.o
 .init          0x0000000000010214        0x8 /usr/local/ps3dev/ppu/lib/gcc/powerpc64-ps3-elf/7.2.0/crtend.o
 .init          0x000000000001021c       0x10 /usr/local/ps3dev/ppu/lib/gcc/powerpc64-ps3-elf/7.2.0/../../../../powerpc64-ps3-elf/lib/lv2-crtn.o

.text           0x0000000000010230    0x1950c
 *(.text .stub .text.* .gnu.linkonce.t.*)
 .text          0x0000000000010230        0x0 /usr/local/ps3dev/ppu/lib/gcc/powerpc64-ps3-elf/7.2.0/../../../../powerpc64-ps3-elf/lib/lv2-crti.o
 .text          0x0000000000010230        0x0 /usr/local/ps3dev/ppu/lib/gcc/powerpc64-ps3-elf/7.2.0/crtbegin.o
 .text.deregister_tm_clones
                0x0000000000010230       0x54 /usr/local/ps3dev/ppu/lib/gcc/powerpc64-ps3-elf/7.2.0/crtbegin.o
 *fill*         0x0000000000010284        0x4 60000000
 .text.register_tm_clones
                0x0000000000010288       0x60 /usr/local/ps3dev/ppu/lib/gcc/powerpc64-ps3-elf/7.2.0/crtbegin.o
 .text.__do_global_dtors_aux
                0x00000000000102e8       0xd4 /usr/local/ps3dev/ppu/lib/gcc/powerpc64-ps3-elf/7.2.0/crtbegin.o
 *fill*         0x00000000000103bc        0x4 60000000
 .text.frame_dummy
                0x00000000000103c0       0x38 /usr/local/ps3dev/ppu/lib/gcc/powerpc64-ps3-elf/7.2.0/crtbegin.o
 .text          0x00000000000103f8       0x58 /usr/local/ps3dev/ppu/lib/gcc/powerpc64-ps3-elf/7.2.0/../../../../powerpc64-ps3-elf/lib/lv2-crt0.o
                0x00000000000103f8                ._start
 .text.startup.__syscalls_init
                0x0000000000010450      0x134 /usr/local/ps3dev/ppu/lib/gcc/powerpc64-ps3-elf/7.2.0/../../../../powerpc64-ps3-elf/lib/lv2-crt0.o
 *fill*         0x0000000000010584        0x4 60000000
 .text._initialize
                0x0000000000010588       0x40 /usr/local/ps3dev/ppu/lib/gcc/powerpc64-ps3-elf/7.2.0/../../../../powerpc64-ps3-elf/lib/lv2-crt0.o
                0x0000000000010588                ._initialize
 .text          0x00000000000105c8        0x0 /usr/local/ps3dev/ppu/lib/gcc/powerpc64-ps3-elf/7.2.0/../../../../powerpc64-ps3-elf/lib/lv2-sprx.o
 .text          0x00000000000105c8        0x0 spu.bin.o
 .text          0x00000000000105c8        0x0 main.o
 .text.startup.main
                0x00000000000105c8      0x2b4 main.o
                0x00000000000105c8                .main
 .text          0x000000000001087c        0x0 /usr/local/ps3dev/psl1ght/ppu/lib/librt.a(sbrk.o)
 *fill*         0x000000000001087c        0x4 60000000
 .text.startup.sbrk_init
                0x0000000000010880       0xb8 /usr/local/ps3dev/psl1ght/ppu/lib/librt.a(sbrk.o)
 .text.sbrk_deinit
                0x0000000000010938       0xc8 /usr/local/ps3dev/psl1ght/ppu/lib/librt.a(sbrk.o)
 .text.__librt_sbrk_r
                0x0000000000010a00      0x2f4 /usr/local/ps3dev/psl1ght/ppu/lib/librt.a(sbrk.o)
                0x0000000000010a00                .__librt_sbrk_r
 .text          0x0000000000010cf4        0x0 /usr/local/ps3dev/psl1ght/ppu/lib/librt.a(exit.o)
 *fill*         0x0000000000010cf4        0x4 60000000
 .text.__librt_exit
                0x0000000000010cf8       0x30 /usr/local/ps3dev/psl1ght/ppu/lib/librt.a(exit.o)
                0x0000000000010cf8                .__librt_exit
 .text          0x0000000000010d28        0x0 /usr/local/ps3dev/psl1ght/ppu/lib/librt.a(close.o)
 .text.__librt_close_r
                0x0000000000010d28       0x88 /usr/local/ps3dev/psl1ght/ppu/lib/librt.a(close.o)
                0x0000000000010d28                .__librt_close_r
 .text          0x0000000000010db0        0x0 /usr/local/ps3dev/psl1ght/ppu/lib/librt.a(lseek.o)
 .text.__librt_lseek_r
                0x0000000000010db0       0x8c /usr/local/ps3dev/psl1ght/ppu/lib/librt.a(lseek.o)
                0x0000000000010db0                .__librt_lseek_r
 *fill*         0x0000000000010e3c        0x4 60000000
 .text.__librt_lseek64_r
                0x0000000000010e40       0x10 /usr/local/ps3dev/psl1ght/ppu/lib/librt.a(lseek.o)
                0x0000000000010e40                .__librt_lseek64_r
 .text          0x0000000000010e50        0x0 /usr/local/ps3dev/psl1ght/ppu/lib/librt.a(read.o)
 .text.__librt_read_r
                0x0000000000010e50      0x10c /usr/local/ps3dev/psl1ght/ppu/lib/librt.a(read.o)
                0x0000000000010e50                .__librt_read_r
 .text          0x0000000000010f5c        0x0 /usr/local/ps3dev/psl1ght/ppu/lib/librt.a(open.o)
 *fill*         0x0000000000010f5c        0x4 60000000
 .text.__librt_open_r
                0x0000000000010f60      0x180 /usr/local/ps3dev/psl1ght/ppu/lib/librt.a(open.o)
                0x0000000000010f60                .__librt_open_r
 .text          0x00000000000110e0        0x0 /usr/local/ps3dev/psl1ght/ppu/lib/librt.a(sleep.o)
 .text.__librt_usleep_r
                0x00000000000110e0       0x50 /usr/local/ps3dev/psl1ght/ppu/lib/librt.a(sleep.o)
                0x00000000000110e0                .__librt_usleep_r
 .text.__librt_sleep_r
                0x0000000000011130       0x6c /usr/local/ps3dev/psl1ght/ppu/lib/librt.a(sleep.o)
                0x0000000000011130                .__librt_sleep_r
 .text          0x000000000001119c        0x0 /usr/local/ps3dev/psl1ght/ppu/lib/librt.a(write.o)
 *fill*         0x000000000001119c        0x4 60000000
 .text.__librt_write_r
                0x00000000000111a0      0x104 /usr/local/ps3dev/psl1ght/ppu/lib/librt.a(write.o)
                0x00000000000111a0                .__librt_write_r
 .text          0x00000000000112a4        0x0 /usr/local/ps3dev/psl1ght/ppu/lib/librt.a(fstat.o)
 *fill*         0x00000000000112a4        0x4 60000000
 .text.__librt_fstat_r
                0x00000000000112a8       0xd0 /usr/local/ps3dev/psl1ght/ppu/lib/librt.a(fstat.o)
                0x00000000000112a8                .__librt_fstat_r
 .text.__librt_fstat64_r
                0x0000000000011378       0x10 /usr/local/ps3dev/psl1ght/ppu/lib/librt.a(fstat.o)
                0x0000000000011378                .__librt_fstat64_r
 .text.__librt_stat_r
                0x0000000000011388       0xd0 /usr/local/ps3dev/psl1ght/ppu/lib/librt.a(fstat.o)
                0x0000000000011388                .__librt_stat_r
 .text.__librt_stat64_r
                0x0000000000011458       0x10 /usr/local/ps3dev/psl1ght/ppu/lib/librt.a(fstat.o)
                0x0000000000011458                .__librt_stat64_r
 .text          0x0000000000011468        0x0 /usr/local/ps3dev/psl1ght/ppu/lib/librt.a(socket.o)
 .text.accept   0x0000000000011468       0xe0 /usr/local/ps3dev/psl1ght/ppu/lib/librt.a(socket.o)
                0x0000000000011468                .accept
 .text.bind     0x0000000000011548       0x44 /usr/local/ps3dev/psl1ght/ppu/lib/librt.a(socket.o)
                0x0000000000011548                .bind
 *fill*         0x000000000001158c        0x4 60000000
 .text.connect  0x0000000000011590       0x44 /usr/local/ps3dev/psl1ght/ppu/lib/librt.a(socket.o)
                0x0000000000011590                .connect
 *fill*         0x00000000000115d4        0x4 60000000
 .text.listen   0x00000000000115d8       0x44 /usr/local/ps3dev/psl1ght/ppu/lib/librt.a(socket.o)
                0x00000000000115d8                .listen
 *fill*         0x000000000001161c        0x4 60000000
 .text.socket   0x0000000000011620       0x5c /usr/local/ps3dev/psl1ght/ppu/lib/librt.a(socket.o)
                0x0000000000011620                .socket
 *fill*         0x000000000001167c        0x4 60000000
 .text.send     0x0000000000011680       0x4c /usr/local/ps3dev/psl1ght/ppu/lib/librt.a(socket.o)
                0x0000000000011680                .send
 *fill*         0x00000000000116cc        0x4 60000000
 .text.sendto   0x00000000000116d0       0x44 /usr/local/ps3dev/psl1ght/ppu/lib/librt.a(socket.o)
                0x00000000000116d0                .sendto
 *fill*         0x0000000000011714        0x4 60000000
 .text.recv     0x0000000000011718       0x4c /usr/local/ps3dev/psl1ght/ppu/lib/librt.a(socket.o)
                0x0000000000011718                .recv
 *fill*         0x0000000000011764        0x4 60000000
 .text.recvfrom
                0x0000000000011768       0xd8 /usr/local/ps3dev/psl1ght/ppu/lib/librt.a(socket.o)
                0x0000000000011768                .recvfrom
 .text.shutdown
                0x0000000000011840       0x44 /usr/local/ps3dev/psl1ght/ppu/lib/librt.a(socket.o)
                0x0000000000011840                .shutdown
 *fill*         0x0000000000011884        0x4 60000000
 .text.inet_aton
                0x0000000000011888       0xbc /usr/local/ps3dev/psl1ght/ppu/lib/librt.a(socket.o)
                0x0000000000011888                .inet_aton
 *fill*         0x0000000000011944        0x4 60000000
 .text.inet_pton
                0x0000000000011948       0x48 /usr/local/ps3dev/psl1ght/ppu/lib/librt.a(socket.o)
                0x0000000000011948                .inet_pton
 .text.select   0x0000000000011990       0x3c /usr/local/ps3dev/psl1ght/ppu/lib/librt.a(socket.o)
                0x0000000000011990                .select
 *fill*         0x00000000000119cc        0x4 60000000
 .text.closesocket
                0x00000000000119d0       0x44 /usr/local/ps3dev/psl1ght/ppu/lib/librt.a(socket.o)
                0x00000000000119d0                .closesocket
 .text          0x0000000000011a14        0x0 /usr/local/ps3dev/psl1ght/ppu/lib/librt.a(lock.o)
 *fill*         0x0000000000011a14        0x4 60000000
 .text.__librt_sys_lwmutex_create_r
                0x0000000000011a18       0x38 /usr/local/ps3dev/psl1ght/ppu/lib/librt.a(lock.o)
                0x0000000000011a18                .__librt_sys_lwmutex_create_r
 .text.__librt_sys_lwmutex_destroy_r
                0x0000000000011a50       0x34 /usr/local/ps3dev/psl1ght/ppu/lib/librt.a(lock.o)
                0x0000000000011a50                .__librt_sys_lwmutex_destroy_r
 *fill*         0x0000000000011a84        0x4 60000000
 .text.__librt_sys_lwmutex_lock_r
                0x0000000000011a88       0x38 /usr/local/ps3dev/psl1ght/ppu/lib/librt.a(lock.o)
                0x0000000000011a88                .__librt_sys_lwmutex_lock_r
 .text.__librt_sys_lwmutex_trylock_r
                0x0000000000011ac0       0x34 /usr/local/ps3dev/psl1ght/ppu/lib/librt.a(lock.o)
                0x0000000000011ac0                .__librt_sys_lwmutex_trylock_r
 *fill*         0x0000000000011af4        0x4 60000000
 .text.__librt_sys_lwmutex_unlock_r
                0x0000000000011af8       0x34 /usr/local/ps3dev/psl1ght/ppu/lib/librt.a(lock.o)
                0x0000000000011af8                .__librt_sys_lwmutex_unlock_r
 .text          0x0000000000011b2c        0x0 /usr/local/ps3dev/psl1ght/ppu/lib/librt.a(dirent.o)
 *fill*         0x0000000000011b2c        0x4 60000000
 .text.readdir_i
                0x0000000000011b30      0x10c /usr/local/ps3dev/psl1ght/ppu/lib/librt.a(dirent.o)
 *fill*         0x0000000000011c3c        0x4 60000000
 .text.__librt_opendir_r
                0x0000000000011c40      0x114 /usr/local/ps3dev/psl1ght/ppu/lib/librt.a(dirent.o)
                0x0000000000011c40                .__librt_opendir_r
 *fill*         0x0000000000011d54        0x4 60000000
 .text.__librt_readdir_r
                0x0000000000011d58       0x84 /usr/local/ps3dev/psl1ght/ppu/lib/librt.a(dirent.o)
                0x0000000000011d58                .__librt_readdir_r
 *fill*         0x0000000000011ddc        0x4 60000000
 .text.__librt_readdir_r_r
                0x0000000000011de0       0x58 /usr/local/ps3dev/psl1ght/ppu/lib/librt.a(dirent.o)
                0x0000000000011de0                .__librt_readdir_r_r
 .text.__librt_closedir_r
                0x0000000000011e38       0x84 /usr/local/ps3dev/psl1ght/ppu/lib/librt.a(dirent.o)
                0x0000000000011e38                .__librt_closedir_r
 *fill*         0x0000000000011ebc        0x4 60000000
 .text.__librt_telldir_r
                0x0000000000011ec0       0x24 /usr/local/ps3dev/psl1ght/ppu/lib/librt.a(dirent.o)
                0x0000000000011ec0                .__librt_telldir_r
 *fill*         0x0000000000011ee4        0x4 60000000
 .text.__librt_rewinddir_r
                0x0000000000011ee8       0x18 /usr/local/ps3dev/psl1ght/ppu/lib/librt.a(dirent.o)
                0x0000000000011ee8                .__librt_rewinddir_r
 .text.__librt_seekdir_r
                0x0000000000011f00       0x18 /usr/local/ps3dev/psl1ght/ppu/lib/librt.a(dirent.o)
                0x0000000000011f00                .__librt_seekdir_r
 .text          0x0000000000011f18        0x0 /usr/local/ps3dev/psl1ght/ppu/lib/librt.a(mkdir.o)
 .text.__librt_mkdir_r
                0x0000000000011f18       0x60 /usr/local/ps3dev/psl1ght/ppu/lib/librt.a(mkdir.o)
                0x0000000000011f18                .__librt_mkdir_r
 .text          0x0000000000011f78        0x0 /usr/local/ps3dev/psl1ght/ppu/lib/librt.a(times.o)
 .text.__librt_times_r
                0x0000000000011f78       0x1c /usr/local/ps3dev/psl1ght/ppu/lib/librt.a(times.o)
                0x0000000000011f78                .__librt_times_r
 .text          0x0000000000011f94        0x0 /usr/local/ps3dev/psl1ght/ppu/lib/librt.a(umask.o)
 *fill*         0x0000000000011f94        0x4 60000000
 .text.__librt_umask_r
                0x0000000000011f98       0x20 /usr/local/ps3dev/psl1ght/ppu/lib/librt.a(umask.o)
                0x0000000000011f98                .__librt_umask_r
 .text          0x0000000000011fb8        0x0 /usr/local/ps3dev/psl1ght/ppu/lib/librt.a(lv2errno.o)
 .text.lv2error
                0x0000000000011fb8      0x434 /usr/local/ps3dev/psl1ght/ppu/lib/librt.a(lv2errno.o)
                0x0000000000011fb8                .lv2error
 *fill*         0x00000000000123ec        0x4 60000000
 .text.lv2errno
                0x00000000000123f0       0x68 /usr/local/ps3dev/psl1ght/ppu/lib/librt.a(lv2errno.o)
                0x00000000000123f0                .lv2errno
 .text.lv2errno_r
                0x0000000000012458       0x58 /usr/local/ps3dev/psl1ght/ppu/lib/librt.a(lv2errno.o)
                0x0000000000012458                .lv2errno_r
 .text          0x00000000000124b0        0x0 /usr/local/ps3dev/psl1ght/ppu/lib/librt.a(heap.o)
 .text.heapInit
                0x00000000000124b0      0x118 /usr/local/ps3dev/psl1ght/ppu/lib/librt.a(heap.o)
                0x00000000000124b0                .heapInit
 .text.heapAllocate
                0x00000000000125c8      0x184 /usr/local/ps3dev/psl1ght/ppu/lib/librt.a(heap.o)
                0x00000000000125c8                .heapAllocate
 *fill*         0x000000000001274c        0x4 60000000
 .text.heapAllocateAligned
                0x0000000000012750      0x224 /usr/local/ps3dev/psl1ght/ppu/lib/librt.a(heap.o)
                0x0000000000012750                .heapAllocateAligned
 *fill*         0x0000000000012974        0x4 60000000
 .text.heapFree
                0x0000000000012978      0x238 /usr/local/ps3dev/psl1ght/ppu/lib/librt.a(heap.o)
                0x0000000000012978                .heapFree
 .text          0x0000000000012bb0        0x0 /usr/local/ps3dev/psl1ght/ppu/lib/librt.a(chmod.o)
 .text.__librt_chmod_r
                0x0000000000012bb0       0x54 /usr/local/ps3dev/psl1ght/ppu/lib/librt.a(chmod.o)
                0x0000000000012bb0                .__librt_chmod_r
 .text          0x0000000000012c04        0x0 /usr/local/ps3dev/psl1ght/ppu/lib/librt.a(rmdir.o)
 *fill*         0x0000000000012c04        0x4 60000000
 .text.__librt_rmdir_r
                0x0000000000012c08       0x50 /usr/local/ps3dev/psl1ght/ppu/lib/librt.a(rmdir.o)
                0x0000000000012c08                .__librt_rmdir_r
 .text          0x0000000000012c58        0x0 /usr/local/ps3dev/psl1ght/ppu/lib/librt.a(isatty.o)
 .text.__librt_isatty_r
                0x0000000000012c58       0x2c /usr/local/ps3dev/psl1ght/ppu/lib/librt.a(isatty.o)
                0x0000000000012c58                .__librt_isatty_r
 .text          0x0000000000012c84        0x0 /usr/local/ps3dev/psl1ght/ppu/lib/librt.a(gettod.o)
 *fill*         0x0000000000012c84        0x4 60000000
 .text.__librt_gettod_r
                0x0000000000012c88       0xb8 /usr/local/ps3dev/psl1ght/ppu/lib/librt.a(gettod.o)
                0x0000000000012c88                .__librt_gettod_r
 .text          0x0000000000012d40        0x0 /usr/local/ps3dev/psl1ght/ppu/lib/librt.a(settod.o)
 .text.__librt_settod_r
                0x0000000000012d40       0x58 /usr/local/ps3dev/psl1ght/ppu/lib/librt.a(settod.o)
                0x0000000000012d40                .__librt_settod_r
 .text          0x0000000000012d98        0x0 /usr/local/ps3dev/psl1ght/ppu/lib/liblv2.a(sprx.o)
 .text          0x0000000000012d98        0x0 /usr/local/ps3dev/ppu/lib/gcc/powerpc64-ps3-elf/7.2.0/../../../../powerpc64-ps3-elf/lib/libsysbase.a(syscalls.o)
 .text          0x0000000000012d98        0x0 /usr/local/ps3dev/ppu/lib/gcc/powerpc64-ps3-elf/7.2.0/../../../../powerpc64-ps3-elf/lib/libc.a(lib_a-calloc.o)
 .text.calloc   0x0000000000012d98       0x58 /usr/local/ps3dev/ppu/lib/gcc/powerpc64-ps3-elf/7.2.0/../../../../powerpc64-ps3-elf/lib/libc.a(lib_a-calloc.o)
                0x0000000000012d98                .calloc
 .text          0x0000000000012df0        0x0 /usr/local/ps3dev/ppu/lib/gcc/powerpc64-ps3-elf/7.2.0/../../../../powerpc64-ps3-elf/lib/libc.a(lib_a-callocr.o)
 .text._calloc_r
                0x0000000000012df0       0xdc /usr/local/ps3dev/ppu/lib/gcc/powerpc64-ps3-elf/7.2.0/../../../../powerpc64-ps3-elf/lib/libc.a(lib_a-callocr.o)
                0x0000000000012df0                ._calloc_r
 .text          0x0000000000012ecc        0x0 /usr/local/ps3dev/ppu/lib/gcc/powerpc64-ps3-elf/7.2.0/../../../../powerpc64-ps3-elf/lib/libc.a(lib_a-errno.o)
 *fill*         0x0000000000012ecc        0x4 60000000
 .text.__errno  0x0000000000012ed0       0x30 /usr/local/ps3dev/ppu/lib/gcc/powerpc64-ps3-elf/7.2.0/../../../../powerpc64-ps3-elf/lib/libc.a(lib_a-errno.o)
                0x0000000000012ed0                .__errno
 .text          0x0000000000012f00        0x0 /usr/local/ps3dev/ppu/lib/gcc/powerpc64-ps3-elf/7.2.0/../../../../powerpc64-ps3-elf/lib/libc.a(lib_a-exit.o)
 .text.exit     0x0000000000012f00       0x68 /usr/local/ps3dev/ppu/lib/gcc/powerpc64-ps3-elf/7.2.0/../../../../powerpc64-ps3-elf/lib/libc.a(lib_a-exit.o)
                0x0000000000012f00                .exit
 .text          0x0000000000012f68        0x0 /usr/local/ps3dev/ppu/lib/gcc/powerpc64-ps3-elf/7.2.0/../../../../powerpc64-ps3-elf/lib/libc.a(lib_a-getreent.o)
 .text.__getreent
                0x0000000000012f68      0x1b4 /usr/local/ps3dev/ppu/lib/gcc/powerpc64-ps3-elf/7.2.0/../../../../powerpc64-ps3-elf/lib/libc.a(lib_a-getreent.o)
                0x0000000000012f68                .__getreent
 .text          0x000000000001311c        0x0 /usr/local/ps3dev/ppu/lib/gcc/powerpc64-ps3-elf/7.2.0/../../../../powerpc64-ps3-elf/lib/libc.a(lib_a-impure.o)
 .text          0x000000000001311c        0x0 /usr/local/ps3dev/ppu/lib/gcc/powerpc64-ps3-elf/7.2.0/../../../../powerpc64-ps3-elf/lib/libc.a(lib_a-malign.o)
 *fill*         0x000000000001311c        0x4 60000000
 .text.memalign
                0x0000000000013120       0x58 /usr/local/ps3dev/ppu/lib/gcc/powerpc64-ps3-elf/7.2.0/../../../../powerpc64-ps3-elf/lib/libc.a(lib_a-malign.o)
                0x0000000000013120                .memalign
 .text          0x0000000000013178        0x0 /usr/local/ps3dev/ppu/lib/gcc/powerpc64-ps3-elf/7.2.0/../../../../powerpc64-ps3-elf/lib/libc.a(lib_a-malignr.o)
 .text._memalign_r
                0x0000000000013178      0x224 /usr/local/ps3dev/ppu/lib/gcc/powerpc64-ps3-elf/7.2.0/../../../../powerpc64-ps3-elf/lib/libc.a(lib_a-malignr.o)
                0x0000000000013178                ._memalign_r
 .text          0x000000000001339c        0x0 /usr/local/ps3dev/ppu/lib/gcc/powerpc64-ps3-elf/7.2.0/../../../../powerpc64-ps3-elf/lib/libc.a(lib_a-malloc.o)
 *fill*         0x000000000001339c        0x4 60000000
 .text.malloc   0x00000000000133a0       0x48 /usr/local/ps3dev/ppu/lib/gcc/powerpc64-ps3-elf/7.2.0/../../../../powerpc64-ps3-elf/lib/libc.a(lib_a-malloc.o)
                0x00000000000133a0                .malloc
 .text.free     0x00000000000133e8       0x48 /usr/local/ps3dev/ppu/lib/gcc/powerpc64-ps3-elf/7.2.0/../../../../powerpc64-ps3-elf/lib/libc.a(lib_a-malloc.o)
                0x00000000000133e8                .free
 .text          0x0000000000013430        0x0 /usr/local/ps3dev/ppu/lib/gcc/powerpc64-ps3-elf/7.2.0/../../../../powerpc64-ps3-elf/lib/libc.a(lib_a-mallocr.o)
 .text._malloc_r
                0x0000000000013430      0x9e4 /usr/local/ps3dev/ppu/lib/gcc/powerpc64-ps3-elf/7.2.0/../../../../powerpc64-ps3-elf/lib/libc.a(lib_a-mallocr.o)
                0x0000000000013430                ._malloc_r
 .text          0x0000000000013e14        0x0 /usr/local/ps3dev/ppu/lib/gcc/powerpc64-ps3-elf/7.2.0/../../../../powerpc64-ps3-elf/lib/libc.a(lib_a-memset.o)
 *fill*         0x0000000000013e14        0x4 60000000
 .text.memset   0x0000000000013e18      0x138 /usr/local/ps3dev/ppu/lib/gcc/powerpc64-ps3-elf/7.2.0/../../../../powerpc64-ps3-elf/lib/libc.a(lib_a-memset.o)
                0x0000000000013e18                .memset
 .text          0x0000000000013f50        0x0 /usr/local/ps3dev/ppu/lib/gcc/powerpc64-ps3-elf/7.2.0/../../../../powerpc64-ps3-elf/lib/libc.a(lib_a-mlock.o)
 .text.__malloc_lock
                0x0000000000013f50       0x34 /usr/local/ps3dev/ppu/lib/gcc/powerpc64-ps3-elf/7.2.0/../../../../powerpc64-ps3-elf/lib/libc.a(lib_a-mlock.o)
                0x0000000000013f50                .__malloc_lock
 *fill*         0x0000000000013f84        0x4 60000000
 .text.__malloc_unlock
                0x0000000000013f88       0x34 /usr/local/ps3dev/ppu/lib/gcc/powerpc64-ps3-elf/7.2.0/../../../../powerpc64-ps3-elf/lib/libc.a(lib_a-mlock.o)
                0x0000000000013f88                .__malloc_unlock
 .text          0x0000000000013fbc        0x0 /usr/local/ps3dev/ppu/lib/gcc/powerpc64-ps3-elf/7.2.0/../../../../powerpc64-ps3-elf/lib/libc.a(lib_a-printf.o)
 *fill*         0x0000000000013fbc        0x4 60000000
 .text._printf_r
                0x0000000000013fc0       0x54 /usr/local/ps3dev/ppu/lib/gcc/powerpc64-ps3-elf/7.2.0/../../../../powerpc64-ps3-elf/lib/libc.a(lib_a-printf.o)
                0x0000000000013fc0                ._printf_r
 *fill*         0x0000000000014014        0x4 60000000
 .text.printf   0x0000000000014018       0x6c /usr/local/ps3dev/ppu/lib/gcc/powerpc64-ps3-elf/7.2.0/../../../../powerpc64-ps3-elf/lib/libc.a(lib_a-printf.o)
                0x0000000000014018                .printf
 .text          0x0000000000014084        0x0 /usr/local/ps3dev/ppu/lib/gcc/powerpc64-ps3-elf/7.2.0/../../../../powerpc64-ps3-elf/lib/libc.a(lib_a-putchar.o)
 *fill*         0x0000000000014084        0x4 60000000
 .text._putchar_r
                0x0000000000014088       0x34 /usr/local/ps3dev/ppu/lib/gcc/powerpc64-ps3-elf/7.2.0/../../../../powerpc64-ps3-elf/lib/libc.a(lib_a-putchar.o)
                0x0000000000014088                ._putchar_r
 *fill*         0x00000000000140bc        0x4 60000000
 .text.putchar  0x00000000000140c0       0x64 /usr/local/ps3dev/ppu/lib/gcc/powerpc64-ps3-elf/7.2.0/../../../../powerpc64-ps3-elf/lib/libc.a(lib_a-putchar.o)
                0x00000000000140c0                .putchar
 .text          0x0000000000014124        0x0 /usr/local/ps3dev/ppu/lib/gcc/powerpc64-ps3-elf/7.2.0/../../../../powerpc64-ps3-elf/lib/libc.a(lib_a-puts.o)
 *fill*         0x0000000000014124        0x4 60000000
 .text._puts_r  0x0000000000014128       0xfc /usr/local/ps3dev/ppu/lib/gcc/powerpc64-ps3-elf/7.2.0/../../../../powerpc64-ps3-elf/lib/libc.a(lib_a-puts.o)
                0x0000000000014128                ._puts_r
 *fill*         0x0000000000014224        0x4 60000000
 .text.puts     0x0000000000014228       0x40 /usr/local/ps3dev/ppu/lib/gcc/powerpc64-ps3-elf/7.2.0/../../../../powerpc64-ps3-elf/lib/libc.a(lib_a-puts.o)
                0x0000000000014228                .puts
 .text          0x0000000000014268        0x0 /usr/local/ps3dev/ppu/lib/gcc/powerpc64-ps3-elf/7.2.0/../../../../powerpc64-ps3-elf/lib/libc.a(lib_a-sscanf.o)
 .text.sscanf   0x0000000000014268       0xa8 /usr/local/ps3dev/ppu/lib/gcc/powerpc64-ps3-elf/7.2.0/../../../../powerpc64-ps3-elf/lib/libc.a(lib_a-sscanf.o)
                0x0000000000014268                .sscanf
 .text._sscanf_r
                0x0000000000014310       0xa8 /usr/local/ps3dev/ppu/lib/gcc/powerpc64-ps3-elf/7.2.0/../../../../powerpc64-ps3-elf/lib/libc.a(lib_a-sscanf.o)
                0x0000000000014310                ._sscanf_r
 .text          0x00000000000143b8        0x0 /usr/local/ps3dev/ppu/lib/gcc/powerpc64-ps3-elf/7.2.0/../../../../powerpc64-ps3-elf/lib/libc.a(lib_a-stdio.o)
 .text.__sread  0x00000000000143b8       0x7c /usr/local/ps3dev/ppu/lib/gcc/powerpc64-ps3-elf/7.2.0/../../../../powerpc64-ps3-elf/lib/libc.a(lib_a-stdio.o)
                0x00000000000143b8                .__sread
 *fill*         0x0000000000014434        0x4 60000000
 .text.__seofread
                0x0000000000014438       0x14 /usr/local/ps3dev/ppu/lib/gcc/powerpc64-ps3-elf/7.2.0/../../../../powerpc64-ps3-elf/lib/libc.a(lib_a-stdio.o)
                0x0000000000014438                .__seofread
 *fill*         0x000000000001444c        0x4 60000000
 .text.__swrite
                0x0000000000014450       0xb0 /usr/local/ps3dev/ppu/lib/gcc/powerpc64-ps3-elf/7.2.0/../../../../powerpc64-ps3-elf/lib/libc.a(lib_a-stdio.o)
                0x0000000000014450                .__swrite
 .text.__sseek  0x0000000000014500       0x78 /usr/local/ps3dev/ppu/lib/gcc/powerpc64-ps3-elf/7.2.0/../../../../powerpc64-ps3-elf/lib/libc.a(lib_a-stdio.o)
                0x0000000000014500                .__sseek
 .text.__sclose
                0x0000000000014578       0x38 /usr/local/ps3dev/ppu/lib/gcc/powerpc64-ps3-elf/7.2.0/../../../../powerpc64-ps3-elf/lib/libc.a(lib_a-stdio.o)
                0x0000000000014578                .__sclose
 .text          0x00000000000145b0        0x0 /usr/local/ps3dev/ppu/lib/gcc/powerpc64-ps3-elf/7.2.0/../../../../powerpc64-ps3-elf/lib/libc.a(lib_a-strlen.o)
 .text.strlen   0x00000000000145b0       0xc4 /usr/local/ps3dev/ppu/lib/gcc/powerpc64-ps3-elf/7.2.0/../../../../powerpc64-ps3-elf/lib/libc.a(lib_a-strlen.o)
                0x00000000000145b0                .strlen
 .text          0x0000000000014674        0x0 /usr/local/ps3dev/ppu/lib/gcc/powerpc64-ps3-elf/7.2.0/../../../../powerpc64-ps3-elf/lib/libc.a(lib_a-strncpy.o)
 *fill*         0x0000000000014674        0x4 60000000
 .text.strncpy  0x0000000000014678      0x118 /usr/local/ps3dev/ppu/lib/gcc/powerpc64-ps3-elf/7.2.0/../../../../powerpc64-ps3-elf/lib/libc.a(lib_a-strncpy.o)
                0x0000000000014678                .strncpy
 .text          0x0000000000014790        0x0 /usr/local/ps3dev/ppu/lib/gcc/powerpc64-ps3-elf/7.2.0/../../../../powerpc64-ps3-elf/lib/libc.a(lib_a-svfscanf.o)
 .text.__ssvfscanf_r
                0x0000000000014790     0x1864 /usr/local/ps3dev/ppu/lib/gcc/powerpc64-ps3-elf/7.2.0/../../../../powerpc64-ps3-elf/lib/libc.a(lib_a-svfscanf.o)
                0x0000000000014790                .__ssvfscanf_r
 .text          0x0000000000015ff4        0x0 /usr/local/ps3dev/ppu/lib/gcc/powerpc64-ps3-elf/7.2.0/../../../../powerpc64-ps3-elf/lib/libc.a(lib_a-vfprintf.o)
 *fill*         0x0000000000015ff4        0x4 60000000
 .text._vfprintf_r
                0x0000000000015ff8     0x2300 /usr/local/ps3dev/ppu/lib/gcc/powerpc64-ps3-elf/7.2.0/../../../../powerpc64-ps3-elf/lib/libc.a(lib_a-vfprintf.o)
                0x0000000000015ff8                ._vfprintf_r
 .text.vfprintf
                0x00000000000182f8       0x60 /usr/local/ps3dev/ppu/lib/gcc/powerpc64-ps3-elf/7.2.0/../../../../powerpc64-ps3-elf/lib/libc.a(lib_a-vfprintf.o)
                0x00000000000182f8                .vfprintf
 .text          0x0000000000018358        0x0 /usr/local/ps3dev/ppu/lib/gcc/powerpc64-ps3-elf/7.2.0/../../../../powerpc64-ps3-elf/lib/libc.a(lib_a-wsetup.o)
 .text.__swsetup_r
                0x0000000000018358      0x1f0 /usr/local/ps3dev/ppu/lib/gcc/powerpc64-ps3-elf/7.2.0/../../../../powerpc64-ps3-elf/lib/libc.a(lib_a-wsetup.o)
                0x0000000000018358                .__swsetup_r
 .text          0x0000000000018548        0x0 /usr/local/ps3dev/ppu/lib/gcc/powerpc64-ps3-elf/7.2.0/../../../../powerpc64-ps3-elf/lib/libc.a(lib_a-__call_atexit.o)
 .text.__call_exitprocs
                0x0000000000018548      0x24c /usr/local/ps3dev/ppu/lib/gcc/powerpc64-ps3-elf/7.2.0/../../../../powerpc64-ps3-elf/lib/libc.a(lib_a-__call_atexit.o)
                0x0000000000018548                .__call_exitprocs
 .text          0x0000000000018794        0x0 /usr/local/ps3dev/ppu/lib/gcc/powerpc64-ps3-elf/7.2.0/../../../../powerpc64-ps3-elf/lib/libc.a(lib_a-ctype_.o)
 .text          0x0000000000018794        0x0 /usr/local/ps3dev/ppu/lib/gcc/powerpc64-ps3-elf/7.2.0/../../../../powerpc64-ps3-elf/lib/libc.a(lib_a-dtoa.o)
 *fill*         0x0000000000018794        0x4 60000000
 .text.quorem   0x0000000000018798      0x26c /usr/local/ps3dev/ppu/lib/gcc/powerpc64-ps3-elf/7.2.0/../../../../powerpc64-ps3-elf/lib/libc.a(lib_a-dtoa.o)
 *fill*         0x0000000000018a04        0x4 60000000
 .text._dtoa_r  0x0000000000018a08     0x1478 /usr/local/ps3dev/ppu/lib/gcc/powerpc64-ps3-elf/7.2.0/../../../../powerpc64-ps3-elf/lib/libc.a(lib_a-dtoa.o)
                0x0000000000018a08                ._dtoa_r
 .text          0x0000000000019e80        0x0 /usr/local/ps3dev/ppu/lib/gcc/powerpc64-ps3-elf/7.2.0/../../../../powerpc64-ps3-elf/lib/libc.a(lib_a-fflush.o)
 .text.__sflush_r
                0x0000000000019e80      0x3d0 /usr/local/ps3dev/ppu/lib/gcc/powerpc64-ps3-elf/7.2.0/../../../../powerpc64-ps3-elf/lib/libc.a(lib_a-fflush.o)
                0x0000000000019e80                .__sflush_r
 .text._fflush_r
                0x000000000001a250      0x124 /usr/local/ps3dev/ppu/lib/gcc/powerpc64-ps3-elf/7.2.0/../../../../powerpc64-ps3-elf/lib/libc.a(lib_a-fflush.o)
                0x000000000001a250                ._fflush_r
 *fill*         0x000000000001a374        0x4 60000000
 .text.fflush   0x000000000001a378       0x70 /usr/local/ps3dev/ppu/lib/gcc/powerpc64-ps3-elf/7.2.0/../../../../powerpc64-ps3-elf/lib/libc.a(lib_a-fflush.o)
                0x000000000001a378                .fflush
 .text          0x000000000001a3e8        0x0 /usr/local/ps3dev/ppu/lib/gcc/powerpc64-ps3-elf/7.2.0/../../../../powerpc64-ps3-elf/lib/libc.a(lib_a-findfp.o)
 .text._cleanup_r
                0x000000000001a3e8       0x34 /usr/local/ps3dev/ppu/lib/gcc/powerpc64-ps3-elf/7.2.0/../../../../powerpc64-ps3-elf/lib/libc.a(lib_a-findfp.o)
                0x000000000001a3e8                ._cleanup_r
 *fill*         0x000000000001a41c        0x4 60000000
 .text.__fp_lock
                0x000000000001a420       0x50 /usr/local/ps3dev/ppu/lib/gcc/powerpc64-ps3-elf/7.2.0/../../../../powerpc64-ps3-elf/lib/libc.a(lib_a-findfp.o)
 .text.__fp_unlock
                0x000000000001a470       0x50 /usr/local/ps3dev/ppu/lib/gcc/powerpc64-ps3-elf/7.2.0/../../../../powerpc64-ps3-elf/lib/libc.a(lib_a-findfp.o)
 .text.std.isra.0
                0x000000000001a4c0       0x9c /usr/local/ps3dev/ppu/lib/gcc/powerpc64-ps3-elf/7.2.0/../../../../powerpc64-ps3-elf/lib/libc.a(lib_a-findfp.o)
 *fill*         0x000000000001a55c        0x4 60000000
 .text.__sfmoreglue
                0x000000000001a560       0x88 /usr/local/ps3dev/ppu/lib/gcc/powerpc64-ps3-elf/7.2.0/../../../../powerpc64-ps3-elf/lib/libc.a(lib_a-findfp.o)
                0x000000000001a560                .__sfmoreglue
 .text._cleanup
                0x000000000001a5e8       0x3c /usr/local/ps3dev/ppu/lib/gcc/powerpc64-ps3-elf/7.2.0/../../../../powerpc64-ps3-elf/lib/libc.a(lib_a-findfp.o)
                0x000000000001a5e8                ._cleanup
 *fill*         0x000000000001a624        0x4 60000000
 .text.__sinit  0x000000000001a628       0xbc /usr/local/ps3dev/ppu/lib/gcc/powerpc64-ps3-elf/7.2.0/../../../../powerpc64-ps3-elf/lib/libc.a(lib_a-findfp.o)
                0x000000000001a628                .__sinit
 *fill*         0x000000000001a6e4        0x4 60000000
 .text.__sfp    0x000000000001a6e8      0x190 /usr/local/ps3dev/ppu/lib/gcc/powerpc64-ps3-elf/7.2.0/../../../../powerpc64-ps3-elf/lib/libc.a(lib_a-findfp.o)
                0x000000000001a6e8                .__sfp
 .text.__sfp_lock_acquire
                0x000000000001a878       0x34 /usr/local/ps3dev/ppu/lib/gcc/powerpc64-ps3-elf/7.2.0/../../../../powerpc64-ps3-elf/lib/libc.a(lib_a-findfp.o)
                0x000000000001a878                .__sfp_lock_acquire
 *fill*         0x000000000001a8ac        0x4 60000000
 .text.__sfp_lock_release
                0x000000000001a8b0       0x34 /usr/local/ps3dev/ppu/lib/gcc/powerpc64-ps3-elf/7.2.0/../../../../powerpc64-ps3-elf/lib/libc.a(lib_a-findfp.o)
                0x000000000001a8b0                .__sfp_lock_release
 *fill*         0x000000000001a8e4        0x4 60000000
 .text.__sinit_lock_acquire
                0x000000000001a8e8       0x34 /usr/local/ps3dev/ppu/lib/gcc/powerpc64-ps3-elf/7.2.0/../../../../powerpc64-ps3-elf/lib/libc.a(lib_a-findfp.o)
                0x000000000001a8e8                .__sinit_lock_acquire
 *fill*         0x000000000001a91c        0x4 60000000
 .text.__sinit_lock_release
                0x000000000001a920       0x34 /usr/local/ps3dev/ppu/lib/gcc/powerpc64-ps3-elf/7.2.0/../../../../powerpc64-ps3-elf/lib/libc.a(lib_a-findfp.o)
                0x000000000001a920                .__sinit_lock_release
 *fill*         0x000000000001a954        0x4 60000000
 .text.__fp_lock_all
                0x000000000001a958       0x48 /usr/local/ps3dev/ppu/lib/gcc/powerpc64-ps3-elf/7.2.0/../../../../powerpc64-ps3-elf/lib/libc.a(lib_a-findfp.o)
                0x000000000001a958                .__fp_lock_all
 .text.__fp_unlock_all
                0x000000000001a9a0       0x48 /usr/local/ps3dev/ppu/lib/gcc/powerpc64-ps3-elf/7.2.0/../../../../powerpc64-ps3-elf/lib/libc.a(lib_a-findfp.o)
                0x000000000001a9a0                .__fp_unlock_all
 .text          0x000000000001a9e8        0x0 /usr/local/ps3dev/ppu/lib/gcc/powerpc64-ps3-elf/7.2.0/../../../../powerpc64-ps3-elf/lib/libc.a(lib_a-freer.o)
 .text._malloc_trim_r
                0x000000000001a9e8      0x15c /usr/local/ps3dev/ppu/lib/gcc/powerpc64-ps3-elf/7.2.0/../../../../powerpc64-ps3-elf/lib/libc.a(lib_a-freer.o)
                0x000000000001a9e8                ._malloc_trim_r
 *fill*         0x000000000001ab44        0x4 60000000
 .text._free_r  0x000000000001ab48      0x3b0 /usr/local/ps3dev/ppu/lib/gcc/powerpc64-ps3-elf/7.2.0/../../../../powerpc64-ps3-elf/lib/libc.a(lib_a-freer.o)
                0x000000000001ab48                ._free_r
 .text          0x000000000001aef8        0x0 /usr/local/ps3dev/ppu/lib/gcc/powerpc64-ps3-elf/7.2.0/../../../../powerpc64-ps3-elf/lib/libc.a(lib_a-fvwrite.o)
 .text.__sfvwrite_r
                0x000000000001aef8      0x688 /usr/local/ps3dev/ppu/lib/gcc/powerpc64-ps3-elf/7.2.0/../../../../powerpc64-ps3-elf/lib/libc.a(lib_a-fvwrite.o)
                0x000000000001aef8                .__sfvwrite_r
 .text          0x000000000001b580        0x0 /usr/local/ps3dev/ppu/lib/gcc/powerpc64-ps3-elf/7.2.0/../../../../powerpc64-ps3-elf/lib/libc.a(lib_a-fwalk.o)
 .text._fwalk   0x000000000001b580      0x100 /usr/local/ps3dev/ppu/lib/gcc/powerpc64-ps3-elf/7.2.0/../../../../powerpc64-ps3-elf/lib/libc.a(lib_a-fwalk.o)
                0x000000000001b580                ._fwalk
 .text._fwalk_reent
                0x000000000001b680      0x110 /usr/local/ps3dev/ppu/lib/gcc/powerpc64-ps3-elf/7.2.0/../../../../powerpc64-ps3-elf/lib/libc.a(lib_a-fwalk.o)
                0x000000000001b680                ._fwalk_reent
 .text          0x000000000001b790        0x0 /usr/local/ps3dev/ppu/lib/gcc/powerpc64-ps3-elf/7.2.0/../../../../powerpc64-ps3-elf/lib/libc.a(lib_a-iswspace.o)
 .text.iswspace
                0x000000000001b790       0x3c /usr/local/ps3dev/ppu/lib/gcc/powerpc64-ps3-elf/7.2.0/../../../../powerpc64-ps3-elf/lib/libc.a(lib_a-iswspace.o)
                0x000000000001b790                .iswspace
 .text          0x000000000001b7cc        0x0 /usr/local/ps3dev/ppu/lib/gcc/powerpc64-ps3-elf/7.2.0/../../../../powerpc64-ps3-elf/lib/libc.a(lib_a-locale.o)
 *fill*         0x000000000001b7cc        0x4 60000000
 .text._setlocale_r
                0x000000000001b7d0       0xb4 /usr/local/ps3dev/ppu/lib/gcc/powerpc64-ps3-elf/7.2.0/../../../../powerpc64-ps3-elf/lib/libc.a(lib_a-locale.o)
                0x000000000001b7d0                ._setlocale_r
 *fill*         0x000000000001b884        0x4 60000000
 .text.__locale_charset
                0x000000000001b888       0x14 /usr/local/ps3dev/ppu/lib/gcc/powerpc64-ps3-elf/7.2.0/../../../../powerpc64-ps3-elf/lib/libc.a(lib_a-locale.o)
                0x000000000001b888                .__locale_charset
 *fill*         0x000000000001b89c        0x4 60000000
 .text.__locale_mb_cur_max
                0x000000000001b8a0       0x1c /usr/local/ps3dev/ppu/lib/gcc/powerpc64-ps3-elf/7.2.0/../../../../powerpc64-ps3-elf/lib/libc.a(lib_a-locale.o)
                0x000000000001b8a0                .__locale_mb_cur_max
 *fill*         0x000000000001b8bc        0x4 60000000
 .text.__locale_msgcharset
                0x000000000001b8c0       0x14 /usr/local/ps3dev/ppu/lib/gcc/powerpc64-ps3-elf/7.2.0/../../../../powerpc64-ps3-elf/lib/libc.a(lib_a-locale.o)
                0x000000000001b8c0                .__locale_msgcharset
 *fill*         0x000000000001b8d4        0x4 60000000
 .text.__locale_cjk_lang
                0x000000000001b8d8       0x14 /usr/local/ps3dev/ppu/lib/gcc/powerpc64-ps3-elf/7.2.0/../../../../powerpc64-ps3-elf/lib/libc.a(lib_a-locale.o)
                0x000000000001b8d8                .__locale_cjk_lang
 *fill*         0x000000000001b8ec        0x4 60000000
 .text._localeconv_r
                0x000000000001b8f0       0x14 /usr/local/ps3dev/ppu/lib/gcc/powerpc64-ps3-elf/7.2.0/../../../../powerpc64-ps3-elf/lib/libc.a(lib_a-locale.o)
                0x000000000001b8f0                ._localeconv_r
 *fill*         0x000000000001b904        0x4 60000000
 .text.setlocale
                0x000000000001b908       0x50 /usr/local/ps3dev/ppu/lib/gcc/powerpc64-ps3-elf/7.2.0/../../../../powerpc64-ps3-elf/lib/libc.a(lib_a-locale.o)
                0x000000000001b908                .setlocale
 .text.localeconv
                0x000000000001b958       0x34 /usr/local/ps3dev/ppu/lib/gcc/powerpc64-ps3-elf/7.2.0/../../../../powerpc64-ps3-elf/lib/libc.a(lib_a-locale.o)
                0x000000000001b958                .localeconv
 .text          0x000000000001b98c        0x0 /usr/local/ps3dev/ppu/lib/gcc/powerpc64-ps3-elf/7.2.0/../../../../powerpc64-ps3-elf/lib/libc.a(lib_a-lock_recursive.o)
 *fill*         0x000000000001b98c        0x4 60000000
 .text.__libc_lock_init_recursive
                0x000000000001b990       0x34 /usr/local/ps3dev/ppu/lib/gcc/powerpc64-ps3-elf/7.2.0/../../../../powerpc64-ps3-elf/lib/libc.a(lib_a-lock_recursive.o)
                0x000000000001b990                .__libc_lock_init_recursive
 *fill*         0x000000000001b9c4        0x4 60000000
 .text.__libc_lock_close_recursive
                0x000000000001b9c8       0x30 /usr/local/ps3dev/ppu/lib/gcc/powerpc64-ps3-elf/7.2.0/../../../../powerpc64-ps3-elf/lib/libc.a(lib_a-lock_recursive.o)
                0x000000000001b9c8                .__libc_lock_close_recursive
 .text.__libc_lock_acquire_recursive
                0x000000000001b9f8       0x58 /usr/local/ps3dev/ppu/lib/gcc/powerpc64-ps3-elf/7.2.0/../../../../powerpc64-ps3-elf/lib/libc.a(lib_a-lock_recursive.o)
                0x000000000001b9f8                .__libc_lock_acquire_recursive
 .text.__libc_lock_try_acquire_recursive
                0x000000000001ba50       0x54 /usr/local/ps3dev/ppu/lib/gcc/powerpc64-ps3-elf/7.2.0/../../../../powerpc64-ps3-elf/lib/libc.a(lib_a-lock_recursive.o)
                0x000000000001ba50                .__libc_lock_try_acquire_recursive
 *fill*         0x000000000001baa4        0x4 60000000
 .text.__libc_lock_release_recursive
                0x000000000001baa8       0x54 /usr/local/ps3dev/ppu/lib/gcc/powerpc64-ps3-elf/7.2.0/../../../../powerpc64-ps3-elf/lib/libc.a(lib_a-lock_recursive.o)
                0x000000000001baa8                .__libc_lock_release_recursive
 .text          0x000000000001bafc        0x0 /usr/local/ps3dev/ppu/lib/gcc/powerpc64-ps3-elf/7.2.0/../../../../powerpc64-ps3-elf/lib/libc.a(lib_a-makebuf.o)
 *fill*         0x000000000001bafc        0x4 60000000
 .text.__smakebuf_r
                0x000000000001bb00      0x1f4 /usr/local/ps3dev/ppu/lib/gcc/powerpc64-ps3-elf/7.2.0/../../../../powerpc64-ps3-elf/lib/libc.a(lib_a-makebuf.o)
                0x000000000001bb00                .__smakebuf_r
 .text          0x000000000001bcf4        0x0 /usr/local/ps3dev/ppu/lib/gcc/powerpc64-ps3-elf/7.2.0/../../../../powerpc64-ps3-elf/lib/libc.a(lib_a-mbrtowc.o)
 *fill*         0x000000000001bcf4        0x4 60000000
 .text._mbrtowc_r
                0x000000000001bcf8      0x128 /usr/local/ps3dev/ppu/lib/gcc/powerpc64-ps3-elf/7.2.0/../../../../powerpc64-ps3-elf/lib/libc.a(lib_a-mbrtowc.o)
                0x000000000001bcf8                ._mbrtowc_r
 .text.mbrtowc  0x000000000001be20      0x164 /usr/local/ps3dev/ppu/lib/gcc/powerpc64-ps3-elf/7.2.0/../../../../powerpc64-ps3-elf/lib/libc.a(lib_a-mbrtowc.o)
                0x000000000001be20                .mbrtowc
 .text          0x000000000001bf84        0x0 /usr/local/ps3dev/ppu/lib/gcc/powerpc64-ps3-elf/7.2.0/../../../../powerpc64-ps3-elf/lib/libc.a(lib_a-mbtowc_r.o)
 *fill*         0x000000000001bf84        0x4 60000000
 .text.__ascii_mbtowc
                0x000000000001bf88       0x64 /usr/local/ps3dev/ppu/lib/gcc/powerpc64-ps3-elf/7.2.0/../../../../powerpc64-ps3-elf/lib/libc.a(lib_a-mbtowc_r.o)
                0x000000000001bf88                .__ascii_mbtowc
 *fill*         0x000000000001bfec        0x4 60000000
 .text._mbtowc_r
                0x000000000001bff0       0x98 /usr/local/ps3dev/ppu/lib/gcc/powerpc64-ps3-elf/7.2.0/../../../../powerpc64-ps3-elf/lib/libc.a(lib_a-mbtowc_r.o)
                0x000000000001bff0                ._mbtowc_r
 .text          0x000000000001c088        0x0 /usr/local/ps3dev/ppu/lib/gcc/powerpc64-ps3-elf/7.2.0/../../../../powerpc64-ps3-elf/lib/libc.a(lib_a-memchr.o)
 .text.memchr   0x000000000001c088      0x130 /usr/local/ps3dev/ppu/lib/gcc/powerpc64-ps3-elf/7.2.0/../../../../powerpc64-ps3-elf/lib/libc.a(lib_a-memchr.o)
                0x000000000001c088                .memchr
 .text          0x000000000001c1b8        0x0 /usr/local/ps3dev/ppu/lib/gcc/powerpc64-ps3-elf/7.2.0/../../../../powerpc64-ps3-elf/lib/libc.a(lib_a-memcpy.o)
 .text.memcpy   0x000000000001c1b8      0x11c /usr/local/ps3dev/ppu/lib/gcc/powerpc64-ps3-elf/7.2.0/../../../../powerpc64-ps3-elf/lib/libc.a(lib_a-memcpy.o)
                0x000000000001c1b8                .memcpy
 .text          0x000000000001c2d4        0x0 /usr/local/ps3dev/ppu/lib/gcc/powerpc64-ps3-elf/7.2.0/../../../../powerpc64-ps3-elf/lib/libc.a(lib_a-memmove.o)
 *fill*         0x000000000001c2d4        0x4 60000000
 .text.memmove  0x000000000001c2d8      0x154 /usr/local/ps3dev/ppu/lib/gcc/powerpc64-ps3-elf/7.2.0/../../../../powerpc64-ps3-elf/lib/libc.a(lib_a-memmove.o)
                0x000000000001c2d8                .memmove
 .text          0x000000000001c42c        0x0 /usr/local/ps3dev/ppu/lib/gcc/powerpc64-ps3-elf/7.2.0/../../../../powerpc64-ps3-elf/lib/libc.a(lib_a-mprec.o)
 *fill*         0x000000000001c42c        0x4 60000000
 .text._Balloc  0x000000000001c430       0xfc /usr/local/ps3dev/ppu/lib/gcc/powerpc64-ps3-elf/7.2.0/../../../../powerpc64-ps3-elf/lib/libc.a(lib_a-mprec.o)
                0x000000000001c430                ._Balloc
 *fill*         0x000000000001c52c        0x4 60000000
 .text._Bfree   0x000000000001c530       0x34 /usr/local/ps3dev/ppu/lib/gcc/powerpc64-ps3-elf/7.2.0/../../../../powerpc64-ps3-elf/lib/libc.a(lib_a-mprec.o)
                0x000000000001c530                ._Bfree
 *fill*         0x000000000001c564        0x4 60000000
 .text.__multadd
                0x000000000001c568      0x164 /usr/local/ps3dev/ppu/lib/gcc/powerpc64-ps3-elf/7.2.0/../../../../powerpc64-ps3-elf/lib/libc.a(lib_a-mprec.o)
                0x000000000001c568                .__multadd
 *fill*         0x000000000001c6cc        0x4 60000000
 .text.__s2b    0x000000000001c6d0      0x174 /usr/local/ps3dev/ppu/lib/gcc/powerpc64-ps3-elf/7.2.0/../../../../powerpc64-ps3-elf/lib/libc.a(lib_a-mprec.o)
                0x000000000001c6d0                .__s2b
 *fill*         0x000000000001c844        0x4 60000000
 .text.__hi0bits
                0x000000000001c848       0x9c /usr/local/ps3dev/ppu/lib/gcc/powerpc64-ps3-elf/7.2.0/../../../../powerpc64-ps3-elf/lib/libc.a(lib_a-mprec.o)
                0x000000000001c848                .__hi0bits
 *fill*         0x000000000001c8e4        0x4 60000000
 .text.__lo0bits
                0x000000000001c8e8       0xf4 /usr/local/ps3dev/ppu/lib/gcc/powerpc64-ps3-elf/7.2.0/../../../../powerpc64-ps3-elf/lib/libc.a(lib_a-mprec.o)
                0x000000000001c8e8                .__lo0bits
 *fill*         0x000000000001c9dc        0x4 60000000
 .text.__i2b    0x000000000001c9e0       0x48 /usr/local/ps3dev/ppu/lib/gcc/powerpc64-ps3-elf/7.2.0/../../../../powerpc64-ps3-elf/lib/libc.a(lib_a-mprec.o)
                0x000000000001c9e0                .__i2b
 .text.__multiply
                0x000000000001ca28      0x2a8 /usr/local/ps3dev/ppu/lib/gcc/powerpc64-ps3-elf/7.2.0/../../../../powerpc64-ps3-elf/lib/libc.a(lib_a-mprec.o)
                0x000000000001ca28                .__multiply
 .text.__pow5mult
                0x000000000001ccd0      0x19c /usr/local/ps3dev/ppu/lib/gcc/powerpc64-ps3-elf/7.2.0/../../../../powerpc64-ps3-elf/lib/libc.a(lib_a-mprec.o)
                0x000000000001ccd0                .__pow5mult
 *fill*         0x000000000001ce6c        0x4 60000000
 .text.__lshift
                0x000000000001ce70      0x1c0 /usr/local/ps3dev/ppu/lib/gcc/powerpc64-ps3-elf/7.2.0/../../../../powerpc64-ps3-elf/lib/libc.a(lib_a-mprec.o)
                0x000000000001ce70                .__lshift
 .text.__mcmp   0x000000000001d030       0x70 /usr/local/ps3dev/ppu/lib/gcc/powerpc64-ps3-elf/7.2.0/../../../../powerpc64-ps3-elf/lib/libc.a(lib_a-mprec.o)
                0x000000000001d030                .__mcmp
 .text.__mdiff  0x000000000001d0a0      0x244 /usr/local/ps3dev/ppu/lib/gcc/powerpc64-ps3-elf/7.2.0/../../../../powerpc64-ps3-elf/lib/libc.a(lib_a-mprec.o)
                0x000000000001d0a0                .__mdiff
 *fill*         0x000000000001d2e4        0x4 60000000
 .text.__ulp    0x000000000001d2e8       0x88 /usr/local/ps3dev/ppu/lib/gcc/powerpc64-ps3-elf/7.2.0/../../../../powerpc64-ps3-elf/lib/libc.a(lib_a-mprec.o)
                0x000000000001d2e8                .__ulp
 .text.__b2d    0x000000000001d370      0x1a4 /usr/local/ps3dev/ppu/lib/gcc/powerpc64-ps3-elf/7.2.0/../../../../powerpc64-ps3-elf/lib/libc.a(lib_a-mprec.o)
                0x000000000001d370                .__b2d
 *fill*         0x000000000001d514        0x4 60000000
 .text.__d2b    0x000000000001d518      0x1ac /usr/local/ps3dev/ppu/lib/gcc/powerpc64-ps3-elf/7.2.0/../../../../powerpc64-ps3-elf/lib/libc.a(lib_a-mprec.o)
                0x000000000001d518                .__d2b
 *fill*         0x000000000001d6c4        0x4 60000000
 .text.__ratio  0x000000000001d6c8       0xe8 /usr/local/ps3dev/ppu/lib/gcc/powerpc64-ps3-elf/7.2.0/../../../../powerpc64-ps3-elf/lib/libc.a(lib_a-mprec.o)
                0x000000000001d6c8                .__ratio
 .text._mprec_log10
                0x000000000001d7b0       0x54 /usr/local/ps3dev/ppu/lib/gcc/powerpc64-ps3-elf/7.2.0/../../../../powerpc64-ps3-elf/lib/libc.a(lib_a-mprec.o)
                0x000000000001d7b0                ._mprec_log10
 *fill*         0x000000000001d804        0x4 60000000
 .text.__copybits
                0x000000000001d808       0xa0 /usr/local/ps3dev/ppu/lib/gcc/powerpc64-ps3-elf/7.2.0/../../../../powerpc64-ps3-elf/lib/libc.a(lib_a-mprec.o)
                0x000000000001d808                .__copybits
 .text.__any_on
                0x000000000001d8a8       0xac /usr/local/ps3dev/ppu/lib/gcc/powerpc64-ps3-elf/7.2.0/../../../../powerpc64-ps3-elf/lib/libc.a(lib_a-mprec.o)
                0x000000000001d8a8                .__any_on
 .text          0x000000000001d954        0x0 /usr/local/ps3dev/ppu/lib/gcc/powerpc64-ps3-elf/7.2.0/../../../../powerpc64-ps3-elf/lib/libc.a(lib_a-putc.o)
 *fill*         0x000000000001d954        0x4 60000000
 .text._putc_r  0x000000000001d958      0x168 /usr/local/ps3dev/ppu/lib/gcc/powerpc64-ps3-elf/7.2.0/../../../../powerpc64-ps3-elf/lib/libc.a(lib_a-putc.o)
                0x000000000001d958                ._putc_r
 .text.putc     0x000000000001dac0      0x164 /usr/local/ps3dev/ppu/lib/gcc/powerpc64-ps3-elf/7.2.0/../../../../powerpc64-ps3-elf/lib/libc.a(lib_a-putc.o)
                0x000000000001dac0                .putc
 .text          0x000000000001dc24        0x0 /usr/local/ps3dev/ppu/lib/gcc/powerpc64-ps3-elf/7.2.0/../../../../powerpc64-ps3-elf/lib/libc.a(lib_a-reallocr.o)
 *fill*         0x000000000001dc24        0x4 60000000
 .text._realloc_r
                0x000000000001dc28      0x6c4 /usr/local/ps3dev/ppu/lib/gcc/powerpc64-ps3-elf/7.2.0/../../../../powerpc64-ps3-elf/lib/libc.a(lib_a-reallocr.o)
                0x000000000001dc28                ._realloc_r
 .text          0x000000000001e2ec        0x0 /usr/local/ps3dev/ppu/lib/gcc/powerpc64-ps3-elf/7.2.0/../../../../powerpc64-ps3-elf/lib/libc.a(lib_a-s_fpclassify.o)
 *fill*         0x000000000001e2ec        0x4 60000000
 .text.__fpclassifyd
                0x000000000001e2f0       0xb8 /usr/local/ps3dev/ppu/lib/gcc/powerpc64-ps3-elf/7.2.0/../../../../powerpc64-ps3-elf/lib/libc.a(lib_a-s_fpclassify.o)
                0x000000000001e2f0                .__fpclassifyd
 .text          0x000000000001e3a8        0x0 /usr/local/ps3dev/ppu/lib/gcc/powerpc64-ps3-elf/7.2.0/../../../../powerpc64-ps3-elf/lib/libc.a(lib_a-sccl.o)
 .text.__sccl   0x000000000001e3a8      0x120 /usr/local/ps3dev/ppu/lib/gcc/powerpc64-ps3-elf/7.2.0/../../../../powerpc64-ps3-elf/lib/libc.a(lib_a-sccl.o)
                0x000000000001e3a8                .__sccl
 .text          0x000000000001e4c8        0x0 /usr/local/ps3dev/ppu/lib/gcc/powerpc64-ps3-elf/7.2.0/../../../../powerpc64-ps3-elf/lib/libc.a(lib_a-sf_nan.o)
 .text.nanf     0x000000000001e4c8       0x18 /usr/local/ps3dev/ppu/lib/gcc/powerpc64-ps3-elf/7.2.0/../../../../powerpc64-ps3-elf/lib/libc.a(lib_a-sf_nan.o)
                0x000000000001e4c8                .nanf
 .text          0x000000000001e4e0        0x0 /usr/local/ps3dev/ppu/lib/gcc/powerpc64-ps3-elf/7.2.0/../../../../powerpc64-ps3-elf/lib/libc.a(lib_a-sprintf.o)
 .text._sprintf_r
                0x000000000001e4e0       0x84 /usr/local/ps3dev/ppu/lib/gcc/powerpc64-ps3-elf/7.2.0/../../../../powerpc64-ps3-elf/lib/libc.a(lib_a-sprintf.o)
                0x000000000001e4e0                ._sprintf_r
 *fill*         0x000000000001e564        0x4 60000000
 .text.sprintf  0x000000000001e568       0xa0 /usr/local/ps3dev/ppu/lib/gcc/powerpc64-ps3-elf/7.2.0/../../../../powerpc64-ps3-elf/lib/libc.a(lib_a-sprintf.o)
                0x000000000001e568                .sprintf
 .text          0x000000000001e608        0x0 /usr/local/ps3dev/ppu/lib/gcc/powerpc64-ps3-elf/7.2.0/../../../../powerpc64-ps3-elf/lib/libc.a(lib_a-strcmp.o)
 .text.strcmp   0x000000000001e608       0xf4 /usr/local/ps3dev/ppu/lib/gcc/powerpc64-ps3-elf/7.2.0/../../../../powerpc64-ps3-elf/lib/libc.a(lib_a-strcmp.o)
                0x000000000001e608                .strcmp
 .text          0x000000000001e6fc        0x0 /usr/local/ps3dev/ppu/lib/gcc/powerpc64-ps3-elf/7.2.0/../../../../powerpc64-ps3-elf/lib/libc.a(lib_a-strtod.o)
 *fill*         0x000000000001e6fc        0x4 60000000
 .text._strtod_r
                0x000000000001e700     0x1630 /usr/local/ps3dev/ppu/lib/gcc/powerpc64-ps3-elf/7.2.0/../../../../powerpc64-ps3-elf/lib/libc.a(lib_a-strtod.o)
                0x000000000001e700                ._strtod_r
 .text.strtod   0x000000000001fd30       0x50 /usr/local/ps3dev/ppu/lib/gcc/powerpc64-ps3-elf/7.2.0/../../../../powerpc64-ps3-elf/lib/libc.a(lib_a-strtod.o)
                0x000000000001fd30                .strtod
 .text.strtof   0x000000000001fd80       0x98 /usr/local/ps3dev/ppu/lib/gcc/powerpc64-ps3-elf/7.2.0/../../../../powerpc64-ps3-elf/lib/libc.a(lib_a-strtod.o)
                0x000000000001fd80                .strtof
 .text          0x000000000001fe18        0x0 /usr/local/ps3dev/ppu/lib/gcc/powerpc64-ps3-elf/7.2.0/../../../../powerpc64-ps3-elf/lib/libc.a(lib_a-strtol.o)
 .text._strtol_r
                0x000000000001fe18      0x264 /usr/local/ps3dev/ppu/lib/gcc/powerpc64-ps3-elf/7.2.0/../../../../powerpc64-ps3-elf/lib/libc.a(lib_a-strtol.o)
                0x000000000001fe18                ._strtol_r
 *fill*         0x000000000002007c        0x4 60000000
 .text.strtol   0x0000000000020080       0x60 /usr/local/ps3dev/ppu/lib/gcc/powerpc64-ps3-elf/7.2.0/../../../../powerpc64-ps3-elf/lib/libc.a(lib_a-strtol.o)
                0x0000000000020080                .strtol
 .text          0x00000000000200e0        0x0 /usr/local/ps3dev/ppu/lib/gcc/powerpc64-ps3-elf/7.2.0/../../../../powerpc64-ps3-elf/lib/libc.a(lib_a-strtoll_r.o)
 .text._strtoll_r
                0x00000000000200e0      0x264 /usr/local/ps3dev/ppu/lib/gcc/powerpc64-ps3-elf/7.2.0/../../../../powerpc64-ps3-elf/lib/libc.a(lib_a-strtoll_r.o)
                0x00000000000200e0                ._strtoll_r
 .text          0x0000000000020344        0x0 /usr/local/ps3dev/ppu/lib/gcc/powerpc64-ps3-elf/7.2.0/../../../../powerpc64-ps3-elf/lib/libc.a(lib_a-strtoul.o)
 *fill*         0x0000000000020344        0x4 60000000
 .text._strtoul_r
                0x0000000000020348      0x268 /usr/local/ps3dev/ppu/lib/gcc/powerpc64-ps3-elf/7.2.0/../../../../powerpc64-ps3-elf/lib/libc.a(lib_a-strtoul.o)
                0x0000000000020348                ._strtoul_r
 .text.strtoul  0x00000000000205b0       0x60 /usr/local/ps3dev/ppu/lib/gcc/powerpc64-ps3-elf/7.2.0/../../../../powerpc64-ps3-elf/lib/libc.a(lib_a-strtoul.o)
                0x00000000000205b0                .strtoul
 .text          0x0000000000020610        0x0 /usr/local/ps3dev/ppu/lib/gcc/powerpc64-ps3-elf/7.2.0/../../../../powerpc64-ps3-elf/lib/libc.a(lib_a-strtoull_r.o)
 .text._strtoull_r
                0x0000000000020610      0x268 /usr/local/ps3dev/ppu/lib/gcc/powerpc64-ps3-elf/7.2.0/../../../../powerpc64-ps3-elf/lib/libc.a(lib_a-strtoull_r.o)
                0x0000000000020610                ._strtoull_r
 .text          0x0000000000020878        0x0 /usr/local/ps3dev/ppu/lib/gcc/powerpc64-ps3-elf/7.2.0/../../../../powerpc64-ps3-elf/lib/libc.a(lib_a-svfiscanf.o)
 .text._sungetc_r
                0x0000000000020878      0x154 /usr/local/ps3dev/ppu/lib/gcc/powerpc64-ps3-elf/7.2.0/../../../../powerpc64-ps3-elf/lib/libc.a(lib_a-svfiscanf.o)
                0x0000000000020878                ._sungetc_r
 *fill*         0x00000000000209cc        0x4 60000000
 .text.__ssrefill_r
                0x00000000000209d0       0xa0 /usr/local/ps3dev/ppu/lib/gcc/powerpc64-ps3-elf/7.2.0/../../../../powerpc64-ps3-elf/lib/libc.a(lib_a-svfiscanf.o)
                0x00000000000209d0                .__ssrefill_r
 .text._sfread_r
                0x0000000000020a70      0x130 /usr/local/ps3dev/ppu/lib/gcc/powerpc64-ps3-elf/7.2.0/../../../../powerpc64-ps3-elf/lib/libc.a(lib_a-svfiscanf.o)
                0x0000000000020a70                ._sfread_r
 .text.__ssvfiscanf_r
                0x0000000000020ba0     0x118c /usr/local/ps3dev/ppu/lib/gcc/powerpc64-ps3-elf/7.2.0/../../../../powerpc64-ps3-elf/lib/libc.a(lib_a-svfiscanf.o)
                0x0000000000020ba0                .__ssvfiscanf_r
 .text          0x0000000000021d2c        0x0 /usr/local/ps3dev/ppu/lib/gcc/powerpc64-ps3-elf/7.2.0/../../../../powerpc64-ps3-elf/lib/libc.a(lib_a-svfprintf.o)
 *fill*         0x0000000000021d2c        0x4 60000000
 .text._svfprintf_r
                0x0000000000021d30     0x21c4 /usr/local/ps3dev/ppu/lib/gcc/powerpc64-ps3-elf/7.2.0/../../../../powerpc64-ps3-elf/lib/libc.a(lib_a-svfprintf.o)
                0x0000000000021d30                ._svfprintf_r
 .text          0x0000000000023ef4        0x0 /usr/local/ps3dev/ppu/lib/gcc/powerpc64-ps3-elf/7.2.0/../../../../powerpc64-ps3-elf/lib/libc.a(lib_a-ungetc.o)
 *fill*         0x0000000000023ef4        0x4 60000000
 .text.__submore
                0x0000000000023ef8      0x128 /usr/local/ps3dev/ppu/lib/gcc/powerpc64-ps3-elf/7.2.0/../../../../powerpc64-ps3-elf/lib/libc.a(lib_a-ungetc.o)
                0x0000000000023ef8                .__submore
 .text._ungetc_r
                0x0000000000024020      0x2a8 /usr/local/ps3dev/ppu/lib/gcc/powerpc64-ps3-elf/7.2.0/../../../../powerpc64-ps3-elf/lib/libc.a(lib_a-ungetc.o)
                0x0000000000024020                ._ungetc_r
 .text.ungetc   0x00000000000242c8       0x50 /usr/local/ps3dev/ppu/lib/gcc/powerpc64-ps3-elf/7.2.0/../../../../powerpc64-ps3-elf/lib/libc.a(lib_a-ungetc.o)
                0x00000000000242c8                .ungetc
 .text          0x0000000000024318        0x0 /usr/local/ps3dev/ppu/lib/gcc/powerpc64-ps3-elf/7.2.0/../../../../powerpc64-ps3-elf/lib/libc.a(lib_a-vfiprintf.o)
 .text.__sprint_r.part.0
                0x0000000000024318      0x160 /usr/local/ps3dev/ppu/lib/gcc/powerpc64-ps3-elf/7.2.0/../../../../powerpc64-ps3-elf/lib/libc.a(lib_a-vfiprintf.o)
 .text.__sprint_r
                0x0000000000024478       0x28 /usr/local/ps3dev/ppu/lib/gcc/powerpc64-ps3-elf/7.2.0/../../../../powerpc64-ps3-elf/lib/libc.a(lib_a-vfiprintf.o)
                0x0000000000024478                .__sprint_r
 .text._vfiprintf_r
                0x00000000000244a0     0x1500 /usr/local/ps3dev/ppu/lib/gcc/powerpc64-ps3-elf/7.2.0/../../../../powerpc64-ps3-elf/lib/libc.a(lib_a-vfiprintf.o)
                0x00000000000244a0                ._vfiprintf_r
 .text.vfiprintf
                0x00000000000259a0       0x60 /usr/local/ps3dev/ppu/lib/gcc/powerpc64-ps3-elf/7.2.0/../../../../powerpc64-ps3-elf/lib/libc.a(lib_a-vfiprintf.o)
                0x00000000000259a0                .vfiprintf
 .text          0x0000000000025a00        0x0 /usr/local/ps3dev/ppu/lib/gcc/powerpc64-ps3-elf/7.2.0/../../../../powerpc64-ps3-elf/lib/libc.a(lib_a-wbuf.o)
 .text.__swbuf_r
                0x0000000000025a00      0x200 /usr/local/ps3dev/ppu/lib/gcc/powerpc64-ps3-elf/7.2.0/../../../../powerpc64-ps3-elf/lib/libc.a(lib_a-wbuf.o)
                0x0000000000025a00                .__swbuf_r
 .text.__swbuf  0x0000000000025c00       0x50 /usr/local/ps3dev/ppu/lib/gcc/powerpc64-ps3-elf/7.2.0/../../../../powerpc64-ps3-elf/lib/libc.a(lib_a-wbuf.o)
                0x0000000000025c00                .__swbuf
 .text          0x0000000000025c50        0x0 /usr/local/ps3dev/ppu/lib/gcc/powerpc64-ps3-elf/7.2.0/../../../../powerpc64-ps3-elf/lib/libc.a(lib_a-__atexit.o)
 .text.__register_exitproc
                0x0000000000025c50      0x184 /usr/local/ps3dev/ppu/lib/gcc/powerpc64-ps3-elf/7.2.0/../../../../powerpc64-ps3-elf/lib/libc.a(lib_a-__atexit.o)
                0x0000000000025c50                .__register_exitproc
 .text          0x0000000000025dd4        0x0 /usr/local/ps3dev/ppu/lib/gcc/powerpc64-ps3-elf/7.2.0/../../../../powerpc64-ps3-elf/lib/libc.a(lib_a-fclose.o)
 *fill*         0x0000000000025dd4        0x4 60000000
 .text._fclose_r
                0x0000000000025dd8      0x1e8 /usr/local/ps3dev/ppu/lib/gcc/powerpc64-ps3-elf/7.2.0/../../../../powerpc64-ps3-elf/lib/libc.a(lib_a-fclose.o)
                0x0000000000025dd8                ._fclose_r
 .text.fclose   0x0000000000025fc0       0x40 /usr/local/ps3dev/ppu/lib/gcc/powerpc64-ps3-elf/7.2.0/../../../../powerpc64-ps3-elf/lib/libc.a(lib_a-fclose.o)
                0x0000000000025fc0                .fclose
 .text          0x0000000000026000        0x0 /usr/local/ps3dev/ppu/lib/gcc/powerpc64-ps3-elf/7.2.0/../../../../powerpc64-ps3-elf/lib/libc.a(lib_a-fputwc.o)
 .text._fputwc_r
                0x0000000000026000      0x238 /usr/local/ps3dev/ppu/lib/gcc/powerpc64-ps3-elf/7.2.0/../../../../powerpc64-ps3-elf/lib/libc.a(lib_a-fputwc.o)
                0x0000000000026000                ._fputwc_r
 .text.fputwc   0x0000000000026238       0xac /usr/local/ps3dev/ppu/lib/gcc/powerpc64-ps3-elf/7.2.0/../../../../powerpc64-ps3-elf/lib/libc.a(lib_a-fputwc.o)
                0x0000000000026238                .fputwc
 .text          0x00000000000262e4        0x0 /usr/local/ps3dev/ppu/lib/gcc/powerpc64-ps3-elf/7.2.0/../../../../powerpc64-ps3-elf/lib/libc.a(lib_a-gdtoa-gethex.o)
 *fill*         0x00000000000262e4        0x4 60000000
 .text.rshift   0x00000000000262e8      0x184 /usr/local/ps3dev/ppu/lib/gcc/powerpc64-ps3-elf/7.2.0/../../../../powerpc64-ps3-elf/lib/libc.a(lib_a-gdtoa-gethex.o)
 *fill*         0x000000000002646c        0x4 60000000
 .text.__hexdig_init
                0x0000000000026470       0xa0 /usr/local/ps3dev/ppu/lib/gcc/powerpc64-ps3-elf/7.2.0/../../../../powerpc64-ps3-elf/lib/libc.a(lib_a-gdtoa-gethex.o)
                0x0000000000026470                .__hexdig_init
 .text.__gethex
                0x0000000000026510      0x950 /usr/local/ps3dev/ppu/lib/gcc/powerpc64-ps3-elf/7.2.0/../../../../powerpc64-ps3-elf/lib/libc.a(lib_a-gdtoa-gethex.o)
                0x0000000000026510                .__gethex
 .text          0x0000000000026e60        0x0 /usr/local/ps3dev/ppu/lib/gcc/powerpc64-ps3-elf/7.2.0/../../../../powerpc64-ps3-elf/lib/libc.a(lib_a-gdtoa-hexnan.o)
 .text.__hexnan
                0x0000000000026e60      0x384 /usr/local/ps3dev/ppu/lib/gcc/powerpc64-ps3-elf/7.2.0/../../../../powerpc64-ps3-elf/lib/libc.a(lib_a-gdtoa-hexnan.o)
                0x0000000000026e60                .__hexnan
 .text          0x00000000000271e4        0x0 /usr/local/ps3dev/ppu/lib/gcc/powerpc64-ps3-elf/7.2.0/../../../../powerpc64-ps3-elf/lib/libc.a(lib_a-lock_internal.o)
 *fill*         0x00000000000271e4        0x4 60000000
 .text.startup.init_metalock
                0x00000000000271e8       0x48 /usr/local/ps3dev/ppu/lib/gcc/powerpc64-ps3-elf/7.2.0/../../../../powerpc64-ps3-elf/lib/libc.a(lib_a-lock_internal.o)
 .text.__libc_auto_lock_allocate
                0x0000000000027230       0x9c /usr/local/ps3dev/ppu/lib/gcc/powerpc64-ps3-elf/7.2.0/../../../../powerpc64-ps3-elf/lib/libc.a(lib_a-lock_internal.o)
                0x0000000000027230                .__libc_auto_lock_allocate
 .text          0x00000000000272cc        0x0 /usr/local/ps3dev/ppu/lib/gcc/powerpc64-ps3-elf/7.2.0/../../../../powerpc64-ps3-elf/lib/libc.a(lib_a-strncmp.o)
 *fill*         0x00000000000272cc        0x4 60000000
 .text.strncmp  0x00000000000272d0      0x12c /usr/local/ps3dev/ppu/lib/gcc/powerpc64-ps3-elf/7.2.0/../../../../powerpc64-ps3-elf/lib/libc.a(lib_a-strncmp.o)
                0x00000000000272d0                .strncmp
 .text          0x00000000000273fc        0x0 /usr/local/ps3dev/ppu/lib/gcc/powerpc64-ps3-elf/7.2.0/../../../../powerpc64-ps3-elf/lib/libc.a(lib_a-svfiprintf.o)
 *fill*         0x00000000000273fc        0x4 60000000
 .text.__ssprint_r
                0x0000000000027400      0x2b4 /usr/local/ps3dev/ppu/lib/gcc/powerpc64-ps3-elf/7.2.0/../../../../powerpc64-ps3-elf/lib/libc.a(lib_a-svfiprintf.o)
                0x0000000000027400                .__ssprint_r
 *fill*         0x00000000000276b4        0x4 60000000
 .text._svfiprintf_r
                0x00000000000276b8     0x1148 /usr/local/ps3dev/ppu/lib/gcc/powerpc64-ps3-elf/7.2.0/../../../../powerpc64-ps3-elf/lib/libc.a(lib_a-svfiprintf.o)
                0x00000000000276b8                ._svfiprintf_r
 .text          0x0000000000028800        0x0 /usr/local/ps3dev/ppu/lib/gcc/powerpc64-ps3-elf/7.2.0/../../../../powerpc64-ps3-elf/lib/libc.a(lib_a-wcrtomb.o)
 .text._wcrtomb_r
                0x0000000000028800      0x11c /usr/local/ps3dev/ppu/lib/gcc/powerpc64-ps3-elf/7.2.0/../../../../powerpc64-ps3-elf/lib/libc.a(lib_a-wcrtomb.o)
                0x0000000000028800                ._wcrtomb_r
 *fill*         0x000000000002891c        0x4 60000000
 .text.wcrtomb  0x0000000000028920      0x150 /usr/local/ps3dev/ppu/lib/gcc/powerpc64-ps3-elf/7.2.0/../../../../powerpc64-ps3-elf/lib/libc.a(lib_a-wcrtomb.o)
                0x0000000000028920                .wcrtomb
 .text          0x0000000000028a70        0x0 /usr/local/ps3dev/ppu/lib/gcc/powerpc64-ps3-elf/7.2.0/../../../../powerpc64-ps3-elf/lib/libc.a(lib_a-wctomb_r.o)
 .text.__ascii_wctomb
                0x0000000000028a70       0x44 /usr/local/ps3dev/ppu/lib/gcc/powerpc64-ps3-elf/7.2.0/../../../../powerpc64-ps3-elf/lib/libc.a(lib_a-wctomb_r.o)
                0x0000000000028a70                .__ascii_wctomb
 *fill*         0x0000000000028ab4        0x4 60000000
 .text._wctomb_r
                0x0000000000028ab8       0x90 /usr/local/ps3dev/ppu/lib/gcc/powerpc64-ps3-elf/7.2.0/../../../../powerpc64-ps3-elf/lib/libc.a(lib_a-wctomb_r.o)
                0x0000000000028ab8                ._wctomb_r
 .text          0x0000000000028b48        0x0 /usr/local/ps3dev/ppu/lib/gcc/powerpc64-ps3-elf/7.2.0/../../../../powerpc64-ps3-elf/lib/libc.a(lib_a-abort.o)
 .text.abort    0x0000000000028b48       0x30 /usr/local/ps3dev/ppu/lib/gcc/powerpc64-ps3-elf/7.2.0/../../../../powerpc64-ps3-elf/lib/libc.a(lib_a-abort.o)
                0x0000000000028b48                .abort
 .text          0x0000000000028b78        0x0 /usr/local/ps3dev/ppu/lib/gcc/powerpc64-ps3-elf/7.2.0/../../../../powerpc64-ps3-elf/lib/libc.a(lib_a-signal.o)
 .text._init_signal_r.part.0
                0x0000000000028b78       0x74 /usr/local/ps3dev/ppu/lib/gcc/powerpc64-ps3-elf/7.2.0/../../../../powerpc64-ps3-elf/lib/libc.a(lib_a-signal.o)
 *fill*         0x0000000000028bec        0x4 60000000
 .text._init_signal_r
                0x0000000000028bf0       0x28 /usr/local/ps3dev/ppu/lib/gcc/powerpc64-ps3-elf/7.2.0/../../../../powerpc64-ps3-elf/lib/libc.a(lib_a-signal.o)
                0x0000000000028bf0                ._init_signal_r
 .text._signal_r
                0x0000000000028c18       0x98 /usr/local/ps3dev/ppu/lib/gcc/powerpc64-ps3-elf/7.2.0/../../../../powerpc64-ps3-elf/lib/libc.a(lib_a-signal.o)
                0x0000000000028c18                ._signal_r
 .text._raise_r
                0x0000000000028cb0      0x13c /usr/local/ps3dev/ppu/lib/gcc/powerpc64-ps3-elf/7.2.0/../../../../powerpc64-ps3-elf/lib/libc.a(lib_a-signal.o)
                0x0000000000028cb0                ._raise_r
 *fill*         0x0000000000028dec        0x4 60000000
 .text.__sigtramp_r
                0x0000000000028df0       0xfc /usr/local/ps3dev/ppu/lib/gcc/powerpc64-ps3-elf/7.2.0/../../../../powerpc64-ps3-elf/lib/libc.a(lib_a-signal.o)
                0x0000000000028df0                .__sigtramp_r
 *fill*         0x0000000000028eec        0x4 60000000
 .text.raise    0x0000000000028ef0       0x40 /usr/local/ps3dev/ppu/lib/gcc/powerpc64-ps3-elf/7.2.0/../../../../powerpc64-ps3-elf/lib/libc.a(lib_a-signal.o)
                0x0000000000028ef0                .raise
 .text.signal   0x0000000000028f30       0xbc /usr/local/ps3dev/ppu/lib/gcc/powerpc64-ps3-elf/7.2.0/../../../../powerpc64-ps3-elf/lib/libc.a(lib_a-signal.o)
                0x0000000000028f30                .signal
 *fill*         0x0000000000028fec        0x4 60000000
 .text._init_signal
                0x0000000000028ff0       0x54 /usr/local/ps3dev/ppu/lib/gcc/powerpc64-ps3-elf/7.2.0/../../../../powerpc64-ps3-elf/lib/libc.a(lib_a-signal.o)
                0x0000000000028ff0                ._init_signal
 *fill*         0x0000000000029044        0x4 60000000
 .text.__sigtramp
                0x0000000000029048       0x40 /usr/local/ps3dev/ppu/lib/gcc/powerpc64-ps3-elf/7.2.0/../../../../powerpc64-ps3-elf/lib/libc.a(lib_a-signal.o)
                0x0000000000029048                .__sigtramp
 .text          0x0000000000029088        0x0 /usr/local/ps3dev/ppu/lib/gcc/powerpc64-ps3-elf/7.2.0/../../../../powerpc64-ps3-elf/lib/libsysbase.a(close.o)
 .text._close_r
                0x0000000000029088       0x68 /usr/local/ps3dev/ppu/lib/gcc/powerpc64-ps3-elf/7.2.0/../../../../powerpc64-ps3-elf/lib/libsysbase.a(close.o)
                0x0000000000029088                ._close_r
 .text          0x00000000000290f0        0x0 /usr/local/ps3dev/ppu/lib/gcc/powerpc64-ps3-elf/7.2.0/../../../../powerpc64-ps3-elf/lib/libsysbase.a(sbrk.o)
 .text._sbrk_r  0x00000000000290f0       0x68 /usr/local/ps3dev/ppu/lib/gcc/powerpc64-ps3-elf/7.2.0/../../../../powerpc64-ps3-elf/lib/libsysbase.a(sbrk.o)
                0x00000000000290f0                ._sbrk_r
 .text          0x0000000000029158        0x0 /usr/local/ps3dev/ppu/lib/gcc/powerpc64-ps3-elf/7.2.0/../../../../powerpc64-ps3-elf/lib/libsysbase.a(_exit.o)
 .text._exit    0x0000000000029158       0x4c /usr/local/ps3dev/ppu/lib/gcc/powerpc64-ps3-elf/7.2.0/../../../../powerpc64-ps3-elf/lib/libsysbase.a(_exit.o)
                0x0000000000029158                ._exit
 .text          0x00000000000291a4        0x0 /usr/local/ps3dev/ppu/lib/gcc/powerpc64-ps3-elf/7.2.0/../../../../powerpc64-ps3-elf/lib/libsysbase.a(fstat.o)
 *fill*         0x00000000000291a4        0x4 60000000
 .text._fstat_r
                0x00000000000291a8       0x68 /usr/local/ps3dev/ppu/lib/gcc/powerpc64-ps3-elf/7.2.0/../../../../powerpc64-ps3-elf/lib/libsysbase.a(fstat.o)
                0x00000000000291a8                ._fstat_r
 .text          0x0000000000029210        0x0 /usr/local/ps3dev/ppu/lib/gcc/powerpc64-ps3-elf/7.2.0/../../../../powerpc64-ps3-elf/lib/libsysbase.a(isatty.o)
 .text._isatty_r
                0x0000000000029210       0x68 /usr/local/ps3dev/ppu/lib/gcc/powerpc64-ps3-elf/7.2.0/../../../../powerpc64-ps3-elf/lib/libsysbase.a(isatty.o)
                0x0000000000029210                ._isatty_r
 .text          0x0000000000029278        0x0 /usr/local/ps3dev/ppu/lib/gcc/powerpc64-ps3-elf/7.2.0/../../../../powerpc64-ps3-elf/lib/libsysbase.a(lseek.o)
 .text._lseek_r
                0x0000000000029278       0x68 /usr/local/ps3dev/ppu/lib/gcc/powerpc64-ps3-elf/7.2.0/../../../../powerpc64-ps3-elf/lib/libsysbase.a(lseek.o)
                0x0000000000029278                ._lseek_r
 .text          0x00000000000292e0        0x0 /usr/local/ps3dev/ppu/lib/gcc/powerpc64-ps3-elf/7.2.0/../../../../powerpc64-ps3-elf/lib/libsysbase.a(read.o)
 .text._read_r  0x00000000000292e0       0x68 /usr/local/ps3dev/ppu/lib/gcc/powerpc64-ps3-elf/7.2.0/../../../../powerpc64-ps3-elf/lib/libsysbase.a(read.o)
                0x00000000000292e0                ._read_r
 .text          0x0000000000029348        0x0 /usr/local/ps3dev/ppu/lib/gcc/powerpc64-ps3-elf/7.2.0/../../../../powerpc64-ps3-elf/lib/libsysbase.a(write.o)
 .text._write_r
                0x0000000000029348       0x68 /usr/local/ps3dev/ppu/lib/gcc/powerpc64-ps3-elf/7.2.0/../../../../powerpc64-ps3-elf/lib/libsysbase.a(write.o)
                0x0000000000029348                ._write_r
 .text          0x00000000000293b0        0x0 /usr/local/ps3dev/ppu/lib/gcc/powerpc64-ps3-elf/7.2.0/../../../../powerpc64-ps3-elf/lib/libsysbase.a(lock.o)
 .text.sys_lwmutex_create
                0x00000000000293b0       0x90 /usr/local/ps3dev/ppu/lib/gcc/powerpc64-ps3-elf/7.2.0/../../../../powerpc64-ps3-elf/lib/libsysbase.a(lock.o)
                0x00000000000293b0                .sys_lwmutex_create
 .text.sys_lwmutex_destroy
                0x0000000000029440       0x80 /usr/local/ps3dev/ppu/lib/gcc/powerpc64-ps3-elf/7.2.0/../../../../powerpc64-ps3-elf/lib/libsysbase.a(lock.o)
                0x0000000000029440                .sys_lwmutex_destroy
 .text.sys_lwmutex_lock
                0x00000000000294c0       0x90 /usr/local/ps3dev/ppu/lib/gcc/powerpc64-ps3-elf/7.2.0/../../../../powerpc64-ps3-elf/lib/libsysbase.a(lock.o)
                0x00000000000294c0                .sys_lwmutex_lock
 .text.sys_lwmutex_trylock
                0x0000000000029550       0x80 /usr/local/ps3dev/ppu/lib/gcc/powerpc64-ps3-elf/7.2.0/../../../../powerpc64-ps3-elf/lib/libsysbase.a(lock.o)
                0x0000000000029550                .sys_lwmutex_trylock
 .text.sys_lwmutex_unlock
                0x00000000000295d0       0x80 /usr/local/ps3dev/ppu/lib/gcc/powerpc64-ps3-elf/7.2.0/../../../../powerpc64-ps3-elf/lib/libsysbase.a(lock.o)
                0x00000000000295d0                .sys_lwmutex_unlock
 .text          0x0000000000029650        0x0 /usr/local/ps3dev/ppu/lib/gcc/powerpc64-ps3-elf/7.2.0/../../../../powerpc64-ps3-elf/lib/libsysbase.a(getpid.o)
 .text._getpid_r
                0x0000000000029650       0x68 /usr/local/ps3dev/ppu/lib/gcc/powerpc64-ps3-elf/7.2.0/../../../../powerpc64-ps3-elf/lib/libsysbase.a(getpid.o)
                0x0000000000029650                ._getpid_r
 .text          0x00000000000296b8        0x0 /usr/local/ps3dev/ppu/lib/gcc/powerpc64-ps3-elf/7.2.0/../../../../powerpc64-ps3-elf/lib/libsysbase.a(kill.o)
 .text._kill_r  0x00000000000296b8       0x1c /usr/local/ps3dev/ppu/lib/gcc/powerpc64-ps3-elf/7.2.0/../../../../powerpc64-ps3-elf/lib/libsysbase.a(kill.o)
                0x00000000000296b8                ._kill_r
 .text          0x00000000000296d4        0x0 /usr/local/ps3dev/ppu/lib/gcc/powerpc64-ps3-elf/7.2.0/crtend.o
 *fill*         0x00000000000296d4        0x4 60000000
 .text.__do_global_ctors_aux
                0x00000000000296d8       0x64 /usr/local/ps3dev/ppu/lib/gcc/powerpc64-ps3-elf/7.2.0/crtend.o
 .text          0x000000000002973c        0x0 /usr/local/ps3dev/ppu/lib/gcc/powerpc64-ps3-elf/7.2.0/../../../../powerpc64-ps3-elf/lib/lv2-crtn.o
 *(.text.*personality*)
 *(.gnu.warning)
 *(.sfpr .glink)
 .sfpr          0x0000000000000000        0x0 linker stubs
 *fill*         0x000000000002973c        0x0 60000000
 .glink         0x0000000000000000        0x0 linker stubs

.fini           0x000000000002973c       0x2c
 *(.fini)
 .fini          0x000000000002973c        0xc /usr/local/ps3dev/ppu/lib/gcc/powerpc64-ps3-elf/7.2.0/../../../../powerpc64-ps3-elf/lib/lv2-crti.o
                0x000000000002973c                ._fini
 .fini          0x0000000000029748        0x8 /usr/local/ps3dev/ppu/lib/gcc/powerpc64-ps3-elf/7.2.0/crtbegin.o
 .fini          0x0000000000029750        0x8 /usr/local/ps3dev/psl1ght/ppu/lib/librt.a(sbrk.o)
 .fini          0x0000000000029758       0x10 /usr/local/ps3dev/ppu/lib/gcc/powerpc64-ps3-elf/7.2.0/../../../../powerpc64-ps3-elf/lib/lv2-crtn.o

.sceStub.text   0x0000000000029768     0x1dc0
 *(.sceStub.text)
 .sceStub.text  0x0000000000029768     0x1dc0 /usr/local/ps3dev/psl1ght/ppu/lib/liblv2.a(sprx.o)
                0x0000000000029768                __sysGetSystemTime
                0x00000000000297a8                __sysGetSystemSwVersion
                0x00000000000297e8                __sysGetTemperature
                0x0000000000029828                __sysGetRandomNumber
                0x0000000000029868                __sysGetRtcStatus
                0x00000000000298a8                __sysBoardStorageRead
                0x00000000000298e8                __sysBoardStorageWrite
                0x0000000000029928                __sysProcessIsStack
                0x0000000000029968                .sysProcessExit
                0x0000000000029968                __sysProcessExit
                0x00000000000299a8                __sysProcessExitspawn
                0x00000000000299e8                __sysProcessExitSpawn2Ex
                0x0000000000029a28                __sysProcessExitSpawnWithLevel
                0x0000000000029a68                __sysProcessAtExitSpawn
                0x0000000000029aa8                __sysProcess_At_ExitSpawn
                0x0000000000029ae8                __sysPrxRegisterLibrary
                0x0000000000029b28                __sysPrxUnregisterLibrary
                0x0000000000029b68                __sysPrxStartModule
                0x0000000000029ba8                __sysPrxStopModule
                0x0000000000029be8                __sysPrxLoadModule
                0x0000000000029c28                __sysPrxLoadModuleByFd
                0x0000000000029c68                __sysPrxLoadModuleList
                0x0000000000029ca8                __sysPrxLoadModuleListOnMemcontainer
                0x0000000000029ce8                __sysPrxLoadModuleOnMemcontainer
                0x0000000000029d28                __sysPrxLoadModuleOnMemcontainerByFd
                0x0000000000029d68                __sysPrxGetModuleInfo
                0x0000000000029da8                __sysPrxGetModuleList
                0x0000000000029de8                __sysPrxGetModuleId
                0x0000000000029e28                __sysPrxGetModuleIdByAddress
                0x0000000000029e68                __sysPrxGetModuleIdByName
                0x0000000000029ea8                __sysPrxUnloadModule
                0x0000000000029ee8                __sysPrxExitSpawnWithLevel
                0x0000000000029f28                __sysThreadCreateEx
                0x0000000000029f68                __sysThreadExit
                0x0000000000029fa8                __sysThreadGetId
                0x0000000000029fe8                __sysThreadOnce
                0x000000000002a028                __sysThreadInitialzeTLS
                0x000000000002a068                __sysThreadRegisterAtexit
                0x000000000002a0a8                __sysThreadUnregisterAtexit
                0x000000000002a0e8                __sysInterruptThreadDisestablish
                0x000000000002a128                __sysLwMutexCreate
                0x000000000002a128                .sysLwMutexCreate
                0x000000000002a168                .sysLwMutexDestroy
                0x000000000002a168                __sysLwMutexDestroy
                0x000000000002a1a8                .sysLwMutexLock
                0x000000000002a1a8                __sysLwMutexLock
                0x000000000002a1e8                .sysLwMutexTryLock
                0x000000000002a1e8                __sysLwMutexTryLock
                0x000000000002a228                __sysLwMutexUnlock
                0x000000000002a228                .sysLwMutexUnlock
                0x000000000002a268                __sysLwCondCreate
                0x000000000002a2a8                __sysLwCondWait
                0x000000000002a2e8                __sysLwCondSignal
                0x000000000002a328                __sysLwCondSignalTo
                0x000000000002a368                __sysLwCondSignalAll
                0x000000000002a3a8                __sysLwCondDestroy
                0x000000000002a3e8                .sysSpinlockInitialize
                0x000000000002a3e8                __sysSpinlockInitialize
                0x000000000002a428                .sysSpinlockLock
                0x000000000002a428                __sysSpinlockLock
                0x000000000002a468                __sysSpinlockTryLock
                0x000000000002a4a8                .sysSpinlockUnlock
                0x000000000002a4a8                __sysSpinlockUnlock
                0x000000000002a4e8                __sysWatchdogClear
                0x000000000002a528                __sysWatchdogStart
                0x000000000002a568                __sysWatchdogStop
                0x000000000002a5a8                __sysMalloc
                0x000000000002a5e8                __sysMemalign
                0x000000000002a628                __sysMemchr
                0x000000000002a668                __sysMemcmp
                0x000000000002a6a8                __sysMemcpy
                0x000000000002a6e8                __sysMemmove
                0x000000000002a728                __sysMemset
                0x000000000002a768                __sysFree
                0x000000000002a7a8                __sysHeapAllocHeapMemory
                0x000000000002a7e8                __sysHeapCreateHeap
                0x000000000002a828                __sysHeapDeleteHeap
                0x000000000002a868                __sysHeapFree
                0x000000000002a8a8                __sysHeapGetMallInfo
                0x000000000002a8e8                __sysHeapGetTotalFreeSize
                0x000000000002a928                __sysHeapMalloc
                0x000000000002a968                __sysHeapMemalign
                0x000000000002a9a8                __sysHeapStats
                0x000000000002a9e8                __sysQsort
                0x000000000002aa28                __sysMempoolCreate
                0x000000000002aa68                __sysMempoolDestroy
                0x000000000002aaa8                __sysMempoolGetCount
                0x000000000002aae8                __sysMempoolAllocateBlock
                0x000000000002ab28                __sysMempoolTryAllocateBlock
                0x000000000002ab68                __sysMempoolFreeBlock
                0x000000000002aba8                .sysMMapperFreeMemory
                0x000000000002aba8                __sysMMapperFreeMemory
                0x000000000002abe8                __sysMMapperMapMemory
                0x000000000002ac28                .sysMMapperUnmapMemory
                0x000000000002ac28                __sysMMapperUnmapMemory
                0x000000000002ac68                __sysMMapperAllocateMemory
                0x000000000002ac68                .sysMMapperAllocateMemory
                0x000000000002aca8                __sysMMapperAllocateMemoryFromContainer
                0x000000000002ace8                __sysStrlen
                0x000000000002ad28                __sysStrcpy
                0x000000000002ad68                __sysStrncpy
                0x000000000002ada8                __sysStrcat
                0x000000000002ade8                __sysStrncat
                0x000000000002ae28                __sysStrchr
                0x000000000002ae68                __sysStrrchr
                0x000000000002aea8                __sysStrcmp
                0x000000000002aee8                __sysStrncmp
                0x000000000002af28                __sysStrncasecmp
                0x000000000002af68                __sysToLower
                0x000000000002afa8                __sysToUpper
                0x000000000002afe8                __sysSpuElfGetSegments
                0x000000000002b028                __sysSpuElfGetInformation
                0x000000000002b068                __sysSpuRawLoad
                0x000000000002b0a8                __sysSpuRawImageLoad
                0x000000000002b0e8                .sysSpuImageClose
                0x000000000002b0e8                __sysSpuImageClose
                0x000000000002b128                __sysSpuImageImport
                0x000000000002b128                .sysSpuImageImport
                0x000000000002b168                __sysSpuPrintfAttachGroup
                0x000000000002b1a8                __sysSpuPrintfAttachThread
                0x000000000002b1e8                __sysSpuPrintfDetachGroup
                0x000000000002b228                __sysSpuPrintfDetach_Tread
                0x000000000002b268                __sysSpuPrintfFinalize
                0x000000000002b2a8                __sysSpuPrintfInitialize
                0x000000000002b2e8                __sysConsoleGetc
                0x000000000002b328                __sysConsolePutc
                0x000000000002b368                __sysConsoleWrite
                0x000000000002b3a8                __sysPrintf
                0x000000000002b3e8                __sysSprintf
                0x000000000002b428                __sysSnprintf
                0x000000000002b468                __sysVprintf
                0x000000000002b4a8                __sysVsprintf
                0x000000000002b4e8                __sysVsnprintf
 *(SORT(.sceStub.text.*))
                0x000000000002b528                PROVIDE (__etext, .)
                0x000000000002b528                PROVIDE (_etext, .)
                0x000000000002b528                PROVIDE (etext, .)

.eh_frame_hdr   0x000000000002b528        0x0
 *(.eh_frame_hdr)
 .eh_frame_hdr  0x0000000000000000        0x0 /usr/local/ps3dev/ppu/lib/gcc/powerpc64-ps3-elf/7.2.0/../../../../powerpc64-ps3-elf/lib/lv2-crtn.o

.eh_frame       0x000000000002b528        0x4
 *(.eh_frame)
 .eh_frame      0x000000000002b528        0x0 linker stubs
 .eh_frame      0x000000000002b528        0x0 /usr/local/ps3dev/ppu/lib/gcc/powerpc64-ps3-elf/7.2.0/crtbegin.o
 .eh_frame      0x000000000002b528        0x4 /usr/local/ps3dev/ppu/lib/gcc/powerpc64-ps3-elf/7.2.0/crtend.o

.gcc_except_table
 *(.gcc_except_table .gcc_except_table.*)

.rodata.sceResident
                0x000000000002b52c       0x12
 *(.rodata.sceResident)
 .rodata.sceResident
                0x000000000002b52c       0x12 /usr/local/ps3dev/psl1ght/ppu/lib/liblv2.a(sprx.o)

.rodata.sceFNID
                0x000000000002b540      0x1dc
 *(.rodata.sceFNID .rodata.sceFNID.*)
 .rodata.sceFNID
                0x000000000002b540      0x1dc /usr/local/ps3dev/psl1ght/ppu/lib/liblv2.a(sprx.o)
                0x000000000002b540                sysPrxForUser
                0x000000000002b540                sysGetSystemTime_fnid
                0x000000000002b544                sysGetSystemSwVersion_fnid
                0x000000000002b548                sysGetTemperature_fnid
                0x000000000002b54c                sysGetRandomNumber_fnid
                0x000000000002b550                sysGetRtcStatus_fnid
                0x000000000002b554                sysBoardStorageRead_fnid
                0x000000000002b558                sysBoardStorageWrite_fnid
                0x000000000002b55c                sysProcessIsStack_fnid
                0x000000000002b560                sysProcessExit_fnid
                0x000000000002b564                sysProcessExitspawn_fnid
                0x000000000002b568                sysProcessExitSpawn2Ex_fnid
                0x000000000002b56c                sysProcessExitSpawnWithLevel_fnid
                0x000000000002b570                sysProcessAtExitSpawn_fnid
                0x000000000002b574                sysProcess_At_ExitSpawn_fnid
                0x000000000002b578                sysPrxRegisterLibrary_fnid
                0x000000000002b57c                sysPrxUnregisterLibrary_fnid
                0x000000000002b580                sysPrxStartModule_fnid
                0x000000000002b584                sysPrxStopModule_fnid
                0x000000000002b588                sysPrxLoadModule_fnid
                0x000000000002b58c                sysPrxLoadModuleByFd_fnid
                0x000000000002b590                sysPrxLoadModuleList_fnid
                0x000000000002b594                sysPrxLoadModuleListOnMemcontainer_fnid
                0x000000000002b598                sysPrxLoadModuleOnMemcontainer_fnid
                0x000000000002b59c                sysPrxLoadModuleOnMemcontainerByFd_fnid
                0x000000000002b5a0                sysPrxGetModuleInfo_fnid
                0x000000000002b5a4                sysPrxGetModuleList_fnid
                0x000000000002b5a8                sysPrxGetModuleId_fnid
                0x000000000002b5ac                sysPrxGetModuleIdByAddress_fnid
                0x000000000002b5b0                sysPrxGetModuleIdByName_fnid
                0x000000000002b5b4                sysPrxUnloadModule_fnid
                0x000000000002b5b8                sysPrxExitSpawnWithLevel_fnid
                0x000000000002b5bc                sysThreadCreateEx_fnid
                0x000000000002b5c0                sysThreadExit_fnid
                0x000000000002b5c4                sysThreadGetId_fnid
                0x000000000002b5c8                sysThreadOnce_fnid
                0x000000000002b5cc                sysThreadInitialzeTLS_fnid
                0x000000000002b5d0                sysThreadRegisterAtexit_fnid
                0x000000000002b5d4                sysThreadUnregisterAtexit_fnid
                0x000000000002b5d8                sysInterruptThreadDisestablish_fnid
                0x000000000002b5dc                sysLwMutexCreate_fnid
                0x000000000002b5e0                sysLwMutexDestroy_fnid
                0x000000000002b5e4                sysLwMutexLock_fnid
                0x000000000002b5e8                sysLwMutexTryLock_fnid
                0x000000000002b5ec                sysLwMutexUnlock_fnid
                0x000000000002b5f0                sysLwCondCreate_fnid
                0x000000000002b5f4                sysLwCondWait_fnid
                0x000000000002b5f8                sysLwCondSignal_fnid
                0x000000000002b5fc                sysLwCondSignalTo_fnid
                0x000000000002b600                sysLwCondSignalAll_fnid
                0x000000000002b604                sysLwCondDestroy_fnid
                0x000000000002b608                sysSpinlockInitialize_fnid
                0x000000000002b60c                sysSpinlockLock_fnid
                0x000000000002b610                sysSpinlockTryLock_fnid
                0x000000000002b614                sysSpinlockUnlock_fnid
                0x000000000002b618                sysWatchdogClear_fnid
                0x000000000002b61c                sysWatchdogStart_fnid
                0x000000000002b620                sysWatchdogStop_fnid
                0x000000000002b624                sysMalloc_fnid
                0x000000000002b628                sysMemalign_fnid
                0x000000000002b62c                sysMemchr_fnid
                0x000000000002b630                sysMemcmp_fnid
                0x000000000002b634                sysMemcpy_fnid
                0x000000000002b638                sysMemmove_fnid
                0x000000000002b63c                sysMemset_fnid
                0x000000000002b640                sysFree_fnid
                0x000000000002b644                sysHeapAllocHeapMemory_fnid
                0x000000000002b648                sysHeapCreateHeap_fnid
                0x000000000002b64c                sysHeapDeleteHeap_fnid
                0x000000000002b650                sysHeapFree_fnid
                0x000000000002b654                sysHeapGetMallInfo_fnid
                0x000000000002b658                sysHeapGetTotalFreeSize_fnid
                0x000000000002b65c                sysHeapMalloc_fnid
                0x000000000002b660                sysHeapMemalign_fnid
                0x000000000002b664                sysHeapStats_fnid
                0x000000000002b668                sysQsort_fnid
                0x000000000002b66c                sysMempoolCreate_fnid
                0x000000000002b670                sysMempoolDestroy_fnid
                0x000000000002b674                sysMempoolGetCount_fnid
                0x000000000002b678                sysMempoolAllocateBlock_fnid
                0x000000000002b67c                sysMempoolTryAllocateBlock_fnid
                0x000000000002b680                sysMempoolFreeBlock_fnid
                0x000000000002b684                sysMMapperFreeMemory_fnid
                0x000000000002b688                sysMMapperMapMemory_fnid
                0x000000000002b68c                sysMMapperUnmapMemory_fnid
                0x000000000002b690                sysMMapperAllocateMemory_fnid
                0x000000000002b694                sysMMapperAllocateMemoryFromContainer_fnid
                0x000000000002b698                sysStrlen_fnid
                0x000000000002b69c                sysStrcpy_fnid
                0x000000000002b6a0                sysStrncpy_fnid
                0x000000000002b6a4                sysStrcat_fnid
                0x000000000002b6a8                sysStrncat_fnid
                0x000000000002b6ac                sysStrchr_fnid