Archive member included because of file (symbol)

/usr/local/ps3dev/psl1ght/ppu/lib/libgcm_sys.a(sprx.o)
                              rsxutil.o (gcmSetFlip)
/usr/local/ps3dev/psl1ght/ppu/lib/librsx.a(init.o)
                              rsxutil.o (rsxInit)
/usr/local/ps3dev/psl1ght/ppu/lib/librsx.a(buffer.o)
                              rsxutil.o (rsxFlushBuffer)
/usr/local/ps3dev/psl1ght/ppu/lib/librsx.a(commands.o)
                              /usr/local/ps3dev/psl1ght/ppu/lib/librsx.a(buffer.o) (rsxSetJumpCommand)
/usr/local/ps3dev/psl1ght/ppu/lib/librsx.a(mm.o)
                              /usr/local/ps3dev/psl1ght/ppu/lib/librsx.a(init.o) (rsxHeapInit)
/usr/local/ps3dev/psl1ght/ppu/lib/librsx.a(vertex_program.o)
                              /usr/local/ps3dev/psl1ght/ppu/lib/librsx.a(commands.o) (rsxVertexProgramGetConsts)
/usr/local/ps3dev/psl1ght/ppu/lib/librsx.a(fragment_program.o)
                              /usr/local/ps3dev/psl1ght/ppu/lib/librsx.a(commands.o) (rsxFragmentProgramGetConsts)
/usr/local/ps3dev/psl1ght/ppu/lib/libsysutil.a(sprx.o)
                              rsxutil.o (videoConfigure)
/usr/local/ps3dev/psl1ght/ppu/lib/libio.a(sprx.o)
                              main.o (ioPadEnd)
/usr/local/ps3dev/psl1ght/ppu/lib/librt.a(sbrk.o)
                              /usr/local/ps3dev/ppu/lib/gcc/powerpc64-ps3-elf/7.2.0/../../../../powerpc64-ps3-elf/lib/lv2-crt0.o (__librt_sbrk_r)
/usr/local/ps3dev/psl1ght/ppu/lib/librt.a(exit.o)
                              /usr/local/ps3dev/ppu/lib/gcc/powerpc64-ps3-elf/7.2.0/../../../../powerpc64-ps3-elf/lib/lv2-crt0.o (__librt_exit)
/usr/local/ps3dev/psl1ght/ppu/lib/librt.a(close.o)
                              /usr/local/ps3dev/ppu/lib/gcc/powerpc64-ps3-elf/7.2.0/../../../../powerpc64-ps3-elf/lib/lv2-crt0.o (__librt_close_r)
/usr/local/ps3dev/psl1ght/ppu/lib/librt.a(lseek.o)
                              /usr/local/ps3dev/ppu/lib/gcc/powerpc64-ps3-elf/7.2.0/../../../../powerpc64-ps3-elf/lib/lv2-crt0.o (__librt_lseek_r)
/usr/local/ps3dev/psl1ght/ppu/lib/librt.a(read.o)
                              /usr/local/ps3dev/ppu/lib/gcc/powerpc64-ps3-elf/7.2.0/../../../../powerpc64-ps3-elf/lib/lv2-crt0.o (__librt_read_r)
/usr/local/ps3dev/psl1ght/ppu/lib/librt.a(open.o)
                              /usr/local/ps3dev/ppu/lib/gcc/powerpc64-ps3-elf/7.2.0/../../../../powerpc64-ps3-elf/lib/lv2-crt0.o (__librt_open_r)
/usr/local/ps3dev/psl1ght/ppu/lib/librt.a(sleep.o)
                              /usr/local/ps3dev/ppu/lib/gcc/powerpc64-ps3-elf/7.2.0/../../../../powerpc64-ps3-elf/lib/lv2-crt0.o (__librt_usleep_r)
/usr/local/ps3dev/psl1ght/ppu/lib/librt.a(write.o)
                              /usr/local/ps3dev/ppu/lib/gcc/powerpc64-ps3-elf/7.2.0/../../../../powerpc64-ps3-elf/lib/lv2-crt0.o (__librt_write_r)
/usr/local/ps3dev/psl1ght/ppu/lib/librt.a(fstat.o)
                              /usr/local/ps3dev/ppu/lib/gcc/powerpc64-ps3-elf/7.2.0/../../../../powerpc64-ps3-elf/lib/lv2-crt0.o (__librt_fstat_r)
/usr/local/ps3dev/psl1ght/ppu/lib/librt.a(socket.o)
                              /usr/local/ps3dev/psl1ght/ppu/lib/librt.a(write.o) (send)
/usr/local/ps3dev/psl1ght/ppu/lib/librt.a(lock.o)
                              /usr/local/ps3dev/ppu/lib/gcc/powerpc64-ps3-elf/7.2.0/../../../../powerpc64-ps3-elf/lib/lv2-crt0.o (__librt_sys_lwmutex_create_r)
/usr/local/ps3dev/psl1ght/ppu/lib/librt.a(dirent.o)
                              /usr/local/ps3dev/ppu/lib/gcc/powerpc64-ps3-elf/7.2.0/../../../../powerpc64-ps3-elf/lib/lv2-crt0.o (__librt_opendir_r)
/usr/local/ps3dev/psl1ght/ppu/lib/librt.a(mkdir.o)
                              /usr/local/ps3dev/ppu/lib/gcc/powerpc64-ps3-elf/7.2.0/../../../../powerpc64-ps3-elf/lib/lv2-crt0.o (__librt_mkdir_r)
/usr/local/ps3dev/psl1ght/ppu/lib/librt.a(times.o)
                              /usr/local/ps3dev/ppu/lib/gcc/powerpc64-ps3-elf/7.2.0/../../../../powerpc64-ps3-elf/lib/lv2-crt0.o (__librt_times_r)
/usr/local/ps3dev/psl1ght/ppu/lib/librt.a(umask.o)
                              /usr/local/ps3dev/ppu/lib/gcc/powerpc64-ps3-elf/7.2.0/../../../../powerpc64-ps3-elf/lib/lv2-crt0.o (__librt_umask_r)
/usr/local/ps3dev/psl1ght/ppu/lib/librt.a(lv2errno.o)
                              /usr/local/ps3dev/psl1ght/ppu/lib/librt.a(socket.o) (lv2errno)
/usr/local/ps3dev/psl1ght/ppu/lib/librt.a(heap.o)
                              /usr/local/ps3dev/psl1ght/ppu/lib/librsx.a(mm.o) (heapInit)
/usr/local/ps3dev/psl1ght/ppu/lib/librt.a(chmod.o)
                              /usr/local/ps3dev/ppu/lib/gcc/powerpc64-ps3-elf/7.2.0/../../../../powerpc64-ps3-elf/lib/lv2-crt0.o (__librt_chmod_r)
/usr/local/ps3dev/psl1ght/ppu/lib/librt.a(rmdir.o)
                              /usr/local/ps3dev/ppu/lib/gcc/powerpc64-ps3-elf/7.2.0/../../../../powerpc64-ps3-elf/lib/lv2-crt0.o (__librt_rmdir_r)
/usr/local/ps3dev/psl1ght/ppu/lib/librt.a(isatty.o)
[...]
Memory Configuration

Name             Origin             Length             Attributes
*default*        0x0000000000000000 0xffffffffffffffff

Linker script and memory map

                0x0000000000010000                PROVIDE (__executable_start, 0x10000)
                0x0000000000010200                . = (0x10000 + SIZEOF_HEADERS)

.interp
 *(.interp)

.hash
 *(.hash)

.dynsym
 *(.dynsym)

.dynstr
 *(.dynstr)

.gnu.version
 *(.gnu.version)

.gnu.version_d
 *(.gnu.version_d)

.gnu.version_r
 *(.gnu.version_r)

.rel.dyn
 *(.rel.init)
 *(.rel.text .rel.text.* .rel.gnu.linkonce.t.*)
 *(.rel.fini)
 *(.rel.rodata .rel.rodata.* .rel.gnu.linkonce.r.*)
 *(.rel.data.rel.ro*)
 *(.rel.data .rel.data.* .rel.gnu.linkonce.d.*)
 *(.rel.tdata .rel.tdata.* .rel.gnu.linkonce.td.*)
 *(.rel.tbss .rel.tbss.* .rel.gnu.linkonce.tb.*)
 *(.rel.ctors)
 *(.rel.dtors)
 *(.rel.got)
 *(.rel.sdata .rel.sdata.* .rel.gnu.linkonce.s.*)
 *(.rel.sbss .rel.sbss.* .rel.gnu.linkonce.sb.*)
 *(.rel.sdata2 .rel.sdata2.* .rel.gnu.linkonce.s2.*)
 *(.rel.sbss2 .rel.sbss2.* .rel.gnu.linkonce.sb2.*)
 *(.rel.bss .rel.bss.* .rel.gnu.linkonce.b.*)

.rela.dyn       0x0000000000010200        0x0
 *(.rela.init)
 *(.rela.text .rela.text.* .rela.gnu.linkonce.t.*)
 *(.rela.fini)
 *(.rela.rodata .rela.rodata.* .rela.gnu.linkonce.r.*)
 *(.rela.data .rela.data.* .rela.gnu.linkonce.d.*)
 *(.rela.tdata .rela.tdata.* .rela.gnu.linkonce.td.*)
 *(.rela.tbss .rela.tbss.* .rela.gnu.linkonce.tb.*)
 *(.rela.ctors)
 *(.rela.dtors)
 *(.rela.got)
 *(.rela.toc)
 .rela.toc      0x0000000000000000        0x0 linker stubs
 *(.rela.sdata .rela.sdata.* .rela.gnu.linkonce.s.*)
 *(.rela.sbss .rela.sbss.* .rela.gnu.linkonce.sb.*)
 *(.rela.sdata2 .rela.sdata2.* .rela.gnu.linkonce.s2.*)
 *(.rela.sbss2 .rela.sbss2.* .rela.gnu.linkonce.sb2.*)
 *(.rela.bss .rela.bss.* .rela.gnu.linkonce.b.*)
 .rela.iplt     0x0000000000000000        0x0 linker stubs
 .rela.sys_proc_prx_param
                0x0000000000000000        0x0 linker stubs
 .rela.opd      0x0000000000000000        0x0 linker stubs

.rel.plt
 *(.rel.plt)

.rela.plt
 *(.rela.plt)

.rela.tocbss
 *(.rela.tocbss)

.init           0x0000000000010200       0x2c
 *(.init)
 .init          0x0000000000010200        0xc /usr/local/ps3dev/ppu/lib/gcc/powerpc64-ps3-elf/7.2.0/../../../../powerpc64-ps3-elf/lib/lv2-crti.o
                0x0000000000010200                ._init
 .init          0x000000000001020c        0x8 /usr/local/ps3dev/ppu/lib/gcc/powerpc64-ps3-elf/7.2.0/crtbegin.o
 .init          0x0000000000010214        0x8 /usr/local/ps3dev/ppu/lib/gcc/powerpc64-ps3-elf/7.2.0/crtend.o
 .init          0x000000000001021c       0x10 /usr/local/ps3dev/ppu/lib/gcc/powerpc64-ps3-elf/7.2.0/../../../../powerpc64-ps3-elf/lib/lv2-crtn.o

.text           0x0000000000010230    0x18c34
 *(.text .stub .text.* .gnu.linkonce.t.*)
 .text          0x0000000000010230        0x0 /usr/local/ps3dev/ppu/lib/gcc/powerpc64-ps3-elf/7.2.0/../../../../powerpc64-ps3-elf/lib/lv2-crti.o
 .text          0x0000000000010230        0x0 /usr/local/ps3dev/ppu/lib/gcc/powerpc64-ps3-elf/7.2.0/crtbegin.o
 .text.deregister_tm_clones
                0x0000000000010230       0x54 /usr/local/ps3dev/ppu/lib/gcc/powerpc64-ps3-elf/7.2.0/crtbegin.o
 *fill*         0x0000000000010284        0x4 60000000
 .text.register_tm_clones
                0x0000000000010288       0x60 /usr/local/ps3dev/ppu/lib/gcc/powerpc64-ps3-elf/7.2.0/crtbegin.o
 .text.__do_global_dtors_aux
                0x00000000000102e8       0xd4 /usr/local/ps3dev/ppu/lib/gcc/powerpc64-ps3-elf/7.2.0/crtbegin.o
 *fill*         0x00000000000103bc        0x4 60000000
 .text.frame_dummy
                0x00000000000103c0       0x38 /usr/local/ps3dev/ppu/lib/gcc/powerpc64-ps3-elf/7.2.0/crtbegin.o
 .text          0x00000000000103f8       0x58 /usr/local/ps3dev/ppu/lib/gcc/powerpc64-ps3-elf/7.2.0/../../../../powerpc64-ps3-elf/lib/lv2-crt0.o
                0x00000000000103f8                ._start
 .text.startup.__syscalls_init
                0x0000000000010450      0x134 /usr/local/ps3dev/ppu/lib/gcc/powerpc64-ps3-elf/7.2.0/../../../../powerpc64-ps3-elf/lib/lv2-crt0.o
 *fill*         0x0000000000010584        0x4 60000000
 .text._initialize
                0x0000000000010588       0x40 /usr/local/ps3dev/ppu/lib/gcc/powerpc64-ps3-elf/7.2.0/../../../../powerpc64-ps3-elf/lib/lv2-crt0.o
                0x0000000000010588                ._initialize
 .text          0x00000000000105c8        0x0 /usr/local/ps3dev/ppu/lib/gcc/powerpc64-ps3-elf/7.2.0/../../../../powerpc64-ps3-elf/lib/lv2-sprx.o
 .text          0x00000000000105c8        0x0 main.o
 .text.drawFrame
                0x00000000000105c8      0x104 main.o
                0x00000000000105c8                .drawFrame
 *fill*         0x00000000000106cc        0x4 60000000
 .text.startup.main
                0x00000000000106d0      0x1cc main.o
                0x00000000000106d0                .main
 .text          0x000000000001089c        0x0 rsxutil.o
 *fill*         0x000000000001089c        0x4 60000000
 .text.waitFlip
                0x00000000000108a0       0x50 rsxutil.o
                0x00000000000108a0                .waitFlip
 .text.flip     0x00000000000108f0       0x7c rsxutil.o
                0x00000000000108f0                .flip
 *fill*         0x000000000001096c        0x4 60000000
 .text.makeBuffer
                0x0000000000010970      0x104 rsxutil.o
                0x0000000000010970                .makeBuffer
 *fill*         0x0000000000010a74        0x4 60000000
 .text.getResolution
                0x0000000000010a78       0xb8 rsxutil.o
                0x0000000000010a78                .getResolution
 .text.initScreen
                0x0000000000010b30      0x1e8 rsxutil.o
                0x0000000000010b30                .initScreen
 .text.setRenderTarget
                0x0000000000010d18       0xac rsxutil.o
                0x0000000000010d18                .setRenderTarget
 .text          0x0000000000010dc4        0x0 /usr/local/ps3dev/psl1ght/ppu/lib/libgcm_sys.a(sprx.o)
 .text          0x0000000000010dc4        0x0 /usr/local/ps3dev/psl1ght/ppu/lib/librsx.a(init.o)
 *fill*         0x0000000000010dc4        0x4 60000000
 .text.rsxInit  0x0000000000010dc8       0x68 /usr/local/ps3dev/psl1ght/ppu/lib/librsx.a(init.o)
                0x0000000000010dc8                .rsxInit
 .text.rsxSetupContextData
                0x0000000000010e30       0x38 /usr/local/ps3dev/psl1ght/ppu/lib/librsx.a(init.o)
                0x0000000000010e30                .rsxSetupContextData
 .text          0x0000000000010e68        0x0 /usr/local/ps3dev/psl1ght/ppu/lib/librsx.a(buffer.o)
 .text.rsxResetCommandBuffer
                0x0000000000010e68       0x80 /usr/local/ps3dev/psl1ght/ppu/lib/librsx.a(buffer.o)
                0x0000000000010e68                .rsxResetCommandBuffer
 .text.rsxFlushBuffer
                0x0000000000010ee8       0x78 /usr/local/ps3dev/psl1ght/ppu/lib/librsx.a(buffer.o)
                0x0000000000010ee8                .rsxFlushBuffer
 .text.rsxFinish
                0x0000000000010f60       0x84 /usr/local/ps3dev/psl1ght/ppu/lib/librsx.a(buffer.o)
                0x0000000000010f60                .rsxFinish
 .text          0x0000000000010fe4        0x0 /usr/local/ps3dev/psl1ght/ppu/lib/librsx.a(commands.o)
 *fill*         0x0000000000010fe4        0x4 60000000
 .text.rsxContextCallback.constprop.0
                0x0000000000010fe8       0x50 /usr/local/ps3dev/psl1ght/ppu/lib/librsx.a(commands.o)
 .text.rsxContextCallback
                0x0000000000011038       0x50 /usr/local/ps3dev/psl1ght/ppu/lib/librsx.a(commands.o)
                0x0000000000011038                .rsxContextCallback
 .text.rsxSetReturnCommand
                0x0000000000011088       0x90 /usr/local/ps3dev/psl1ght/ppu/lib/librsx.a(commands.o)
                0x0000000000011088                .rsxSetReturnCommand
 .text.rsxSetCallCommand
                0x0000000000011118       0x98 /usr/local/ps3dev/psl1ght/ppu/lib/librsx.a(commands.o)
                0x0000000000011118                .rsxSetCallCommand
 .text.rsxSetJumpCommand
                0x00000000000111b0       0x98 /usr/local/ps3dev/psl1ght/ppu/lib/librsx.a(commands.o)
                0x00000000000111b0                .rsxSetJumpCommand
 .text.rsxSetNopCommand
                0x0000000000011248      0x114 /usr/local/ps3dev/psl1ght/ppu/lib/librsx.a(commands.o)
                0x0000000000011248                .rsxSetNopCommand
 *fill*         0x000000000001135c        0x4 60000000
 .text.rsxSetClearColor
                0x0000000000011360       0xa0 /usr/local/ps3dev/psl1ght/ppu/lib/librsx.a(commands.o)
                0x0000000000011360                .rsxSetClearColor
 .text.rsxSetClearDepthValue
                0x0000000000011400       0xa0 /usr/local/ps3dev/psl1ght/ppu/lib/librsx.a(commands.o)
                0x0000000000011400                .rsxSetClearDepthValue
 .text.rsxSetReferenceCommand
                0x00000000000114a0       0xa0 /usr/local/ps3dev/psl1ght/ppu/lib/librsx.a(commands.o)
                0x00000000000114a0                .rsxSetReferenceCommand
 .text.rsxSetWriteBackendLabel
                0x0000000000011540       0xd0 /usr/local/ps3dev/psl1ght/ppu/lib/librsx.a(commands.o)
                0x0000000000011540                .rsxSetWriteBackendLabel
 .text.rsxSetWaitLabel
                0x0000000000011610       0xbc /usr/local/ps3dev/psl1ght/ppu/lib/librsx.a(commands.o)
                0x0000000000011610                .rsxSetWaitLabel
 *fill*         0x00000000000116cc        0x4 60000000
 .text.rsxSetWriteCommandLabel
                0x00000000000116d0       0xbc /usr/local/ps3dev/psl1ght/ppu/lib/librsx.a(commands.o)
                0x00000000000116d0                .rsxSetWriteCommandLabel
 *fill*         0x000000000001178c        0x4 60000000
 .text.rsxSetSurface
                0x0000000000011790      0x238 /usr/local/ps3dev/psl1ght/ppu/lib/librsx.a(commands.o)
                0x0000000000011790                .rsxSetSurface
 .text.rsxSetColorMask
                0x00000000000119c8       0xa0 /usr/local/ps3dev/psl1ght/ppu/lib/librsx.a(commands.o)
                0x00000000000119c8                .rsxSetColorMask
 .text.rsxSetColorMaskMRT
                0x0000000000011a68       0xa0 /usr/local/ps3dev/psl1ght/ppu/lib/librsx.a(commands.o)
                0x0000000000011a68                .rsxSetColorMaskMRT
 .text.rsxSetShadeModel
                0x0000000000011b08       0xa0 /usr/local/ps3dev/psl1ght/ppu/lib/librsx.a(commands.o)
                0x0000000000011b08                .rsxSetShadeModel
 .text.rsxSetViewport
                0x0000000000011ba8      0x1d4 /usr/local/ps3dev/psl1ght/ppu/lib/librsx.a(commands.o)
                0x0000000000011ba8                .rsxSetViewport
 *fill*         0x0000000000011d7c        0x4 60000000
 .text.rsxSetViewportClip
                0x0000000000011d80       0xc8 /usr/local/ps3dev/psl1ght/ppu/lib/librsx.a(commands.o)
                0x0000000000011d80                .rsxSetViewportClip
 .text.rsxSetUserClipPlaneControl
                0x0000000000011e48       0xf0 /usr/local/ps3dev/psl1ght/ppu/lib/librsx.a(commands.o)
                0x0000000000011e48                .rsxSetUserClipPlaneControl
 .text.rsxSetDepthTestEnable
                0x0000000000011f38       0xa0 /usr/local/ps3dev/psl1ght/ppu/lib/librsx.a(commands.o)
                0x0000000000011f38                .rsxSetDepthTestEnable
 .text.rsxSetDepthFunc
                0x0000000000011fd8       0xa0 /usr/local/ps3dev/psl1ght/ppu/lib/librsx.a(commands.o)
                0x0000000000011fd8                .rsxSetDepthFunc
 .text.rsxSetDepthWriteEnable
                0x0000000000012078       0xa0 /usr/local/ps3dev/psl1ght/ppu/lib/librsx.a(commands.o)
                0x0000000000012078                .rsxSetDepthWriteEnable
 .text.rsxSetCullFaceEnable
                0x0000000000012118       0xa0 /usr/local/ps3dev/psl1ght/ppu/lib/librsx.a(commands.o)
                0x0000000000012118                .rsxSetCullFaceEnable
 .text.rsxSetCullFace
                0x00000000000121b8       0xa0 /usr/local/ps3dev/psl1ght/ppu/lib/librsx.a(commands.o)
                0x00000000000121b8                .rsxSetCullFace
 .text.rsxSetFrontFace
                0x0000000000012258       0xa0 /usr/local/ps3dev/psl1ght/ppu/lib/librsx.a(commands.o)
                0x0000000000012258                .rsxSetFrontFace
 .text.rsxClearSurface
                0x00000000000122f8       0xb0 /usr/local/ps3dev/psl1ght/ppu/lib/librsx.a(commands.o)
                0x00000000000122f8                .rsxClearSurface
 .text.rsxLoadVertexProgramBlock
                0x00000000000123a8      0x220 /usr/local/ps3dev/psl1ght/ppu/lib/librsx.a(commands.o)
                0x00000000000123a8                .rsxLoadVertexProgramBlock
 .text.rsxLoadFragmentProgramLocation
                0x00000000000125c8      0x228 /usr/local/ps3dev/psl1ght/ppu/lib/librsx.a(commands.o)
                0x00000000000125c8                .rsxLoadFragmentProgramLocation
 .text.rsxLoadVertexProgramParameterBlock
                0x00000000000127f0      0x134 /usr/local/ps3dev/psl1ght/ppu/lib/librsx.a(commands.o)
                0x00000000000127f0                .rsxLoadVertexProgramParameterBlock
 *fill*         0x0000000000012924        0x4 60000000
 .text.rsxLoadVertexProgram
                0x0000000000012928       0xec /usr/local/ps3dev/psl1ght/ppu/lib/librsx.a(commands.o)
                0x0000000000012928                .rsxLoadVertexProgram
 *fill*         0x0000000000012a14        0x4 60000000
 .text.rsxSetVertexProgramParameter
                0x0000000000012a18       0x7c /usr/local/ps3dev/psl1ght/ppu/lib/librsx.a(commands.o)
                0x0000000000012a18                .rsxSetVertexProgramParameter
 *fill*         0x0000000000012a94        0x4 60000000
 .text.rsxDrawVertexBegin
                0x0000000000012a98       0xa0 /usr/local/ps3dev/psl1ght/ppu/lib/librsx.a(commands.o)
                0x0000000000012a98                .rsxDrawVertexBegin
 .text.rsxDrawVertexEnd
                0x0000000000012b38       0x98 /usr/local/ps3dev/psl1ght/ppu/lib/librsx.a(commands.o)
                0x0000000000012b38                .rsxDrawVertexEnd
 .text.rsxDrawVertex2f
                0x0000000000012bd0       0xd0 /usr/local/ps3dev/psl1ght/ppu/lib/librsx.a(commands.o)
                0x0000000000012bd0                .rsxDrawVertex2f
 .text.rsxDrawVertex3f
                0x0000000000012ca0       0xe0 /usr/local/ps3dev/psl1ght/ppu/lib/librsx.a(commands.o)
                0x0000000000012ca0                .rsxDrawVertex3f
 .text.rsxDrawVertex4f
                0x0000000000012d80      0x100 /usr/local/ps3dev/psl1ght/ppu/lib/librsx.a(commands.o)
                0x0000000000012d80                .rsxDrawVertex4f
 .text.rsxInvalidateTextureCache
                0x0000000000012e80       0xa0 /usr/local/ps3dev/psl1ght/ppu/lib/librsx.a(commands.o)
                0x0000000000012e80                .rsxInvalidateTextureCache
 .text.rsxLoadTexture
                0x0000000000012f20      0x140 /usr/local/ps3dev/psl1ght/ppu/lib/librsx.a(commands.o)
                0x0000000000012f20                .rsxLoadTexture
 .text.rsxTextureControl
                0x0000000000013060       0xe0 /usr/local/ps3dev/psl1ght/ppu/lib/librsx.a(commands.o)
                0x0000000000013060                .rsxTextureControl
 .text.rsxTextureFilter
                0x0000000000013140       0xd0 /usr/local/ps3dev/psl1ght/ppu/lib/librsx.a(commands.o)
                0x0000000000013140                .rsxTextureFilter
 .text.rsxTextureWrapMode
                0x0000000000013210      0x104 /usr/local/ps3dev/psl1ght/ppu/lib/librsx.a(commands.o)
                0x0000000000013210                .rsxTextureWrapMode
 *fill*         0x0000000000013314        0x4 60000000
 .text.rsxZControl
                0x0000000000013318       0xc0 /usr/local/ps3dev/psl1ght/ppu/lib/librsx.a(commands.o)
                0x0000000000013318                .rsxZControl
 .text.rsxBindVertexArrayAttrib
                0x00000000000133d8       0xf0 /usr/local/ps3dev/psl1ght/ppu/lib/librsx.a(commands.o)
                0x00000000000133d8                .rsxBindVertexArrayAttrib
 .text.rsxDrawVertexArray
                0x00000000000134c8      0x1f0 /usr/local/ps3dev/psl1ght/ppu/lib/librsx.a(commands.o)
                0x00000000000134c8                .rsxDrawVertexArray
 .text.rsxDrawIndexArray
                0x00000000000136b8      0x218 /usr/local/ps3dev/psl1ght/ppu/lib/librsx.a(commands.o)
                0x00000000000136b8                .rsxDrawIndexArray
 .text.rsxSetScissor
                0x00000000000138d0       0xc8 /usr/local/ps3dev/psl1ght/ppu/lib/librsx.a(commands.o)
                0x00000000000138d0                .rsxSetScissor
 .text.rsxInlineTransfer
                0x0000000000013998      0x23c /usr/local/ps3dev/psl1ght/ppu/lib/librsx.a(commands.o)
                0x0000000000013998                .rsxInlineTransfer
 *fill*         0x0000000000013bd4        0x4 60000000
 .text.rsxSetFragmentProgramParameter
                0x0000000000013bd8      0x2a4 /usr/local/ps3dev/psl1ght/ppu/lib/librsx.a(commands.o)
                0x0000000000013bd8                .rsxSetFragmentProgramParameter
 *fill*         0x0000000000013e7c        0x4 60000000
 .text.rsxSetBlendFunc
                0x0000000000013e80       0xc8 /usr/local/ps3dev/psl1ght/ppu/lib/librsx.a(commands.o)
                0x0000000000013e80                .rsxSetBlendFunc
 .text.rsxSetBlendEquation
                0x0000000000013f48       0xb0 /usr/local/ps3dev/psl1ght/ppu/lib/librsx.a(commands.o)
                0x0000000000013f48                .rsxSetBlendEquation
 .text.rsxSetBlendColor
                0x0000000000013ff8       0xb8 /usr/local/ps3dev/psl1ght/ppu/lib/librsx.a(commands.o)
                0x0000000000013ff8                .rsxSetBlendColor
 .text.rsxSetBlendEnable
                0x00000000000140b0       0xa0 /usr/local/ps3dev/psl1ght/ppu/lib/librsx.a(commands.o)
                0x00000000000140b0                .rsxSetBlendEnable
 .text.rsxSetTransformBranchBits
                0x0000000000014150       0xa0 /usr/local/ps3dev/psl1ght/ppu/lib/librsx.a(commands.o)
                0x0000000000014150                .rsxSetTransformBranchBits
 .text.rsxSetTransferData
                0x00000000000141f0      0x154 /usr/local/ps3dev/psl1ght/ppu/lib/librsx.a(commands.o)
                0x00000000000141f0                .rsxSetTransferData
 *fill*         0x0000000000014344        0x4 60000000
 .text.rsxSetTransferDataMode
                0x0000000000014348       0xe8 /usr/local/ps3dev/psl1ght/ppu/lib/librsx.a(commands.o)
                0x0000000000014348                .rsxSetTransferDataMode
 .text.rsxSetTransferDataOffset
                0x0000000000014430       0xb8 /usr/local/ps3dev/psl1ght/ppu/lib/librsx.a(commands.o)
                0x0000000000014430                .rsxSetTransferDataOffset
 .text.rsxSetTransferDataFormat
                0x00000000000144e8       0xe0 /usr/local/ps3dev/psl1ght/ppu/lib/librsx.a(commands.o)
                0x00000000000144e8                .rsxSetTransferDataFormat
 .text.rsxSetTransferImage
                0x00000000000145c8      0x2c0 /usr/local/ps3dev/psl1ght/ppu/lib/librsx.a(commands.o)
                0x00000000000145c8                .rsxSetTransferImage
 .text.rsxSetTransferScaleMode
                0x0000000000014888      0x178 /usr/local/ps3dev/psl1ght/ppu/lib/librsx.a(commands.o)
                0x0000000000014888                .rsxSetTransferScaleMode
 .text.rsxSetTransferScaleSurface
                0x0000000000014a00      0x1b0 /usr/local/ps3dev/psl1ght/ppu/lib/librsx.a(commands.o)
                0x0000000000014a00                .rsxSetTransferScaleSurface
 .text.rsxSetTimeStamp
                0x0000000000014bb0       0xa8 /usr/local/ps3dev/psl1ght/ppu/lib/librsx.a(commands.o)
                0x0000000000014bb0                .rsxSetTimeStamp
 .text          0x0000000000014c58        0x0 /usr/local/ps3dev/psl1ght/ppu/lib/librsx.a(mm.o)
 .text.rsxHeapInit
                0x0000000000014c58       0x78 /usr/local/ps3dev/psl1ght/ppu/lib/librsx.a(mm.o)
                0x0000000000014c58                .rsxHeapInit
 .text.rsxMemalign
                0x0000000000014cd0       0x58 /usr/local/ps3dev/psl1ght/ppu/lib/librsx.a(mm.o)
                0x0000000000014cd0                .rsxMemalign
 .text.rsxMalloc
                0x0000000000014d28       0x58 /usr/local/ps3dev/psl1ght/ppu/lib/librsx.a(mm.o)
                0x0000000000014d28                .rsxMalloc
 .text.rsxFree  0x0000000000014d80       0x48 /usr/local/ps3dev/psl1ght/ppu/lib/librsx.a(mm.o)
                0x0000000000014d80                .rsxFree
 .text          0x0000000000014dc8        0x0 /usr/local/ps3dev/psl1ght/ppu/lib/librsx.a(vertex_program.o)
 .text.rsxVertexProgramGetUCode
                0x0000000000014dc8       0x18 /usr/local/ps3dev/psl1ght/ppu/lib/librsx.a(vertex_program.o)
                0x0000000000014dc8                .rsxVertexProgramGetUCode
 .text.rsxVertexProgramGetConsts
                0x0000000000014de0       0x18 /usr/local/ps3dev/psl1ght/ppu/lib/librsx.a(vertex_program.o)
                0x0000000000014de0                .rsxVertexProgramGetConsts
 .text.rsxVertexProgramGetConst
                0x0000000000014df8       0xbc /usr/local/ps3dev/psl1ght/ppu/lib/librsx.a(vertex_program.o)
                0x0000000000014df8                .rsxVertexProgramGetConst
 *fill*         0x0000000000014eb4        0x4 60000000
 .text.rsxVertexProgramGetAttribs
                0x0000000000014eb8       0x18 /usr/local/ps3dev/psl1ght/ppu/lib/librsx.a(vertex_program.o)
                0x0000000000014eb8                .rsxVertexProgramGetAttribs
 .text.rsxVertexProgramGetAttrib
                0x0000000000014ed0       0xc8 /usr/local/ps3dev/psl1ght/ppu/lib/librsx.a(vertex_program.o)
                0x0000000000014ed0                .rsxVertexProgramGetAttrib
 .text          0x0000000000014f98        0x0 /usr/local/ps3dev/psl1ght/ppu/lib/librsx.a(fragment_program.o)
 .text.rsxFragmentProgramGetUCode
                0x0000000000014f98       0x24 /usr/local/ps3dev/psl1ght/ppu/lib/librsx.a(fragment_program.o)
                0x0000000000014f98                .rsxFragmentProgramGetUCode
 *fill*         0x0000000000014fbc        0x4 60000000
 .text.rsxFragmentProgramGetConsts
                0x0000000000014fc0       0x18 /usr/local/ps3dev/psl1ght/ppu/lib/librsx.a(fragment_program.o)
                0x0000000000014fc0                .rsxFragmentProgramGetConsts
 .text.rsxFragmentProgramGetConst
                0x0000000000014fd8       0xbc /usr/local/ps3dev/psl1ght/ppu/lib/librsx.a(fragment_program.o)
                0x0000000000014fd8                .rsxFragmentProgramGetConst
 *fill*         0x0000000000015094        0x4 60000000
 .text.rsxFragmentProgramGetAttribs
                0x0000000000015098       0x18 /usr/local/ps3dev/psl1ght/ppu/lib/librsx.a(fragment_program.o)
                0x0000000000015098                .rsxFragmentProgramGetAttribs
 .text.rsxFragmentProgramGetAttrib
                0x00000000000150b0       0xc8 /usr/local/ps3dev/psl1ght/ppu/lib/librsx.a(fragment_program.o)
                0x00000000000150b0                .rsxFragmentProgramGetAttrib
 .text.rsxFragmentProgramGetConstOffsetTable
                0x0000000000015178       0x14 /usr/local/ps3dev/psl1ght/ppu/lib/librsx.a(fragment_program.o)
                0x0000000000015178                .rsxFragmentProgramGetConstOffsetTable
 .text          0x000000000001518c        0x0 /usr/local/ps3dev/psl1ght/ppu/lib/libsysutil.a(sprx.o)
 .text          0x000000000001518c        0x0 /usr/local/ps3dev/psl1ght/ppu/lib/libio.a(sprx.o)
 .text          0x000000000001518c        0x0 /usr/local/ps3dev/psl1ght/ppu/lib/librt.a(sbrk.o)
 *fill*         0x000000000001518c        0x4 60000000
 .text.startup.sbrk_init
                0x0000000000015190       0xb8 /usr/local/ps3dev/psl1ght/ppu/lib/librt.a(sbrk.o)
 .text.sbrk_deinit
                0x0000000000015248       0xc8 /usr/local/ps3dev/psl1ght/ppu/lib/librt.a(sbrk.o)
 .text.__librt_sbrk_r
                0x0000000000015310      0x2f4 /usr/local/ps3dev/psl1ght/ppu/lib/librt.a(sbrk.o)
                0x0000000000015310                .__librt_sbrk_r
 .text          0x0000000000015604        0x0 /usr/local/ps3dev/psl1ght/ppu/lib/librt.a(exit.o)
 *fill*         0x0000000000015604        0x4 60000000
 .text.__librt_exit
                0x0000000000015608       0x30 /usr/local/ps3dev/psl1ght/ppu/lib/librt.a(exit.o)
                0x0000000000015608                .__librt_exit
 .text          0x0000000000015638        0x0 /usr/local/ps3dev/psl1ght/ppu/lib/librt.a(close.o)
 .text.__librt_close_r
                0x0000000000015638       0x88 /usr/local/ps3dev/psl1ght/ppu/lib/librt.a(close.o)
                0x0000000000015638                .__librt_close_r
 .text          0x00000000000156c0        0x0 /usr/local/ps3dev/psl1ght/ppu/lib/librt.a(lseek.o)
 .text.__librt_lseek_r
                0x00000000000156c0       0x8c /usr/local/ps3dev/psl1ght/ppu/lib/librt.a(lseek.o)
                0x00000000000156c0                .__librt_lseek_r
 *fill*         0x000000000001574c        0x4 60000000
 .text.__librt_lseek64_r
                0x0000000000015750       0x10 /usr/local/ps3dev/psl1ght/ppu/lib/librt.a(lseek.o)
                0x0000000000015750                .__librt_lseek64_r
 .text          0x0000000000015760        0x0 /usr/local/ps3dev/psl1ght/ppu/lib/librt.a(read.o)
 .text.__librt_read_r
                0x0000000000015760      0x10c /usr/local/ps3dev/psl1ght/ppu/lib/librt.a(read.o)
                0x0000000000015760                .__librt_read_r
 .text          0x000000000001586c        0x0 /usr/local/ps3dev/psl1ght/ppu/lib/librt.a(open.o)
 *fill*         0x000000000001586c        0x4 60000000
 .text.__librt_open_r
                0x0000000000015870      0x180 /usr/local/ps3dev/psl1ght/ppu/lib/librt.a(open.o)
                0x0000000000015870                .__librt_open_r
 .text          0x00000000000159f0        0x0 /usr/local/ps3dev/psl1ght/ppu/lib/librt.a(sleep.o)
 .text.__librt_usleep_r
                0x00000000000159f0       0x50 /usr/local/ps3dev/psl1ght/ppu/lib/librt.a(sleep.o)
                0x00000000000159f0                .__librt_usleep_r
 .text.__librt_sleep_r
                0x0000000000015a40       0x6c /usr/local/ps3dev/psl1ght/ppu/lib/librt.a(sleep.o)
                0x0000000000015a40                .__librt_sleep_r
 .text          0x0000000000015aac        0x0 /usr/local/ps3dev/psl1ght/ppu/lib/librt.a(write.o)
 *fill*         0x0000000000015aac        0x4 60000000
 .text.__librt_write_r
                0x0000000000015ab0      0x104 /usr/local/ps3dev/psl1ght/ppu/lib/librt.a(write.o)
                0x0000000000015ab0                .__librt_write_r
 .text          0x0000000000015bb4        0x0 /usr/local/ps3dev/psl1ght/ppu/lib/librt.a(fstat.o)
 *fill*         0x0000000000015bb4        0x4 60000000
 .text.__librt_fstat_r
                0x0000000000015bb8       0xd0 /usr/local/ps3dev/psl1ght/ppu/lib/librt.a(fstat.o)
                0x0000000000015bb8                .__librt_fstat_r
 .text.__librt_fstat64_r
                0x0000000000015c88       0x10 /usr/local/ps3dev/psl1ght/ppu/lib/librt.a(fstat.o)
                0x0000000000015c88                .__librt_fstat64_r
 .text.__librt_stat_r
                0x0000000000015c98       0xd0 /usr/local/ps3dev/psl1ght/ppu/lib/librt.a(fstat.o)
                0x0000000000015c98                .__librt_stat_r
 .text.__librt_stat64_r
                0x0000000000015d68       0x10 /usr/local/ps3dev/psl1ght/ppu/lib/librt.a(fstat.o)
                0x0000000000015d68                .__librt_stat64_r
 .text          0x0000000000015d78        0x0 /usr/local/ps3dev/psl1ght/ppu/lib/librt.a(socket.o)
 .text.accept   0x0000000000015d78       0xe0 /usr/local/ps3dev/psl1ght/ppu/lib/librt.a(socket.o)
                0x0000000000015d78                .accept
 .text.bind     0x0000000000015e58       0x44 /usr/local/ps3dev/psl1ght/ppu/lib/librt.a(socket.o)
                0x0000000000015e58                .bind
 *fill*         0x0000000000015e9c        0x4 60000000
 .text.connect  0x0000000000015ea0       0x44 /usr/local/ps3dev/psl1ght/ppu/lib/librt.a(socket.o)
                0x0000000000015ea0                .connect
 *fill*         0x0000000000015ee4        0x4 60000000
 .text.listen   0x0000000000015ee8       0x44 /usr/local/ps3dev/psl1ght/ppu/lib/librt.a(socket.o)
                0x0000000000015ee8                .listen
 *fill*         0x0000000000015f2c        0x4 60000000
 .text.socket   0x0000000000015f30       0x5c /usr/local/ps3dev/psl1ght/ppu/lib/librt.a(socket.o)
                0x0000000000015f30                .socket
 *fill*         0x0000000000015f8c        0x4 60000000
 .text.send     0x0000000000015f90       0x4c /usr/local/ps3dev/psl1ght/ppu/lib/librt.a(socket.o)
                0x0000000000015f90                .send
 *fill*         0x0000000000015fdc        0x4 60000000
 .text.sendto   0x0000000000015fe0       0x44 /usr/local/ps3dev/psl1ght/ppu/lib/librt.a(socket.o)
                0x0000000000015fe0                .sendto
 *fill*         0x0000000000016024        0x4 60000000
 .text.recv     0x0000000000016028       0x4c /usr/local/ps3dev/psl1ght/ppu/lib/librt.a(socket.o)
                0x0000000000016028                .recv
 *fill*         0x0000000000016074        0x4 60000000
 .text.recvfrom
                0x0000000000016078       0xd8 /usr/local/ps3dev/psl1ght/ppu/lib/librt.a(socket.o)
                0x0000000000016078                .recvfrom
 .text.shutdown
                0x0000000000016150       0x44 /usr/local/ps3dev/psl1ght/ppu/lib/librt.a(socket.o)
                0x0000000000016150                .shutdown
 *fill*         0x0000000000016194        0x4 60000000
 .text.inet_aton
                0x0000000000016198       0xbc /usr/local/ps3dev/psl1ght/ppu/lib/librt.a(socket.o)
                0x0000000000016198                .inet_aton
 *fill*         0x0000000000016254        0x4 60000000
 .text.inet_pton
                0x0000000000016258       0x48 /usr/local/ps3dev/psl1ght/ppu/lib/librt.a(socket.o)
                0x0000000000016258                .inet_pton
 .text.select   0x00000000000162a0       0x3c /usr/local/ps3dev/psl1ght/ppu/lib/librt.a(socket.o)
                0x00000000000162a0                .select
 *fill*         0x00000000000162dc        0x4 60000000
 .text.closesocket
                0x00000000000162e0       0x44 /usr/local/ps3dev/psl1ght/ppu/lib/librt.a(socket.o)
                0x00000000000162e0                .closesocket
 .text          0x0000000000016324        0x0 /usr/local/ps3dev/psl1ght/ppu/lib/librt.a(lock.o)
 *fill*         0x0000000000016324        0x4 60000000
 .text.__librt_sys_lwmutex_create_r
                0x0000000000016328       0x38 /usr/local/ps3dev/psl1ght/ppu/lib/librt.a(lock.o)
                0x0000000000016328                .__librt_sys_lwmutex_create_r
 .text.__librt_sys_lwmutex_destroy_r
                0x0000000000016360       0x34 /usr/local/ps3dev/psl1ght/ppu/lib/librt.a(lock.o)
                0x0000000000016360                .__librt_sys_lwmutex_destroy_r
 *fill*         0x0000000000016394        0x4 60000000
 .text.__librt_sys_lwmutex_lock_r
                0x0000000000016398       0x38 /usr/local/ps3dev/psl1ght/ppu/lib/librt.a(lock.o)
                0x0000000000016398                .__librt_sys_lwmutex_lock_r
 .text.__librt_sys_lwmutex_trylock_r
                0x00000000000163d0       0x34 /usr/local/ps3dev/psl1ght/ppu/lib/librt.a(lock.o)
                0x00000000000163d0                .__librt_sys_lwmutex_trylock_r
 *fill*         0x0000000000016404        0x4 60000000
 .text.__librt_sys_lwmutex_unlock_r
                0x0000000000016408       0x34 /usr/local/ps3dev/psl1ght/ppu/lib/librt.a(lock.o)
                0x0000000000016408                .__librt_sys_lwmutex_unlock_r
 .text          0x000000000001643c        0x0 /usr/local/ps3dev/psl1ght/ppu/lib/librt.a(dirent.o)
 *fill*         0x000000000001643c        0x4 60000000
 .text.readdir_i
                0x0000000000016440      0x10c /usr/local/ps3dev/psl1ght/ppu/lib/librt.a(dirent.o)
 *fill*         0x000000000001654c        0x4 60000000
 .text.__librt_opendir_r
                0x0000000000016550      0x114 /usr/local/ps3dev/psl1ght/ppu/lib/librt.a(dirent.o)
                0x0000000000016550                .__librt_opendir_r
 *fill*         0x0000000000016664        0x4 60000000
 .text.__librt_readdir_r
                0x0000000000016668       0x84 /usr/local/ps3dev/psl1ght/ppu/lib/librt.a(dirent.o)
                0x0000000000016668                .__librt_readdir_r
 *fill*         0x00000000000166ec        0x4 60000000
 .text.__librt_readdir_r_r
                0x00000000000166f0       0x58 /usr/local/ps3dev/psl1ght/ppu/lib/librt.a(dirent.o)
                0x00000000000166f0                .__librt_readdir_r_r
 .text.__librt_closedir_r
                0x0000000000016748       0x84 /usr/local/ps3dev/psl1ght/ppu/lib/librt.a(dirent.o)
                0x0000000000016748                .__librt_closedir_r
 *fill*         0x00000000000167cc        0x4 60000000
 .text.__librt_telldir_r
                0x00000000000167d0       0x24 /usr/local/ps3dev/psl1ght/ppu/lib/librt.a(dirent.o)
                0x00000000000167d0                .__librt_telldir_r
 *fill*         0x00000000000167f4        0x4 60000000
 .text.__librt_rewinddir_r
                0x00000000000167f8       0x18 /usr/local/ps3dev/psl1ght/ppu/lib/librt.a(dirent.o)
                0x00000000000167f8                .__librt_rewinddir_r
 .text.__librt_seekdir_r
                0x0000000000016810       0x18 /usr/local/ps3dev/psl1ght/ppu/lib/librt.a(dirent.o)
                0x0000000000016810                .__librt_seekdir_r
 .text          0x0000000000016828        0x0 /usr/local/ps3dev/psl1ght/ppu/lib/librt.a(mkdir.o)
 .text.__librt_mkdir_r
                0x0000000000016828       0x60 /usr/local/ps3dev/psl1ght/ppu/lib/librt.a(mkdir.o)
                0x0000000000016828                .__librt_mkdir_r
 .text          0x0000000000016888        0x0 /usr/local/ps3dev/psl1ght/ppu/lib/librt.a(times.o)
 .text.__librt_times_r
                0x0000000000016888       0x1c /usr/local/ps3dev/psl1ght/ppu/lib/librt.a(times.o)
                0x0000000000016888                .__librt_times_r
 .text          0x00000000000168a4        0x0 /usr/local/ps3dev/psl1ght/ppu/lib/librt.a(umask.o)
 *fill*         0x00000000000168a4        0x4 60000000
 .text.__librt_umask_r
                0x00000000000168a8       0x20 /usr/local/ps3dev/psl1ght/ppu/lib/librt.a(umask.o)
                0x00000000000168a8                .__librt_umask_r
 .text          0x00000000000168c8        0x0 /usr/local/ps3dev/psl1ght/ppu/lib/librt.a(lv2errno.o)
 .text.lv2error
                0x00000000000168c8      0x434 /usr/local/ps3dev/psl1ght/ppu/lib/librt.a(lv2errno.o)
                0x00000000000168c8                .lv2error
 *fill*         0x0000000000016cfc        0x4 60000000
 .text.lv2errno
                0x0000000000016d00       0x68 /usr/local/ps3dev/psl1ght/ppu/lib/librt.a(lv2errno.o)
                0x0000000000016d00                .lv2errno
 .text.lv2errno_r
                0x0000000000016d68       0x58 /usr/local/ps3dev/psl1ght/ppu/lib/librt.a(lv2errno.o)
                0x0000000000016d68                .lv2errno_r
 .text          0x0000000000016dc0        0x0 /usr/local/ps3dev/psl1ght/ppu/lib/librt.a(heap.o)
 .text.heapInit
                0x0000000000016dc0      0x118 /usr/local/ps3dev/psl1ght/ppu/lib/librt.a(heap.o)
                0x0000000000016dc0                .heapInit
 .text.heapAllocate
                0x0000000000016ed8      0x184 /usr/local/ps3dev/psl1ght/ppu/lib/librt.a(heap.o)
                0x0000000000016ed8                .heapAllocate
 *fill*         0x000000000001705c        0x4 60000000
 .text.heapAllocateAligned
                0x0000000000017060      0x224 /usr/local/ps3dev/psl1ght/ppu/lib/librt.a(heap.o)
                0x0000000000017060                .heapAllocateAligned
 *fill*         0x0000000000017284        0x4 60000000
 .text.heapFree
                0x0000000000017288      0x238 /usr/local/ps3dev/psl1ght/ppu/lib/librt.a(heap.o)
                0x0000000000017288                .heapFree
 .text          0x00000000000174c0        0x0 /usr/local/ps3dev/psl1ght/ppu/lib/librt.a(chmod.o)
 .text.__librt_chmod_r
                0x00000000000174c0       0x54 /usr/local/ps3dev/psl1ght/ppu/lib/librt.a(chmod.o)
                0x00000000000174c0                .__librt_chmod_r
 .text          0x0000000000017514        0x0 /usr/local/ps3dev/psl1ght/ppu/lib/librt.a(rmdir.o)
 *fill*         0x0000000000017514        0x4 60000000
 .text.__librt_rmdir_r
                0x0000000000017518       0x50 /usr/local/ps3dev/psl1ght/ppu/lib/librt.a(rmdir.o)
                0x0000000000017518                .__librt_rmdir_r
 .text          0x0000000000017568        0x0 /usr/local/ps3dev/psl1ght/ppu/lib/librt.a(isatty.o)
 .text.__librt_isatty_r
                0x0000000000017568       0x2c /usr/local/ps3dev/psl1ght/ppu/lib/librt.a(isatty.o)
                0x0000000000017568                .__librt_isatty_r
 .text          0x0000000000017594        0x0 /usr/local/ps3dev/psl1ght/ppu/lib/librt.a(gettod.o)
 *fill*         0x0000000000017594        0x4 60000000
 .text.__librt_gettod_r
                0x0000000000017598       0xb8 /usr/local/ps3dev/psl1ght/ppu/lib/librt.a(gettod.o)
                0x0000000000017598                .__librt_gettod_r
 .text          0x0000000000017650        0x0 /usr/local/ps3dev/psl1ght/ppu/lib/librt.a(settod.o)
 .text.__librt_settod_r
                0x0000000000017650       0x58 /usr/local/ps3dev/psl1ght/ppu/lib/librt.a(settod.o)
                0x0000000000017650                .__librt_settod_r
 .text          0x00000000000176a8        0x0 /usr/local/ps3dev/psl1ght/ppu/lib/liblv2.a(sprx.o)
 .text          0x00000000000176a8        0x0 /usr/local/ps3dev/ppu/lib/gcc/powerpc64-ps3-elf/7.2.0/../../../../powerpc64-ps3-elf/lib/libsysbase.a(syscalls.o)
 .text          0x00000000000176a8        0x0 /usr/local/ps3dev/ppu/lib/gcc/powerpc64-ps3-elf/7.2.0/../../../../powerpc64-ps3-elf/lib/libsysbase.a(sleep.o)
 .text.usleep   0x00000000000176a8       0x80 /usr/local/ps3dev/ppu/lib/gcc/powerpc64-ps3-elf/7.2.0/../../../../powerpc64-ps3-elf/lib/libsysbase.a(sleep.o)
                0x00000000000176a8                .usleep
 .text.sleep    0x0000000000017728       0x84 /usr/local/ps3dev/ppu/lib/gcc/powerpc64-ps3-elf/7.2.0/../../../../powerpc64-ps3-elf/lib/libsysbase.a(sleep.o)
                0x0000000000017728                .sleep
 .text          0x00000000000177ac        0x0 /usr/local/ps3dev/ppu/lib/gcc/powerpc64-ps3-elf/7.2.0/../../../../powerpc64-ps3-elf/lib/libc.a(lib_a-calloc.o)
 *fill*         0x00000000000177ac        0x4 60000000
 .text.calloc   0x00000000000177b0       0x58 /usr/local/ps3dev/ppu/lib/gcc/powerpc64-ps3-elf/7.2.0/../../../../powerpc64-ps3-elf/lib/libc.a(lib_a-calloc.o)
                0x00000000000177b0                .calloc
 .text          0x0000000000017808        0x0 /usr/local/ps3dev/ppu/lib/gcc/powerpc64-ps3-elf/7.2.0/../../../../powerpc64-ps3-elf/lib/libc.a(lib_a-callocr.o)
 .text._calloc_r
                0x0000000000017808       0xdc /usr/local/ps3dev/ppu/lib/gcc/powerpc64-ps3-elf/7.2.0/../../../../powerpc64-ps3-elf/lib/libc.a(lib_a-callocr.o)
                0x0000000000017808                ._calloc_r
 .text          0x00000000000178e4        0x0 /usr/local/ps3dev/ppu/lib/gcc/powerpc64-ps3-elf/7.2.0/../../../../powerpc64-ps3-elf/lib/libc.a(lib_a-errno.o)
 *fill*         0x00000000000178e4        0x4 60000000
 .text.__errno  0x00000000000178e8       0x30 /usr/local/ps3dev/ppu/lib/gcc/powerpc64-ps3-elf/7.2.0/../../../../powerpc64-ps3-elf/lib/libc.a(lib_a-errno.o)
                0x00000000000178e8                .__errno
 .text          0x0000000000017918        0x0 /usr/local/ps3dev/ppu/lib/gcc/powerpc64-ps3-elf/7.2.0/../../../../powerpc64-ps3-elf/lib/libc.a(lib_a-exit.o)
 .text.exit     0x0000000000017918       0x68 /usr/local/ps3dev/ppu/lib/gcc/powerpc64-ps3-elf/7.2.0/../../../../powerpc64-ps3-elf/lib/libc.a(lib_a-exit.o)
                0x0000000000017918                .exit
 .text          0x0000000000017980        0x0 /usr/local/ps3dev/ppu/lib/gcc/powerpc64-ps3-elf/7.2.0/../../../../powerpc64-ps3-elf/lib/libc.a(lib_a-getreent.o)
 .text.__getreent
                0x0000000000017980      0x1b4 /usr/local/ps3dev/ppu/lib/gcc/powerpc64-ps3-elf/7.2.0/../../../../powerpc64-ps3-elf/lib/libc.a(lib_a-getreent.o)
                0x0000000000017980                .__getreent
 .text          0x0000000000017b34        0x0 /usr/local/ps3dev/ppu/lib/gcc/powerpc64-ps3-elf/7.2.0/../../../../powerpc64-ps3-elf/lib/libc.a(lib_a-impure.o)
 .text          0x0000000000017b34        0x0 /usr/local/ps3dev/ppu/lib/gcc/powerpc64-ps3-elf/7.2.0/../../../../powerpc64-ps3-elf/lib/libc.a(lib_a-malign.o)
 *fill*         0x0000000000017b34        0x4 60000000
 .text.memalign
                0x0000000000017b38       0x58 /usr/local/ps3dev/ppu/lib/gcc/powerpc64-ps3-elf/7.2.0/../../../../powerpc64-ps3-elf/lib/libc.a(lib_a-malign.o)
                0x0000000000017b38                .memalign
 .text          0x0000000000017b90        0x0 /usr/local/ps3dev/ppu/lib/gcc/powerpc64-ps3-elf/7.2.0/../../../../powerpc64-ps3-elf/lib/libc.a(lib_a-malignr.o)
 .text._memalign_r
                0x0000000000017b90      0x224 /usr/local/ps3dev/ppu/lib/gcc/powerpc64-ps3-elf/7.2.0/../../../../powerpc64-ps3-elf/lib/libc.a(lib_a-malignr.o)
                0x0000000000017b90                ._memalign_r
 .text          0x0000000000017db4        0x0 /usr/local/ps3dev/ppu/lib/gcc/powerpc64-ps3-elf/7.2.0/../../../../powerpc64-ps3-elf/lib/libc.a(lib_a-malloc.o)
 *fill*         0x0000000000017db4        0x4 60000000
 .text.malloc   0x0000000000017db8       0x48 /usr/local/ps3dev/ppu/lib/gcc/powerpc64-ps3-elf/7.2.0/../../../../powerpc64-ps3-elf/lib/libc.a(lib_a-malloc.o)
                0x0000000000017db8                .malloc
 .text.free     0x0000000000017e00       0x48 /usr/local/ps3dev/ppu/lib/gcc/powerpc64-ps3-elf/7.2.0/../../../../powerpc64-ps3-elf/lib/libc.a(lib_a-malloc.o)
                0x0000000000017e00                .free
 .text          0x0000000000017e48        0x0 /usr/local/ps3dev/ppu/lib/gcc/powerpc64-ps3-elf/7.2.0/../../../../powerpc64-ps3-elf/lib/libc.a(lib_a-mallocr.o)
 .text._malloc_r
                0x0000000000017e48      0x9e4 /usr/local/ps3dev/ppu/lib/gcc/powerpc64-ps3-elf/7.2.0/../../../../powerpc64-ps3-elf/lib/libc.a(lib_a-mallocr.o)
                0x0000000000017e48                ._malloc_r
 .text          0x000000000001882c        0x0 /usr/local/ps3dev/ppu/lib/gcc/powerpc64-ps3-elf/7.2.0/../../../../powerpc64-ps3-elf/lib/libc.a(lib_a-memset.o)
 *fill*         0x000000000001882c        0x4 60000000
 .text.memset   0x0000000000018830      0x138 /usr/local/ps3dev/ppu/lib/gcc/powerpc64-ps3-elf/7.2.0/../../../../powerpc64-ps3-elf/lib/libc.a(lib_a-memset.o)
                0x0000000000018830                .memset
 .text          0x0000000000018968        0x0 /usr/local/ps3dev/ppu/lib/gcc/powerpc64-ps3-elf/7.2.0/../../../../powerpc64-ps3-elf/lib/libc.a(lib_a-mlock.o)
 .text.__malloc_lock
                0x0000000000018968       0x34 /usr/local/ps3dev/ppu/lib/gcc/powerpc64-ps3-elf/7.2.0/../../../../powerpc64-ps3-elf/lib/libc.a(lib_a-mlock.o)
                0x0000000000018968                .__malloc_lock
 *fill*         0x000000000001899c        0x4 60000000
 .text.__malloc_unlock
                0x00000000000189a0       0x34 /usr/local/ps3dev/ppu/lib/gcc/powerpc64-ps3-elf/7.2.0/../../../../powerpc64-ps3-elf/lib/libc.a(lib_a-mlock.o)
                0x00000000000189a0                .__malloc_unlock
 .text          0x00000000000189d4        0x0 /usr/local/ps3dev/ppu/lib/gcc/powerpc64-ps3-elf/7.2.0/../../../../powerpc64-ps3-elf/lib/libc.a(lib_a-sscanf.o)
 *fill*         0x00000000000189d4        0x4 60000000
 .text.sscanf   0x00000000000189d8       0xa8 /usr/local/ps3dev/ppu/lib/gcc/powerpc64-ps3-elf/7.2.0/../../../../powerpc64-ps3-elf/lib/libc.a(lib_a-sscanf.o)
                0x00000000000189d8                .sscanf
 .text._sscanf_r
                0x0000000000018a80       0xa8 /usr/local/ps3dev/ppu/lib/gcc/powerpc64-ps3-elf/7.2.0/../../../../powerpc64-ps3-elf/lib/libc.a(lib_a-sscanf.o)
                0x0000000000018a80                ._sscanf_r
 .text          0x0000000000018b28        0x0 /usr/local/ps3dev/ppu/lib/gcc/powerpc64-ps3-elf/7.2.0/../../../../powerpc64-ps3-elf/lib/libc.a(lib_a-stdio.o)
 .text.__sread  0x0000000000018b28       0x7c /usr/local/ps3dev/ppu/lib/gcc/powerpc64-ps3-elf/7.2.0/../../../../powerpc64-ps3-elf/lib/libc.a(lib_a-stdio.o)
                0x0000000000018b28                .__sread
 *fill*         0x0000000000018ba4        0x4 60000000
 .text.__seofread
                0x0000000000018ba8       0x14 /usr/local/ps3dev/ppu/lib/gcc/powerpc64-ps3-elf/7.2.0/../../../../powerpc64-ps3-elf/lib/libc.a(lib_a-stdio.o)
                0x0000000000018ba8                .__seofread
 *fill*         0x0000000000018bbc        0x4 60000000
 .text.__swrite
                0x0000000000018bc0       0xb0 /usr/local/ps3dev/ppu/lib/gcc/powerpc64-ps3-elf/7.2.0/../../../../powerpc64-ps3-elf/lib/libc.a(lib_a-stdio.o)
                0x0000000000018bc0                .__swrite
 .text.__sseek  0x0000000000018c70       0x78 /usr/local/ps3dev/ppu/lib/gcc/powerpc64-ps3-elf/7.2.0/../../../../powerpc64-ps3-elf/lib/libc.a(lib_a-stdio.o)
                0x0000000000018c70                .__sseek
 .text.__sclose
                0x0000000000018ce8       0x38 /usr/local/ps3dev/ppu/lib/gcc/powerpc64-ps3-elf/7.2.0/../../../../powerpc64-ps3-elf/lib/libc.a(lib_a-stdio.o)
                0x0000000000018ce8                .__sclose
 .text          0x0000000000018d20        0x0 /usr/local/ps3dev/ppu/lib/gcc/powerpc64-ps3-elf/7.2.0/../../../../powerpc64-ps3-elf/lib/libc.a(lib_a-strcasecmp.o)
 .text.strcasecmp
                0x0000000000018d20       0x8c /usr/local/ps3dev/ppu/lib/gcc/powerpc64-ps3-elf/7.2.0/../../../../powerpc64-ps3-elf/lib/libc.a(lib_a-strcasecmp.o)
                0x0000000000018d20                .strcasecmp
 .text          0x0000000000018dac        0x0 /usr/local/ps3dev/ppu/lib/gcc/powerpc64-ps3-elf/7.2.0/../../../../powerpc64-ps3-elf/lib/libc.a(lib_a-strlen.o)
 *fill*         0x0000000000018dac        0x4 60000000
 .text.strlen   0x0000000000018db0       0xc4 /usr/local/ps3dev/ppu/lib/gcc/powerpc64-ps3-elf/7.2.0/../../../../powerpc64-ps3-elf/lib/libc.a(lib_a-strlen.o)
                0x0000000000018db0                .strlen
 .text          0x0000000000018e74        0x0 /usr/local/ps3dev/ppu/lib/gcc/powerpc64-ps3-elf/7.2.0/../../../../powerpc64-ps3-elf/lib/libc.a(lib_a-strncpy.o)
 *fill*         0x0000000000018e74        0x4 60000000
 .text.strncpy  0x0000000000018e78      0x118 /usr/local/ps3dev/ppu/lib/gcc/powerpc64-ps3-elf/7.2.0/../../../../powerpc64-ps3-elf/lib/libc.a(lib_a-strncpy.o)
                0x0000000000018e78                .strncpy
 .text          0x0000000000018f90        0x0 /usr/local/ps3dev/ppu/lib/gcc/powerpc64-ps3-elf/7.2.0/../../../../powerpc64-ps3-elf/lib/libc.a(lib_a-svfscanf.o)
 .text.__ssvfscanf_r
                0x0000000000018f90     0x1864 /usr/local/ps3dev/ppu/lib/gcc/powerpc64-ps3-elf/7.2.0/../../../../powerpc64-ps3-elf/lib/libc.a(lib_a-svfscanf.o)
                0x0000000000018f90                .__ssvfscanf_r
 .text          0x000000000001a7f4        0x0 /usr/local/ps3dev/ppu/lib/gcc/powerpc64-ps3-elf/7.2.0/../../../../powerpc64-ps3-elf/lib/libc.a(lib_a-__call_atexit.o)
 *fill*         0x000000000001a7f4        0x4 60000000
 .text.__call_exitprocs
                0x000000000001a7f8      0x24c /usr/local/ps3dev/ppu/lib/gcc/powerpc64-ps3-elf/7.2.0/../../../../powerpc64-ps3-elf/lib/libc.a(lib_a-__call_atexit.o)
                0x000000000001a7f8                .__call_exitprocs
 .text          0x000000000001aa44        0x0 /usr/local/ps3dev/ppu/lib/gcc/powerpc64-ps3-elf/7.2.0/../../../../powerpc64-ps3-elf/lib/libc.a(lib_a-ctype_.o)
 .text          0x000000000001aa44        0x0 /usr/local/ps3dev/ppu/lib/gcc/powerpc64-ps3-elf/7.2.0/../../../../powerpc64-ps3-elf/lib/libc.a(lib_a-freer.o)
 *fill*         0x000000000001aa44        0x4 60000000
 .text._malloc_trim_r
                0x000000000001aa48      0x15c /usr/local/ps3dev/ppu/lib/gcc/powerpc64-ps3-elf/7.2.0/../../../../powerpc64-ps3-elf/lib/libc.a(lib_a-freer.o)
                0x000000000001aa48                ._malloc_trim_r
 *fill*         0x000000000001aba4        0x4 60000000
 .text._free_r  0x000000000001aba8      0x3b0 /usr/local/ps3dev/ppu/lib/gcc/powerpc64-ps3-elf/7.2.0/../../../../powerpc64-ps3-elf/lib/libc.a(lib_a-freer.o)
                0x000000000001aba8                ._free_r
 .text          0x000000000001af58        0x0 /usr/local/ps3dev/ppu/lib/gcc/powerpc64-ps3-elf/7.2.0/../../../../powerpc64-ps3-elf/lib/libc.a(lib_a-iswspace.o)
 .text.iswspace
                0x000000000001af58       0x3c /usr/local/ps3dev/ppu/lib/gcc/powerpc64-ps3-elf/7.2.0/../../../../powerpc64-ps3-elf/lib/libc.a(lib_a-iswspace.o)
                0x000000000001af58                .iswspace
 .text          0x000000000001af94        0x0 /usr/local/ps3dev/ppu/lib/gcc/powerpc64-ps3-elf/7.2.0/../../../../powerpc64-ps3-elf/lib/libc.a(lib_a-locale.o)
 *fill*         0x000000000001af94        0x4 60000000
 .text._setlocale_r
                0x000000000001af98       0xb4 /usr/local/ps3dev/ppu/lib/gcc/powerpc64-ps3-elf/7.2.0/../../../../powerpc64-ps3-elf/lib/libc.a(lib_a-locale.o)
                0x000000000001af98                ._setlocale_r
 *fill*         0x000000000001b04c        0x4 60000000
 .text.__locale_charset
                0x000000000001b050       0x14 /usr/local/ps3dev/ppu/lib/gcc/powerpc64-ps3-elf/7.2.0/../../../../powerpc64-ps3-elf/lib/libc.a(lib_a-locale.o)
                0x000000000001b050                .__locale_charset
 *fill*         0x000000000001b064        0x4 60000000
 .text.__locale_mb_cur_max
                0x000000000001b068       0x1c /usr/local/ps3dev/ppu/lib/gcc/powerpc64-ps3-elf/7.2.0/../../../../powerpc64-ps3-elf/lib/libc.a(lib_a-locale.o)
                0x000000000001b068                .__locale_mb_cur_max
 *fill*         0x000000000001b084        0x4 60000000
 .text.__locale_msgcharset
                0x000000000001b088       0x14 /usr/local/ps3dev/ppu/lib/gcc/powerpc64-ps3-elf/7.2.0/../../../../powerpc64-ps3-elf/lib/libc.a(lib_a-locale.o)
                0x000000000001b088                .__locale_msgcharset
 *fill*         0x000000000001b09c        0x4 60000000
 .text.__locale_cjk_lang
                0x000000000001b0a0       0x14 /usr/local/ps3dev/ppu/lib/gcc/powerpc64-ps3-elf/7.2.0/../../../../powerpc64-ps3-elf/lib/libc.a(lib_a-locale.o)
                0x000000000001b0a0                .__locale_cjk_lang
 *fill*         0x000000000001b0b4        0x4 60000000
 .text._localeconv_r
                0x000000000001b0b8       0x14 /usr/local/ps3dev/ppu/lib/gcc/powerpc64-ps3-elf/7.2.0/../../../../powerpc64-ps3-elf/lib/libc.a(lib_a-locale.o)
                0x000000000001b0b8                ._localeconv_r
 *fill*         0x000000000001b0cc        0x4 60000000
 .text.setlocale
                0x000000000001b0d0       0x50 /usr/local/ps3dev/ppu/lib/gcc/powerpc64-ps3-elf/7.2.0/../../../../powerpc64-ps3-elf/lib/libc.a(lib_a-locale.o)
                0x000000000001b0d0                .setlocale
 .text.localeconv
                0x000000000001b120       0x34 /usr/local/ps3dev/ppu/lib/gcc/powerpc64-ps3-elf/7.2.0/../../../../powerpc64-ps3-elf/lib/libc.a(lib_a-locale.o)
                0x000000000001b120                .localeconv
 .text          0x000000000001b154        0x0 /usr/local/ps3dev/ppu/lib/gcc/powerpc64-ps3-elf/7.2.0/../../../../powerpc64-ps3-elf/lib/libc.a(lib_a-lock_recursive.o)
 *fill*         0x000000000001b154        0x4 60000000
 .text.__libc_lock_init_recursive
                0x000000000001b158       0x34 /usr/local/ps3dev/ppu/lib/gcc/powerpc64-ps3-elf/7.2.0/../../../../powerpc64-ps3-elf/lib/libc.a(lib_a-lock_recursive.o)
                0x000000000001b158                .__libc_lock_init_recursive
 *fill*         0x000000000001b18c        0x4 60000000
 .text.__libc_lock_close_recursive
                0x000000000001b190       0x30 /usr/local/ps3dev/ppu/lib/gcc/powerpc64-ps3-elf/7.2.0/../../../../powerpc64-ps3-elf/lib/libc.a(lib_a-lock_recursive.o)
                0x000000000001b190                .__libc_lock_close_recursive
 .text.__libc_lock_acquire_recursive
                0x000000000001b1c0       0x58 /usr/local/ps3dev/ppu/lib/gcc/powerpc64-ps3-elf/7.2.0/../../../../powerpc64-ps3-elf/lib/libc.a(lib_a-lock_recursive.o)
                0x000000000001b1c0                .__libc_lock_acquire_recursive
 .text.__libc_lock_try_acquire_recursive
                0x000000000001b218       0x54 /usr/local/ps3dev/ppu/lib/gcc/powerpc64-ps3-elf/7.2.0/../../../../powerpc64-ps3-elf/lib/libc.a(lib_a-lock_recursive.o)
                0x000000000001b218                .__libc_lock_try_acquire_recursive
 *fill*         0x000000000001b26c        0x4 60000000
 .text.__libc_lock_release_recursive
                0x000000000001b270       0x54 /usr/local/ps3dev/ppu/lib/gcc/powerpc64-ps3-elf/7.2.0/../../../../powerpc64-ps3-elf/lib/libc.a(lib_a-lock_recursive.o)
                0x000000000001b270                .__libc_lock_release_recursive
 .text          0x000000000001b2c4        0x0 /usr/local/ps3dev/ppu/lib/gcc/powerpc64-ps3-elf/7.2.0/../../../../powerpc64-ps3-elf/lib/libc.a(lib_a-mbrtowc.o)
 *fill*         0x000000000001b2c4        0x4 60000000
 .text._mbrtowc_r
                0x000000000001b2c8      0x128 /usr/local/ps3dev/ppu/lib/gcc/powerpc64-ps3-elf/7.2.0/../../../../powerpc64-ps3-elf/lib/libc.a(lib_a-mbrtowc.o)
                0x000000000001b2c8                ._mbrtowc_r
 .text.mbrtowc  0x000000000001b3f0      0x164 /usr/local/ps3dev/ppu/lib/gcc/powerpc64-ps3-elf/7.2.0/../../../../powerpc64-ps3-elf/lib/libc.a(lib_a-mbrtowc.o)
                0x000000000001b3f0                .mbrtowc
 .text          0x000000000001b554        0x0 /usr/local/ps3dev/ppu/lib/gcc/powerpc64-ps3-elf/7.2.0/../../../../powerpc64-ps3-elf/lib/libc.a(lib_a-mbtowc_r.o)
 *fill*         0x000000000001b554        0x4 60000000
 .text.__ascii_mbtowc
                0x000000000001b558       0x64 /usr/local/ps3dev/ppu/lib/gcc/powerpc64-ps3-elf/7.2.0/../../../../powerpc64-ps3-elf/lib/libc.a(lib_a-mbtowc_r.o)
                0x000000000001b558                .__ascii_mbtowc
 *fill*         0x000000000001b5bc        0x4 60000000
 .text._mbtowc_r
                0x000000000001b5c0       0x98 /usr/local/ps3dev/ppu/lib/gcc/powerpc64-ps3-elf/7.2.0/../../../../powerpc64-ps3-elf/lib/libc.a(lib_a-mbtowc_r.o)
                0x000000000001b5c0                ._mbtowc_r
 .text          0x000000000001b658        0x0 /usr/local/ps3dev/ppu/lib/gcc/powerpc64-ps3-elf/7.2.0/../../../../powerpc64-ps3-elf/lib/libc.a(lib_a-s_fpclassify.o)
 .text.__fpclassifyd
                0x000000000001b658       0xb8 /usr/local/ps3dev/ppu/lib/gcc/powerpc64-ps3-elf/7.2.0/../../../../powerpc64-ps3-elf/lib/libc.a(lib_a-s_fpclassify.o)
                0x000000000001b658                .__fpclassifyd
 .text          0x000000000001b710        0x0 /usr/local/ps3dev/ppu/lib/gcc/powerpc64-ps3-elf/7.2.0/../../../../powerpc64-ps3-elf/lib/libc.a(lib_a-sccl.o)
 .text.__sccl   0x000000000001b710      0x120 /usr/local/ps3dev/ppu/lib/gcc/powerpc64-ps3-elf/7.2.0/../../../../powerpc64-ps3-elf/lib/libc.a(lib_a-sccl.o)
                0x000000000001b710                .__sccl
 .text          0x000000000001b830        0x0 /usr/local/ps3dev/ppu/lib/gcc/powerpc64-ps3-elf/7.2.0/../../../../powerpc64-ps3-elf/lib/libc.a(lib_a-sf_nan.o)
 .text.nanf     0x000000000001b830       0x18 /usr/local/ps3dev/ppu/lib/gcc/powerpc64-ps3-elf/7.2.0/../../../../powerpc64-ps3-elf/lib/libc.a(lib_a-sf_nan.o)
                0x000000000001b830                .nanf
 .text          0x000000000001b848        0x0 /usr/local/ps3dev/ppu/lib/gcc/powerpc64-ps3-elf/7.2.0/../../../../powerpc64-ps3-elf/lib/libc.a(lib_a-sprintf.o)
 .text._sprintf_r
                0x000000000001b848       0x84 /usr/local/ps3dev/ppu/lib/gcc/powerpc64-ps3-elf/7.2.0/../../../../powerpc64-ps3-elf/lib/libc.a(lib_a-sprintf.o)
                0x000000000001b848                ._sprintf_r
 *fill*         0x000000000001b8cc        0x4 60000000
 .text.sprintf  0x000000000001b8d0       0xa0 /usr/local/ps3dev/ppu/lib/gcc/powerpc64-ps3-elf/7.2.0/../../../../powerpc64-ps3-elf/lib/libc.a(lib_a-sprintf.o)
                0x000000000001b8d0                .sprintf
 .text          0x000000000001b970        0x0 /usr/local/ps3dev/ppu/lib/gcc/powerpc64-ps3-elf/7.2.0/../../../../powerpc64-ps3-elf/lib/libc.a(lib_a-strcmp.o)
 .text.strcmp   0x000000000001b970       0xf4 /usr/local/ps3dev/ppu/lib/gcc/powerpc64-ps3-elf/7.2.0/../../../../powerpc64-ps3-elf/lib/libc.a(lib_a-strcmp.o)
                0x000000000001b970                .strcmp
 .text          0x000000000001ba64        0x0 /usr/local/ps3dev/ppu/lib/gcc/powerpc64-ps3-elf/7.2.0/../../../../powerpc64-ps3-elf/lib/libc.a(lib_a-strtod.o)
 *fill*         0x000000000001ba64        0x4 60000000
 .text._strtod_r
                0x000000000001ba68     0x1630 /usr/local/ps3dev/ppu/lib/gcc/powerpc64-ps3-elf/7.2.0/../../../../powerpc64-ps3-elf/lib/libc.a(lib_a-strtod.o)
                0x000000000001ba68                ._strtod_r
 .text.strtod   0x000000000001d098       0x50 /usr/local/ps3dev/ppu/lib/gcc/powerpc64-ps3-elf/7.2.0/../../../../powerpc64-ps3-elf/lib/libc.a(lib_a-strtod.o)
                0x000000000001d098                .strtod
 .text.strtof   0x000000000001d0e8       0x98 /usr/local/ps3dev/ppu/lib/gcc/powerpc64-ps3-elf/7.2.0/../../../../powerpc64-ps3-elf/lib/libc.a(lib_a-strtod.o)
                0x000000000001d0e8                .strtof
 .text          0x000000000001d180        0x0 /usr/local/ps3dev/ppu/lib/gcc/powerpc64-ps3-elf/7.2.0/../../../../powerpc64-ps3-elf/lib/libc.a(lib_a-strtol.o)
 .text._strtol_r
                0x000000000001d180      0x264 /usr/local/ps3dev/ppu/lib/gcc/powerpc64-ps3-elf/7.2.0/../../../../powerpc64-ps3-elf/lib/libc.a(lib_a-strtol.o)
                0x000000000001d180                ._strtol_r
 *fill*         0x000000000001d3e4        0x4 60000000
 .text.strtol   0x000000000001d3e8       0x60 /usr/local/ps3dev/ppu/lib/gcc/powerpc64-ps3-elf/7.2.0/../../../../powerpc64-ps3-elf/lib/libc.a(lib_a-strtol.o)
                0x000000000001d3e8                .strtol
 .text          0x000000000001d448        0x0 /usr/local/ps3dev/ppu/lib/gcc/powerpc64-ps3-elf/7.2.0/../../../../powerpc64-ps3-elf/lib/libc.a(lib_a-strtoll_r.o)
 .text._strtoll_r
                0x000000000001d448      0x264 /usr/local/ps3dev/ppu/lib/gcc/powerpc64-ps3-elf/7.2.0/../../../../powerpc64-ps3-elf/lib/libc.a(lib_a-strtoll_r.o)
                0x000000000001d448                ._strtoll_r
 .text          0x000000000001d6ac        0x0 /usr/local/ps3dev/ppu/lib/gcc/powerpc64-ps3-elf/7.2.0/../../../../powerpc64-ps3-elf/lib/libc.a(lib_a-strtoul.o)
 *fill*         0x000000000001d6ac        0x4 60000000
 .text._strtoul_r
                0x000000000001d6b0      0x268 /usr/local/ps3dev/ppu/lib/gcc/powerpc64-ps3-elf/7.2.0/../../../../powerpc64-ps3-elf/lib/libc.a(lib_a-strtoul.o)
                0x000000000001d6b0                ._strtoul_r
 .text.strtoul  0x000000000001d918       0x60 /usr/local/ps3dev/ppu/lib/gcc/powerpc64-ps3-elf/7.2.0/../../../../powerpc64-ps3-elf/lib/libc.a(lib_a-strtoul.o)
                0x000000000001d918                .strtoul
 .text          0x000000000001d978        0x0 /usr/local/ps3dev/ppu/lib/gcc/powerpc64-ps3-elf/7.2.0/../../../../powerpc64-ps3-elf/lib/libc.a(lib_a-strtoull_r.o)
 .text._strtoull_r
                0x000000000001d978      0x268 /usr/local/ps3dev/ppu/lib/gcc/powerpc64-ps3-elf/7.2.0/../../../../powerpc64-ps3-elf/lib/libc.a(lib_a-strtoull_r.o)
                0x000000000001d978                ._strtoull_r
 .text          0x000000000001dbe0        0x0 /usr/local/ps3dev/ppu/lib/gcc/powerpc64-ps3-elf/7.2.0/../../../../powerpc64-ps3-elf/lib/libc.a(lib_a-svfiscanf.o)
 .text._sungetc_r
                0x000000000001dbe0      0x154 /usr/local/ps3dev/ppu/lib/gcc/powerpc64-ps3-elf/7.2.0/../../../../powerpc64-ps3-elf/lib/libc.a(lib_a-svfiscanf.o)
                0x000000000001dbe0                ._sungetc_r
 *fill*         0x000000000001dd34        0x4 60000000
 .text.__ssrefill_r
                0x000000000001dd38       0xa0 /usr/local/ps3dev/ppu/lib/gcc/powerpc64-ps3-elf/7.2.0/../../../../powerpc64-ps3-elf/lib/libc.a(lib_a-svfiscanf.o)
                0x000000000001dd38                .__ssrefill_r
 .text._sfread_r
                0x000000000001ddd8      0x130 /usr/local/ps3dev/ppu/lib/gcc/powerpc64-ps3-elf/7.2.0/../../../../powerpc64-ps3-elf/lib/libc.a(lib_a-svfiscanf.o)
                0x000000000001ddd8                ._sfread_r
 .text.__ssvfiscanf_r
                0x000000000001df08     0x118c /usr/local/ps3dev/ppu/lib/gcc/powerpc64-ps3-elf/7.2.0/../../../../powerpc64-ps3-elf/lib/libc.a(lib_a-svfiscanf.o)
                0x000000000001df08                .__ssvfiscanf_r
 .text          0x000000000001f094        0x0 /usr/local/ps3dev/ppu/lib/gcc/powerpc64-ps3-elf/7.2.0/../../../../powerpc64-ps3-elf/lib/libc.a(lib_a-svfprintf.o)
 *fill*         0x000000000001f094        0x4 60000000
 .text._svfprintf_r
                0x000000000001f098     0x21c4 /usr/local/ps3dev/ppu/lib/gcc/powerpc64-ps3-elf/7.2.0/../../../../powerpc64-ps3-elf/lib/libc.a(lib_a-svfprintf.o)
                0x000000000001f098                ._svfprintf_r
 .text          0x000000000002125c        0x0 /usr/local/ps3dev/ppu/lib/gcc/powerpc64-ps3-elf/7.2.0/../../../../powerpc64-ps3-elf/lib/libc.a(lib_a-ungetc.o)
 *fill*         0x000000000002125c        0x4 60000000
 .text.__submore
                0x0000000000021260      0x128 /usr/local/ps3dev/ppu/lib/gcc/powerpc64-ps3-elf/7.2.0/../../../../powerpc64-ps3-elf/lib/libc.a(lib_a-ungetc.o)
                0x0000000000021260                .__submore
 .text._ungetc_r
                0x0000000000021388      0x2a8 /usr/local/ps3dev/ppu/lib/gcc/powerpc64-ps3-elf/7.2.0/../../../../powerpc64-ps3-elf/lib/libc.a(lib_a-ungetc.o)
                0x0000000000021388                ._ungetc_r
 .text.ungetc   0x0000000000021630       0x50 /usr/local/ps3dev/ppu/lib/gcc/powerpc64-ps3-elf/7.2.0/../../../../powerpc64-ps3-elf/lib/libc.a(lib_a-ungetc.o)
                0x0000000000021630                .ungetc
 .text          0x0000000000021680        0x0 /usr/local/ps3dev/ppu/lib/gcc/powerpc64-ps3-elf/7.2.0/../../../../powerpc64-ps3-elf/lib/libc.a(lib_a-__atexit.o)
 .text.__register_exitproc
                0x0000000000021680      0x184 /usr/local/ps3dev/ppu/lib/gcc/powerpc64-ps3-elf/7.2.0/../../../../powerpc64-ps3-elf/lib/libc.a(lib_a-__atexit.o)
                0x0000000000021680                .__register_exitproc
 .text          0x0000000000021804        0x0 /usr/local/ps3dev/ppu/lib/gcc/powerpc64-ps3-elf/7.2.0/../../../../powerpc64-ps3-elf/lib/libc.a(lib_a-dtoa.o)
 *fill*         0x0000000000021804        0x4 60000000
 .text.quorem   0x0000000000021808      0x26c /usr/local/ps3dev/ppu/lib/gcc/powerpc64-ps3-elf/7.2.0/../../../../powerpc64-ps3-elf/lib/libc.a(lib_a-dtoa.o)
 *fill*         0x0000000000021a74        0x4 60000000
 .text._dtoa_r  0x0000000000021a78     0x1478 /usr/local/ps3dev/ppu/lib/gcc/powerpc64-ps3-elf/7.2.0/../../../../powerpc64-ps3-elf/lib/libc.a(lib_a-dtoa.o)
                0x0000000000021a78                ._dtoa_r
 .text          0x0000000000022ef0        0x0 /usr/local/ps3dev/ppu/lib/gcc/powerpc64-ps3-elf/7.2.0/../../../../powerpc64-ps3-elf/lib/libc.a(lib_a-fflush.o)
 .text.__sflush_r
                0x0000000000022ef0      0x3d0 /usr/local/ps3dev/ppu/lib/gcc/powerpc64-ps3-elf/7.2.0/../../../../powerpc64-ps3-elf/lib/libc.a(lib_a-fflush.o)
                0x0000000000022ef0                .__sflush_r
 .text._fflush_r
                0x00000000000232c0      0x124 /usr/local/ps3dev/ppu/lib/gcc/powerpc64-ps3-elf/7.2.0/../../../../powerpc64-ps3-elf/lib/libc.a(lib_a-fflush.o)
                0x00000000000232c0                ._fflush_r
 *fill*         0x00000000000233e4        0x4 60000000
 .text.fflush   0x00000000000233e8       0x70 /usr/local/ps3dev/ppu/lib/gcc/powerpc64-ps3-elf/7.2.0/../../../../powerpc64-ps3-elf/lib/libc.a(lib_a-fflush.o)
                0x00000000000233e8                .fflush
 .text          0x0000000000023458        0x0 /usr/local/ps3dev/ppu/lib/gcc/powerpc64-ps3-elf/7.2.0/../../../../powerpc64-ps3-elf/lib/libc.a(lib_a-findfp.o)
 .text._cleanup_r
                0x0000000000023458       0x34 /usr/local/ps3dev/ppu/lib/gcc/powerpc64-ps3-elf/7.2.0/../../../../powerpc64-ps3-elf/lib/libc.a(lib_a-findfp.o)
                0x0000000000023458                ._cleanup_r
 *fill*         0x000000000002348c        0x4 60000000
 .text.__fp_lock
                0x0000000000023490       0x50 /usr/local/ps3dev/ppu/lib/gcc/powerpc64-ps3-elf/7.2.0/../../../../powerpc64-ps3-elf/lib/libc.a(lib_a-findfp.o)
 .text.__fp_unlock
                0x00000000000234e0       0x50 /usr/local/ps3dev/ppu/lib/gcc/powerpc64-ps3-elf/7.2.0/../../../../powerpc64-ps3-elf/lib/libc.a(lib_a-findfp.o)
 .text.std.isra.0
                0x0000000000023530       0x9c /usr/local/ps3dev/ppu/lib/gcc/powerpc64-ps3-elf/7.2.0/../../../../powerpc64-ps3-elf/lib/libc.a(lib_a-findfp.o)
 *fill*         0x00000000000235cc        0x4 60000000
 .text.__sfmoreglue
                0x00000000000235d0       0x88 /usr/local/ps3dev/ppu/lib/gcc/powerpc64-ps3-elf/7.2.0/../../../../powerpc64-ps3-elf/lib/libc.a(lib_a-findfp.o)
                0x00000000000235d0                .__sfmoreglue
 .text._cleanup
                0x0000000000023658       0x3c /usr/local/ps3dev/ppu/lib/gcc/powerpc64-ps3-elf/7.2.0/../../../../powerpc64-ps3-elf/lib/libc.a(lib_a-findfp.o)
                0x0000000000023658                ._cleanup
 *fill*         0x0000000000023694        0x4 60000000
 .text.__sinit  0x0000000000023698       0xbc /usr/local/ps3dev/ppu/lib/gcc/powerpc64-ps3-elf/7.2.0/../../../../powerpc64-ps3-elf/lib/libc.a(lib_a-findfp.o)
                0x0000000000023698                .__sinit
 *fill*         0x0000000000023754        0x4 60000000
 .text.__sfp    0x0000000000023758      0x190 /usr/local/ps3dev/ppu/lib/gcc/powerpc64-ps3-elf/7.2.0/../../../../powerpc64-ps3-elf/lib/libc.a(lib_a-findfp.o)
                0x0000000000023758                .__sfp
 .text.__sfp_lock_acquire
                0x00000000000238e8       0x34 /usr/local/ps3dev/ppu/lib/gcc/powerpc64-ps3-elf/7.2.0/../../../../powerpc64-ps3-elf/lib/libc.a(lib_a-findfp.o)
                0x00000000000238e8                .__sfp_lock_acquire
 *fill*         0x000000000002391c        0x4 60000000
 .text.__sfp_lock_release
                0x0000000000023920       0x34 /usr/local/ps3dev/ppu/lib/gcc/powerpc64-ps3-elf/7.2.0/../../../../powerpc64-ps3-elf/lib/libc.a(lib_a-findfp.o)
                0x0000000000023920                .__sfp_lock_release
 *fill*         0x0000000000023954        0x4 60000000
 .text.__sinit_lock_acquire
                0x0000000000023958       0x34 /usr/local/ps3dev/ppu/lib/gcc/powerpc64-ps3-elf/7.2.0/../../../../powerpc64-ps3-elf/lib/libc.a(lib_a-findfp.o)
                0x0000000000023958                .__sinit_lock_acquire
 *fill*         0x000000000002398c        0x4 60000000
 .text.__sinit_lock_release
                0x0000000000023990       0x34 /usr/local/ps3dev/ppu/lib/gcc/powerpc64-ps3-elf/7.2.0/../../../../powerpc64-ps3-elf/lib/libc.a(lib_a-findfp.o)
                0x0000000000023990                .__sinit_lock_release
 *fill*         0x00000000000239c4        0x4 60000000
 .text.__fp_lock_all
                0x00000000000239c8       0x48 /usr/local/ps3dev/ppu/lib/gcc/powerpc64-ps3-elf/7.2.0/../../../../powerpc64-ps3-elf/lib/libc.a(lib_a-findfp.o)
                0x00000000000239c8                .__fp_lock_all
 .text.__fp_unlock_all
                0x0000000000023a10       0x48 /usr/local/ps3dev/ppu/lib/gcc/powerpc64-ps3-elf/7.2.0/../../../../powerpc64-ps3-elf/lib/libc.a(lib_a-findfp.o)
                0x0000000000023a10                .__fp_unlock_all
 .text          0x0000000000023a58        0x0 /usr/local/ps3dev/ppu/lib/gcc/powerpc64-ps3-elf/7.2.0/../../../../powerpc64-ps3-elf/lib/libc.a(lib_a-fwalk.o)
 .text._fwalk   0x0000000000023a58      0x100 /usr/local/ps3dev/ppu/lib/gcc/powerpc64-ps3-elf/7.2.0/../../../../powerpc64-ps3-elf/lib/libc.a(lib_a-fwalk.o)
                0x0000000000023a58                ._fwalk
 .text._fwalk_reent
                0x0000000000023b58      0x110 /usr/local/ps3dev/ppu/lib/gcc/powerpc64-ps3-elf/7.2.0/../../../../powerpc64-ps3-elf/lib/libc.a(lib_a-fwalk.o)
                0x0000000000023b58                ._fwalk_reent
 .text          0x0000000000023c68        0x0 /usr/local/ps3dev/ppu/lib/gcc/powerpc64-ps3-elf/7.2.0/../../../../powerpc64-ps3-elf/lib/libc.a(lib_a-gdtoa-gethex.o)
 .text.rshift   0x0000000000023c68      0x184 /usr/local/ps3dev/ppu/lib/gcc/powerpc64-ps3-elf/7.2.0/../../../../powerpc64-ps3-elf/lib/libc.a(lib_a-gdtoa-gethex.o)
 *fill*         0x0000000000023dec        0x4 60000000
 .text.__hexdig_init
                0x0000000000023df0       0xa0 /usr/local/ps3dev/ppu/lib/gcc/powerpc64-ps3-elf/7.2.0/../../../../powerpc64-ps3-elf/lib/libc.a(lib_a-gdtoa-gethex.o)
                0x0000000000023df0                .__hexdig_init
 .text.__gethex
                0x0000000000023e90      0x950 /usr/local/ps3dev/ppu/lib/gcc/powerpc64-ps3-elf/7.2.0/../../../../powerpc64-ps3-elf/lib/libc.a(lib_a-gdtoa-gethex.o)
                0x0000000000023e90                .__gethex
 .text          0x00000000000247e0        0x0 /usr/local/ps3dev/ppu/lib/gcc/powerpc64-ps3-elf/7.2.0/../../../../powerpc64-ps3-elf/lib/libc.a(lib_a-gdtoa-hexnan.o)
 .text.__hexnan
                0x00000000000247e0      0x384 /usr/local/ps3dev/ppu/lib/gcc/powerpc64-ps3-elf/7.2.0/../../../../powerpc64-ps3-elf/lib/libc.a(lib_a-gdtoa-hexnan.o)
                0x00000000000247e0                .__hexnan
 .text          0x0000000000024b64        0x0 /usr/local/ps3dev/ppu/lib/gcc/powerpc64-ps3-elf/7.2.0/../../../../powerpc64-ps3-elf/lib/libc.a(lib_a-lock_internal.o)
 *fill*         0x0000000000024b64        0x4 60000000
 .text.startup.init_metalock
                0x0000000000024b68       0x48 /usr/local/ps3dev/ppu/lib/gcc/powerpc64-ps3-elf/7.2.0/../../../../powerpc64-ps3-elf/lib/libc.a(lib_a-lock_internal.o)
 .text.__libc_auto_lock_allocate
                0x0000000000024bb0       0x9c /usr/local/ps3dev/ppu/lib/gcc/powerpc64-ps3-elf/7.2.0/../../../../powerpc64-ps3-elf/lib/libc.a(lib_a-lock_internal.o)
                0x0000000000024bb0                .__libc_auto_lock_allocate
 .text          0x0000000000024c4c        0x0 /usr/local/ps3dev/ppu/lib/gcc/powerpc64-ps3-elf/7.2.0/../../../../powerpc64-ps3-elf/lib/libc.a(lib_a-memchr.o)
 *fill*         0x0000000000024c4c        0x4 60000000
 .text.memchr   0x0000000000024c50      0x130 /usr/local/ps3dev/ppu/lib/gcc/powerpc64-ps3-elf/7.2.0/../../../../powerpc64-ps3-elf/lib/libc.a(lib_a-memchr.o)
                0x0000000000024c50                .memchr
 .text          0x0000000000024d80        0x0 /usr/local/ps3dev/ppu/lib/gcc/powerpc64-ps3-elf/7.2.0/../../../../powerpc64-ps3-elf/lib/libc.a(lib_a-memcpy.o)
 .text.memcpy   0x0000000000024d80      0x11c /usr/local/ps3dev/ppu/lib/gcc/powerpc64-ps3-elf/7.2.0/../../../../powerpc64-ps3-elf/lib/libc.a(lib_a-memcpy.o)
                0x0000000000024d80                .memcpy
 .text          0x0000000000024e9c        0x0 /usr/local/ps3dev/ppu/lib/gcc/powerpc64-ps3-elf/7.2.0/../../../../powerpc64-ps3-elf/lib/libc.a(lib_a-mprec.o)
 *fill*         0x0000000000024e9c        0x4 60000000
 .text._Balloc  0x0000000000024ea0       0xfc /usr/local/ps3dev/ppu/lib/gcc/powerpc64-ps3-elf/7.2.0/../../../../powerpc64-ps3-elf/lib/libc.a(lib_a-mprec.o)
                0x0000000000024ea0                ._Balloc
 *fill*         0x0000000000024f9c        0x4 60000000
 .text._Bfree   0x0000000000024fa0       0x34 /usr/local/ps3dev/ppu/lib/gcc/powerpc64-ps3-elf/7.2.0/../../../../powerpc64-ps3-elf/lib/libc.a(lib_a-mprec.o)
                0x0000000000024fa0                ._Bfree
 *fill*         0x0000000000024fd4        0x4 60000000
 .text.__multadd
                0x0000000000024fd8      0x164 /usr/local/ps3dev/ppu/lib/gcc/powerpc64-ps3-elf/7.2.0/../../../../powerpc64-ps3-elf/lib/libc.a(lib_a-mprec.o)
                0x0000000000024fd8                .__multadd
 *fill*         0x000000000002513c        0x4 60000000
 .text.__s2b    0x0000000000025140      0x174 /usr/local/ps3dev/ppu/lib/gcc/powerpc64-ps3-elf/7.2.0/../../../../powerpc64-ps3-elf/lib/libc.a(lib_a-mprec.o)
                0x0000000000025140                .__s2b
 *fill*         0x00000000000252b4        0x4 60000000
 .text.__hi0bits
                0x00000000000252b8       0x9c /usr/local/ps3dev/ppu/lib/gcc/powerpc64-ps3-elf/7.2.0/../../../../powerpc64-ps3-elf/lib/libc.a(lib_a-mprec.o)
                0x00000000000252b8                .__hi0bits
 *fill*         0x0000000000025354        0x4 60000000
 .text.__lo0bits
                0x0000000000025358       0xf4 /usr/local/ps3dev/ppu/lib/gcc/powerpc64-ps3-elf/7.2.0/../../../../powerpc64-ps3-elf/lib/libc.a(lib_a-mprec.o)
                0x0000000000025358                .__lo0bits
 *fill*         0x000000000002544c        0x4 60000000
 .text.__i2b    0x0000000000025450       0x48 /usr/local/ps3dev/ppu/lib/gcc/powerpc64-ps3-elf/7.2.0/../../../../powerpc64-ps3-elf/lib/libc.a(lib_a-mprec.o)
                0x0000000000025450                .__i2b
 .text.__multiply
                0x0000000000025498      0x2a8 /usr/local/ps3dev/ppu/lib/gcc/powerpc64-ps3-elf/7.2.0/../../../../powerpc64-ps3-elf/lib/libc.a(lib_a-mprec.o)
                0x0000000000025498                .__multiply
 .text.__pow5mult
                0x0000000000025740      0x19c /usr/local/ps3dev/ppu/lib/gcc/powerpc64-ps3-elf/7.2.0/../../../../powerpc64-ps3-elf/lib/libc.a(lib_a-mprec.o)
                0x0000000000025740                .__pow5mult
 *fill*         0x00000000000258dc        0x4 60000000
 .text.__lshift
                0x00000000000258e0      0x1c0 /usr/local/ps3dev/ppu/lib/gcc/powerpc64-ps3-elf/7.2.0/../../../../powerpc64-ps3-elf/lib/libc.a(lib_a-mprec.o)
                0x00000000000258e0                .__lshift
 .text.__mcmp   0x0000000000025aa0       0x70 /usr/local/ps3dev/ppu/lib/gcc/powerpc64-ps3-elf/7.2.0/../../../../powerpc64-ps3-elf/lib/libc.a(lib_a-mprec.o)
                0x0000000000025aa0                .__mcmp
 .text.__mdiff  0x0000000000025b10      0x244 /usr/local/ps3dev/ppu/lib/gcc/powerpc64-ps3-elf/7.2.0/../../../../powerpc64-ps3-elf/lib/libc.a(lib_a-mprec.o)
                0x0000000000025b10                .__mdiff
 *fill*         0x0000000000025d54        0x4 60000000
 .text.__ulp    0x0000000000025d58       0x88 /usr/local/ps3dev/ppu/lib/gcc/powerpc64-ps3-elf/7.2.0/../../../../powerpc64-ps3-elf/lib/libc.a(lib_a-mprec.o)
                0x0000000000025d58                .__ulp
 .text.__b2d    0x0000000000025de0      0x1a4 /usr/local/ps3dev/ppu/lib/gcc/powerpc64-ps3-elf/7.2.0/../../../../powerpc64-ps3-elf/lib/libc.a(lib_a-mprec.o)
                0x0000000000025de0                .__b2d
 *fill*         0x0000000000025f84        0x4 60000000
 .text.__d2b    0x0000000000025f88      0x1ac /usr/local/ps3dev/ppu/lib/gcc/powerpc64-ps3-elf/7.2.0/../../../../powerpc64-ps3-elf/lib/libc.a(lib_a-mprec.o)
                0x0000000000025f88                .__d2b
 *fill*         0x0000000000026134        0x4 60000000
 .text.__ratio  0x0000000000026138       0xe8 /usr/local/ps3dev/ppu/lib/gcc/powerpc64-ps3-elf/7.2.0/../../../../powerpc64-ps3-elf/lib/libc.a(lib_a-mprec.o)
                0x0000000000026138                .__ratio
 .text._mprec_log10
                0x0000000000026220       0x54 /usr/local/ps3dev/ppu/lib/gcc/powerpc64-ps3-elf/7.2.0/../../../../powerpc64-ps3-elf/lib/libc.a(lib_a-mprec.o)
                0x0000000000026220                ._mprec_log10
 *fill*         0x0000000000026274        0x4 60000000
 .text.__copybits
                0x0000000000026278       0xa0 /usr/local/ps3dev/ppu/lib/gcc/powerpc64-ps3-elf/7.2.0/../../../../powerpc64-ps3-elf/lib/libc.a(lib_a-mprec.o)
                0x0000000000026278                .__copybits
 .text.__any_on
                0x0000000000026318       0xac /usr/local/ps3dev/ppu/lib/gcc/powerpc64-ps3-elf/7.2.0/../../../../powerpc64-ps3-elf/lib/libc.a(lib_a-mprec.o)
                0x0000000000026318                .__any_on
 .text          0x00000000000263c4        0x0 /usr/local/ps3dev/ppu/lib/gcc/powerpc64-ps3-elf/7.2.0/../../../../powerpc64-ps3-elf/lib/libc.a(lib_a-reallocr.o)
 *fill*         0x00000000000263c4        0x4 60000000
 .text._realloc_r
                0x00000000000263c8      0x6c4 /usr/local/ps3dev/ppu/lib/gcc/powerpc64-ps3-elf/7.2.0/../../../../powerpc64-ps3-elf/lib/libc.a(lib_a-reallocr.o)
                0x00000000000263c8                ._realloc_r
 .text          0x0000000000026a8c        0x0 /usr/local/ps3dev/ppu/lib/gcc/powerpc64-ps3-elf/7.2.0/../../../../powerpc64-ps3-elf/lib/libc.a(lib_a-strncmp.o)
 *fill*         0x0000000000026a8c        0x4 60000000
 .text.strncmp  0x0000000000026a90      0x12c /usr/local/ps3dev/ppu/lib/gcc/powerpc64-ps3-elf/7.2.0/../../../../powerpc64-ps3-elf/lib/libc.a(lib_a-strncmp.o)
                0x0000000000026a90                .strncmp
 .text          0x0000000000026bbc        0x0 /usr/local/ps3dev/ppu/lib/gcc/powerpc64-ps3-elf/7.2.0/../../../../powerpc64-ps3-elf/lib/libc.a(lib_a-svfiprintf.o)
 *fill*         0x0000000000026bbc        0x4 60000000
 .text.__ssprint_r
                0x0000000000026bc0      0x2b4 /usr/local/ps3dev/ppu/lib/gcc/powerpc64-ps3-elf/7.2.0/../../../../powerpc64-ps3-elf/lib/libc.a(lib_a-svfiprintf.o)
                0x0000000000026bc0                .__ssprint_r
 *fill*         0x0000000000026e74        0x4 60000000
 .text._svfiprintf_r
                0x0000000000026e78     0x1148 /usr/local/ps3dev/ppu/lib/gcc/powerpc64-ps3-elf/7.2.0/../../../../powerpc64-ps3-elf/lib/libc.a(lib_a-svfiprintf.o)
                0x0000000000026e78                ._svfiprintf_r
 .text          0x0000000000027fc0        0x0 /usr/local/ps3dev/ppu/lib/gcc/powerpc64-ps3-elf/7.2.0/../../../../powerpc64-ps3-elf/lib/libc.a(lib_a-abort.o)
 .text.abort    0x0000000000027fc0       0x30 /usr/local/ps3dev/ppu/lib/gcc/powerpc64-ps3-elf/7.2.0/../../../../powerpc64-ps3-elf/lib/libc.a(lib_a-abort.o)
                0x0000000000027fc0                .abort
 .text          0x0000000000027ff0        0x0 /usr/local/ps3dev/ppu/lib/gcc/powerpc64-ps3-elf/7.2.0/../../../../powerpc64-ps3-elf/lib/libc.a(lib_a-fclose.o)
 .text._fclose_r
                0x0000000000027ff0      0x1e8 /usr/local/ps3dev/ppu/lib/gcc/powerpc64-ps3-elf/7.2.0/../../../../powerpc64-ps3-elf/lib/libc.a(lib_a-fclose.o)
                0x0000000000027ff0                ._fclose_r
 .text.fclose   0x00000000000281d8       0x40 /usr/local/ps3dev/ppu/lib/gcc/powerpc64-ps3-elf/7.2.0/../../../../powerpc64-ps3-elf/lib/libc.a(lib_a-fclose.o)
                0x00000000000281d8                .fclose
 .text          0x0000000000028218        0x0 /usr/local/ps3dev/ppu/lib/gcc/powerpc64-ps3-elf/7.2.0/../../../../powerpc64-ps3-elf/lib/libc.a(lib_a-memmove.o)
 .text.memmove  0x0000000000028218      0x154 /usr/local/ps3dev/ppu/lib/gcc/powerpc64-ps3-elf/7.2.0/../../../../powerpc64-ps3-elf/lib/libc.a(lib_a-memmove.o)
                0x0000000000028218                .memmove
 .text          0x000000000002836c        0x0 /usr/local/ps3dev/ppu/lib/gcc/powerpc64-ps3-elf/7.2.0/../../../../powerpc64-ps3-elf/lib/libc.a(lib_a-signal.o)
 *fill*         0x000000000002836c        0x4 60000000
 .text._init_signal_r.part.0
                0x0000000000028370       0x74 /usr/local/ps3dev/ppu/lib/gcc/powerpc64-ps3-elf/7.2.0/../../../../powerpc64-ps3-elf/lib/libc.a(lib_a-signal.o)
 *fill*         0x00000000000283e4        0x4 60000000
 .text._init_signal_r
                0x00000000000283e8       0x28 /usr/local/ps3dev/ppu/lib/gcc/powerpc64-ps3-elf/7.2.0/../../../../powerpc64-ps3-elf/lib/libc.a(lib_a-signal.o)
                0x00000000000283e8                ._init_signal_r
 .text._signal_r
                0x0000000000028410       0x98 /usr/local/ps3dev/ppu/lib/gcc/powerpc64-ps3-elf/7.2.0/../../../../powerpc64-ps3-elf/lib/libc.a(lib_a-signal.o)
                0x0000000000028410                ._signal_r
 .text._raise_r
                0x00000000000284a8      0x13c /usr/local/ps3dev/ppu/lib/gcc/powerpc64-ps3-elf/7.2.0/../../../../powerpc64-ps3-elf/lib/libc.a(lib_a-signal.o)
                0x00000000000284a8                ._raise_r
 *fill*         0x00000000000285e4        0x4 60000000
 .text.__sigtramp_r
                0x00000000000285e8       0xfc /usr/local/ps3dev/ppu/lib/gcc/powerpc64-ps3-elf/7.2.0/../../../../powerpc64-ps3-elf/lib/libc.a(lib_a-signal.o)
                0x00000000000285e8                .__sigtramp_r
 *fill*         0x00000000000286e4        0x4 60000000
 .text.raise    0x00000000000286e8       0x40 /usr/local/ps3dev/ppu/lib/gcc/powerpc64-ps3-elf/7.2.0/../../../../powerpc64-ps3-elf/lib/libc.a(lib_a-signal.o)
                0x00000000000286e8                .raise
 .text.signal   0x0000000000028728       0xbc /usr/local/ps3dev/ppu/lib/gcc/powerpc64-ps3-elf/7.2.0/../../../../powerpc64-ps3-elf/lib/libc.a(lib_a-signal.o)
                0x0000000000028728                .signal
 *fill*         0x00000000000287e4        0x4 60000000
 .text._init_signal
                0x00000000000287e8       0x54 /usr/local/ps3dev/ppu/lib/gcc/powerpc64-ps3-elf/7.2.0/../../../../powerpc64-ps3-elf/lib/libc.a(lib_a-signal.o)
                0x00000000000287e8                ._init_signal
 *fill*         0x000000000002883c        0x4 60000000
 .text.__sigtramp
                0x0000000000028840       0x40 /usr/local/ps3dev/ppu/lib/gcc/powerpc64-ps3-elf/7.2.0/../../../../powerpc64-ps3-elf/lib/libc.a(lib_a-signal.o)
                0x0000000000028840                .__sigtramp
 .text          0x0000000000028880        0x0 /usr/local/ps3dev/ppu/lib/gcc/powerpc64-ps3-elf/7.2.0/../../../../powerpc64-ps3-elf/lib/libsysbase.a(close.o)
 .text._close_r
                0x0000000000028880       0x68 /usr/local/ps3dev/ppu/lib/gcc/powerpc64-ps3-elf/7.2.0/../../../../powerpc64-ps3-elf/lib/libsysbase.a(close.o)
                0x0000000000028880                ._close_r
 .text          0x00000000000288e8        0x0 /usr/local/ps3dev/ppu/lib/gcc/powerpc64-ps3-elf/7.2.0/../../../../powerpc64-ps3-elf/lib/libsysbase.a(sbrk.o)
 .text._sbrk_r  0x00000000000288e8       0x68 /usr/local/ps3dev/ppu/lib/gcc/powerpc64-ps3-elf/7.2.0/../../../../powerpc64-ps3-elf/lib/libsysbase.a(sbrk.o)
                0x00000000000288e8                ._sbrk_r
 .text          0x0000000000028950        0x0 /usr/local/ps3dev/ppu/lib/gcc/powerpc64-ps3-elf/7.2.0/../../../../powerpc64-ps3-elf/lib/libsysbase.a(_exit.o)
 .text._exit    0x0000000000028950       0x4c /usr/local/ps3dev/ppu/lib/gcc/powerpc64-ps3-elf/7.2.0/../../../../powerpc64-ps3-elf/lib/libsysbase.a(_exit.o)
                0x0000000000028950                ._exit
 .text          0x000000000002899c        0x0 /usr/local/ps3dev/ppu/lib/gcc/powerpc64-ps3-elf/7.2.0/../../../../powerpc64-ps3-elf/lib/libsysbase.a(lseek.o)
 *fill*         0x000000000002899c        0x4 60000000
 .text._lseek_r
                0x00000000000289a0       0x68 /usr/local/ps3dev/ppu/lib/gcc/powerpc64-ps3-elf/7.2.0/../../../../powerpc64-ps3-elf/lib/libsysbase.a(lseek.o)
                0x00000000000289a0                ._lseek_r
 .text          0x0000000000028a08        0x0 /usr/local/ps3dev/ppu/lib/gcc/powerpc64-ps3-elf/7.2.0/../../../../powerpc64-ps3-elf/lib/libsysbase.a(read.o)
 .text._read_r  0x0000000000028a08       0x68 /usr/local/ps3dev/ppu/lib/gcc/powerpc64-ps3-elf/7.2.0/../../../../powerpc64-ps3-elf/lib/libsysbase.a(read.o)
                0x0000000000028a08                ._read_r
 .text          0x0000000000028a70        0x0 /usr/local/ps3dev/ppu/lib/gcc/powerpc64-ps3-elf/7.2.0/../../../../powerpc64-ps3-elf/lib/libsysbase.a(write.o)
 .text._write_r
                0x0000000000028a70       0x68 /usr/local/ps3dev/ppu/lib/gcc/powerpc64-ps3-elf/7.2.0/../../../../powerpc64-ps3-elf/lib/libsysbase.a(write.o)
                0x0000000000028a70                ._write_r
 .text          0x0000000000028ad8        0x0 /usr/local/ps3dev/ppu/lib/gcc/powerpc64-ps3-elf/7.2.0/../../../../powerpc64-ps3-elf/lib/libsysbase.a(lock.o)
 .text.sys_lwmutex_create
                0x0000000000028ad8       0x90 /usr/local/ps3dev/ppu/lib/gcc/powerpc64-ps3-elf/7.2.0/../../../../powerpc64-ps3-elf/lib/libsysbase.a(lock.o)
                0x0000000000028ad8                .sys_lwmutex_create
 .text.sys_lwmutex_destroy
                0x0000000000028b68       0x80 /usr/local/ps3dev/ppu/lib/gcc/powerpc64-ps3-elf/7.2.0/../../../../powerpc64-ps3-elf/lib/libsysbase.a(lock.o)
                0x0000000000028b68                .sys_lwmutex_destroy
 .text.sys_lwmutex_lock
                0x0000000000028be8       0x90 /usr/local/ps3dev/ppu/lib/gcc/powerpc64-ps3-elf/7.2.0/../../../../powerpc64-ps3-elf/lib/libsysbase.a(lock.o)
                0x0000000000028be8                .sys_lwmutex_lock
 .text.sys_lwmutex_trylock
                0x0000000000028c78       0x80 /usr/local/ps3dev/ppu/lib/gcc/powerpc64-ps3-elf/7.2.0/../../../../powerpc64-ps3-elf/lib/libsysbase.a(lock.o)
                0x0000000000028c78                .sys_lwmutex_trylock
 .text.sys_lwmutex_unlock
                0x0000000000028cf8       0x80 /usr/local/ps3dev/ppu/lib/gcc/powerpc64-ps3-elf/7.2.0/../../../../powerpc64-ps3-elf/lib/libsysbase.a(lock.o)
                0x0000000000028cf8                .sys_lwmutex_unlock
 .text          0x0000000000028d78        0x0 /usr/local/ps3dev/ppu/lib/gcc/powerpc64-ps3-elf/7.2.0/../../../../powerpc64-ps3-elf/lib/libsysbase.a(getpid.o)
 .text._getpid_r
                0x0000000000028d78       0x68 /usr/local/ps3dev/ppu/lib/gcc/powerpc64-ps3-elf/7.2.0/../../../../powerpc64-ps3-elf/lib/libsysbase.a(getpid.o)
                0x0000000000028d78                ._getpid_r
 .text          0x0000000000028de0        0x0 /usr/local/ps3dev/ppu/lib/gcc/powerpc64-ps3-elf/7.2.0/../../../../powerpc64-ps3-elf/lib/libsysbase.a(kill.o)
 .text._kill_r  0x0000000000028de0       0x1c /usr/local/ps3dev/ppu/lib/gcc/powerpc64-ps3-elf/7.2.0/../../../../powerpc64-ps3-elf/lib/libsysbase.a(kill.o)
                0x0000000000028de0                ._kill_r
 .text          0x0000000000028dfc        0x0 /usr/local/ps3dev/ppu/lib/gcc/powerpc64-ps3-elf/7.2.0/crtend.o
 *fill*         0x0000000000028dfc        0x4 60000000
 .text.__do_global_ctors_aux
                0x0000000000028e00       0x64 /usr/local/ps3dev/ppu/lib/gcc/powerpc64-ps3-elf/7.2.0/crtend.o
 .text          0x0000000000028e64        0x0 /usr/local/ps3dev/ppu/lib/gcc/powerpc64-ps3-elf/7.2.0/../../../../powerpc64-ps3-elf/lib/lv2-crtn.o
 *(.text.*personality*)
 *(.gnu.warning)
 *(.sfpr .glink)
 .sfpr          0x0000000000000000        0x0 linker stubs
 *fill*         0x0000000000028e64        0x0 60000000
 .glink         0x0000000000000000        0x0 linker stubs

.fini           0x0000000000028e64       0x2c
 *(.fini)
 .fini          0x0000000000028e64        0xc /usr/local/ps3dev/ppu/lib/gcc/powerpc64-ps3-elf/7.2.0/../../../../powerpc64-ps3-elf/lib/lv2-crti.o
                0x0000000000028e64                ._fini
 .fini          0x0000000000028e70        0x8 /usr/local/ps3dev/ppu/lib/gcc/powerpc64-ps3-elf/7.2.0/crtbegin.o
 .fini          0x0000000000028e78        0x8 /usr/local/ps3dev/psl1ght/ppu/lib/librt.a(sbrk.o)
 .fini          0x0000000000028e80       0x10 /usr/local/ps3dev/ppu/lib/gcc/powerpc64-ps3-elf/7.2.0/../../../../powerpc64-ps3-elf/lib/lv2-crtn.o

.sceStub.text   0x0000000000028e90     0x53c0
 *(.sceStub.text)
 .sceStub.text  0x0000000000028e90     0x1640 /usr/local/ps3dev/psl1ght/ppu/lib/libgcm_sys.a(sprx.o)
                0x0000000000028e90                __gcmInitBody
                0x0000000000028e90                .gcmInitBody
                0x0000000000028ed0                .gcmSetDisplayBuffer
                0x0000000000028ed0                __gcmSetDisplayBuffer
                0x0000000000028f10                .gcmGetControlRegister
                0x0000000000028f10                __gcmGetControlRegister
                0x0000000000028f50                .gcmAddressToOffset
                0x0000000000028f50                __gcmAddressToOffset
                0x0000000000028f90                __gcmGetConfiguration
                0x0000000000028f90                .gcmGetConfiguration
                0x0000000000028fd0                __gcmGetCurrentField
                0x0000000000029010                __gcmSetFlipMode
                0x0000000000029010                .gcmSetFlipMode
                0x0000000000029050                .gcmGetFlipStatus
                0x0000000000029050                __gcmGetFlipStatus
                0x0000000000029090                __gcmGetLastFlipTime
                0x00000000000290d0                __gcmGetVBlankCount
                0x0000000000029110                .gcmSetWaitFlip
                0x0000000000029110                __gcmSetWaitFlip
                0x0000000000029150                __gcmSetFlipStatus
                0x0000000000029190                __gcmResetFlipStatus
                0x0000000000029190                .gcmResetFlipStatus
                0x00000000000291d0                __gcmSetFlip
                0x00000000000291d0                .gcmSetFlip
                0x0000000000029210                __gcmSetFlipImmediate
                0x0000000000029250                __gcmFunc15
                0x0000000000029290                __gcmFunc3
                0x00000000000292d0                __gcmFunc1
                0x0000000000029310                __gcmFunc2
                0x0000000000029350                __gcmFunc4
                0x0000000000029390                __gcmFunc12
                0x00000000000293d0                __gcmFunc13
                0x0000000000029410                __gcmGetReport
                0x0000000000029450                __gcmSetTile
                0x0000000000029490                __gcmBindTile
                0x00000000000294d0                __gcmUnbindTile
                0x0000000000029510                __gcmSetZcull
                0x0000000000029550                __gcmBindZcull
                0x0000000000029590                __gcmUnbindZcull
                0x00000000000295d0                __gcmGetTimeStamp
                0x0000000000029610                __gcmSetVBlankFrequency
                0x0000000000029650                __gcmSetSecondVFrequency
                0x0000000000029690                __gcmSetDebugOutputLevel
                0x00000000000296d0                __gcmGetLabelAddress
                0x00000000000296d0                .gcmGetLabelAddress
                0x0000000000029710                __gcmSetVBlankHandlerEx
                0x0000000000029750                __gcmSetFlipHandlerEx
                0x0000000000029790                __gcmSetSecondVHandlerEx
                0x00000000000297d0                __gcmSetGraphicsHandlerEx
                0x0000000000029810                __gcmTerminate
                0x0000000000029850                __gcmMapMainMemory
                0x0000000000029890                __gcmMapEaIoAddress
                0x00000000000298d0                __gcmUnmapEaIoAddress
                0x0000000000029910                __gcmUnmapIoAddress
                0x0000000000029950                __gcmIoOffsetToAddress
                0x0000000000029990                __gcmSetDefaultCommandBuffer
                0x00000000000299d0                __gcmSetTileInfo
                0x0000000000029a10                __gcmGetTiledPitchSize
                0x0000000000029a50                __gcmSetInvalidateTile
                0x0000000000029a90                __gcmSetUserCommandEx
                0x0000000000029ad0                __gcmSetUserHandlerEx
                0x0000000000029b10                __gcmSetQueueHandlerEx
                0x0000000000029b50                __gcmSetPrepareFlip
                0x0000000000029b90                __gcmGetOffsetTable
                0x0000000000029bd0                __gcmGetLastSecondVTime
                0x0000000000029c10                __gcmSortRemapEaIoAddress
                0x0000000000029c50                __gcmGetDisplayBufferByFlipIndex
                0x0000000000029c90                __gcmGcmGetDefaultCommandWordSize
                0x0000000000029cd0                __gcmGcmGetDefaultSegmentWordSize
                0x0000000000029d10                __gcmSetDefaultCommandBufferAndSegmentWordSize
                0x0000000000029d50                __gcmGetDisplayInfo
                0x0000000000029d90                __gcmDumpGraphicsError
                0x0000000000029dd0                __gcmFunc38
                0x0000000000029e10                __gcmGetCurrentDisplayBufferId
                0x0000000000029e50                __gcmGetDefaultCommandWordSize
                0x0000000000029e90                __gcmGetDefaultSegmentWordSize
                0x0000000000029ed0                __gcmGetMaxIoMapSize
                0x0000000000029f10                __gcmGetNotifyDataAddress
                0x0000000000029f50                __gcmGetReportDataAddress
                0x0000000000029f90                __gcmGetReportDataAddressLocation
                0x0000000000029fd0                __gcmGetReportDataLocation
                0x000000000002a010                __gcmGetTileInfo
                0x000000000002a050                __gcmGetTimeStampLocation
                0x000000000002a090                __gcmGetZcullInfo
                0x000000000002a0d0                __gcmInitCursor
                0x000000000002a110                __gcmInitDefaultFifoMode
                0x000000000002a150                __gcmInitSystemMode
                0x000000000002a190                __gcmMapEaIoAddressWithFlags
                0x000000000002a1d0                __gcmMapLocalMemory