Archive member included because of file (symbol)

/usr/local/ps3dev/psl1ght/ppu/lib/libio.a(sprx.o)
                              main.o (ioPadInit)
/usr/local/ps3dev/psl1ght/ppu/lib/librt.a(sbrk.o)
                              /usr/local/ps3dev/ppu/lib/gcc/powerpc64-ps3-elf/7.2.0/../../../../powerpc64-ps3-elf/lib/lv2-crt0.o (__librt_sbrk_r)
/usr/local/ps3dev/psl1ght/ppu/lib/librt.a(exit.o)
                              /usr/local/ps3dev/ppu/lib/gcc/powerpc64-ps3-elf/7.2.0/../../../../powerpc64-ps3-elf/lib/lv2-crt0.o (__librt_exit)
/usr/local/ps3dev/psl1ght/ppu/lib/librt.a(close.o)
                              /usr/local/ps3dev/ppu/lib/gcc/powerpc64-ps3-elf/7.2.0/../../../../powerpc64-ps3-elf/lib/lv2-crt0.o (__librt_close_r)
/usr/local/ps3dev/psl1ght/ppu/lib/librt.a(lseek.o)
                              /usr/local/ps3dev/ppu/lib/gcc/powerpc64-ps3-elf/7.2.0/../../../../powerpc64-ps3-elf/lib/lv2-crt0.o (__librt_lseek_r)
/usr/local/ps3dev/psl1ght/ppu/lib/librt.a(read.o)
                              /usr/local/ps3dev/ppu/lib/gcc/powerpc64-ps3-elf/7.2.0/../../../../powerpc64-ps3-elf/lib/lv2-crt0.o (__librt_read_r)
/usr/local/ps3dev/psl1ght/ppu/lib/librt.a(open.o)
                              /usr/local/ps3dev/ppu/lib/gcc/powerpc64-ps3-elf/7.2.0/../../../../powerpc64-ps3-elf/lib/lv2-crt0.o (__librt_open_r)
/usr/local/ps3dev/psl1ght/ppu/lib/librt.a(sleep.o)
                              /usr/local/ps3dev/ppu/lib/gcc/powerpc64-ps3-elf/7.2.0/../../../../powerpc64-ps3-elf/lib/lv2-crt0.o (__librt_usleep_r)
/usr/local/ps3dev/psl1ght/ppu/lib/librt.a(write.o)
                              /usr/local/ps3dev/ppu/lib/gcc/powerpc64-ps3-elf/7.2.0/../../../../powerpc64-ps3-elf/lib/lv2-crt0.o (__librt_write_r)
/usr/local/ps3dev/psl1ght/ppu/lib/librt.a(fstat.o)
                              /usr/local/ps3dev/ppu/lib/gcc/powerpc64-ps3-elf/7.2.0/../../../../powerpc64-ps3-elf/lib/lv2-crt0.o (__librt_fstat_r)
/usr/local/ps3dev/psl1ght/ppu/lib/librt.a(socket.o)
                              /usr/local/ps3dev/psl1ght/ppu/lib/librt.a(write.o) (send)
/usr/local/ps3dev/psl1ght/ppu/lib/librt.a(lock.o)
                              /usr/local/ps3dev/ppu/lib/gcc/powerpc64-ps3-elf/7.2.0/../../../../powerpc64-ps3-elf/lib/lv2-crt0.o (__librt_sys_lwmutex_create_r)
/usr/local/ps3dev/psl1ght/ppu/lib/librt.a(dirent.o)
                              /usr/local/ps3dev/ppu/lib/gcc/powerpc64-ps3-elf/7.2.0/../../../../powerpc64-ps3-elf/lib/lv2-crt0.o (__librt_opendir_r)
/usr/local/ps3dev/psl1ght/ppu/lib/librt.a(mkdir.o)
                              /usr/local/ps3dev/ppu/lib/gcc/powerpc64-ps3-elf/7.2.0/../../../../powerpc64-ps3-elf/lib/lv2-crt0.o (__librt_mkdir_r)
/usr/local/ps3dev/psl1ght/ppu/lib/librt.a(times.o)
                              /usr/local/ps3dev/ppu/lib/gcc/powerpc64-ps3-elf/7.2.0/../../../../powerpc64-ps3-elf/lib/lv2-crt0.o (__librt_times_r)
/usr/local/ps3dev/psl1ght/ppu/lib/librt.a(umask.o)
                              /usr/local/ps3dev/ppu/lib/gcc/powerpc64-ps3-elf/7.2.0/../../../../powerpc64-ps3-elf/lib/lv2-crt0.o (__librt_umask_r)
/usr/local/ps3dev/psl1ght/ppu/lib/librt.a(lv2errno.o)
                              /usr/local/ps3dev/psl1ght/ppu/lib/librt.a(socket.o) (lv2errno)
/usr/local/ps3dev/psl1ght/ppu/lib/librt.a(heap.o)
                              /usr/local/ps3dev/psl1ght/ppu/lib/librt.a(sbrk.o) (heapInit)
/usr/local/ps3dev/psl1ght/ppu/lib/librt.a(chmod.o)
                              /usr/local/ps3dev/ppu/lib/gcc/powerpc64-ps3-elf/7.2.0/../../../../powerpc64-ps3-elf/lib/lv2-crt0.o (__librt_chmod_r)
/usr/local/ps3dev/psl1ght/ppu/lib/librt.a(rmdir.o)
                              /usr/local/ps3dev/ppu/lib/gcc/powerpc64-ps3-elf/7.2.0/../../../../powerpc64-ps3-elf/lib/lv2-crt0.o (__librt_rmdir_r)
/usr/local/ps3dev/psl1ght/ppu/lib/librt.a(isatty.o)
                              /usr/local/ps3dev/ppu/lib/gcc/powerpc64-ps3-elf/7.2.0/../../../../powerpc64-ps3-elf/lib/lv2-crt0.o (__librt_isatty_r)
/usr/local/ps3dev/psl1ght/ppu/lib/librt.a(gettod.o)
                              /usr/local/ps3dev/ppu/lib/gcc/powerpc64-ps3-elf/7.2.0/../../../../powerpc64-ps3-elf/lib/lv2-crt0.o (__librt_gettod_r)
/usr/local/ps3dev/psl1ght/ppu/lib/librt.a(settod.o)
                              /usr/local/ps3dev/ppu/lib/gcc/powerpc64-ps3-elf/7.2.0/../../../../powerpc64-ps3-elf/lib/lv2-crt0.o (__librt_settod_r)
/usr/local/ps3dev/psl1ght/ppu/lib/liblv2.a(sprx.o)
                              /usr/local/ps3dev/psl1ght/ppu/lib/librt.a(sbrk.o) (sysSpinlockInitialize)
/usr/local/ps3dev/psl1ght/ppu/lib/liblv2.a(thread_wrapper.o)
                              main.o (sysThreadCreate)
/usr/local/ps3dev/ppu/lib/gcc/powerpc64-ps3-elf/7.2.0/../../../../powerpc64-ps3-elf/lib/libsysbase.a(syscalls.o)
                              /usr/local/ps3dev/ppu/lib/gcc/powerpc64-ps3-elf/7.2.0/../../../../powerpc64-ps3-elf/lib/lv2-crt0.o (__syscalls)
/usr/local/ps3dev/ppu/lib/gcc/powerpc64-ps3-elf/7.2.0/../../../../powerpc64-ps3-elf/lib/libsysbase.a(sleep.o)
[...]
Memory Configuration

Name             Origin             Length             Attributes
*default*        0x0000000000000000 0xffffffffffffffff

Linker script and memory map

                0x0000000000010000                PROVIDE (__executable_start, 0x10000)
                0x0000000000010200                . = (0x10000 + SIZEOF_HEADERS)

.interp
 *(.interp)

.hash
 *(.hash)

.dynsym
 *(.dynsym)

.dynstr
 *(.dynstr)

.gnu.version
 *(.gnu.version)

.gnu.version_d
 *(.gnu.version_d)

.gnu.version_r
 *(.gnu.version_r)

.rel.dyn
 *(.rel.init)
 *(.rel.text .rel.text.* .rel.gnu.linkonce.t.*)
 *(.rel.fini)
 *(.rel.rodata .rel.rodata.* .rel.gnu.linkonce.r.*)
 *(.rel.data.rel.ro*)
 *(.rel.data .rel.data.* .rel.gnu.linkonce.d.*)
 *(.rel.tdata .rel.tdata.* .rel.gnu.linkonce.td.*)
 *(.rel.tbss .rel.tbss.* .rel.gnu.linkonce.tb.*)
 *(.rel.ctors)
 *(.rel.dtors)
 *(.rel.got)
 *(.rel.sdata .rel.sdata.* .rel.gnu.linkonce.s.*)
 *(.rel.sbss .rel.sbss.* .rel.gnu.linkonce.sb.*)
 *(.rel.sdata2 .rel.sdata2.* .rel.gnu.linkonce.s2.*)
 *(.rel.sbss2 .rel.sbss2.* .rel.gnu.linkonce.sb2.*)
 *(.rel.bss .rel.bss.* .rel.gnu.linkonce.b.*)

.rela.dyn       0x0000000000010200        0x0
 *(.rela.init)
 *(.rela.text .rela.text.* .rela.gnu.linkonce.t.*)
 *(.rela.fini)
 *(.rela.rodata .rela.rodata.* .rela.gnu.linkonce.r.*)
 *(.rela.data .rela.data.* .rela.gnu.linkonce.d.*)
 *(.rela.tdata .rela.tdata.* .rela.gnu.linkonce.td.*)
 *(.rela.tbss .rela.tbss.* .rela.gnu.linkonce.tb.*)
 *(.rela.ctors)
 *(.rela.dtors)
 *(.rela.got)
 *(.rela.toc)
 .rela.toc      0x0000000000000000        0x0 linker stubs
 *(.rela.sdata .rela.sdata.* .rela.gnu.linkonce.s.*)
 *(.rela.sbss .rela.sbss.* .rela.gnu.linkonce.sb.*)
 *(.rela.sdata2 .rela.sdata2.* .rela.gnu.linkonce.s2.*)
 *(.rela.sbss2 .rela.sbss2.* .rela.gnu.linkonce.sb2.*)
 *(.rela.bss .rela.bss.* .rela.gnu.linkonce.b.*)
 .rela.iplt     0x0000000000000000        0x0 linker stubs
 .rela.sys_proc_prx_param
                0x0000000000000000        0x0 linker stubs
 .rela.opd      0x0000000000000000        0x0 linker stubs

.rel.plt
 *(.rel.plt)

.rela.plt
 *(.rela.plt)

.rela.tocbss
 *(.rela.tocbss)

.init           0x0000000000010200       0x2c
 *(.init)
 .init          0x0000000000010200        0xc /usr/local/ps3dev/ppu/lib/gcc/powerpc64-ps3-elf/7.2.0/../../../../powerpc64-ps3-elf/lib/lv2-crti.o
                0x0000000000010200                ._init
 .init          0x000000000001020c        0x8 /usr/local/ps3dev/ppu/lib/gcc/powerpc64-ps3-elf/7.2.0/crtbegin.o
 .init          0x0000000000010214        0x8 /usr/local/ps3dev/ppu/lib/gcc/powerpc64-ps3-elf/7.2.0/crtend.o
 .init          0x000000000001021c       0x10 /usr/local/ps3dev/ppu/lib/gcc/powerpc64-ps3-elf/7.2.0/../../../../powerpc64-ps3-elf/lib/lv2-crtn.o

.text           0x0000000000010230    0x18f54
 *(.text .stub .text.* .gnu.linkonce.t.*)
 .text          0x0000000000010230        0x0 /usr/local/ps3dev/ppu/lib/gcc/powerpc64-ps3-elf/7.2.0/../../../../powerpc64-ps3-elf/lib/lv2-crti.o
 .text          0x0000000000010230        0x0 /usr/local/ps3dev/ppu/lib/gcc/powerpc64-ps3-elf/7.2.0/crtbegin.o
 .text.deregister_tm_clones
                0x0000000000010230       0x54 /usr/local/ps3dev/ppu/lib/gcc/powerpc64-ps3-elf/7.2.0/crtbegin.o
 *fill*         0x0000000000010284        0x4 60000000
 .text.register_tm_clones
                0x0000000000010288       0x60 /usr/local/ps3dev/ppu/lib/gcc/powerpc64-ps3-elf/7.2.0/crtbegin.o
 .text.__do_global_dtors_aux
                0x00000000000102e8       0xd4 /usr/local/ps3dev/ppu/lib/gcc/powerpc64-ps3-elf/7.2.0/crtbegin.o
 *fill*         0x00000000000103bc        0x4 60000000
 .text.frame_dummy
                0x00000000000103c0       0x38 /usr/local/ps3dev/ppu/lib/gcc/powerpc64-ps3-elf/7.2.0/crtbegin.o
 .text          0x00000000000103f8       0x58 /usr/local/ps3dev/ppu/lib/gcc/powerpc64-ps3-elf/7.2.0/../../../../powerpc64-ps3-elf/lib/lv2-crt0.o
                0x00000000000103f8                ._start
 .text.startup.__syscalls_init
                0x0000000000010450      0x134 /usr/local/ps3dev/ppu/lib/gcc/powerpc64-ps3-elf/7.2.0/../../../../powerpc64-ps3-elf/lib/lv2-crt0.o
 *fill*         0x0000000000010584        0x4 60000000
 .text._initialize
                0x0000000000010588       0x40 /usr/local/ps3dev/ppu/lib/gcc/powerpc64-ps3-elf/7.2.0/../../../../powerpc64-ps3-elf/lib/lv2-crt0.o
                0x0000000000010588                ._initialize
 .text          0x00000000000105c8        0x0 /usr/local/ps3dev/ppu/lib/gcc/powerpc64-ps3-elf/7.2.0/../../../../powerpc64-ps3-elf/lib/lv2-sprx.o
 .text          0x00000000000105c8        0x0 main.o
 .text.thread_start
                0x00000000000105c8       0xac main.o
 *fill*         0x0000000000010674        0x4 60000000
 .text.startup.main
                0x0000000000010678      0x100 main.o
                0x0000000000010678                .main
 .text          0x0000000000010778        0x0 /usr/local/ps3dev/psl1ght/ppu/lib/libio.a(sprx.o)
 .text          0x0000000000010778        0x0 /usr/local/ps3dev/psl1ght/ppu/lib/librt.a(sbrk.o)
 .text.startup.sbrk_init
                0x0000000000010778       0xb8 /usr/local/ps3dev/psl1ght/ppu/lib/librt.a(sbrk.o)
 .text.sbrk_deinit
                0x0000000000010830       0xc8 /usr/local/ps3dev/psl1ght/ppu/lib/librt.a(sbrk.o)
 .text.__librt_sbrk_r
                0x00000000000108f8      0x2f4 /usr/local/ps3dev/psl1ght/ppu/lib/librt.a(sbrk.o)
                0x00000000000108f8                .__librt_sbrk_r
 .text          0x0000000000010bec        0x0 /usr/local/ps3dev/psl1ght/ppu/lib/librt.a(exit.o)
 *fill*         0x0000000000010bec        0x4 60000000
 .text.__librt_exit
                0x0000000000010bf0       0x30 /usr/local/ps3dev/psl1ght/ppu/lib/librt.a(exit.o)
                0x0000000000010bf0                .__librt_exit
 .text          0x0000000000010c20        0x0 /usr/local/ps3dev/psl1ght/ppu/lib/librt.a(close.o)
 .text.__librt_close_r
                0x0000000000010c20       0x88 /usr/local/ps3dev/psl1ght/ppu/lib/librt.a(close.o)
                0x0000000000010c20                .__librt_close_r
 .text          0x0000000000010ca8        0x0 /usr/local/ps3dev/psl1ght/ppu/lib/librt.a(lseek.o)
 .text.__librt_lseek_r
                0x0000000000010ca8       0x8c /usr/local/ps3dev/psl1ght/ppu/lib/librt.a(lseek.o)
                0x0000000000010ca8                .__librt_lseek_r
 *fill*         0x0000000000010d34        0x4 60000000
 .text.__librt_lseek64_r
                0x0000000000010d38       0x10 /usr/local/ps3dev/psl1ght/ppu/lib/librt.a(lseek.o)
                0x0000000000010d38                .__librt_lseek64_r
 .text          0x0000000000010d48        0x0 /usr/local/ps3dev/psl1ght/ppu/lib/librt.a(read.o)
 .text.__librt_read_r
                0x0000000000010d48      0x10c /usr/local/ps3dev/psl1ght/ppu/lib/librt.a(read.o)
                0x0000000000010d48                .__librt_read_r
 .text          0x0000000000010e54        0x0 /usr/local/ps3dev/psl1ght/ppu/lib/librt.a(open.o)
 *fill*         0x0000000000010e54        0x4 60000000
 .text.__librt_open_r
                0x0000000000010e58      0x180 /usr/local/ps3dev/psl1ght/ppu/lib/librt.a(open.o)
                0x0000000000010e58                .__librt_open_r
 .text          0x0000000000010fd8        0x0 /usr/local/ps3dev/psl1ght/ppu/lib/librt.a(sleep.o)
 .text.__librt_usleep_r
                0x0000000000010fd8       0x50 /usr/local/ps3dev/psl1ght/ppu/lib/librt.a(sleep.o)
                0x0000000000010fd8                .__librt_usleep_r
 .text.__librt_sleep_r
                0x0000000000011028       0x6c /usr/local/ps3dev/psl1ght/ppu/lib/librt.a(sleep.o)
                0x0000000000011028                .__librt_sleep_r
 .text          0x0000000000011094        0x0 /usr/local/ps3dev/psl1ght/ppu/lib/librt.a(write.o)
 *fill*         0x0000000000011094        0x4 60000000
 .text.__librt_write_r
                0x0000000000011098      0x104 /usr/local/ps3dev/psl1ght/ppu/lib/librt.a(write.o)
                0x0000000000011098                .__librt_write_r
 .text          0x000000000001119c        0x0 /usr/local/ps3dev/psl1ght/ppu/lib/librt.a(fstat.o)
 *fill*         0x000000000001119c        0x4 60000000
 .text.__librt_fstat_r
                0x00000000000111a0       0xd0 /usr/local/ps3dev/psl1ght/ppu/lib/librt.a(fstat.o)
                0x00000000000111a0                .__librt_fstat_r
 .text.__librt_fstat64_r
                0x0000000000011270       0x10 /usr/local/ps3dev/psl1ght/ppu/lib/librt.a(fstat.o)
                0x0000000000011270                .__librt_fstat64_r
 .text.__librt_stat_r
                0x0000000000011280       0xd0 /usr/local/ps3dev/psl1ght/ppu/lib/librt.a(fstat.o)
                0x0000000000011280                .__librt_stat_r
 .text.__librt_stat64_r
                0x0000000000011350       0x10 /usr/local/ps3dev/psl1ght/ppu/lib/librt.a(fstat.o)
                0x0000000000011350                .__librt_stat64_r
 .text          0x0000000000011360        0x0 /usr/local/ps3dev/psl1ght/ppu/lib/librt.a(socket.o)
 .text.accept   0x0000000000011360       0xe0 /usr/local/ps3dev/psl1ght/ppu/lib/librt.a(socket.o)
                0x0000000000011360                .accept
 .text.bind     0x0000000000011440       0x44 /usr/local/ps3dev/psl1ght/ppu/lib/librt.a(socket.o)
                0x0000000000011440                .bind
 *fill*         0x0000000000011484        0x4 60000000
 .text.connect  0x0000000000011488       0x44 /usr/local/ps3dev/psl1ght/ppu/lib/librt.a(socket.o)
                0x0000000000011488                .connect
 *fill*         0x00000000000114cc        0x4 60000000
 .text.listen   0x00000000000114d0       0x44 /usr/local/ps3dev/psl1ght/ppu/lib/librt.a(socket.o)
                0x00000000000114d0                .listen
 *fill*         0x0000000000011514        0x4 60000000
 .text.socket   0x0000000000011518       0x5c /usr/local/ps3dev/psl1ght/ppu/lib/librt.a(socket.o)
                0x0000000000011518                .socket
 *fill*         0x0000000000011574        0x4 60000000
 .text.send     0x0000000000011578       0x4c /usr/local/ps3dev/psl1ght/ppu/lib/librt.a(socket.o)
                0x0000000000011578                .send
 *fill*         0x00000000000115c4        0x4 60000000
 .text.sendto   0x00000000000115c8       0x44 /usr/local/ps3dev/psl1ght/ppu/lib/librt.a(socket.o)
                0x00000000000115c8                .sendto
 *fill*         0x000000000001160c        0x4 60000000
 .text.recv     0x0000000000011610       0x4c /usr/local/ps3dev/psl1ght/ppu/lib/librt.a(socket.o)
                0x0000000000011610                .recv
 *fill*         0x000000000001165c        0x4 60000000
 .text.recvfrom
                0x0000000000011660       0xd8 /usr/local/ps3dev/psl1ght/ppu/lib/librt.a(socket.o)
                0x0000000000011660                .recvfrom
 .text.shutdown
                0x0000000000011738       0x44 /usr/local/ps3dev/psl1ght/ppu/lib/librt.a(socket.o)
                0x0000000000011738                .shutdown
 *fill*         0x000000000001177c        0x4 60000000
 .text.inet_aton
                0x0000000000011780       0xbc /usr/local/ps3dev/psl1ght/ppu/lib/librt.a(socket.o)
                0x0000000000011780                .inet_aton
 *fill*         0x000000000001183c        0x4 60000000
 .text.inet_pton
                0x0000000000011840       0x48 /usr/local/ps3dev/psl1ght/ppu/lib/librt.a(socket.o)
                0x0000000000011840                .inet_pton
 .text.select   0x0000000000011888       0x3c /usr/local/ps3dev/psl1ght/ppu/lib/librt.a(socket.o)
                0x0000000000011888                .select
 *fill*         0x00000000000118c4        0x4 60000000
 .text.closesocket
                0x00000000000118c8       0x44 /usr/local/ps3dev/psl1ght/ppu/lib/librt.a(socket.o)
                0x00000000000118c8                .closesocket
 .text          0x000000000001190c        0x0 /usr/local/ps3dev/psl1ght/ppu/lib/librt.a(lock.o)
 *fill*         0x000000000001190c        0x4 60000000
 .text.__librt_sys_lwmutex_create_r
                0x0000000000011910       0x38 /usr/local/ps3dev/psl1ght/ppu/lib/librt.a(lock.o)
                0x0000000000011910                .__librt_sys_lwmutex_create_r
 .text.__librt_sys_lwmutex_destroy_r
                0x0000000000011948       0x34 /usr/local/ps3dev/psl1ght/ppu/lib/librt.a(lock.o)
                0x0000000000011948                .__librt_sys_lwmutex_destroy_r
 *fill*         0x000000000001197c        0x4 60000000
 .text.__librt_sys_lwmutex_lock_r
                0x0000000000011980       0x38 /usr/local/ps3dev/psl1ght/ppu/lib/librt.a(lock.o)
                0x0000000000011980                .__librt_sys_lwmutex_lock_r
 .text.__librt_sys_lwmutex_trylock_r
                0x00000000000119b8       0x34 /usr/local/ps3dev/psl1ght/ppu/lib/librt.a(lock.o)
                0x00000000000119b8                .__librt_sys_lwmutex_trylock_r
 *fill*         0x00000000000119ec        0x4 60000000
 .text.__librt_sys_lwmutex_unlock_r
                0x00000000000119f0       0x34 /usr/local/ps3dev/psl1ght/ppu/lib/librt.a(lock.o)
                0x00000000000119f0                .__librt_sys_lwmutex_unlock_r
 .text          0x0000000000011a24        0x0 /usr/local/ps3dev/psl1ght/ppu/lib/librt.a(dirent.o)
 *fill*         0x0000000000011a24        0x4 60000000
 .text.readdir_i
                0x0000000000011a28      0x10c /usr/local/ps3dev/psl1ght/ppu/lib/librt.a(dirent.o)
 *fill*         0x0000000000011b34        0x4 60000000
 .text.__librt_opendir_r
                0x0000000000011b38      0x114 /usr/local/ps3dev/psl1ght/ppu/lib/librt.a(dirent.o)
                0x0000000000011b38                .__librt_opendir_r
 *fill*         0x0000000000011c4c        0x4 60000000
 .text.__librt_readdir_r
                0x0000000000011c50       0x84 /usr/local/ps3dev/psl1ght/ppu/lib/librt.a(dirent.o)
                0x0000000000011c50                .__librt_readdir_r
 *fill*         0x0000000000011cd4        0x4 60000000
 .text.__librt_readdir_r_r
                0x0000000000011cd8       0x58 /usr/local/ps3dev/psl1ght/ppu/lib/librt.a(dirent.o)
                0x0000000000011cd8                .__librt_readdir_r_r
 .text.__librt_closedir_r
                0x0000000000011d30       0x84 /usr/local/ps3dev/psl1ght/ppu/lib/librt.a(dirent.o)
                0x0000000000011d30                .__librt_closedir_r
 *fill*         0x0000000000011db4        0x4 60000000
 .text.__librt_telldir_r
                0x0000000000011db8       0x24 /usr/local/ps3dev/psl1ght/ppu/lib/librt.a(dirent.o)
                0x0000000000011db8                .__librt_telldir_r
 *fill*         0x0000000000011ddc        0x4 60000000
 .text.__librt_rewinddir_r
                0x0000000000011de0       0x18 /usr/local/ps3dev/psl1ght/ppu/lib/librt.a(dirent.o)
                0x0000000000011de0                .__librt_rewinddir_r
 .text.__librt_seekdir_r
                0x0000000000011df8       0x18 /usr/local/ps3dev/psl1ght/ppu/lib/librt.a(dirent.o)
                0x0000000000011df8                .__librt_seekdir_r
 .text          0x0000000000011e10        0x0 /usr/local/ps3dev/psl1ght/ppu/lib/librt.a(mkdir.o)
 .text.__librt_mkdir_r
                0x0000000000011e10       0x60 /usr/local/ps3dev/psl1ght/ppu/lib/librt.a(mkdir.o)
                0x0000000000011e10                .__librt_mkdir_r
 .text          0x0000000000011e70        0x0 /usr/local/ps3dev/psl1ght/ppu/lib/librt.a(times.o)
 .text.__librt_times_r
                0x0000000000011e70       0x1c /usr/local/ps3dev/psl1ght/ppu/lib/librt.a(times.o)
                0x0000000000011e70                .__librt_times_r
 .text          0x0000000000011e8c        0x0 /usr/local/ps3dev/psl1ght/ppu/lib/librt.a(umask.o)
 *fill*         0x0000000000011e8c        0x4 60000000
 .text.__librt_umask_r
                0x0000000000011e90       0x20 /usr/local/ps3dev/psl1ght/ppu/lib/librt.a(umask.o)
                0x0000000000011e90                .__librt_umask_r
 .text          0x0000000000011eb0        0x0 /usr/local/ps3dev/psl1ght/ppu/lib/librt.a(lv2errno.o)
 .text.lv2error
                0x0000000000011eb0      0x434 /usr/local/ps3dev/psl1ght/ppu/lib/librt.a(lv2errno.o)
                0x0000000000011eb0                .lv2error
 *fill*         0x00000000000122e4        0x4 60000000
 .text.lv2errno
                0x00000000000122e8       0x68 /usr/local/ps3dev/psl1ght/ppu/lib/librt.a(lv2errno.o)
                0x00000000000122e8                .lv2errno
 .text.lv2errno_r
                0x0000000000012350       0x58 /usr/local/ps3dev/psl1ght/ppu/lib/librt.a(lv2errno.o)
                0x0000000000012350                .lv2errno_r
 .text          0x00000000000123a8        0x0 /usr/local/ps3dev/psl1ght/ppu/lib/librt.a(heap.o)
 .text.heapInit
                0x00000000000123a8      0x118 /usr/local/ps3dev/psl1ght/ppu/lib/librt.a(heap.o)
                0x00000000000123a8                .heapInit
 .text.heapAllocate
                0x00000000000124c0      0x184 /usr/local/ps3dev/psl1ght/ppu/lib/librt.a(heap.o)
                0x00000000000124c0                .heapAllocate
 *fill*         0x0000000000012644        0x4 60000000
 .text.heapAllocateAligned
                0x0000000000012648      0x224 /usr/local/ps3dev/psl1ght/ppu/lib/librt.a(heap.o)
                0x0000000000012648                .heapAllocateAligned
 *fill*         0x000000000001286c        0x4 60000000
 .text.heapFree
                0x0000000000012870      0x238 /usr/local/ps3dev/psl1ght/ppu/lib/librt.a(heap.o)
                0x0000000000012870                .heapFree
 .text          0x0000000000012aa8        0x0 /usr/local/ps3dev/psl1ght/ppu/lib/librt.a(chmod.o)
 .text.__librt_chmod_r
                0x0000000000012aa8       0x54 /usr/local/ps3dev/psl1ght/ppu/lib/librt.a(chmod.o)
                0x0000000000012aa8                .__librt_chmod_r
 .text          0x0000000000012afc        0x0 /usr/local/ps3dev/psl1ght/ppu/lib/librt.a(rmdir.o)
 *fill*         0x0000000000012afc        0x4 60000000
 .text.__librt_rmdir_r
                0x0000000000012b00       0x50 /usr/local/ps3dev/psl1ght/ppu/lib/librt.a(rmdir.o)
                0x0000000000012b00                .__librt_rmdir_r
 .text          0x0000000000012b50        0x0 /usr/local/ps3dev/psl1ght/ppu/lib/librt.a(isatty.o)
 .text.__librt_isatty_r
                0x0000000000012b50       0x2c /usr/local/ps3dev/psl1ght/ppu/lib/librt.a(isatty.o)
                0x0000000000012b50                .__librt_isatty_r
 .text          0x0000000000012b7c        0x0 /usr/local/ps3dev/psl1ght/ppu/lib/librt.a(gettod.o)
 *fill*         0x0000000000012b7c        0x4 60000000
 .text.__librt_gettod_r
                0x0000000000012b80       0xb8 /usr/local/ps3dev/psl1ght/ppu/lib/librt.a(gettod.o)
                0x0000000000012b80                .__librt_gettod_r
 .text          0x0000000000012c38        0x0 /usr/local/ps3dev/psl1ght/ppu/lib/librt.a(settod.o)
 .text.__librt_settod_r
                0x0000000000012c38       0x58 /usr/local/ps3dev/psl1ght/ppu/lib/librt.a(settod.o)
                0x0000000000012c38                .__librt_settod_r
 .text          0x0000000000012c90        0x0 /usr/local/ps3dev/psl1ght/ppu/lib/liblv2.a(sprx.o)
 .text          0x0000000000012c90        0x0 /usr/local/ps3dev/psl1ght/ppu/lib/liblv2.a(thread_wrapper.o)
 .text.sysThreadCreate
                0x0000000000012c90       0x34 /usr/local/ps3dev/psl1ght/ppu/lib/liblv2.a(thread_wrapper.o)
                0x0000000000012c90                .sysThreadCreate
 .text          0x0000000000012cc4        0x0 /usr/local/ps3dev/ppu/lib/gcc/powerpc64-ps3-elf/7.2.0/../../../../powerpc64-ps3-elf/lib/libsysbase.a(syscalls.o)
 .text          0x0000000000012cc4        0x0 /usr/local/ps3dev/ppu/lib/gcc/powerpc64-ps3-elf/7.2.0/../../../../powerpc64-ps3-elf/lib/libsysbase.a(sleep.o)
 *fill*         0x0000000000012cc4        0x4 60000000
 .text.usleep   0x0000000000012cc8       0x80 /usr/local/ps3dev/ppu/lib/gcc/powerpc64-ps3-elf/7.2.0/../../../../powerpc64-ps3-elf/lib/libsysbase.a(sleep.o)
                0x0000000000012cc8                .usleep
 .text.sleep    0x0000000000012d48       0x84 /usr/local/ps3dev/ppu/lib/gcc/powerpc64-ps3-elf/7.2.0/../../../../powerpc64-ps3-elf/lib/libsysbase.a(sleep.o)
                0x0000000000012d48                .sleep
 .text          0x0000000000012dcc        0x0 /usr/local/ps3dev/ppu/lib/gcc/powerpc64-ps3-elf/7.2.0/../../../../powerpc64-ps3-elf/lib/libc.a(lib_a-calloc.o)
 *fill*         0x0000000000012dcc        0x4 60000000
 .text.calloc   0x0000000000012dd0       0x58 /usr/local/ps3dev/ppu/lib/gcc/powerpc64-ps3-elf/7.2.0/../../../../powerpc64-ps3-elf/lib/libc.a(lib_a-calloc.o)
                0x0000000000012dd0                .calloc
 .text          0x0000000000012e28        0x0 /usr/local/ps3dev/ppu/lib/gcc/powerpc64-ps3-elf/7.2.0/../../../../powerpc64-ps3-elf/lib/libc.a(lib_a-callocr.o)
 .text._calloc_r
                0x0000000000012e28       0xdc /usr/local/ps3dev/ppu/lib/gcc/powerpc64-ps3-elf/7.2.0/../../../../powerpc64-ps3-elf/lib/libc.a(lib_a-callocr.o)
                0x0000000000012e28                ._calloc_r
 .text          0x0000000000012f04        0x0 /usr/local/ps3dev/ppu/lib/gcc/powerpc64-ps3-elf/7.2.0/../../../../powerpc64-ps3-elf/lib/libc.a(lib_a-errno.o)
 *fill*         0x0000000000012f04        0x4 60000000
 .text.__errno  0x0000000000012f08       0x30 /usr/local/ps3dev/ppu/lib/gcc/powerpc64-ps3-elf/7.2.0/../../../../powerpc64-ps3-elf/lib/libc.a(lib_a-errno.o)
                0x0000000000012f08                .__errno
 .text          0x0000000000012f38        0x0 /usr/local/ps3dev/ppu/lib/gcc/powerpc64-ps3-elf/7.2.0/../../../../powerpc64-ps3-elf/lib/libc.a(lib_a-exit.o)
 .text.exit     0x0000000000012f38       0x68 /usr/local/ps3dev/ppu/lib/gcc/powerpc64-ps3-elf/7.2.0/../../../../powerpc64-ps3-elf/lib/libc.a(lib_a-exit.o)
                0x0000000000012f38                .exit
 .text          0x0000000000012fa0        0x0 /usr/local/ps3dev/ppu/lib/gcc/powerpc64-ps3-elf/7.2.0/../../../../powerpc64-ps3-elf/lib/libc.a(lib_a-getreent.o)
 .text.__getreent
                0x0000000000012fa0      0x1b4 /usr/local/ps3dev/ppu/lib/gcc/powerpc64-ps3-elf/7.2.0/../../../../powerpc64-ps3-elf/lib/libc.a(lib_a-getreent.o)
                0x0000000000012fa0                .__getreent
 .text          0x0000000000013154        0x0 /usr/local/ps3dev/ppu/lib/gcc/powerpc64-ps3-elf/7.2.0/../../../../powerpc64-ps3-elf/lib/libc.a(lib_a-impure.o)
 .text          0x0000000000013154        0x0 /usr/local/ps3dev/ppu/lib/gcc/powerpc64-ps3-elf/7.2.0/../../../../powerpc64-ps3-elf/lib/libc.a(lib_a-malloc.o)
 *fill*         0x0000000000013154        0x4 60000000
 .text.malloc   0x0000000000013158       0x48 /usr/local/ps3dev/ppu/lib/gcc/powerpc64-ps3-elf/7.2.0/../../../../powerpc64-ps3-elf/lib/libc.a(lib_a-malloc.o)
                0x0000000000013158                .malloc
 .text.free     0x00000000000131a0       0x48 /usr/local/ps3dev/ppu/lib/gcc/powerpc64-ps3-elf/7.2.0/../../../../powerpc64-ps3-elf/lib/libc.a(lib_a-malloc.o)
                0x00000000000131a0                .free
 .text          0x00000000000131e8        0x0 /usr/local/ps3dev/ppu/lib/gcc/powerpc64-ps3-elf/7.2.0/../../../../powerpc64-ps3-elf/lib/libc.a(lib_a-mallocr.o)
 .text._malloc_r
                0x00000000000131e8      0x9e4 /usr/local/ps3dev/ppu/lib/gcc/powerpc64-ps3-elf/7.2.0/../../../../powerpc64-ps3-elf/lib/libc.a(lib_a-mallocr.o)
                0x00000000000131e8                ._malloc_r
 .text          0x0000000000013bcc        0x0 /usr/local/ps3dev/ppu/lib/gcc/powerpc64-ps3-elf/7.2.0/../../../../powerpc64-ps3-elf/lib/libc.a(lib_a-memset.o)
 *fill*         0x0000000000013bcc        0x4 60000000
 .text.memset   0x0000000000013bd0      0x138 /usr/local/ps3dev/ppu/lib/gcc/powerpc64-ps3-elf/7.2.0/../../../../powerpc64-ps3-elf/lib/libc.a(lib_a-memset.o)
                0x0000000000013bd0                .memset
 .text          0x0000000000013d08        0x0 /usr/local/ps3dev/ppu/lib/gcc/powerpc64-ps3-elf/7.2.0/../../../../powerpc64-ps3-elf/lib/libc.a(lib_a-mlock.o)
 .text.__malloc_lock
                0x0000000000013d08       0x34 /usr/local/ps3dev/ppu/lib/gcc/powerpc64-ps3-elf/7.2.0/../../../../powerpc64-ps3-elf/lib/libc.a(lib_a-mlock.o)
                0x0000000000013d08                .__malloc_lock
 *fill*         0x0000000000013d3c        0x4 60000000
 .text.__malloc_unlock
                0x0000000000013d40       0x34 /usr/local/ps3dev/ppu/lib/gcc/powerpc64-ps3-elf/7.2.0/../../../../powerpc64-ps3-elf/lib/libc.a(lib_a-mlock.o)
                0x0000000000013d40                .__malloc_unlock
 .text          0x0000000000013d74        0x0 /usr/local/ps3dev/ppu/lib/gcc/powerpc64-ps3-elf/7.2.0/../../../../powerpc64-ps3-elf/lib/libc.a(lib_a-printf.o)
 *fill*         0x0000000000013d74        0x4 60000000
 .text._printf_r
                0x0000000000013d78       0x54 /usr/local/ps3dev/ppu/lib/gcc/powerpc64-ps3-elf/7.2.0/../../../../powerpc64-ps3-elf/lib/libc.a(lib_a-printf.o)
                0x0000000000013d78                ._printf_r
 *fill*         0x0000000000013dcc        0x4 60000000
 .text.printf   0x0000000000013dd0       0x6c /usr/local/ps3dev/ppu/lib/gcc/powerpc64-ps3-elf/7.2.0/../../../../powerpc64-ps3-elf/lib/libc.a(lib_a-printf.o)
                0x0000000000013dd0                .printf
 .text          0x0000000000013e3c        0x0 /usr/local/ps3dev/ppu/lib/gcc/powerpc64-ps3-elf/7.2.0/../../../../powerpc64-ps3-elf/lib/libc.a(lib_a-puts.o)
 *fill*         0x0000000000013e3c        0x4 60000000
 .text._puts_r  0x0000000000013e40       0xfc /usr/local/ps3dev/ppu/lib/gcc/powerpc64-ps3-elf/7.2.0/../../../../powerpc64-ps3-elf/lib/libc.a(lib_a-puts.o)
                0x0000000000013e40                ._puts_r
 *fill*         0x0000000000013f3c        0x4 60000000
 .text.puts     0x0000000000013f40       0x40 /usr/local/ps3dev/ppu/lib/gcc/powerpc64-ps3-elf/7.2.0/../../../../powerpc64-ps3-elf/lib/libc.a(lib_a-puts.o)
                0x0000000000013f40                .puts
 .text          0x0000000000013f80        0x0 /usr/local/ps3dev/ppu/lib/gcc/powerpc64-ps3-elf/7.2.0/../../../../powerpc64-ps3-elf/lib/libc.a(lib_a-sscanf.o)
 .text.sscanf   0x0000000000013f80       0xa8 /usr/local/ps3dev/ppu/lib/gcc/powerpc64-ps3-elf/7.2.0/../../../../powerpc64-ps3-elf/lib/libc.a(lib_a-sscanf.o)
                0x0000000000013f80                .sscanf
 .text._sscanf_r
                0x0000000000014028       0xa8 /usr/local/ps3dev/ppu/lib/gcc/powerpc64-ps3-elf/7.2.0/../../../../powerpc64-ps3-elf/lib/libc.a(lib_a-sscanf.o)
                0x0000000000014028                ._sscanf_r
 .text          0x00000000000140d0        0x0 /usr/local/ps3dev/ppu/lib/gcc/powerpc64-ps3-elf/7.2.0/../../../../powerpc64-ps3-elf/lib/libc.a(lib_a-stdio.o)
 .text.__sread  0x00000000000140d0       0x7c /usr/local/ps3dev/ppu/lib/gcc/powerpc64-ps3-elf/7.2.0/../../../../powerpc64-ps3-elf/lib/libc.a(lib_a-stdio.o)
                0x00000000000140d0                .__sread
 *fill*         0x000000000001414c        0x4 60000000
 .text.__seofread
                0x0000000000014150       0x14 /usr/local/ps3dev/ppu/lib/gcc/powerpc64-ps3-elf/7.2.0/../../../../powerpc64-ps3-elf/lib/libc.a(lib_a-stdio.o)
                0x0000000000014150                .__seofread
 *fill*         0x0000000000014164        0x4 60000000
 .text.__swrite
                0x0000000000014168       0xb0 /usr/local/ps3dev/ppu/lib/gcc/powerpc64-ps3-elf/7.2.0/../../../../powerpc64-ps3-elf/lib/libc.a(lib_a-stdio.o)
                0x0000000000014168                .__swrite
 .text.__sseek  0x0000000000014218       0x78 /usr/local/ps3dev/ppu/lib/gcc/powerpc64-ps3-elf/7.2.0/../../../../powerpc64-ps3-elf/lib/libc.a(lib_a-stdio.o)
                0x0000000000014218                .__sseek
 .text.__sclose
                0x0000000000014290       0x38 /usr/local/ps3dev/ppu/lib/gcc/powerpc64-ps3-elf/7.2.0/../../../../powerpc64-ps3-elf/lib/libc.a(lib_a-stdio.o)
                0x0000000000014290                .__sclose
 .text          0x00000000000142c8        0x0 /usr/local/ps3dev/ppu/lib/gcc/powerpc64-ps3-elf/7.2.0/../../../../powerpc64-ps3-elf/lib/libc.a(lib_a-strlen.o)
 .text.strlen   0x00000000000142c8       0xc4 /usr/local/ps3dev/ppu/lib/gcc/powerpc64-ps3-elf/7.2.0/../../../../powerpc64-ps3-elf/lib/libc.a(lib_a-strlen.o)
                0x00000000000142c8                .strlen
 .text          0x000000000001438c        0x0 /usr/local/ps3dev/ppu/lib/gcc/powerpc64-ps3-elf/7.2.0/../../../../powerpc64-ps3-elf/lib/libc.a(lib_a-strncpy.o)
 *fill*         0x000000000001438c        0x4 60000000
 .text.strncpy  0x0000000000014390      0x118 /usr/local/ps3dev/ppu/lib/gcc/powerpc64-ps3-elf/7.2.0/../../../../powerpc64-ps3-elf/lib/libc.a(lib_a-strncpy.o)
                0x0000000000014390                .strncpy
 .text          0x00000000000144a8        0x0 /usr/local/ps3dev/ppu/lib/gcc/powerpc64-ps3-elf/7.2.0/../../../../powerpc64-ps3-elf/lib/libc.a(lib_a-svfscanf.o)
 .text.__ssvfscanf_r
                0x00000000000144a8     0x1864 /usr/local/ps3dev/ppu/lib/gcc/powerpc64-ps3-elf/7.2.0/../../../../powerpc64-ps3-elf/lib/libc.a(lib_a-svfscanf.o)
                0x00000000000144a8                .__ssvfscanf_r
 .text          0x0000000000015d0c        0x0 /usr/local/ps3dev/ppu/lib/gcc/powerpc64-ps3-elf/7.2.0/../../../../powerpc64-ps3-elf/lib/libc.a(lib_a-vfprintf.o)
 *fill*         0x0000000000015d0c        0x4 60000000
 .text._vfprintf_r
                0x0000000000015d10     0x2300 /usr/local/ps3dev/ppu/lib/gcc/powerpc64-ps3-elf/7.2.0/../../../../powerpc64-ps3-elf/lib/libc.a(lib_a-vfprintf.o)
                0x0000000000015d10                ._vfprintf_r
 .text.vfprintf
                0x0000000000018010       0x60 /usr/local/ps3dev/ppu/lib/gcc/powerpc64-ps3-elf/7.2.0/../../../../powerpc64-ps3-elf/lib/libc.a(lib_a-vfprintf.o)
                0x0000000000018010                .vfprintf
 .text          0x0000000000018070        0x0 /usr/local/ps3dev/ppu/lib/gcc/powerpc64-ps3-elf/7.2.0/../../../../powerpc64-ps3-elf/lib/libc.a(lib_a-wsetup.o)
 .text.__swsetup_r
                0x0000000000018070      0x1f0 /usr/local/ps3dev/ppu/lib/gcc/powerpc64-ps3-elf/7.2.0/../../../../powerpc64-ps3-elf/lib/libc.a(lib_a-wsetup.o)
                0x0000000000018070                .__swsetup_r
 .text          0x0000000000018260        0x0 /usr/local/ps3dev/ppu/lib/gcc/powerpc64-ps3-elf/7.2.0/../../../../powerpc64-ps3-elf/lib/libc.a(lib_a-__call_atexit.o)
 .text.__call_exitprocs
                0x0000000000018260      0x24c /usr/local/ps3dev/ppu/lib/gcc/powerpc64-ps3-elf/7.2.0/../../../../powerpc64-ps3-elf/lib/libc.a(lib_a-__call_atexit.o)
                0x0000000000018260                .__call_exitprocs
 .text          0x00000000000184ac        0x0 /usr/local/ps3dev/ppu/lib/gcc/powerpc64-ps3-elf/7.2.0/../../../../powerpc64-ps3-elf/lib/libc.a(lib_a-ctype_.o)
 .text          0x00000000000184ac        0x0 /usr/local/ps3dev/ppu/lib/gcc/powerpc64-ps3-elf/7.2.0/../../../../powerpc64-ps3-elf/lib/libc.a(lib_a-dtoa.o)
 *fill*         0x00000000000184ac        0x4 60000000
 .text.quorem   0x00000000000184b0      0x26c /usr/local/ps3dev/ppu/lib/gcc/powerpc64-ps3-elf/7.2.0/../../../../powerpc64-ps3-elf/lib/libc.a(lib_a-dtoa.o)
 *fill*         0x000000000001871c        0x4 60000000
 .text._dtoa_r  0x0000000000018720     0x1478 /usr/local/ps3dev/ppu/lib/gcc/powerpc64-ps3-elf/7.2.0/../../../../powerpc64-ps3-elf/lib/libc.a(lib_a-dtoa.o)
                0x0000000000018720                ._dtoa_r
 .text          0x0000000000019b98        0x0 /usr/local/ps3dev/ppu/lib/gcc/powerpc64-ps3-elf/7.2.0/../../../../powerpc64-ps3-elf/lib/libc.a(lib_a-fflush.o)
 .text.__sflush_r
                0x0000000000019b98      0x3d0 /usr/local/ps3dev/ppu/lib/gcc/powerpc64-ps3-elf/7.2.0/../../../../powerpc64-ps3-elf/lib/libc.a(lib_a-fflush.o)
                0x0000000000019b98                .__sflush_r
 .text._fflush_r
                0x0000000000019f68      0x124 /usr/local/ps3dev/ppu/lib/gcc/powerpc64-ps3-elf/7.2.0/../../../../powerpc64-ps3-elf/lib/libc.a(lib_a-fflush.o)
                0x0000000000019f68                ._fflush_r
 *fill*         0x000000000001a08c        0x4 60000000
 .text.fflush   0x000000000001a090       0x70 /usr/local/ps3dev/ppu/lib/gcc/powerpc64-ps3-elf/7.2.0/../../../../powerpc64-ps3-elf/lib/libc.a(lib_a-fflush.o)
                0x000000000001a090                .fflush
 .text          0x000000000001a100        0x0 /usr/local/ps3dev/ppu/lib/gcc/powerpc64-ps3-elf/7.2.0/../../../../powerpc64-ps3-elf/lib/libc.a(lib_a-findfp.o)
 .text._cleanup_r
                0x000000000001a100       0x34 /usr/local/ps3dev/ppu/lib/gcc/powerpc64-ps3-elf/7.2.0/../../../../powerpc64-ps3-elf/lib/libc.a(lib_a-findfp.o)
                0x000000000001a100                ._cleanup_r
 *fill*         0x000000000001a134        0x4 60000000
 .text.__fp_lock
                0x000000000001a138       0x50 /usr/local/ps3dev/ppu/lib/gcc/powerpc64-ps3-elf/7.2.0/../../../../powerpc64-ps3-elf/lib/libc.a(lib_a-findfp.o)
 .text.__fp_unlock
                0x000000000001a188       0x50 /usr/local/ps3dev/ppu/lib/gcc/powerpc64-ps3-elf/7.2.0/../../../../powerpc64-ps3-elf/lib/libc.a(lib_a-findfp.o)
 .text.std.isra.0
                0x000000000001a1d8       0x9c /usr/local/ps3dev/ppu/lib/gcc/powerpc64-ps3-elf/7.2.0/../../../../powerpc64-ps3-elf/lib/libc.a(lib_a-findfp.o)
 *fill*         0x000000000001a274        0x4 60000000
 .text.__sfmoreglue
                0x000000000001a278       0x88 /usr/local/ps3dev/ppu/lib/gcc/powerpc64-ps3-elf/7.2.0/../../../../powerpc64-ps3-elf/lib/libc.a(lib_a-findfp.o)
                0x000000000001a278                .__sfmoreglue
 .text._cleanup
                0x000000000001a300       0x3c /usr/local/ps3dev/ppu/lib/gcc/powerpc64-ps3-elf/7.2.0/../../../../powerpc64-ps3-elf/lib/libc.a(lib_a-findfp.o)
                0x000000000001a300                ._cleanup
 *fill*         0x000000000001a33c        0x4 60000000
 .text.__sinit  0x000000000001a340       0xbc /usr/local/ps3dev/ppu/lib/gcc/powerpc64-ps3-elf/7.2.0/../../../../powerpc64-ps3-elf/lib/libc.a(lib_a-findfp.o)
                0x000000000001a340                .__sinit
 *fill*         0x000000000001a3fc        0x4 60000000
 .text.__sfp    0x000000000001a400      0x190 /usr/local/ps3dev/ppu/lib/gcc/powerpc64-ps3-elf/7.2.0/../../../../powerpc64-ps3-elf/lib/libc.a(lib_a-findfp.o)
                0x000000000001a400                .__sfp
 .text.__sfp_lock_acquire
                0x000000000001a590       0x34 /usr/local/ps3dev/ppu/lib/gcc/powerpc64-ps3-elf/7.2.0/../../../../powerpc64-ps3-elf/lib/libc.a(lib_a-findfp.o)
                0x000000000001a590                .__sfp_lock_acquire
 *fill*         0x000000000001a5c4        0x4 60000000
 .text.__sfp_lock_release
                0x000000000001a5c8       0x34 /usr/local/ps3dev/ppu/lib/gcc/powerpc64-ps3-elf/7.2.0/../../../../powerpc64-ps3-elf/lib/libc.a(lib_a-findfp.o)
                0x000000000001a5c8                .__sfp_lock_release
 *fill*         0x000000000001a5fc        0x4 60000000
 .text.__sinit_lock_acquire
                0x000000000001a600       0x34 /usr/local/ps3dev/ppu/lib/gcc/powerpc64-ps3-elf/7.2.0/../../../../powerpc64-ps3-elf/lib/libc.a(lib_a-findfp.o)
                0x000000000001a600                .__sinit_lock_acquire
 *fill*         0x000000000001a634        0x4 60000000
 .text.__sinit_lock_release
                0x000000000001a638       0x34 /usr/local/ps3dev/ppu/lib/gcc/powerpc64-ps3-elf/7.2.0/../../../../powerpc64-ps3-elf/lib/libc.a(lib_a-findfp.o)
                0x000000000001a638                .__sinit_lock_release
 *fill*         0x000000000001a66c        0x4 60000000
 .text.__fp_lock_all
                0x000000000001a670       0x48 /usr/local/ps3dev/ppu/lib/gcc/powerpc64-ps3-elf/7.2.0/../../../../powerpc64-ps3-elf/lib/libc.a(lib_a-findfp.o)
                0x000000000001a670                .__fp_lock_all
 .text.__fp_unlock_all
                0x000000000001a6b8       0x48 /usr/local/ps3dev/ppu/lib/gcc/powerpc64-ps3-elf/7.2.0/../../../../powerpc64-ps3-elf/lib/libc.a(lib_a-findfp.o)
                0x000000000001a6b8                .__fp_unlock_all
 .text          0x000000000001a700        0x0 /usr/local/ps3dev/ppu/lib/gcc/powerpc64-ps3-elf/7.2.0/../../../../powerpc64-ps3-elf/lib/libc.a(lib_a-freer.o)
 .text._malloc_trim_r
                0x000000000001a700      0x15c /usr/local/ps3dev/ppu/lib/gcc/powerpc64-ps3-elf/7.2.0/../../../../powerpc64-ps3-elf/lib/libc.a(lib_a-freer.o)
                0x000000000001a700                ._malloc_trim_r
 *fill*         0x000000000001a85c        0x4 60000000
 .text._free_r  0x000000000001a860      0x3b0 /usr/local/ps3dev/ppu/lib/gcc/powerpc64-ps3-elf/7.2.0/../../../../powerpc64-ps3-elf/lib/libc.a(lib_a-freer.o)
                0x000000000001a860                ._free_r
 .text          0x000000000001ac10        0x0 /usr/local/ps3dev/ppu/lib/gcc/powerpc64-ps3-elf/7.2.0/../../../../powerpc64-ps3-elf/lib/libc.a(lib_a-fvwrite.o)
 .text.__sfvwrite_r
                0x000000000001ac10      0x688 /usr/local/ps3dev/ppu/lib/gcc/powerpc64-ps3-elf/7.2.0/../../../../powerpc64-ps3-elf/lib/libc.a(lib_a-fvwrite.o)
                0x000000000001ac10                .__sfvwrite_r
 .text          0x000000000001b298        0x0 /usr/local/ps3dev/ppu/lib/gcc/powerpc64-ps3-elf/7.2.0/../../../../powerpc64-ps3-elf/lib/libc.a(lib_a-fwalk.o)
 .text._fwalk   0x000000000001b298      0x100 /usr/local/ps3dev/ppu/lib/gcc/powerpc64-ps3-elf/7.2.0/../../../../powerpc64-ps3-elf/lib/libc.a(lib_a-fwalk.o)
                0x000000000001b298                ._fwalk
 .text._fwalk_reent
                0x000000000001b398      0x110 /usr/local/ps3dev/ppu/lib/gcc/powerpc64-ps3-elf/7.2.0/../../../../powerpc64-ps3-elf/lib/libc.a(lib_a-fwalk.o)
                0x000000000001b398                ._fwalk_reent
 .text          0x000000000001b4a8        0x0 /usr/local/ps3dev/ppu/lib/gcc/powerpc64-ps3-elf/7.2.0/../../../../powerpc64-ps3-elf/lib/libc.a(lib_a-iswspace.o)
 .text.iswspace
                0x000000000001b4a8       0x3c /usr/local/ps3dev/ppu/lib/gcc/powerpc64-ps3-elf/7.2.0/../../../../powerpc64-ps3-elf/lib/libc.a(lib_a-iswspace.o)
                0x000000000001b4a8                .iswspace
 .text          0x000000000001b4e4        0x0 /usr/local/ps3dev/ppu/lib/gcc/powerpc64-ps3-elf/7.2.0/../../../../powerpc64-ps3-elf/lib/libc.a(lib_a-locale.o)
 *fill*         0x000000000001b4e4        0x4 60000000
 .text._setlocale_r
                0x000000000001b4e8       0xb4 /usr/local/ps3dev/ppu/lib/gcc/powerpc64-ps3-elf/7.2.0/../../../../powerpc64-ps3-elf/lib/libc.a(lib_a-locale.o)
                0x000000000001b4e8                ._setlocale_r
 *fill*         0x000000000001b59c        0x4 60000000
 .text.__locale_charset
                0x000000000001b5a0       0x14 /usr/local/ps3dev/ppu/lib/gcc/powerpc64-ps3-elf/7.2.0/../../../../powerpc64-ps3-elf/lib/libc.a(lib_a-locale.o)
                0x000000000001b5a0                .__locale_charset
 *fill*         0x000000000001b5b4        0x4 60000000
 .text.__locale_mb_cur_max
                0x000000000001b5b8       0x1c /usr/local/ps3dev/ppu/lib/gcc/powerpc64-ps3-elf/7.2.0/../../../../powerpc64-ps3-elf/lib/libc.a(lib_a-locale.o)
                0x000000000001b5b8                .__locale_mb_cur_max
 *fill*         0x000000000001b5d4        0x4 60000000
 .text.__locale_msgcharset
                0x000000000001b5d8       0x14 /usr/local/ps3dev/ppu/lib/gcc/powerpc64-ps3-elf/7.2.0/../../../../powerpc64-ps3-elf/lib/libc.a(lib_a-locale.o)
                0x000000000001b5d8                .__locale_msgcharset
 *fill*         0x000000000001b5ec        0x4 60000000
 .text.__locale_cjk_lang
                0x000000000001b5f0       0x14 /usr/local/ps3dev/ppu/lib/gcc/powerpc64-ps3-elf/7.2.0/../../../../powerpc64-ps3-elf/lib/libc.a(lib_a-locale.o)
                0x000000000001b5f0                .__locale_cjk_lang
 *fill*         0x000000000001b604        0x4 60000000
 .text._localeconv_r
                0x000000000001b608       0x14 /usr/local/ps3dev/ppu/lib/gcc/powerpc64-ps3-elf/7.2.0/../../../../powerpc64-ps3-elf/lib/libc.a(lib_a-locale.o)
                0x000000000001b608                ._localeconv_r
 *fill*         0x000000000001b61c        0x4 60000000
 .text.setlocale
                0x000000000001b620       0x50 /usr/local/ps3dev/ppu/lib/gcc/powerpc64-ps3-elf/7.2.0/../../../../powerpc64-ps3-elf/lib/libc.a(lib_a-locale.o)
                0x000000000001b620                .setlocale
 .text.localeconv
                0x000000000001b670       0x34 /usr/local/ps3dev/ppu/lib/gcc/powerpc64-ps3-elf/7.2.0/../../../../powerpc64-ps3-elf/lib/libc.a(lib_a-locale.o)
                0x000000000001b670                .localeconv
 .text          0x000000000001b6a4        0x0 /usr/local/ps3dev/ppu/lib/gcc/powerpc64-ps3-elf/7.2.0/../../../../powerpc64-ps3-elf/lib/libc.a(lib_a-lock_recursive.o)
 *fill*         0x000000000001b6a4        0x4 60000000
 .text.__libc_lock_init_recursive
                0x000000000001b6a8       0x34 /usr/local/ps3dev/ppu/lib/gcc/powerpc64-ps3-elf/7.2.0/../../../../powerpc64-ps3-elf/lib/libc.a(lib_a-lock_recursive.o)
                0x000000000001b6a8                .__libc_lock_init_recursive
 *fill*         0x000000000001b6dc        0x4 60000000
 .text.__libc_lock_close_recursive
                0x000000000001b6e0       0x30 /usr/local/ps3dev/ppu/lib/gcc/powerpc64-ps3-elf/7.2.0/../../../../powerpc64-ps3-elf/lib/libc.a(lib_a-lock_recursive.o)
                0x000000000001b6e0                .__libc_lock_close_recursive
 .text.__libc_lock_acquire_recursive
                0x000000000001b710       0x58 /usr/local/ps3dev/ppu/lib/gcc/powerpc64-ps3-elf/7.2.0/../../../../powerpc64-ps3-elf/lib/libc.a(lib_a-lock_recursive.o)
                0x000000000001b710                .__libc_lock_acquire_recursive
 .text.__libc_lock_try_acquire_recursive
                0x000000000001b768       0x54 /usr/local/ps3dev/ppu/lib/gcc/powerpc64-ps3-elf/7.2.0/../../../../powerpc64-ps3-elf/lib/libc.a(lib_a-lock_recursive.o)
                0x000000000001b768                .__libc_lock_try_acquire_recursive
 *fill*         0x000000000001b7bc        0x4 60000000
 .text.__libc_lock_release_recursive
                0x000000000001b7c0       0x54 /usr/local/ps3dev/ppu/lib/gcc/powerpc64-ps3-elf/7.2.0/../../../../powerpc64-ps3-elf/lib/libc.a(lib_a-lock_recursive.o)
                0x000000000001b7c0                .__libc_lock_release_recursive
 .text          0x000000000001b814        0x0 /usr/local/ps3dev/ppu/lib/gcc/powerpc64-ps3-elf/7.2.0/../../../../powerpc64-ps3-elf/lib/libc.a(lib_a-makebuf.o)
 *fill*         0x000000000001b814        0x4 60000000
 .text.__smakebuf_r
                0x000000000001b818      0x1f4 /usr/local/ps3dev/ppu/lib/gcc/powerpc64-ps3-elf/7.2.0/../../../../powerpc64-ps3-elf/lib/libc.a(lib_a-makebuf.o)
                0x000000000001b818                .__smakebuf_r
 .text          0x000000000001ba0c        0x0 /usr/local/ps3dev/ppu/lib/gcc/powerpc64-ps3-elf/7.2.0/../../../../powerpc64-ps3-elf/lib/libc.a(lib_a-mbrtowc.o)
 *fill*         0x000000000001ba0c        0x4 60000000
 .text._mbrtowc_r
                0x000000000001ba10      0x128 /usr/local/ps3dev/ppu/lib/gcc/powerpc64-ps3-elf/7.2.0/../../../../powerpc64-ps3-elf/lib/libc.a(lib_a-mbrtowc.o)
                0x000000000001ba10                ._mbrtowc_r
 .text.mbrtowc  0x000000000001bb38      0x164 /usr/local/ps3dev/ppu/lib/gcc/powerpc64-ps3-elf/7.2.0/../../../../powerpc64-ps3-elf/lib/libc.a(lib_a-mbrtowc.o)
                0x000000000001bb38                .mbrtowc
 .text          0x000000000001bc9c        0x0 /usr/local/ps3dev/ppu/lib/gcc/powerpc64-ps3-elf/7.2.0/../../../../powerpc64-ps3-elf/lib/libc.a(lib_a-mbtowc_r.o)
 *fill*         0x000000000001bc9c        0x4 60000000
 .text.__ascii_mbtowc
                0x000000000001bca0       0x64 /usr/local/ps3dev/ppu/lib/gcc/powerpc64-ps3-elf/7.2.0/../../../../powerpc64-ps3-elf/lib/libc.a(lib_a-mbtowc_r.o)
                0x000000000001bca0                .__ascii_mbtowc
 *fill*         0x000000000001bd04        0x4 60000000
 .text._mbtowc_r
                0x000000000001bd08       0x98 /usr/local/ps3dev/ppu/lib/gcc/powerpc64-ps3-elf/7.2.0/../../../../powerpc64-ps3-elf/lib/libc.a(lib_a-mbtowc_r.o)
                0x000000000001bd08                ._mbtowc_r
 .text          0x000000000001bda0        0x0 /usr/local/ps3dev/ppu/lib/gcc/powerpc64-ps3-elf/7.2.0/../../../../powerpc64-ps3-elf/lib/libc.a(lib_a-memchr.o)
 .text.memchr   0x000000000001bda0      0x130 /usr/local/ps3dev/ppu/lib/gcc/powerpc64-ps3-elf/7.2.0/../../../../powerpc64-ps3-elf/lib/libc.a(lib_a-memchr.o)
                0x000000000001bda0                .memchr
 .text          0x000000000001bed0        0x0 /usr/local/ps3dev/ppu/lib/gcc/powerpc64-ps3-elf/7.2.0/../../../../powerpc64-ps3-elf/lib/libc.a(lib_a-memcpy.o)
 .text.memcpy   0x000000000001bed0      0x11c /usr/local/ps3dev/ppu/lib/gcc/powerpc64-ps3-elf/7.2.0/../../../../powerpc64-ps3-elf/lib/libc.a(lib_a-memcpy.o)
                0x000000000001bed0                .memcpy
 .text          0x000000000001bfec        0x0 /usr/local/ps3dev/ppu/lib/gcc/powerpc64-ps3-elf/7.2.0/../../../../powerpc64-ps3-elf/lib/libc.a(lib_a-memmove.o)
 *fill*         0x000000000001bfec        0x4 60000000
 .text.memmove  0x000000000001bff0      0x154 /usr/local/ps3dev/ppu/lib/gcc/powerpc64-ps3-elf/7.2.0/../../../../powerpc64-ps3-elf/lib/libc.a(lib_a-memmove.o)
                0x000000000001bff0                .memmove
 .text          0x000000000001c144        0x0 /usr/local/ps3dev/ppu/lib/gcc/powerpc64-ps3-elf/7.2.0/../../../../powerpc64-ps3-elf/lib/libc.a(lib_a-mprec.o)
 *fill*         0x000000000001c144        0x4 60000000
 .text._Balloc  0x000000000001c148       0xfc /usr/local/ps3dev/ppu/lib/gcc/powerpc64-ps3-elf/7.2.0/../../../../powerpc64-ps3-elf/lib/libc.a(lib_a-mprec.o)
                0x000000000001c148                ._Balloc
 *fill*         0x000000000001c244        0x4 60000000
 .text._Bfree   0x000000000001c248       0x34 /usr/local/ps3dev/ppu/lib/gcc/powerpc64-ps3-elf/7.2.0/../../../../powerpc64-ps3-elf/lib/libc.a(lib_a-mprec.o)
                0x000000000001c248                ._Bfree
 *fill*         0x000000000001c27c        0x4 60000000
 .text.__multadd
                0x000000000001c280      0x164 /usr/local/ps3dev/ppu/lib/gcc/powerpc64-ps3-elf/7.2.0/../../../../powerpc64-ps3-elf/lib/libc.a(lib_a-mprec.o)
                0x000000000001c280                .__multadd
 *fill*         0x000000000001c3e4        0x4 60000000
 .text.__s2b    0x000000000001c3e8      0x174 /usr/local/ps3dev/ppu/lib/gcc/powerpc64-ps3-elf/7.2.0/../../../../powerpc64-ps3-elf/lib/libc.a(lib_a-mprec.o)
                0x000000000001c3e8                .__s2b
 *fill*         0x000000000001c55c        0x4 60000000
 .text.__hi0bits
                0x000000000001c560       0x9c /usr/local/ps3dev/ppu/lib/gcc/powerpc64-ps3-elf/7.2.0/../../../../powerpc64-ps3-elf/lib/libc.a(lib_a-mprec.o)
                0x000000000001c560                .__hi0bits
 *fill*         0x000000000001c5fc        0x4 60000000
 .text.__lo0bits
                0x000000000001c600       0xf4 /usr/local/ps3dev/ppu/lib/gcc/powerpc64-ps3-elf/7.2.0/../../../../powerpc64-ps3-elf/lib/libc.a(lib_a-mprec.o)
                0x000000000001c600                .__lo0bits
 *fill*         0x000000000001c6f4        0x4 60000000
 .text.__i2b    0x000000000001c6f8       0x48 /usr/local/ps3dev/ppu/lib/gcc/powerpc64-ps3-elf/7.2.0/../../../../powerpc64-ps3-elf/lib/libc.a(lib_a-mprec.o)
                0x000000000001c6f8                .__i2b
 .text.__multiply
                0x000000000001c740      0x2a8 /usr/local/ps3dev/ppu/lib/gcc/powerpc64-ps3-elf/7.2.0/../../../../powerpc64-ps3-elf/lib/libc.a(lib_a-mprec.o)
                0x000000000001c740                .__multiply
 .text.__pow5mult
                0x000000000001c9e8      0x19c /usr/local/ps3dev/ppu/lib/gcc/powerpc64-ps3-elf/7.2.0/../../../../powerpc64-ps3-elf/lib/libc.a(lib_a-mprec.o)
                0x000000000001c9e8                .__pow5mult
 *fill*         0x000000000001cb84        0x4 60000000
 .text.__lshift
                0x000000000001cb88      0x1c0 /usr/local/ps3dev/ppu/lib/gcc/powerpc64-ps3-elf/7.2.0/../../../../powerpc64-ps3-elf/lib/libc.a(lib_a-mprec.o)
                0x000000000001cb88                .__lshift
 .text.__mcmp   0x000000000001cd48       0x70 /usr/local/ps3dev/ppu/lib/gcc/powerpc64-ps3-elf/7.2.0/../../../../powerpc64-ps3-elf/lib/libc.a(lib_a-mprec.o)
                0x000000000001cd48                .__mcmp
 .text.__mdiff  0x000000000001cdb8      0x244 /usr/local/ps3dev/ppu/lib/gcc/powerpc64-ps3-elf/7.2.0/../../../../powerpc64-ps3-elf/lib/libc.a(lib_a-mprec.o)
                0x000000000001cdb8                .__mdiff
 *fill*         0x000000000001cffc        0x4 60000000
 .text.__ulp    0x000000000001d000       0x88 /usr/local/ps3dev/ppu/lib/gcc/powerpc64-ps3-elf/7.2.0/../../../../powerpc64-ps3-elf/lib/libc.a(lib_a-mprec.o)
                0x000000000001d000                .__ulp
 .text.__b2d    0x000000000001d088      0x1a4 /usr/local/ps3dev/ppu/lib/gcc/powerpc64-ps3-elf/7.2.0/../../../../powerpc64-ps3-elf/lib/libc.a(lib_a-mprec.o)
                0x000000000001d088                .__b2d
 *fill*         0x000000000001d22c        0x4 60000000
 .text.__d2b    0x000000000001d230      0x1ac /usr/local/ps3dev/ppu/lib/gcc/powerpc64-ps3-elf/7.2.0/../../../../powerpc64-ps3-elf/lib/libc.a(lib_a-mprec.o)
                0x000000000001d230                .__d2b
 *fill*         0x000000000001d3dc        0x4 60000000
 .text.__ratio  0x000000000001d3e0       0xe8 /usr/local/ps3dev/ppu/lib/gcc/powerpc64-ps3-elf/7.2.0/../../../../powerpc64-ps3-elf/lib/libc.a(lib_a-mprec.o)
                0x000000000001d3e0                .__ratio
 .text._mprec_log10
                0x000000000001d4c8       0x54 /usr/local/ps3dev/ppu/lib/gcc/powerpc64-ps3-elf/7.2.0/../../../../powerpc64-ps3-elf/lib/libc.a(lib_a-mprec.o)
                0x000000000001d4c8                ._mprec_log10
 *fill*         0x000000000001d51c        0x4 60000000
 .text.__copybits
                0x000000000001d520       0xa0 /usr/local/ps3dev/ppu/lib/gcc/powerpc64-ps3-elf/7.2.0/../../../../powerpc64-ps3-elf/lib/libc.a(lib_a-mprec.o)
                0x000000000001d520                .__copybits
 .text.__any_on
                0x000000000001d5c0       0xac /usr/local/ps3dev/ppu/lib/gcc/powerpc64-ps3-elf/7.2.0/../../../../powerpc64-ps3-elf/lib/libc.a(lib_a-mprec.o)
                0x000000000001d5c0                .__any_on
 .text          0x000000000001d66c        0x0 /usr/local/ps3dev/ppu/lib/gcc/powerpc64-ps3-elf/7.2.0/../../../../powerpc64-ps3-elf/lib/libc.a(lib_a-reallocr.o)
 *fill*         0x000000000001d66c        0x4 60000000
 .text._realloc_r
                0x000000000001d670      0x6c4 /usr/local/ps3dev/ppu/lib/gcc/powerpc64-ps3-elf/7.2.0/../../../../powerpc64-ps3-elf/lib/libc.a(lib_a-reallocr.o)
                0x000000000001d670                ._realloc_r
 .text          0x000000000001dd34        0x0 /usr/local/ps3dev/ppu/lib/gcc/powerpc64-ps3-elf/7.2.0/../../../../powerpc64-ps3-elf/lib/libc.a(lib_a-s_fpclassify.o)
 *fill*         0x000000000001dd34        0x4 60000000
 .text.__fpclassifyd
                0x000000000001dd38       0xb8 /usr/local/ps3dev/ppu/lib/gcc/powerpc64-ps3-elf/7.2.0/../../../../powerpc64-ps3-elf/lib/libc.a(lib_a-s_fpclassify.o)
                0x000000000001dd38                .__fpclassifyd
 .text          0x000000000001ddf0        0x0 /usr/local/ps3dev/ppu/lib/gcc/powerpc64-ps3-elf/7.2.0/../../../../powerpc64-ps3-elf/lib/libc.a(lib_a-sccl.o)
 .text.__sccl   0x000000000001ddf0      0x120 /usr/local/ps3dev/ppu/lib/gcc/powerpc64-ps3-elf/7.2.0/../../../../powerpc64-ps3-elf/lib/libc.a(lib_a-sccl.o)
                0x000000000001ddf0                .__sccl
 .text          0x000000000001df10        0x0 /usr/local/ps3dev/ppu/lib/gcc/powerpc64-ps3-elf/7.2.0/../../../../powerpc64-ps3-elf/lib/libc.a(lib_a-sf_nan.o)
 .text.nanf     0x000000000001df10       0x18 /usr/local/ps3dev/ppu/lib/gcc/powerpc64-ps3-elf/7.2.0/../../../../powerpc64-ps3-elf/lib/libc.a(lib_a-sf_nan.o)
                0x000000000001df10                .nanf
 .text          0x000000000001df28        0x0 /usr/local/ps3dev/ppu/lib/gcc/powerpc64-ps3-elf/7.2.0/../../../../powerpc64-ps3-elf/lib/libc.a(lib_a-sprintf.o)
 .text._sprintf_r
                0x000000000001df28       0x84 /usr/local/ps3dev/ppu/lib/gcc/powerpc64-ps3-elf/7.2.0/../../../../powerpc64-ps3-elf/lib/libc.a(lib_a-sprintf.o)
                0x000000000001df28                ._sprintf_r
 *fill*         0x000000000001dfac        0x4 60000000
 .text.sprintf  0x000000000001dfb0       0xa0 /usr/local/ps3dev/ppu/lib/gcc/powerpc64-ps3-elf/7.2.0/../../../../powerpc64-ps3-elf/lib/libc.a(lib_a-sprintf.o)
                0x000000000001dfb0                .sprintf
 .text          0x000000000001e050        0x0 /usr/local/ps3dev/ppu/lib/gcc/powerpc64-ps3-elf/7.2.0/../../../../powerpc64-ps3-elf/lib/libc.a(lib_a-strcmp.o)
 .text.strcmp   0x000000000001e050       0xf4 /usr/local/ps3dev/ppu/lib/gcc/powerpc64-ps3-elf/7.2.0/../../../../powerpc64-ps3-elf/lib/libc.a(lib_a-strcmp.o)
                0x000000000001e050                .strcmp
 .text          0x000000000001e144        0x0 /usr/local/ps3dev/ppu/lib/gcc/powerpc64-ps3-elf/7.2.0/../../../../powerpc64-ps3-elf/lib/libc.a(lib_a-strtod.o)
 *fill*         0x000000000001e144        0x4 60000000
 .text._strtod_r
                0x000000000001e148     0x1630 /usr/local/ps3dev/ppu/lib/gcc/powerpc64-ps3-elf/7.2.0/../../../../powerpc64-ps3-elf/lib/libc.a(lib_a-strtod.o)
                0x000000000001e148                ._strtod_r
 .text.strtod   0x000000000001f778       0x50 /usr/local/ps3dev/ppu/lib/gcc/powerpc64-ps3-elf/7.2.0/../../../../powerpc64-ps3-elf/lib/libc.a(lib_a-strtod.o)
                0x000000000001f778                .strtod
 .text.strtof   0x000000000001f7c8       0x98 /usr/local/ps3dev/ppu/lib/gcc/powerpc64-ps3-elf/7.2.0/../../../../powerpc64-ps3-elf/lib/libc.a(lib_a-strtod.o)
                0x000000000001f7c8                .strtof
 .text          0x000000000001f860        0x0 /usr/local/ps3dev/ppu/lib/gcc/powerpc64-ps3-elf/7.2.0/../../../../powerpc64-ps3-elf/lib/libc.a(lib_a-strtol.o)
 .text._strtol_r
                0x000000000001f860      0x264 /usr/local/ps3dev/ppu/lib/gcc/powerpc64-ps3-elf/7.2.0/../../../../powerpc64-ps3-elf/lib/libc.a(lib_a-strtol.o)
                0x000000000001f860                ._strtol_r
 *fill*         0x000000000001fac4        0x4 60000000
 .text.strtol   0x000000000001fac8       0x60 /usr/local/ps3dev/ppu/lib/gcc/powerpc64-ps3-elf/7.2.0/../../../../powerpc64-ps3-elf/lib/libc.a(lib_a-strtol.o)
                0x000000000001fac8                .strtol
 .text          0x000000000001fb28        0x0 /usr/local/ps3dev/ppu/lib/gcc/powerpc64-ps3-elf/7.2.0/../../../../powerpc64-ps3-elf/lib/libc.a(lib_a-strtoll_r.o)
 .text._strtoll_r
                0x000000000001fb28      0x264 /usr/local/ps3dev/ppu/lib/gcc/powerpc64-ps3-elf/7.2.0/../../../../powerpc64-ps3-elf/lib/libc.a(lib_a-strtoll_r.o)
                0x000000000001fb28                ._strtoll_r
 .text          0x000000000001fd8c        0x0 /usr/local/ps3dev/ppu/lib/gcc/powerpc64-ps3-elf/7.2.0/../../../../powerpc64-ps3-elf/lib/libc.a(lib_a-strtoul.o)
 *fill*         0x000000000001fd8c        0x4 60000000
 .text._strtoul_r
                0x000000000001fd90      0x268 /usr/local/ps3dev/ppu/lib/gcc/powerpc64-ps3-elf/7.2.0/../../../../powerpc64-ps3-elf/lib/libc.a(lib_a-strtoul.o)
                0x000000000001fd90                ._strtoul_r
 .text.strtoul  0x000000000001fff8       0x60 /usr/local/ps3dev/ppu/lib/gcc/powerpc64-ps3-elf/7.2.0/../../../../powerpc64-ps3-elf/lib/libc.a(lib_a-strtoul.o)
                0x000000000001fff8                .strtoul
 .text          0x0000000000020058        0x0 /usr/local/ps3dev/ppu/lib/gcc/powerpc64-ps3-elf/7.2.0/../../../../powerpc64-ps3-elf/lib/libc.a(lib_a-strtoull_r.o)
 .text._strtoull_r
                0x0000000000020058      0x268 /usr/local/ps3dev/ppu/lib/gcc/powerpc64-ps3-elf/7.2.0/../../../../powerpc64-ps3-elf/lib/libc.a(lib_a-strtoull_r.o)
                0x0000000000020058                ._strtoull_r
 .text          0x00000000000202c0        0x0 /usr/local/ps3dev/ppu/lib/gcc/powerpc64-ps3-elf/7.2.0/../../../../powerpc64-ps3-elf/lib/libc.a(lib_a-svfiscanf.o)
 .text._sungetc_r
                0x00000000000202c0      0x154 /usr/local/ps3dev/ppu/lib/gcc/powerpc64-ps3-elf/7.2.0/../../../../powerpc64-ps3-elf/lib/libc.a(lib_a-svfiscanf.o)
                0x00000000000202c0                ._sungetc_r
 *fill*         0x0000000000020414        0x4 60000000
 .text.__ssrefill_r
                0x0000000000020418       0xa0 /usr/local/ps3dev/ppu/lib/gcc/powerpc64-ps3-elf/7.2.0/../../../../powerpc64-ps3-elf/lib/libc.a(lib_a-svfiscanf.o)
                0x0000000000020418                .__ssrefill_r
 .text._sfread_r
                0x00000000000204b8      0x130 /usr/local/ps3dev/ppu/lib/gcc/powerpc64-ps3-elf/7.2.0/../../../../powerpc64-ps3-elf/lib/libc.a(lib_a-svfiscanf.o)
                0x00000000000204b8                ._sfread_r
 .text.__ssvfiscanf_r
                0x00000000000205e8     0x118c /usr/local/ps3dev/ppu/lib/gcc/powerpc64-ps3-elf/7.2.0/../../../../powerpc64-ps3-elf/lib/libc.a(lib_a-svfiscanf.o)
                0x00000000000205e8                .__ssvfiscanf_r
 .text          0x0000000000021774        0x0 /usr/local/ps3dev/ppu/lib/gcc/powerpc64-ps3-elf/7.2.0/../../../../powerpc64-ps3-elf/lib/libc.a(lib_a-svfprintf.o)
 *fill*         0x0000000000021774        0x4 60000000
 .text._svfprintf_r
                0x0000000000021778     0x21c4 /usr/local/ps3dev/ppu/lib/gcc/powerpc64-ps3-elf/7.2.0/../../../../powerpc64-ps3-elf/lib/libc.a(lib_a-svfprintf.o)
                0x0000000000021778                ._svfprintf_r
 .text          0x000000000002393c        0x0 /usr/local/ps3dev/ppu/lib/gcc/powerpc64-ps3-elf/7.2.0/../../../../powerpc64-ps3-elf/lib/libc.a(lib_a-ungetc.o)
 *fill*         0x000000000002393c        0x4 60000000
 .text.__submore
                0x0000000000023940      0x128 /usr/local/ps3dev/ppu/lib/gcc/powerpc64-ps3-elf/7.2.0/../../../../powerpc64-ps3-elf/lib/libc.a(lib_a-ungetc.o)
                0x0000000000023940                .__submore
 .text._ungetc_r
                0x0000000000023a68      0x2a8 /usr/local/ps3dev/ppu/lib/gcc/powerpc64-ps3-elf/7.2.0/../../../../powerpc64-ps3-elf/lib/libc.a(lib_a-ungetc.o)
                0x0000000000023a68                ._ungetc_r
 .text.ungetc   0x0000000000023d10       0x50 /usr/local/ps3dev/ppu/lib/gcc/powerpc64-ps3-elf/7.2.0/../../../../powerpc64-ps3-elf/lib/libc.a(lib_a-ungetc.o)
                0x0000000000023d10                .ungetc
 .text          0x0000000000023d60        0x0 /usr/local/ps3dev/ppu/lib/gcc/powerpc64-ps3-elf/7.2.0/../../../../powerpc64-ps3-elf/lib/libc.a(lib_a-vfiprintf.o)
 .text.__sprint_r.part.0
                0x0000000000023d60      0x160 /usr/local/ps3dev/ppu/lib/gcc/powerpc64-ps3-elf/7.2.0/../../../../powerpc64-ps3-elf/lib/libc.a(lib_a-vfiprintf.o)
 .text.__sprint_r
                0x0000000000023ec0       0x28 /usr/local/ps3dev/ppu/lib/gcc/powerpc64-ps3-elf/7.2.0/../../../../powerpc64-ps3-elf/lib/libc.a(lib_a-vfiprintf.o)
                0x0000000000023ec0                .__sprint_r
 .text._vfiprintf_r
                0x0000000000023ee8     0x1500 /usr/local/ps3dev/ppu/lib/gcc/powerpc64-ps3-elf/7.2.0/../../../../powerpc64-ps3-elf/lib/libc.a(lib_a-vfiprintf.o)
                0x0000000000023ee8                ._vfiprintf_r
 .text.vfiprintf
                0x00000000000253e8       0x60 /usr/local/ps3dev/ppu/lib/gcc/powerpc64-ps3-elf/7.2.0/../../../../powerpc64-ps3-elf/lib/libc.a(lib_a-vfiprintf.o)
                0x00000000000253e8                .vfiprintf
 .text          0x0000000000025448        0x0 /usr/local/ps3dev/ppu/lib/gcc/powerpc64-ps3-elf/7.2.0/../../../../powerpc64-ps3-elf/lib/libc.a(lib_a-__atexit.o)
 .text.__register_exitproc
                0x0000000000025448      0x184 /usr/local/ps3dev/ppu/lib/gcc/powerpc64-ps3-elf/7.2.0/../../../../powerpc64-ps3-elf/lib/libc.a(lib_a-__atexit.o)
                0x0000000000025448                .__register_exitproc
 .text          0x00000000000255cc        0x0 /usr/local/ps3dev/ppu/lib/gcc/powerpc64-ps3-elf/7.2.0/../../../../powerpc64-ps3-elf/lib/libc.a(lib_a-fclose.o)
 *fill*         0x00000000000255cc        0x4 60000000
 .text._fclose_r
                0x00000000000255d0      0x1e8 /usr/local/ps3dev/ppu/lib/gcc/powerpc64-ps3-elf/7.2.0/../../../../powerpc64-ps3-elf/lib/libc.a(lib_a-fclose.o)
                0x00000000000255d0                ._fclose_r
 .text.fclose   0x00000000000257b8       0x40 /usr/local/ps3dev/ppu/lib/gcc/powerpc64-ps3-elf/7.2.0/../../../../powerpc64-ps3-elf/lib/libc.a(lib_a-fclose.o)
                0x00000000000257b8                .fclose
 .text          0x00000000000257f8        0x0 /usr/local/ps3dev/ppu/lib/gcc/powerpc64-ps3-elf/7.2.0/../../../../powerpc64-ps3-elf/lib/libc.a(lib_a-fputwc.o)
 .text._fputwc_r
                0x00000000000257f8      0x238 /usr/local/ps3dev/ppu/lib/gcc/powerpc64-ps3-elf/7.2.0/../../../../powerpc64-ps3-elf/lib/libc.a(lib_a-fputwc.o)
                0x00000000000257f8                ._fputwc_r
 .text.fputwc   0x0000000000025a30       0xac /usr/local/ps3dev/ppu/lib/gcc/powerpc64-ps3-elf/7.2.0/../../../../powerpc64-ps3-elf/lib/libc.a(lib_a-fputwc.o)
                0x0000000000025a30                .fputwc
 .text          0x0000000000025adc        0x0 /usr/local/ps3dev/ppu/lib/gcc/powerpc64-ps3-elf/7.2.0/../../../../powerpc64-ps3-elf/lib/libc.a(lib_a-gdtoa-gethex.o)
 *fill*         0x0000000000025adc        0x4 60000000
 .text.rshift   0x0000000000025ae0      0x184 /usr/local/ps3dev/ppu/lib/gcc/powerpc64-ps3-elf/7.2.0/../../../../powerpc64-ps3-elf/lib/libc.a(lib_a-gdtoa-gethex.o)
 *fill*         0x0000000000025c64        0x4 60000000
 .text.__hexdig_init
                0x0000000000025c68       0xa0 /usr/local/ps3dev/ppu/lib/gcc/powerpc64-ps3-elf/7.2.0/../../../../powerpc64-ps3-elf/lib/libc.a(lib_a-gdtoa-gethex.o)
                0x0000000000025c68                .__hexdig_init
 .text.__gethex
                0x0000000000025d08      0x950 /usr/local/ps3dev/ppu/lib/gcc/powerpc64-ps3-elf/7.2.0/../../../../powerpc64-ps3-elf/lib/libc.a(lib_a-gdtoa-gethex.o)
                0x0000000000025d08                .__gethex
 .text          0x0000000000026658        0x0 /usr/local/ps3dev/ppu/lib/gcc/powerpc64-ps3-elf/7.2.0/../../../../powerpc64-ps3-elf/lib/libc.a(lib_a-gdtoa-hexnan.o)
 .text.__hexnan
                0x0000000000026658      0x384 /usr/local/ps3dev/ppu/lib/gcc/powerpc64-ps3-elf/7.2.0/../../../../powerpc64-ps3-elf/lib/libc.a(lib_a-gdtoa-hexnan.o)
                0x0000000000026658                .__hexnan
 .text          0x00000000000269dc        0x0 /usr/local/ps3dev/ppu/lib/gcc/powerpc64-ps3-elf/7.2.0/../../../../powerpc64-ps3-elf/lib/libc.a(lib_a-lock_internal.o)
 *fill*         0x00000000000269dc        0x4 60000000
 .text.startup.init_metalock
                0x00000000000269e0       0x48 /usr/local/ps3dev/ppu/lib/gcc/powerpc64-ps3-elf/7.2.0/../../../../powerpc64-ps3-elf/lib/libc.a(lib_a-lock_internal.o)
 .text.__libc_auto_lock_allocate
                0x0000000000026a28       0x9c /usr/local/ps3dev/ppu/lib/gcc/powerpc64-ps3-elf/7.2.0/../../../../powerpc64-ps3-elf/lib/libc.a(lib_a-lock_internal.o)
                0x0000000000026a28                .__libc_auto_lock_allocate
 .text          0x0000000000026ac4        0x0 /usr/local/ps3dev/ppu/lib/gcc/powerpc64-ps3-elf/7.2.0/../../../../powerpc64-ps3-elf/lib/libc.a(lib_a-strncmp.o)
 *fill*         0x0000000000026ac4        0x4 60000000
 .text.strncmp  0x0000000000026ac8      0x12c /usr/local/ps3dev/ppu/lib/gcc/powerpc64-ps3-elf/7.2.0/../../../../powerpc64-ps3-elf/lib/libc.a(lib_a-strncmp.o)
                0x0000000000026ac8                .strncmp
 .text          0x0000000000026bf4        0x0 /usr/local/ps3dev/ppu/lib/gcc/powerpc64-ps3-elf/7.2.0/../../../../powerpc64-ps3-elf/lib/libc.a(lib_a-svfiprintf.o)
 *fill*         0x0000000000026bf4        0x4 60000000
 .text.__ssprint_r
                0x0000000000026bf8      0x2b4 /usr/local/ps3dev/ppu/lib/gcc/powerpc64-ps3-elf/7.2.0/../../../../powerpc64-ps3-elf/lib/libc.a(lib_a-svfiprintf.o)
                0x0000000000026bf8                .__ssprint_r
 *fill*         0x0000000000026eac        0x4 60000000
 .text._svfiprintf_r
                0x0000000000026eb0     0x1148 /usr/local/ps3dev/ppu/lib/gcc/powerpc64-ps3-elf/7.2.0/../../../../powerpc64-ps3-elf/lib/libc.a(lib_a-svfiprintf.o)
                0x0000000000026eb0                ._svfiprintf_r
 .text          0x0000000000027ff8        0x0 /usr/local/ps3dev/ppu/lib/gcc/powerpc64-ps3-elf/7.2.0/../../../../powerpc64-ps3-elf/lib/libc.a(lib_a-wbuf.o)
 .text.__swbuf_r
                0x0000000000027ff8      0x200 /usr/local/ps3dev/ppu/lib/gcc/powerpc64-ps3-elf/7.2.0/../../../../powerpc64-ps3-elf/lib/libc.a(lib_a-wbuf.o)
                0x0000000000027ff8                .__swbuf_r
 .text.__swbuf  0x00000000000281f8       0x50 /usr/local/ps3dev/ppu/lib/gcc/powerpc64-ps3-elf/7.2.0/../../../../powerpc64-ps3-elf/lib/libc.a(lib_a-wbuf.o)
                0x00000000000281f8                .__swbuf
 .text          0x0000000000028248        0x0 /usr/local/ps3dev/ppu/lib/gcc/powerpc64-ps3-elf/7.2.0/../../../../powerpc64-ps3-elf/lib/libc.a(lib_a-wcrtomb.o)
 .text._wcrtomb_r
                0x0000000000028248      0x11c /usr/local/ps3dev/ppu/lib/gcc/powerpc64-ps3-elf/7.2.0/../../../../powerpc64-ps3-elf/lib/libc.a(lib_a-wcrtomb.o)
                0x0000000000028248                ._wcrtomb_r
 *fill*         0x0000000000028364        0x4 60000000
 .text.wcrtomb  0x0000000000028368      0x150 /usr/local/ps3dev/ppu/lib/gcc/powerpc64-ps3-elf/7.2.0/../../../../powerpc64-ps3-elf/lib/libc.a(lib_a-wcrtomb.o)
                0x0000000000028368                .wcrtomb
 .text          0x00000000000284b8        0x0 /usr/local/ps3dev/ppu/lib/gcc/powerpc64-ps3-elf/7.2.0/../../../../powerpc64-ps3-elf/lib/libc.a(lib_a-wctomb_r.o)
 .text.__ascii_wctomb
                0x00000000000284b8       0x44 /usr/local/ps3dev/ppu/lib/gcc/powerpc64-ps3-elf/7.2.0/../../../../powerpc64-ps3-elf/lib/libc.a(lib_a-wctomb_r.o)
                0x00000000000284b8                .__ascii_wctomb
 *fill*         0x00000000000284fc        0x4 60000000
 .text._wctomb_r
                0x0000000000028500       0x90 /usr/local/ps3dev/ppu/lib/gcc/powerpc64-ps3-elf/7.2.0/../../../../powerpc64-ps3-elf/lib/libc.a(lib_a-wctomb_r.o)
                0x0000000000028500                ._wctomb_r
 .text          0x0000000000028590        0x0 /usr/local/ps3dev/ppu/lib/gcc/powerpc64-ps3-elf/7.2.0/../../../../powerpc64-ps3-elf/lib/libc.a(lib_a-abort.o)
 .text.abort    0x0000000000028590       0x30 /usr/local/ps3dev/ppu/lib/gcc/powerpc64-ps3-elf/7.2.0/../../../../powerpc64-ps3-elf/lib/libc.a(lib_a-abort.o)
                0x0000000000028590                .abort
 .text          0x00000000000285c0        0x0 /usr/local/ps3dev/ppu/lib/gcc/powerpc64-ps3-elf/7.2.0/../../../../powerpc64-ps3-elf/lib/libc.a(lib_a-signal.o)
 .text._init_signal_r.part.0
                0x00000000000285c0       0x74 /usr/local/ps3dev/ppu/lib/gcc/powerpc64-ps3-elf/7.2.0/../../../../powerpc64-ps3-elf/lib/libc.a(lib_a-signal.o)
 *fill*         0x0000000000028634        0x4 60000000
 .text._init_signal_r
                0x0000000000028638       0x28 /usr/local/ps3dev/ppu/lib/gcc/powerpc64-ps3-elf/7.2.0/../../../../powerpc64-ps3-elf/lib/libc.a(lib_a-signal.o)
                0x0000000000028638                ._init_signal_r
 .text._signal_r
                0x0000000000028660       0x98 /usr/local/ps3dev/ppu/lib/gcc/powerpc64-ps3-elf/7.2.0/../../../../powerpc64-ps3-elf/lib/libc.a(lib_a-signal.o)
                0x0000000000028660                ._signal_r
 .text._raise_r
                0x00000000000286f8      0x13c /usr/local/ps3dev/ppu/lib/gcc/powerpc64-ps3-elf/7.2.0/../../../../powerpc64-ps3-elf/lib/libc.a(lib_a-signal.o)
                0x00000000000286f8                ._raise_r
 *fill*         0x0000000000028834        0x4 60000000
 .text.__sigtramp_r
                0x0000000000028838       0xfc /usr/local/ps3dev/ppu/lib/gcc/powerpc64-ps3-elf/7.2.0/../../../../powerpc64-ps3-elf/lib/libc.a(lib_a-signal.o)
                0x0000000000028838                .__sigtramp_r
 *fill*         0x0000000000028934        0x4 60000000
 .text.raise    0x0000000000028938       0x40 /usr/local/ps3dev/ppu/lib/gcc/powerpc64-ps3-elf/7.2.0/../../../../powerpc64-ps3-elf/lib/libc.a(lib_a-signal.o)
                0x0000000000028938                .raise
 .text.signal   0x0000000000028978       0xbc /usr/local/ps3dev/ppu/lib/gcc/powerpc64-ps3-elf/7.2.0/../../../../powerpc64-ps3-elf/lib/libc.a(lib_a-signal.o)
                0x0000000000028978                .signal
 *fill*         0x0000000000028a34        0x4 60000000
 .text._init_signal
                0x0000000000028a38       0x54 /usr/local/ps3dev/ppu/lib/gcc/powerpc64-ps3-elf/7.2.0/../../../../powerpc64-ps3-elf/lib/libc.a(lib_a-signal.o)
                0x0000000000028a38                ._init_signal
 *fill*         0x0000000000028a8c        0x4 60000000
 .text.__sigtramp
                0x0000000000028a90       0x40 /usr/local/ps3dev/ppu/lib/gcc/powerpc64-ps3-elf/7.2.0/../../../../powerpc64-ps3-elf/lib/libc.a(lib_a-signal.o)
                0x0000000000028a90                .__sigtramp
 .text          0x0000000000028ad0        0x0 /usr/local/ps3dev/ppu/lib/gcc/powerpc64-ps3-elf/7.2.0/../../../../powerpc64-ps3-elf/lib/libsysbase.a(close.o)
 .text._close_r
                0x0000000000028ad0       0x68 /usr/local/ps3dev/ppu/lib/gcc/powerpc64-ps3-elf/7.2.0/../../../../powerpc64-ps3-elf/lib/libsysbase.a(close.o)
                0x0000000000028ad0                ._close_r
 .text          0x0000000000028b38        0x0 /usr/local/ps3dev/ppu/lib/gcc/powerpc64-ps3-elf/7.2.0/../../../../powerpc64-ps3-elf/lib/libsysbase.a(sbrk.o)
 .text._sbrk_r  0x0000000000028b38       0x68 /usr/local/ps3dev/ppu/lib/gcc/powerpc64-ps3-elf/7.2.0/../../../../powerpc64-ps3-elf/lib/libsysbase.a(sbrk.o)
                0x0000000000028b38                ._sbrk_r
 .text          0x0000000000028ba0        0x0 /usr/local/ps3dev/ppu/lib/gcc/powerpc64-ps3-elf/7.2.0/../../../../powerpc64-ps3-elf/lib/libsysbase.a(_exit.o)
 .text._exit    0x0000000000028ba0       0x4c /usr/local/ps3dev/ppu/lib/gcc/powerpc64-ps3-elf/7.2.0/../../../../powerpc64-ps3-elf/lib/libsysbase.a(_exit.o)
                0x0000000000028ba0                ._exit
 .text          0x0000000000028bec        0x0 /usr/local/ps3dev/ppu/lib/gcc/powerpc64-ps3-elf/7.2.0/../../../../powerpc64-ps3-elf/lib/libsysbase.a(fstat.o)
 *fill*         0x0000000000028bec        0x4 60000000
 .text._fstat_r
                0x0000000000028bf0       0x68 /usr/local/ps3dev/ppu/lib/gcc/powerpc64-ps3-elf/7.2.0/../../../../powerpc64-ps3-elf/lib/libsysbase.a(fstat.o)
                0x0000000000028bf0                ._fstat_r
 .text          0x0000000000028c58        0x0 /usr/local/ps3dev/ppu/lib/gcc/powerpc64-ps3-elf/7.2.0/../../../../powerpc64-ps3-elf/lib/libsysbase.a(isatty.o)
 .text._isatty_r
                0x0000000000028c58       0x68 /usr/local/ps3dev/ppu/lib/gcc/powerpc64-ps3-elf/7.2.0/../../../../powerpc64-ps3-elf/lib/libsysbase.a(isatty.o)
                0x0000000000028c58                ._isatty_r
 .text          0x0000000000028cc0        0x0 /usr/local/ps3dev/ppu/lib/gcc/powerpc64-ps3-elf/7.2.0/../../../../powerpc64-ps3-elf/lib/libsysbase.a(lseek.o)
 .text._lseek_r
                0x0000000000028cc0       0x68 /usr/local/ps3dev/ppu/lib/gcc/powerpc64-ps3-elf/7.2.0/../../../../powerpc64-ps3-elf/lib/libsysbase.a(lseek.o)
                0x0000000000028cc0                ._lseek_r
 .text          0x0000000000028d28        0x0 /usr/local/ps3dev/ppu/lib/gcc/powerpc64-ps3-elf/7.2.0/../../../../powerpc64-ps3-elf/lib/libsysbase.a(read.o)
 .text._read_r  0x0000000000028d28       0x68 /usr/local/ps3dev/ppu/lib/gcc/powerpc64-ps3-elf/7.2.0/../../../../powerpc64-ps3-elf/lib/libsysbase.a(read.o)
                0x0000000000028d28                ._read_r
 .text          0x0000000000028d90        0x0 /usr/local/ps3dev/ppu/lib/gcc/powerpc64-ps3-elf/7.2.0/../../../../powerpc64-ps3-elf/lib/libsysbase.a(write.o)
 .text._write_r
                0x0000000000028d90       0x68 /usr/local/ps3dev/ppu/lib/gcc/powerpc64-ps3-elf/7.2.0/../../../../powerpc64-ps3-elf/lib/libsysbase.a(write.o)
                0x0000000000028d90                ._write_r
 .text          0x0000000000028df8        0x0 /usr/local/ps3dev/ppu/lib/gcc/powerpc64-ps3-elf/7.2.0/../../../../powerpc64-ps3-elf/lib/libsysbase.a(lock.o)
 .text.sys_lwmutex_create
                0x0000000000028df8       0x90 /usr/local/ps3dev/ppu/lib/gcc/powerpc64-ps3-elf/7.2.0/../../../../powerpc64-ps3-elf/lib/libsysbase.a(lock.o)
                0x0000000000028df8                .sys_lwmutex_create
 .text.sys_lwmutex_destroy
                0x0000000000028e88       0x80 /usr/local/ps3dev/ppu/lib/gcc/powerpc64-ps3-elf/7.2.0/../../../../powerpc64-ps3-elf/lib/libsysbase.a(lock.o)
                0x0000000000028e88                .sys_lwmutex_destroy
 .text.sys_lwmutex_lock
                0x0000000000028f08       0x90 /usr/local/ps3dev/ppu/lib/gcc/powerpc64-ps3-elf/7.2.0/../../../../powerpc64-ps3-elf/lib/libsysbase.a(lock.o)
                0x0000000000028f08                .sys_lwmutex_lock
 .text.sys_lwmutex_trylock
                0x0000000000028f98       0x80 /usr/local/ps3dev/ppu/lib/gcc/powerpc64-ps3-elf/7.2.0/../../../../powerpc64-ps3-elf/lib/libsysbase.a(lock.o)
                0x0000000000028f98                .sys_lwmutex_trylock
 .text.sys_lwmutex_unlock
                0x0000000000029018       0x80 /usr/local/ps3dev/ppu/lib/gcc/powerpc64-ps3-elf/7.2.0/../../../../powerpc64-ps3-elf/lib/libsysbase.a(lock.o)
                0x0000000000029018                .sys_lwmutex_unlock
 .text          0x0000000000029098        0x0 /usr/local/ps3dev/ppu/lib/gcc/powerpc64-ps3-elf/7.2.0/../../../../powerpc64-ps3-elf/lib/libsysbase.a(getpid.o)
 .text._getpid_r
                0x0000000000029098       0x68 /usr/local/ps3dev/ppu/lib/gcc/powerpc64-ps3-elf/7.2.0/../../../../powerpc64-ps3-elf/lib/libsysbase.a(getpid.o)
                0x0000000000029098                ._getpid_r
 .text          0x0000000000029100        0x0 /usr/local/ps3dev/ppu/lib/gcc/powerpc64-ps3-elf/7.2.0/../../../../powerpc64-ps3-elf/lib/libsysbase.a(kill.o)
 .text._kill_r  0x0000000000029100       0x1c /usr/local/ps3dev/ppu/lib/gcc/powerpc64-ps3-elf/7.2.0/../../../../powerpc64-ps3-elf/lib/libsysbase.a(kill.o)
                0x0000000000029100                ._kill_r
 .text          0x000000000002911c        0x0 /usr/local/ps3dev/ppu/lib/gcc/powerpc64-ps3-elf/7.2.0/crtend.o
 *fill*         0x000000000002911c        0x4 60000000
 .text.__do_global_ctors_aux
                0x0000000000029120       0x64 /usr/local/ps3dev/ppu/lib/gcc/powerpc64-ps3-elf/7.2.0/crtend.o
 .text          0x0000000000029184        0x0 /usr/local/ps3dev/ppu/lib/gcc/powerpc64-ps3-elf/7.2.0/../../../../powerpc64-ps3-elf/lib/lv2-crtn.o
 *(.text.*personality*)
 *(.gnu.warning)
 *(.sfpr .glink)
 .sfpr          0x0000000000000000        0x0 linker stubs
 *fill*         0x0000000000029184        0x0 60000000
 .glink         0x0000000000000000        0x0 linker stubs

.fini           0x0000000000029184       0x2c
 *(.fini)
 .fini          0x0000000000029184        0xc /usr/local/ps3dev/ppu/lib/gcc/powerpc64-ps3-elf/7.2.0/../../../../powerpc64-ps3-elf/lib/lv2-crti.o
                0x0000000000029184                ._fini
 .fini          0x0000000000029190        0x8 /usr/local/ps3dev/ppu/lib/gcc/powerpc64-ps3-elf/7.2.0/crtbegin.o
 .fini          0x0000000000029198        0x8 /usr/local/ps3dev/psl1ght/ppu/lib/librt.a(sbrk.o)
 .fini          0x00000000000291a0       0x10 /usr/local/ps3dev/ppu/lib/gcc/powerpc64-ps3-elf/7.2.0/../../../../powerpc64-ps3-elf/lib/lv2-crtn.o

.sceStub.text   0x00000000000291b0     0x2980
 *(.sceStub.text)
 .sceStub.text  0x00000000000291b0      0xbc0 /usr/local/ps3dev/psl1ght/ppu/lib/libio.a(sprx.o)
                0x00000000000291b0                __sys_config_start
                0x00000000000291f0                __sys_config_stop
                0x0000000000029230                __sys_config_add_service_listener
                0x0000000000029270                __sys_config_remove_service_listener
                0x00000000000292b0                __sys_config_register_service
                0x00000000000292f0                __sys_config_unregister_service
                0x0000000000029330                __ioPadInit
                0x0000000000029330                .ioPadInit
                0x0000000000029370                __ioPadEnd
                0x00000000000293b0                __ioPadClearBuf
                0x00000000000293f0                __ioPadInfoPressMode
                0x0000000000029430                __ioPadLddRegisterController
                0x0000000000029470                .ioPadGetInfo
                0x0000000000029470                __ioPadGetInfo
                0x00000000000294b0                __ioPadGetRawData
                0x00000000000294f0                __ioPadGetDataExtra
                0x0000000000029530                __ioPadInfoSensorMode
                0x0000000000029570                .ioPadGetData
                0x0000000000029570                __ioPadGetData
                0x00000000000295b0                __ioPadLddGetPortNo
                0x00000000000295f0                __ioPadLddDataInsert
                0x0000000000029630                __ioPadSetSensorMode
                0x0000000000029670                __ioPadGetCapabilityInfo
                0x00000000000296b0                __ioPadLddUnregisterController
                0x00000000000296f0                __ioPadSetActDirect
                0x0000000000029730                __ioPadSetPressMode
                0x0000000000029770                __ioPadPeriphGetInfo
                0x00000000000297b0                __ioPadSetPortSetting
                0x00000000000297f0                __ioPadPeriphGetData
                0x0000000000029830                __ioPadGetInfo2
                0x0000000000029870                __ioMouseInit
                0x00000000000298b0                __ioMouseEnd
                0x00000000000298f0                __ioMouseClearBuf
                0x0000000000029930                __ioMouseGetInfo
                0x0000000000029970                __ioMouseGetTabletDataList
                0x00000000000299b0                __ioMouseSetTabletMode
                0x00000000000299f0                __ioMouseGetData
                0x0000000000029a30                __ioMouseInfoTabletMode
                0x0000000000029a70                __ioMouseGetRawData
                0x0000000000029ab0                __ioMouseGetDataList
                0x0000000000029af0                __ioKbInit
                0x0000000000029b30                __ioKbEnd
                0x0000000000029b70                __ioKbRead
                0x0000000000029bb0                __ioKbSetReadMode
                0x0000000000029bf0                __ioKbSetCodeType
                0x0000000000029c30                __ioKbCnvRawCode
                0x0000000000029c70                __ioKbSetLEDStatus
                0x0000000000029cb0                __ioKbGetInfo
                0x0000000000029cf0                __ioKbGetConfiguration
                0x0000000000029d30                __ioKbClearBuf
 .sceStub.text  0x0000000000029d70     0x1dc0 /usr/local/ps3dev/psl1ght/ppu/lib/liblv2.a(sprx.o)
                0x0000000000029d70                __sysGetSystemTime
                0x0000000000029db0                __sysGetSystemSwVersion
                0x0000000000029df0                __sysGetTemperature
                0x0000000000029e30                __sysGetRandomNumber
                0x0000000000029e70                __sysGetRtcStatus
                0x0000000000029eb0                __sysBoardStorageRead
                0x0000000000029ef0                __sysBoardStorageWrite
                0x0000000000029f30                __sysProcessIsStack
                0x0000000000029f70                __sysProcessExit
                0x0000000000029f70                .sysProcessExit
                0x0000000000029fb0                __sysProcessExitspawn
                0x0000000000029ff0                __sysProcessExitSpawn2Ex
                0x000000000002a030                __sysProcessExitSpawnWithLevel
                0x000000000002a070                __sysProcessAtExitSpawn
                0x000000000002a0b0                __sysProcess_At_ExitSpawn
                0x000000000002a0f0                __sysPrxRegisterLibrary
                0x000000000002a130                __sysPrxUnregisterLibrary
                0x000000000002a170                __sysPrxStartModule
                0x000000000002a1b0                __sysPrxStopModule
                0x000000000002a1f0                __sysPrxLoadModule
                0x000000000002a230                __sysPrxLoadModuleByFd
                0x000000000002a270                __sysPrxLoadModuleList
                0x000000000002a2b0                __sysPrxLoadModuleListOnMemcontainer
                0x000000000002a2f0                __sysPrxLoadModuleOnMemcontainer
                0x000000000002a330                __sysPrxLoadModuleOnMemcontainerByFd
                0x000000000002a370                __sysPrxGetModuleInfo
                0x000000000002a3b0                __sysPrxGetModuleList
                0x000000000002a3f0                __sysPrxGetModuleId
                0x000000000002a430                __sysPrxGetModuleIdByAddress
                0x000000000002a470                __sysPrxGetModuleIdByName
                0x000000000002a4b0                __sysPrxUnloadModule
                0x000000000002a4f0                __sysPrxExitSpawnWithLevel
                0x000000000002a530                .sysThreadCreateEx
                0x000000000002a530                __sysThreadCreateEx
                0x000000000002a570                __sysThreadExit
                0x000000000002a570                .sysThreadExit
                0x000000000002a5b0                .sysThreadGetId
                0x000000000002a5b0                __sysThreadGetId
                0x000000000002a5f0                __sysThreadOnce
                0x000000000002a630                __sysThreadInitialzeTLS
                0x000000000002a670                __sysThreadRegisterAtexit
                0x000000000002a6b0                __sysThreadUnregisterAtexit
                0x000000000002a6f0                __sysInterruptThreadDisestablish
                0x000000000002a730                __sysLwMutexCreate
                0x000000000002a730                .sysLwMutexCreate
                0x000000000002a770                __sysLwMutexDestroy
                0x000000000002a770                .sysLwMutexDestroy
                0x000000000002a7b0                .sysLwMutexLock
                0x000000000002a7b0                __sysLwMutexLock
                0x000000000002a7f0                .sysLwMutexTryLock
                0x000000000002a7f0                __sysLwMutexTryLock
                0x000000000002a830                .sysLwMutexUnlock
                0x000000000002a830                __sysLwMutexUnlock
                0x000000000002a870                __sysLwCondCreate
                0x000000000002a8b0                __sysLwCondWait
                0x000000000002a8f0                __sysLwCondSignal
                0x000000000002a930                __sysLwCondSignalTo
                0x000000000002a970                __sysLwCondSignalAll
                0x000000000002a9b0                __sysLwCondDestroy
                0x000000000002a9f0                .sysSpinlockInitialize
                0x000000000002a9f0                __sysSpinlockInitialize
                0x000000000002aa30                __sysSpinlockLock
                0x000000000002aa30                .sysSpinlockLock
                0x000000000002aa70                __sysSpinlockTryLock
                0x000000000002aab0                .sysSpinlockUnlock
                0x000000000002aab0                __sysSpinlockUnlock
                0x000000000002aaf0                __sysWatchdogClear
                0x000000000002ab30                __sysWatchdogStart
                0x000000000002ab70                __sysWatchdogStop
                0x000000000002abb0                __sysMalloc
                0x000000000002abf0                __sysMemalign
                0x000000000002ac30                __sysMemchr
                0x000000000002ac70                __sysMemcmp
                0x000000000002acb0                __sysMemcpy
                0x000000000002acf0                __sysMemmove
                0x000000000002ad30                __sysMemset
                0x000000000002ad70                __sysFree
                0x000000000002adb0                __sysHeapAllocHeapMemory
                0x000000000002adf0                __sysHeapCreateHeap
                0x000000000002ae30                __sysHeapDeleteHeap
                0x000000000002ae70                __sysHeapFree
                0x000000000002aeb0                __sysHeapGetMallInfo
                0x000000000002aef0                __sysHeapGetTotalFreeSize
                0x000000000002af30                __sysHeapMalloc
                0x000000000002af70                __sysHeapMemalign
                0x000000000002afb0                __sysHeapStats
                0x000000000002aff0                __sysQsort
                0x000000000002b030                __sysMempoolCreate
                0x000000000002b070                __sysMempoolDestroy
                0x000000000002b0b0                __sysMempoolGetCount
                0x000000000002b0f0                __sysMempoolAllocateBlock
                0x000000000002b130                __sysMempoolTryAllocateBlock
                0x000000000002b170                __sysMempoolFreeBlock
                0x000000000002b1b0                __sysMMapperFreeMemory
                0x000000000002b1b0                .sysMMapperFreeMemory
                0x000000000002b1f0                __sysMMapperMapMemory
                0x000000000002b230                .sysMMapperUnmapMemory
                0x000000000002b230                __sysMMapperUnmapMemory
                0x000000000002b270                .sysMMapperAllocateMemory
                0x000000000002b270                __sysMMapperAllocateMemory
                0x000000000002b2b0                __sysMMapperAllocateMemoryFromContainer
                0x000000000002b2f0                __sysStrlen
                0x000000000002b330                __sysStrcpy
                0x000000000002b370                __sysStrncpy
                0x000000000002b3b0                __sysStrcat
                0x000000000002b3f0                __sysStrncat
                0x000000000002b430                __sysStrchr
                0x000000000002b470                __sysStrrchr
                0x000000000002b4b0                __sysStrcmp
                0x000000000002b4f0                __sysStrncmp
                0x000000000002b530                __sysStrncasecmp
                0x000000000002b570                __sysToLower
                0x000000000002b5b0                __sysToUpper
                0x000000000002b5f0                __sysSpuElfGetSegments
                0x000000000002b630                __sysSpuElfGetInformation
                0x000000000002b670                __sysSpuRawLoad
                0x000000000002b6b0                __sysSpuRawImageLoad
                0x000000000002b6f0                __sysSpuImageClose
                0x000000000002b730                __sysSpuImageImport
                0x000000000002b770                __sysSpuPrintfAttachGroup
                0x000000000002b7b0                __sysSpuPrintfAttachThread
                0x000000000002b7f0                __sysSpuPrintfDetachGroup
                0x000000000002b830                __sysSpuPrintfDetach_Tread
                0x000000000002b870                __sysSpuPrintfFinalize
                0x000000000002b8b0                __sysSpuPrintfInitialize
                0x000000000002b8f0                __sysConsoleGetc
                0x000000000002b930                __sysConsolePutc
                0x000000000002b970                __sysConsoleWrite
                0x000000000002b9b0                __sysPrintf
                0x000000000002b9f0                __sysSprintf
                0x000000000002ba30                __sysSnprintf
                0x000000000002ba70                __sysVprintf
                0x000000000002bab0                __sysVsprintf
                0x000000000002baf0                __sysVsnprintf
 *(SORT(.sceStub.text.*))
                0x000000000002bb30                PROVIDE (__etext, .)
                0x000000000002bb30                PROVIDE (_etext, .)
                0x000000000002bb30                PROVIDE (etext, .)

.eh_frame_hdr   0x000000000002bb30        0x0
 *(.eh_frame_hdr)
 .eh_frame_hdr  0x0000000000000000        0x0 /usr/local/ps3dev/ppu/lib/gcc/powerpc64-ps3-elf/7.2.0/../../../../powerpc64-ps3-elf/lib/lv2-crtn.o

.eh_frame       0x000000000002bb30        0x4
 *(.eh_frame)
 .eh_frame      0x000000000002bb30        0x0 linker stubs
 .eh_frame      0x000000000002bb30        0x0 /usr/local/ps3dev/ppu/lib/gcc/powerpc64-ps3-elf/7.2.0/crtbegin.o
 .eh_frame      0x000000000002bb30        0x4 /usr/local/ps3dev/ppu/lib/gcc/powerpc64-ps3-elf/7.2.0/crtend.o

.gcc_except_table
 *(.gcc_except_table .gcc_except_table.*)

.rodata.sceResident
                0x000000000002bb34       0x1e
 *(.rodata.sceResident)
 .rodata.sceResident
                0x000000000002bb34        0xb /usr/local/ps3dev/psl1ght/ppu/lib/libio.a(sprx.o)
 *fill*         0x000000000002bb3f        0x1 00
 .rodata.sceResident
                0x000000000002bb40       0x12 /usr/local/ps3dev/psl1ght/ppu/lib/liblv2.a(sprx.o)

.rodata.sceFNID
                0x000000000002bb54      0x298
 *(.rodata.sceFNID .rodata.sceFNID.*)
 .rodata.sceFNID
                0x000000000002bb54       0xbc /usr/local/ps3dev/psl1ght/ppu/lib/libio.a(sprx.o)
                0x000000000002bb54                sys_io
                0x000000000002bb54                sys_config_start_fnid
                0x000000000002bb58                sys_config_stop_fnid
                0x000000000002bb5c                sys_config_add_service_listener_fnid
                0x000000000002bb60                sys_config_remove_service_listener_fnid
                0x000000000002bb64                sys_config_register_service_fnid
                0x000000000002bb68                sys_config_unregister_service_fnid
                0x000000000002bb6c                ioPadInit_fnid
                0x000000000002bb70                ioPadEnd_fnid
                0x000000000002bb74                ioPadClearBuf_fnid
                0x000000000002bb78                ioPadInfoPressMode_fnid
                0x000000000002bb7c                ioPadLddRegisterController_fnid
                0x000000000002bb80                ioPadGetInfo_fnid
                0x000000000002bb84                ioPadGetRawData_fnid
                0x000000000002bb88                ioPadGetDataExtra_fnid
                0x000000000002bb8c                ioPadInfoSensorMode_fnid
                0x000000000002bb90                ioPadGetData_fnid
                0x000000000002bb94                ioPadLddGetPortNo_fnid
                0x000000000002bb98                ioPadLddDataInsert_fnid
                0x000000000002bb9c                ioPadSetSensorMode_fnid
                0x000000000002bba0                ioPadGetCapabilityInfo_fnid
                0x000000000002bba4                ioPadLddUnregisterController_fnid
                0x000000000002bba8                ioPadSetActDirect_fnid
                0x000000000002bbac                ioPadSetPressMode_fnid
                0x000000000002bbb0                ioPadPeriphGetInfo_fnid
                0x000000000002bbb4                ioPadSetPortSetting_fnid
                0x000000000002bbb8                ioPadPeriphGetData_fnid
                0x000000000002bbbc                ioPadGetInfo2_fnid
                0x000000000002bbc0                ioMouseInit_fnid
                0x000000000002bbc4                ioMouseEnd_fnid
                0x000000000002bbc8                ioMouseClearBuf_fnid
                0x000000000002bbcc                ioMouseGetInfo_fnid
                0x000000000002bbd0                ioMouseGetTabletDataList_fnid
                0x000000000002bbd4                ioMouseSetTabletMode_fnid
                0x000000000002bbd8                ioMouseGetData_fnid
                0x000000000002bbdc                ioMouseInfoTabletMode_fnid
                0x000000000002bbe0                ioMouseGetRawData_fnid
                0x000000000002bbe4                ioMouseGetDataList_fnid
                0x000000000002bbe8                ioKbInit_fnid
                0x000000000002bbec                ioKbEnd_fnid
                0x000000000002bbf0                ioKbRead_fnid
                0x000000000002bbf4                ioKbSetReadMode_fnid
                0x000000000002bbf8                ioKbSetCodeType_fnid
                0x000000000002bbfc                ioKbCnvRawCode_fnid
                0x000000000002bc00                ioKbSetLEDStatus_fnid
                0x000000000002bc04                ioKbGetInfo_fnid
                0x000000000002bc08                ioKbGetConfiguration_fnid
                0x000000000002bc0c                ioKbClearBuf_fnid
 .rodata.sceFNID
                0x000000000002bc10      0x1dc /usr/local/ps3dev/psl1ght/ppu/lib/liblv2.a(sprx.o)
                0x000000000002bc10                sysPrxForUser
                0x000000000002bc10                sysGetSystemTime_fnid
                0x000000000002bc14                sysGetSystemSwVersion_fnid
                0x000000000002bc18                sysGetTemperature_fnid
                0x000000000002bc1c                sysGetRandomNumber_fnid
                0x000000000002bc20                sysGetRtcStatus_fnid
                0x000000000002bc24                sysBoardStorageRead_fnid